#
# There is insufficient memory for the Java Runtime Environment to continue.
# Native memory allocation (mmap) failed to map 3934257152 bytes. Error detail: G1 virtual space
# Possible reasons:
#   The system is out of physical RAM or swap space
#   This process is running with CompressedOops enabled, and the Java Heap may be blocking the growth of the native heap
# Possible solutions:
#   Reduce memory load on the system
#   Increase physical memory or swap space
#   Check if swap backing store is full
#   Decrease Java heap size (-Xmx/-Xms)
#   Decrease number of Java threads
#   Decrease Java thread stack sizes (-Xss)
#   Set larger code cache with -XX:ReservedCodeCacheSize=
#   JVM is running with Zero Based Compressed Oops mode in which the Java heap is
#     placed in the first 32GB address space. The Java Heap base address is the
#     maximum limit for the native heap growth. Please use -XX:HeapBaseMinAddress
#     to set the Java Heap base and to place the Java Heap above 32GB virtual address.
# This output file may be truncated or incomplete.
#
#  Out of Memory Error (os_windows.cpp:3732), pid=29044, tid=33884
#
# JRE version: OpenJDK Runtime Environment Temurin-21.0.12.1+1 (21.0.12.1+1) (build 21.0.12.1+1-LTS)
# Java VM: OpenJDK 64-Bit Server VM Temurin-21.0.12.1+1 (21.0.12.1+1-LTS, mixed mode, tiered, compressed oops, compressed class ptrs, g1 gc, windows-amd64)
# No core dump will be written. Minidumps are not enabled by default on client versions of Windows
#

---------------  S U M M A R Y ------------

Command Line: --add-modules=ALL-SYSTEM --add-opens=java.base/java.util=ALL-UNNAMED --add-opens=java.base/java.lang=ALL-UNNAMED --add-opens=java.base/sun.nio.fs=ALL-UNNAMED -Declipse.application=org.eclipse.jdt.ls.core.id1 -Dosgi.bundles.defaultStartLevel=4 -Declipse.product=org.eclipse.jdt.ls.core.product -Djava.import.generatesMetadataFilesAtProjectRoot=false -Dm2e.project.cache.size=50 -DDetectVMInstallationsJob.disabled=true -Dfile.encoding=utf8 -Xlog:disable -Xshare:off -javaagent:c:\Users\PRASHANT\.vscode\extensions\redhat.java-1.56.0-win32-x64\lombok\lombok-1.18.39-4050.jar -XX:+HeapDumpOnOutOfMemoryError -XX:HeapDumpPath=c:\Users\PRASHANT\AppData\Roaming\Code\User\workspaceStorage\3ce9d61f8507f1e94ae1f52ef510885b\redhat.java -Daether.dependencyCollector.impl=bf c:\Users\PRASHANT\.vscode\extensions\redhat.java-1.56.0-win32-x64\server\plugins\org.eclipse.equinox.launcher_1.8.0.v20260804-1928.jar -configuration c:\Users\PRASHANT\AppData\Roaming\Code\User\globalStorage\redhat.java\1.56.0\config_win -data c:\Users\PRASHANT\AppData\Roaming\Code\User\workspaceStorage\3ce9d61f8507f1e94ae1f52ef510885b\redhat.java\jdt_ws --stdio

Host: 12th Gen Intel(R) Core(TM) i5-12450H, 12 cores, 15G,  Windows 11 , 64 bit Build 26100 (10.0.26100.9549)
Time: Sat Oct 10 21:21:32 2026 India Standard Time elapsed time: 27.235032 seconds (0d 0h 0m 27s)

---------------  T H R E A D  ---------------

Current thread (0x0000022b33576190):  VMThread "VM Thread"          [id=33884, stack(0x00000051f4900000,0x00000051f4a00000) (1024K)]

Stack: [0x00000051f4900000,0x00000051f4a00000]
Native frames: (J=compiled Java code, j=interpreted, Vv=VM code, C=native code)
V  [jvm.dll+0x6d83e9]
V  [jvm.dll+0x8b5736]
V  [jvm.dll+0x8b7cee]
V  [jvm.dll+0x8b83d3]
V  [jvm.dll+0x284596]
V  [jvm.dll+0x6d4d05]
V  [jvm.dll+0x6c898a]
V  [jvm.dll+0x35f2f8]
V  [jvm.dll+0x366f36]
V  [jvm.dll+0x3b804e]
V  [jvm.dll+0x3b82f8]
V  [jvm.dll+0x33320c]
V  [jvm.dll+0x335fce]
V  [jvm.dll+0x375196]
V  [jvm.dll+0x8be0c0]
V  [jvm.dll+0x8bf434]
V  [jvm.dll+0x8bf960]
V  [jvm.dll+0x8bfc03]
V  [jvm.dll+0x8600cd]
V  [jvm.dll+0x6d6c1d]
C  [ucrtbase.dll+0x2cd30]
C  [KERNEL32.DLL+0x2cdf7]
C  [ntdll.dll+0x7ee4c]

VM_Operation (0x00000051f6afed30): G1CollectForAllocation, mode: safepoint, requested by thread 0x0000022b38603ec0


---------------  P R O C E S S  ---------------

Threads class SMR info:
_java_thread_list=0x0000022b3d926380, length=34, elements={
0x0000022b192bd800, 0x0000022b335ccc70, 0x0000022b335cff60, 0x0000022b335d0ff0,
0x0000022b335f2490, 0x0000022b335f2ef0, 0x0000022b335f3950, 0x0000022b335fe320,
0x0000022b335e8270, 0x0000022b338e2e30, 0x0000022b380c7880, 0x0000022b38d199e0,
0x0000022b385c9db0, 0x0000022b38e2cfc0, 0x0000022b38f4f800, 0x0000022b38daa3a0,
0x0000022b395447d0, 0x0000022b385fdde0, 0x0000022b38605900, 0x0000022b38605f90,
0x0000022b38604be0, 0x0000022b38603ec0, 0x0000022b38602b10, 0x0000022b38605270,
0x0000022b386031a0, 0x0000022b38603830, 0x0000022b3abe0c50, 0x0000022b3abe2690,
0x0000022b3abe2d20, 0x0000022b3abe05c0, 0x0000022b3abe1970, 0x0000022b3abe40d0,
0x0000022b38abc870, 0x0000022b38abc1a0
}

Java Threads: ( => current thread )
  0x0000022b192bd800 JavaThread "main"                              [_thread_blocked, id=22968, stack(0x00000051f4200000,0x00000051f4300000) (1024K)]
  0x0000022b335ccc70 JavaThread "Reference Handler"          daemon [_thread_blocked, id=29564, stack(0x00000051f4a00000,0x00000051f4b00000) (1024K)]
  0x0000022b335cff60 JavaThread "Finalizer"                  daemon [_thread_blocked, id=23016, stack(0x00000051f4b00000,0x00000051f4c00000) (1024K)]
  0x0000022b335d0ff0 JavaThread "Signal Dispatcher"          daemon [_thread_blocked, id=29984, stack(0x00000051f4c00000,0x00000051f4d00000) (1024K)]
  0x0000022b335f2490 JavaThread "Attach Listener"            daemon [_thread_blocked, id=11236, stack(0x00000051f4d00000,0x00000051f4e00000) (1024K)]
  0x0000022b335f2ef0 JavaThread "Service Thread"             daemon [_thread_blocked, id=25000, stack(0x00000051f4e00000,0x00000051f4f00000) (1024K)]
  0x0000022b335f3950 JavaThread "Monitor Deflation Thread"   daemon [_thread_blocked, id=8644, stack(0x00000051f4f00000,0x00000051f5000000) (1024K)]
  0x0000022b335fe320 JavaThread "C2 CompilerThread0"         daemon [_thread_blocked, id=26452, stack(0x00000051f5000000,0x00000051f5100000) (1024K)]
  0x0000022b335e8270 JavaThread "C1 CompilerThread0"         daemon [_thread_blocked, id=30556, stack(0x00000051f5100000,0x00000051f5200000) (1024K)]
  0x0000022b338e2e30 JavaThread "Common-Cleaner"             daemon [_thread_blocked, id=33908, stack(0x00000051f5200000,0x00000051f5300000) (1024K)]
  0x0000022b380c7880 JavaThread "Notification Thread"        daemon [_thread_blocked, id=16512, stack(0x00000051f5400000,0x00000051f5500000) (1024K)]
  0x0000022b38d199e0 JavaThread "Active Thread: Equinox Container: a94c7dbd-b724-4c23-ba2f-5a5fad50c796"        [_thread_blocked, id=23424, stack(0x00000051f5c00000,0x00000051f5d00000) (1024K)]
  0x0000022b385c9db0 JavaThread "Refresh Thread: Equinox Container: a94c7dbd-b724-4c23-ba2f-5a5fad50c796" daemon [_thread_blocked, id=29864, stack(0x00000051f5500000,0x00000051f5600000) (1024K)]
  0x0000022b38e2cfc0 JavaThread "Framework Event Dispatcher: Equinox Container: a94c7dbd-b724-4c23-ba2f-5a5fad50c796" daemon [_thread_blocked, id=7524, stack(0x00000051f5d00000,0x00000051f5e00000) (1024K)]
  0x0000022b38f4f800 JavaThread "Start Level: Equinox Container: a94c7dbd-b724-4c23-ba2f-5a5fad50c796" daemon [_thread_blocked, id=13880, stack(0x00000051f5e00000,0x00000051f5f00000) (1024K)]
  0x0000022b38daa3a0 JavaThread "Bundle File Closer"         daemon [_thread_blocked, id=4044, stack(0x00000051f6200000,0x00000051f6300000) (1024K)]
  0x0000022b395447d0 JavaThread "SCR Component Actor"        daemon [_thread_blocked, id=4616, stack(0x00000051f6000000,0x00000051f6100000) (1024K)]
  0x0000022b385fdde0 JavaThread "Worker-JM"                         [_thread_blocked, id=24224, stack(0x00000051f6700000,0x00000051f6800000) (1024K)]
  0x0000022b38605900 JavaThread "JNA Cleaner"                daemon [_thread_blocked, id=31808, stack(0x00000051f6100000,0x00000051f6200000) (1024K)]
  0x0000022b38605f90 JavaThread "Worker-0: Java indexing... "        [_thread_blocked, id=34464, stack(0x00000051f6300000,0x00000051f6400000) (1024K)]
  0x0000022b38604be0 JavaThread "Worker-1"                          [_thread_blocked, id=20720, stack(0x00000051f6800000,0x00000051f6900000) (1024K)]
  0x0000022b38603ec0 JavaThread "Java indexing"              daemon [_thread_blocked, id=19132, stack(0x00000051f6a00000,0x00000051f6b00000) (1024K)]
  0x0000022b38602b10 JavaThread "Worker-2: Initialize workspace"        [_thread_blocked, id=3192, stack(0x00000051f6c00000,0x00000051f6d00000) (1024K)]
  0x0000022b38605270 JavaThread "Worker-3"                          [_thread_blocked, id=7232, stack(0x00000051f6d00000,0x00000051f6e00000) (1024K)]
  0x0000022b386031a0 JavaThread "Worker-4"                          [_thread_blocked, id=24956, stack(0x00000051f7000000,0x00000051f7100000) (1024K)]
  0x0000022b38603830 JavaThread "Worker-5"                          [_thread_blocked, id=23312, stack(0x00000051f7100000,0x00000051f7200000) (1024K)]
  0x0000022b3abe0c50 JavaThread "pool-2-thread-1"                   [_thread_blocked, id=33632, stack(0x00000051f7200000,0x00000051f7300000) (1024K)]
  0x0000022b3abe2690 JavaThread "WorkspaceEventsHandler"            [_thread_blocked, id=26976, stack(0x00000051f7300000,0x00000051f7400000) (1024K)]
  0x0000022b3abe2d20 JavaThread "pool-1-thread-1"                   [_thread_blocked, id=10560, stack(0x00000051f7400000,0x00000051f7500000) (1024K)]
  0x0000022b3abe05c0 JavaThread "PatternSearchJob-worker-1"  daemon [_thread_blocked, id=940, stack(0x00000051f7500000,0x00000051f7600000) (1024K)]
  0x0000022b3abe1970 JavaThread "PatternSearchJob-worker-2"  daemon [_thread_blocked, id=13932, stack(0x00000051f7600000,0x00000051f7700000) (1024K)]
  0x0000022b3abe40d0 JavaThread "PatternSearchJob-worker-3"  daemon [_thread_blocked, id=21884, stack(0x00000051f7700000,0x00000051f7800000) (1024K)]
  0x0000022b38abc870 JavaThread "C2 CompilerThread1"         daemon [_thread_blocked, id=6344, stack(0x00000051f6900000,0x00000051f6a00000) (1024K)]
  0x0000022b38abc1a0 JavaThread "C2 CompilerThread2"         daemon [_thread_blocked, id=30764, stack(0x00000051f6b00000,0x00000051f6c00000) (1024K)]
Total: 34

Other Threads:
=>0x0000022b33576190 VMThread "VM Thread"                           [id=33884, stack(0x00000051f4900000,0x00000051f4a00000) (1024K)]
  0x0000022b331b3c60 WatcherThread "VM Periodic Task Thread"        [id=32248, stack(0x00000051f4800000,0x00000051f4900000) (1024K)]
  0x0000022b1932d100 WorkerThread "GC Thread#0"                     [id=26852, stack(0x00000051f4300000,0x00000051f4400000) (1024K)]
  0x0000022b3837e480 WorkerThread "GC Thread#1"                     [id=21560, stack(0x00000051f5600000,0x00000051f5700000) (1024K)]
  0x0000022b3874bd00 WorkerThread "GC Thread#2"                     [id=32220, stack(0x00000051f5700000,0x00000051f5800000) (1024K)]
  0x0000022b3874c0b0 WorkerThread "GC Thread#3"                     [id=21868, stack(0x00000051f5800000,0x00000051f5900000) (1024K)]
  0x0000022b38583540 WorkerThread "GC Thread#4"                     [id=29944, stack(0x00000051f5900000,0x00000051f5a00000) (1024K)]
  0x0000022b385838f0 WorkerThread "GC Thread#5"                     [id=19616, stack(0x00000051f5a00000,0x00000051f5b00000) (1024K)]
  0x0000022b389b5f80 WorkerThread "GC Thread#6"                     [id=16464, stack(0x00000051f5b00000,0x00000051f5c00000) (1024K)]
  0x0000022b38ccb9a0 WorkerThread "GC Thread#7"                     [id=22656, stack(0x00000051f5300000,0x00000051f5400000) (1024K)]
  0x0000022b38ccbd50 WorkerThread "GC Thread#8"                     [id=20560, stack(0x00000051f5f00000,0x00000051f6000000) (1024K)]
  0x0000022b38df2850 WorkerThread "GC Thread#9"                     [id=11652, stack(0x00000051f6400000,0x00000051f6500000) (1024K)]
  0x0000022b1933da80 ConcurrentGCThread "G1 Main Marker"            [id=32476, stack(0x00000051f4400000,0x00000051f4500000) (1024K)]
  0x0000022b1933f320 WorkerThread "G1 Conc#0"                       [id=23728, stack(0x00000051f4500000,0x00000051f4600000) (1024K)]
  0x0000022b3870d790 WorkerThread "G1 Conc#1"                       [id=29836, stack(0x00000051f6500000,0x00000051f6600000) (1024K)]
  0x0000022b3870d030 WorkerThread "G1 Conc#2"                       [id=32864, stack(0x00000051f6600000,0x00000051f6700000) (1024K)]
  0x0000022b330850e0 ConcurrentGCThread "G1 Refine#0"               [id=23608, stack(0x00000051f4600000,0x00000051f4700000) (1024K)]
  0x0000022b33089d40 ConcurrentGCThread "G1 Service"                [id=18948, stack(0x00000051f4700000,0x00000051f4800000) (1024K)]
Total: 18

Threads with active compile tasks:
C2 CompilerThread1  27293 7647       4       org.eclipse.jdt.internal.compiler.parser.Parser::consumeRule (7843 bytes)
Total: 1

VM state: at safepoint (normal execution)

VM Mutex/Monitor currently owned by a thread:  ([mutex/lock_event])
[0x00007ffdf9a1f5b0] Threads_lock - owner thread: 0x0000022b33576190
[0x00007ffdf9a1f6b0] Heap_lock - owner thread: 0x0000022b38603ec0

Heap address: 0x00000006c5800000, size: 4008 MB, Compressed Oops mode: Zero based, Oop shift amount: 3

CDS archive(s) not mapped
Compressed class space mapped at: 0x00000007c0000000-0x0000000800000000, reserved size: 1073741824
Narrow klass base: 0x0000000000000000, Narrow klass shift: 3, Narrow klass range: 0x800000000

GC Precious Log:
 CardTable entry size: 512
 Card Set container configuration: InlinePtr #cards 4 size 8 Array Of Cards #cards 16 size 48 Howl #buckets 8 coarsen threshold 3686 Howl Bitmap #cards 512 size 80 coarsen threshold 460 Card regions per heap region 1 cards per card region 4096
 CPUs: 12 total, 12 available
 Memory: 16024M
 Large Page Support: Disabled
 NUMA Support: Disabled
 Compressed Oops: Enabled (Zero based)
 Heap Region Size: 2M
 Heap Min Capacity: 8M
 Heap Initial Capacity: 252M
 Heap Max Capacity: 4008M
 Pre-touch: Disabled
 Parallel Workers: 10
 Concurrent Workers: 3
 Concurrent Refinement Workers: 10
 Periodic GC: Disabled

Heap:
 garbage-first heap   total 262144K, used 44420K [0x00000006c5800000, 0x00000007c0000000)
  region size 2048K, 2 young (4096K), 2 survivors (4096K)
 Metaspace       used 65662K, committed 66944K, reserved 1114112K
  class space    used 6928K, committed 7488K, reserved 1048576K

Heap Regions: E=young(eden), S=young(survivor), O=old, HS=humongous(starts), HC=humongous(continues), CS=collection set, F=free, TAMS=top-at-mark-start, PB=parsable bottom
|   0|0x00000006c5800000, 0x00000006c5a00000, 0x00000006c5a00000|100%| O|  |TAMS 0x00000006c5800000| PB 0x00000006c5800000| Untracked 
|   1|0x00000006c5a00000, 0x00000006c5c00000, 0x00000006c5c00000|100%| O|  |TAMS 0x00000006c5a00000| PB 0x00000006c5a00000| Untracked 
|   2|0x00000006c5c00000, 0x00000006c5c00000, 0x00000006c5e00000|  0%| F|  |TAMS 0x00000006c5c00000| PB 0x00000006c5c00000| Untracked 
|   3|0x00000006c5e00000, 0x00000006c6000000, 0x00000006c6000000|100%| O|  |TAMS 0x00000006c5e00000| PB 0x00000006c5e00000| Untracked 
|   4|0x00000006c6000000, 0x00000006c6200000, 0x00000006c6200000|100%| O|  |TAMS 0x00000006c6000000| PB 0x00000006c6000000| Untracked 
|   5|0x00000006c6200000, 0x00000006c6400000, 0x00000006c6400000|100%| O|  |TAMS 0x00000006c6200000| PB 0x00000006c6200000| Untracked 
|   6|0x00000006c6400000, 0x00000006c6600000, 0x00000006c6600000|100%| O|  |TAMS 0x00000006c6400000| PB 0x00000006c6400000| Untracked 
|   7|0x00000006c6600000, 0x00000006c6800000, 0x00000006c6800000|100%| O|  |TAMS 0x00000006c6600000| PB 0x00000006c6600000| Untracked 
|   8|0x00000006c6800000, 0x00000006c6a00000, 0x00000006c6a00000|100%| O|  |TAMS 0x00000006c6800000| PB 0x00000006c6800000| Untracked 
|   9|0x00000006c6a00000, 0x00000006c6c00000, 0x00000006c6c00000|100%| O|  |TAMS 0x00000006c6a00000| PB 0x00000006c6a00000| Untracked 
|  10|0x00000006c6c00000, 0x00000006c6e00000, 0x00000006c6e00000|100%| O|  |TAMS 0x00000006c6c00000| PB 0x00000006c6c00000| Untracked 
|  11|0x00000006c6e00000, 0x00000006c7000000, 0x00000006c7000000|100%| O|  |TAMS 0x00000006c6e00000| PB 0x00000006c6e00000| Untracked 
|  12|0x00000006c7000000, 0x00000006c7200000, 0x00000006c7200000|100%| O|  |TAMS 0x00000006c7000000| PB 0x00000006c7000000| Untracked 
|  13|0x00000006c7200000, 0x00000006c7400000, 0x00000006c7400000|100%| O|  |TAMS 0x00000006c7200000| PB 0x00000006c7200000| Untracked 
|  14|0x00000006c7400000, 0x00000006c7600000, 0x00000006c7600000|100%| O|  |TAMS 0x00000006c7400000| PB 0x00000006c7400000| Untracked 
|  15|0x00000006c7600000, 0x00000006c7800000, 0x00000006c7800000|100%| O|  |TAMS 0x00000006c7600000| PB 0x00000006c7600000| Untracked 
|  16|0x00000006c7800000, 0x00000006c7a00000, 0x00000006c7a00000|100%| O|  |TAMS 0x00000006c7800000| PB 0x00000006c7800000| Untracked 
|  17|0x00000006c7a00000, 0x00000006c7c00000, 0x00000006c7c00000|100%| O|  |TAMS 0x00000006c7a00000| PB 0x00000006c7a00000| Untracked 
|  18|0x00000006c7c00000, 0x00000006c7e00000, 0x00000006c7e00000|100%| O|  |TAMS 0x00000006c7c00000| PB 0x00000006c7c00000| Untracked 
|  19|0x00000006c7e00000, 0x00000006c7f03010, 0x00000006c8000000| 50%| O|  |TAMS 0x00000006c7e00000| PB 0x00000006c7e00000| Untracked 
|  20|0x00000006c8000000, 0x00000006c8000000, 0x00000006c8200000|  0%| F|  |TAMS 0x00000006c8000000| PB 0x00000006c8000000| Untracked 
|  21|0x00000006c8200000, 0x00000006c8200000, 0x00000006c8400000|  0%| F|  |TAMS 0x00000006c8200000| PB 0x00000006c8200000| Untracked 
|  22|0x00000006c8400000, 0x00000006c8400000, 0x00000006c8600000|  0%| F|  |TAMS 0x00000006c8400000| PB 0x00000006c8400000| Untracked 
|  23|0x00000006c8600000, 0x00000006c8600000, 0x00000006c8800000|  0%| F|  |TAMS 0x00000006c8600000| PB 0x00000006c8600000| Untracked 
|  24|0x00000006c8800000, 0x00000006c8800000, 0x00000006c8a00000|  0%| F|  |TAMS 0x00000006c8800000| PB 0x00000006c8800000| Untracked 
|  25|0x00000006c8a00000, 0x00000006c8a00000, 0x00000006c8c00000|  0%| F|  |TAMS 0x00000006c8a00000| PB 0x00000006c8a00000| Untracked 
|  26|0x00000006c8c00000, 0x00000006c8c00000, 0x00000006c8e00000|  0%| F|  |TAMS 0x00000006c8c00000| PB 0x00000006c8c00000| Untracked 
|  27|0x00000006c8e00000, 0x00000006c8e00000, 0x00000006c9000000|  0%| F|  |TAMS 0x00000006c8e00000| PB 0x00000006c8e00000| Untracked 
|  28|0x00000006c9000000, 0x00000006c9000000, 0x00000006c9200000|  0%| F|  |TAMS 0x00000006c9000000| PB 0x00000006c9000000| Untracked 
|  29|0x00000006c9200000, 0x00000006c9200000, 0x00000006c9400000|  0%| F|  |TAMS 0x00000006c9200000| PB 0x00000006c9200000| Untracked 
|  30|0x00000006c9400000, 0x00000006c9400000, 0x00000006c9600000|  0%| F|  |TAMS 0x00000006c9400000| PB 0x00000006c9400000| Untracked 
|  31|0x00000006c9600000, 0x00000006c9600000, 0x00000006c9800000|  0%| F|  |TAMS 0x00000006c9600000| PB 0x00000006c9600000| Untracked 
|  32|0x00000006c9800000, 0x00000006c9800000, 0x00000006c9a00000|  0%| F|  |TAMS 0x00000006c9800000| PB 0x00000006c9800000| Untracked 
|  33|0x00000006c9a00000, 0x00000006c9a00000, 0x00000006c9c00000|  0%| F|  |TAMS 0x00000006c9a00000| PB 0x00000006c9a00000| Untracked 
|  34|0x00000006c9c00000, 0x00000006c9c00000, 0x00000006c9e00000|  0%| F|  |TAMS 0x00000006c9c00000| PB 0x00000006c9c00000| Untracked 
|  35|0x00000006c9e00000, 0x00000006c9e00000, 0x00000006ca000000|  0%| F|  |TAMS 0x00000006c9e00000| PB 0x00000006c9e00000| Untracked 
|  36|0x00000006ca000000, 0x00000006ca000000, 0x00000006ca200000|  0%| F|  |TAMS 0x00000006ca000000| PB 0x00000006ca000000| Untracked 
|  37|0x00000006ca200000, 0x00000006ca200000, 0x00000006ca400000|  0%| F|  |TAMS 0x00000006ca200000| PB 0x00000006ca200000| Untracked 
|  38|0x00000006ca400000, 0x00000006ca400000, 0x00000006ca600000|  0%| F|  |TAMS 0x00000006ca400000| PB 0x00000006ca400000| Untracked 
|  39|0x00000006ca600000, 0x00000006ca600000, 0x00000006ca800000|  0%| F|  |TAMS 0x00000006ca600000| PB 0x00000006ca600000| Untracked 
|  40|0x00000006ca800000, 0x00000006ca800000, 0x00000006caa00000|  0%| F|  |TAMS 0x00000006ca800000| PB 0x00000006ca800000| Untracked 
|  41|0x00000006caa00000, 0x00000006caa00000, 0x00000006cac00000|  0%| F|  |TAMS 0x00000006caa00000| PB 0x00000006caa00000| Untracked 
|  42|0x00000006cac00000, 0x00000006cac00000, 0x00000006cae00000|  0%| F|  |TAMS 0x00000006cac00000| PB 0x00000006cac00000| Untracked 
|  43|0x00000006cae00000, 0x00000006cae00000, 0x00000006cb000000|  0%| F|  |TAMS 0x00000006cae00000| PB 0x00000006cae00000| Untracked 
|  44|0x00000006cb000000, 0x00000006cb000000, 0x00000006cb200000|  0%| F|  |TAMS 0x00000006cb000000| PB 0x00000006cb000000| Untracked 
|  45|0x00000006cb200000, 0x00000006cb200000, 0x00000006cb400000|  0%| F|  |TAMS 0x00000006cb200000| PB 0x00000006cb200000| Untracked 
|  46|0x00000006cb400000, 0x00000006cb400000, 0x00000006cb600000|  0%| F|  |TAMS 0x00000006cb400000| PB 0x00000006cb400000| Untracked 
|  47|0x00000006cb600000, 0x00000006cb600000, 0x00000006cb800000|  0%| F|  |TAMS 0x00000006cb600000| PB 0x00000006cb600000| Untracked 
|  48|0x00000006cb800000, 0x00000006cb800000, 0x00000006cba00000|  0%| F|  |TAMS 0x00000006cb800000| PB 0x00000006cb800000| Untracked 
|  49|0x00000006cba00000, 0x00000006cba00000, 0x00000006cbc00000|  0%| F|  |TAMS 0x00000006cba00000| PB 0x00000006cba00000| Untracked 
|  50|0x00000006cbc00000, 0x00000006cbc00000, 0x00000006cbe00000|  0%| F|  |TAMS 0x00000006cbc00000| PB 0x00000006cbc00000| Untracked 
|  51|0x00000006cbe00000, 0x00000006cbe00000, 0x00000006cc000000|  0%| F|  |TAMS 0x00000006cbe00000| PB 0x00000006cbe00000| Untracked 
|  52|0x00000006cc000000, 0x00000006cc000000, 0x00000006cc200000|  0%| F|  |TAMS 0x00000006cc000000| PB 0x00000006cc000000| Untracked 
|  53|0x00000006cc200000, 0x00000006cc200000, 0x00000006cc400000|  0%| F|  |TAMS 0x00000006cc200000| PB 0x00000006cc200000| Untracked 
|  54|0x00000006cc400000, 0x00000006cc400000, 0x00000006cc600000|  0%| F|  |TAMS 0x00000006cc400000| PB 0x00000006cc400000| Untracked 
|  55|0x00000006cc600000, 0x00000006cc600000, 0x00000006cc800000|  0%| F|  |TAMS 0x00000006cc600000| PB 0x00000006cc600000| Untracked 
|  56|0x00000006cc800000, 0x00000006cc800000, 0x00000006cca00000|  0%| F|  |TAMS 0x00000006cc800000| PB 0x00000006cc800000| Untracked 
|  57|0x00000006cca00000, 0x00000006cca00000, 0x00000006ccc00000|  0%| F|  |TAMS 0x00000006cca00000| PB 0x00000006cca00000| Untracked 
|  58|0x00000006ccc00000, 0x00000006ccc00000, 0x00000006cce00000|  0%| F|  |TAMS 0x00000006ccc00000| PB 0x00000006ccc00000| Untracked 
|  59|0x00000006cce00000, 0x00000006cce5e0b0, 0x00000006cd000000| 18%| S|CS|TAMS 0x00000006cce00000| PB 0x00000006cce00000| Complete 
|  60|0x00000006cd000000, 0x00000006cd200000, 0x00000006cd200000|100%| S|CS|TAMS 0x00000006cd000000| PB 0x00000006cd000000| Complete 
|  61|0x00000006cd200000, 0x00000006cd200000, 0x00000006cd400000|  0%| F|  |TAMS 0x00000006cd200000| PB 0x00000006cd200000| Untracked 
|  62|0x00000006cd400000, 0x00000006cd400000, 0x00000006cd600000|  0%| F|  |TAMS 0x00000006cd400000| PB 0x00000006cd400000| Untracked 
|  63|0x00000006cd600000, 0x00000006cd600000, 0x00000006cd800000|  0%| F|  |TAMS 0x00000006cd600000| PB 0x00000006cd600000| Untracked 
|  64|0x00000006cd800000, 0x00000006cd800000, 0x00000006cda00000|  0%| F|  |TAMS 0x00000006cd800000| PB 0x00000006cd800000| Untracked 
|  65|0x00000006cda00000, 0x00000006cda00000, 0x00000006cdc00000|  0%| F|  |TAMS 0x00000006cda00000| PB 0x00000006cda00000| Untracked 
|  66|0x00000006cdc00000, 0x00000006cdc00000, 0x00000006cde00000|  0%| F|  |TAMS 0x00000006cdc00000| PB 0x00000006cdc00000| Untracked 
|  67|0x00000006cde00000, 0x00000006cde00000, 0x00000006ce000000|  0%| F|  |TAMS 0x00000006cde00000| PB 0x00000006cde00000| Untracked 
|  68|0x00000006ce000000, 0x00000006ce000000, 0x00000006ce200000|  0%| F|  |TAMS 0x00000006ce000000| PB 0x00000006ce000000| Untracked 
|  69|0x00000006ce200000, 0x00000006ce200000, 0x00000006ce400000|  0%| F|  |TAMS 0x00000006ce200000| PB 0x00000006ce200000| Untracked 
|  70|0x00000006ce400000, 0x00000006ce400000, 0x00000006ce600000|  0%| F|  |TAMS 0x00000006ce400000| PB 0x00000006ce400000| Untracked 
|  71|0x00000006ce600000, 0x00000006ce600000, 0x00000006ce800000|  0%| F|  |TAMS 0x00000006ce600000| PB 0x00000006ce600000| Untracked 
|  72|0x00000006ce800000, 0x00000006ce800000, 0x00000006cea00000|  0%| F|  |TAMS 0x00000006ce800000| PB 0x00000006ce800000| Untracked 
|  73|0x00000006cea00000, 0x00000006cea00000, 0x00000006cec00000|  0%| F|  |TAMS 0x00000006cea00000| PB 0x00000006cea00000| Untracked 
|  74|0x00000006cec00000, 0x00000006cec00000, 0x00000006cee00000|  0%| F|  |TAMS 0x00000006cec00000| PB 0x00000006cec00000| Untracked 
|  75|0x00000006cee00000, 0x00000006cee00000, 0x00000006cf000000|  0%| F|  |TAMS 0x00000006cee00000| PB 0x00000006cee00000| Untracked 
|  76|0x00000006cf000000, 0x00000006cf000000, 0x00000006cf200000|  0%| F|  |TAMS 0x00000006cf000000| PB 0x00000006cf000000| Untracked 
|  77|0x00000006cf200000, 0x00000006cf200000, 0x00000006cf400000|  0%| F|  |TAMS 0x00000006cf200000| PB 0x00000006cf200000| Untracked 
|  78|0x00000006cf400000, 0x00000006cf400000, 0x00000006cf600000|  0%| F|  |TAMS 0x00000006cf400000| PB 0x00000006cf400000| Untracked 
|  79|0x00000006cf600000, 0x00000006cf600000, 0x00000006cf800000|  0%| F|  |TAMS 0x00000006cf600000| PB 0x00000006cf600000| Untracked 
|  80|0x00000006cf800000, 0x00000006cf800000, 0x00000006cfa00000|  0%| F|  |TAMS 0x00000006cf800000| PB 0x00000006cf800000| Untracked 
|  81|0x00000006cfa00000, 0x00000006cfa00000, 0x00000006cfc00000|  0%| F|  |TAMS 0x00000006cfa00000| PB 0x00000006cfa00000| Untracked 
|  82|0x00000006cfc00000, 0x00000006cfc00000, 0x00000006cfe00000|  0%| F|  |TAMS 0x00000006cfc00000| PB 0x00000006cfc00000| Untracked 
|  83|0x00000006cfe00000, 0x00000006cfe00000, 0x00000006d0000000|  0%| F|  |TAMS 0x00000006cfe00000| PB 0x00000006cfe00000| Untracked 
|  84|0x00000006d0000000, 0x00000006d0000000, 0x00000006d0200000|  0%| F|  |TAMS 0x00000006d0000000| PB 0x00000006d0000000| Untracked 
|  85|0x00000006d0200000, 0x00000006d0200000, 0x00000006d0400000|  0%| F|  |TAMS 0x00000006d0200000| PB 0x00000006d0200000| Untracked 
|  86|0x00000006d0400000, 0x00000006d0400000, 0x00000006d0600000|  0%| F|  |TAMS 0x00000006d0400000| PB 0x00000006d0400000| Untracked 
|  87|0x00000006d0600000, 0x00000006d0600000, 0x00000006d0800000|  0%| F|  |TAMS 0x00000006d0600000| PB 0x00000006d0600000| Untracked 
|  88|0x00000006d0800000, 0x00000006d0800000, 0x00000006d0a00000|  0%| F|  |TAMS 0x00000006d0800000| PB 0x00000006d0800000| Untracked 
|  89|0x00000006d0a00000, 0x00000006d0a00000, 0x00000006d0c00000|  0%| F|  |TAMS 0x00000006d0a00000| PB 0x00000006d0a00000| Untracked 
|  90|0x00000006d0c00000, 0x00000006d0c00000, 0x00000006d0e00000|  0%| F|  |TAMS 0x00000006d0c00000| PB 0x00000006d0c00000| Untracked 
|  91|0x00000006d0e00000, 0x00000006d0e00000, 0x00000006d1000000|  0%| F|  |TAMS 0x00000006d0e00000| PB 0x00000006d0e00000| Untracked 
|  92|0x00000006d1000000, 0x00000006d1000000, 0x00000006d1200000|  0%| F|  |TAMS 0x00000006d1000000| PB 0x00000006d1000000| Untracked 
|  93|0x00000006d1200000, 0x00000006d1200000, 0x00000006d1400000|  0%| F|  |TAMS 0x00000006d1200000| PB 0x00000006d1200000| Untracked 
|  94|0x00000006d1400000, 0x00000006d1400000, 0x00000006d1600000|  0%| F|  |TAMS 0x00000006d1400000| PB 0x00000006d1400000| Untracked 
|  95|0x00000006d1600000, 0x00000006d1600000, 0x00000006d1800000|  0%| F|  |TAMS 0x00000006d1600000| PB 0x00000006d1600000| Untracked 
|  96|0x00000006d1800000, 0x00000006d1800000, 0x00000006d1a00000|  0%| F|  |TAMS 0x00000006d1800000| PB 0x00000006d1800000| Untracked 
|  97|0x00000006d1a00000, 0x00000006d1a00000, 0x00000006d1c00000|  0%| F|  |TAMS 0x00000006d1a00000| PB 0x00000006d1a00000| Untracked 
|  98|0x00000006d1c00000, 0x00000006d1c00000, 0x00000006d1e00000|  0%| F|  |TAMS 0x00000006d1c00000| PB 0x00000006d1c00000| Untracked 
|  99|0x00000006d1e00000, 0x00000006d1e00000, 0x00000006d2000000|  0%| F|  |TAMS 0x00000006d1e00000| PB 0x00000006d1e00000| Untracked 
| 100|0x00000006d2000000, 0x00000006d2000000, 0x00000006d2200000|  0%| F|  |TAMS 0x00000006d2000000| PB 0x00000006d2000000| Untracked 
| 101|0x00000006d2200000, 0x00000006d2200000, 0x00000006d2400000|  0%| F|  |TAMS 0x00000006d2200000| PB 0x00000006d2200000| Untracked 
| 102|0x00000006d2400000, 0x00000006d2400000, 0x00000006d2600000|  0%| F|  |TAMS 0x00000006d2400000| PB 0x00000006d2400000| Untracked 
| 103|0x00000006d2600000, 0x00000006d2600000, 0x00000006d2800000|  0%| F|  |TAMS 0x00000006d2600000| PB 0x00000006d2600000| Untracked 
| 104|0x00000006d2800000, 0x00000006d2800000, 0x00000006d2a00000|  0%| F|  |TAMS 0x00000006d2800000| PB 0x00000006d2800000| Untracked 
| 105|0x00000006d2a00000, 0x00000006d2a00000, 0x00000006d2c00000|  0%| F|  |TAMS 0x00000006d2a00000| PB 0x00000006d2a00000| Untracked 
| 106|0x00000006d2c00000, 0x00000006d2c00000, 0x00000006d2e00000|  0%| F|  |TAMS 0x00000006d2c00000| PB 0x00000006d2c00000| Untracked 
| 107|0x00000006d2e00000, 0x00000006d2e00000, 0x00000006d3000000|  0%| F|  |TAMS 0x00000006d2e00000| PB 0x00000006d2e00000| Untracked 
| 108|0x00000006d3000000, 0x00000006d3000000, 0x00000006d3200000|  0%| F|  |TAMS 0x00000006d3000000| PB 0x00000006d3000000| Untracked 
| 109|0x00000006d3200000, 0x00000006d3200000, 0x00000006d3400000|  0%| F|  |TAMS 0x00000006d3200000| PB 0x00000006d3200000| Untracked 
| 110|0x00000006d3400000, 0x00000006d3400000, 0x00000006d3600000|  0%| F|  |TAMS 0x00000006d3400000| PB 0x00000006d3400000| Untracked 
| 111|0x00000006d3600000, 0x00000006d3600000, 0x00000006d3800000|  0%| F|  |TAMS 0x00000006d3600000| PB 0x00000006d3600000| Untracked 
| 112|0x00000006d3800000, 0x00000006d3800000, 0x00000006d3a00000|  0%| F|  |TAMS 0x00000006d3800000| PB 0x00000006d3800000| Untracked 
| 113|0x00000006d3a00000, 0x00000006d3a00000, 0x00000006d3c00000|  0%| F|  |TAMS 0x00000006d3a00000| PB 0x00000006d3a00000| Untracked 
| 114|0x00000006d3c00000, 0x00000006d3c00000, 0x00000006d3e00000|  0%| F|  |TAMS 0x00000006d3c00000| PB 0x00000006d3c00000| Untracked 
| 115|0x00000006d3e00000, 0x00000006d3e00000, 0x00000006d4000000|  0%| F|  |TAMS 0x00000006d3e00000| PB 0x00000006d3e00000| Untracked 
| 116|0x00000006d4000000, 0x00000006d4000000, 0x00000006d4200000|  0%| F|  |TAMS 0x00000006d4000000| PB 0x00000006d4000000| Untracked 
| 117|0x00000006d4200000, 0x00000006d4200000, 0x00000006d4400000|  0%| F|  |TAMS 0x00000006d4200000| PB 0x00000006d4200000| Untracked 
| 118|0x00000006d4400000, 0x00000006d4400000, 0x00000006d4600000|  0%| F|  |TAMS 0x00000006d4400000| PB 0x00000006d4400000| Untracked 
| 119|0x00000006d4600000, 0x00000006d4600000, 0x00000006d4800000|  0%| F|  |TAMS 0x00000006d4600000| PB 0x00000006d4600000| Untracked 
| 120|0x00000006d4800000, 0x00000006d4800000, 0x00000006d4a00000|  0%| F|  |TAMS 0x00000006d4800000| PB 0x00000006d4800000| Untracked 
| 121|0x00000006d4a00000, 0x00000006d4a00000, 0x00000006d4c00000|  0%| F|  |TAMS 0x00000006d4a00000| PB 0x00000006d4a00000| Untracked 
| 122|0x00000006d4c00000, 0x00000006d4c00000, 0x00000006d4e00000|  0%| F|  |TAMS 0x00000006d4c00000| PB 0x00000006d4c00000| Untracked 
| 123|0x00000006d4e00000, 0x00000006d4e00000, 0x00000006d5000000|  0%| F|  |TAMS 0x00000006d4e00000| PB 0x00000006d4e00000| Untracked 
| 124|0x00000006d5000000, 0x00000006d5000000, 0x00000006d5200000|  0%| F|  |TAMS 0x00000006d5000000| PB 0x00000006d5000000| Untracked 
| 125|0x00000006d5200000, 0x00000006d5200000, 0x00000006d5400000|  0%| F|  |TAMS 0x00000006d5200000| PB 0x00000006d5200000| Untracked 
|2002|0x00000007bfc00000, 0x00000007bfe00000, 0x00000007bfe00000|100%| O|  |TAMS 0x00000007bfc00000| PB 0x00000007bfc00000| Untracked 
|2003|0x00000007bfe00000, 0x00000007c0000000, 0x00000007c0000000|100%| O|  |TAMS 0x00000007bfe00000| PB 0x00000007bfe00000| Untracked 

Card table byte_map: [0x0000022b2c1f0000,0x0000022b2c9d0000] _byte_map_base: 0x0000022b28bc4000

Marking Bits: (CMBitMap*) 0x0000022b1932d720
 Bits: [0x0000022b2c9d0000, 0x0000022b30870000)

Polling page: 0x0000022b17100000

Metaspace:

Usage:
  Non-class:     57.36 MB used.
      Class:      6.77 MB used.
       Both:     64.12 MB used.

Virtual space:
  Non-class space:       64.00 MB reserved,      58.06 MB ( 91%) committed,  1 nodes.
      Class space:        1.00 GB reserved,       7.31 MB ( <1%) committed,  1 nodes.
             Both:        1.06 GB reserved,      65.38 MB (  6%) committed. 

Chunk freelists:
   Non-Class:  5.52 MB
       Class:  8.58 MB
        Both:  14.09 MB

MaxMetaspaceSize: unlimited
CompressedClassSpaceSize: 1.00 GB
Initial GC threshold: 21.00 MB
Current GC threshold: 98.69 MB
CDS: off
 - commit_granule_bytes: 65536.
 - commit_granule_words: 8192.
 - virtual_space_node_default_size: 8388608.
 - enlarge_chunks_in_place: 1.
 - use_allocation_guard: 0.


Internal statistics:

num_allocs_failed_limit: 9.
num_arena_births: 902.
num_arena_deaths: 26.
num_vsnodes_births: 2.
num_vsnodes_deaths: 0.
num_space_committed: 1046.
num_space_uncommitted: 0.
num_chunks_returned_to_freelist: 40.
num_chunks_taken_from_freelist: 3426.
num_chunk_merges: 16.
num_chunk_splits: 2172.
num_chunks_enlarged: 1317.
num_inconsistent_stats: 0.

CodeHeap 'non-profiled nmethods': size=120000Kb used=5008Kb max_used=5008Kb free=114991Kb
 bounds [0x0000022b23f90000, 0x0000022b24480000, 0x0000022b2b4c0000]
CodeHeap 'profiled nmethods': size=120000Kb used=15637Kb max_used=15637Kb free=104363Kb
 bounds [0x0000022b1c4c0000, 0x0000022b1d410000, 0x0000022b239f0000]
CodeHeap 'non-nmethods': size=5760Kb used=1575Kb max_used=1666Kb free=4184Kb
 bounds [0x0000022b239f0000, 0x0000022b23c60000, 0x0000022b23f90000]
CodeCache: size=245760Kb, used=22220Kb, max_used=22311Kb, free=223538Kb
 total_blobs=7786, nmethods=7061, adapters=628, full_count=0
Compilation: enabled, stopped_count=0, restarted_count=0

Compilation events (20 events):
Event: 26.651 Thread 0x0000022b335e8270 7640       3       java.util.ImmutableCollections$AbstractImmutableList::<init> (5 bytes)
Event: 26.651 Thread 0x0000022b335e8270 nmethod 7640 0x0000022b1d400f10 code [0x0000022b1d4010c0, 0x0000022b1d4012e8]
Event: 26.651 Thread 0x0000022b335e8270 7639       3       jdk.internal.misc.InternalLock::newLockOr (18 bytes)
Event: 26.652 Thread 0x0000022b335e8270 nmethod 7639 0x0000022b1d401410 code [0x0000022b1d401600, 0x0000022b1d401c28]
Event: 26.652 Thread 0x0000022b335e8270 7641       3       org.eclipse.jdt.internal.compiler.parser.Parser::pushOnExpressionStackLengthStack (54 bytes)
Event: 26.652 Thread 0x0000022b335e8270 nmethod 7641 0x0000022b1d401e90 code [0x0000022b1d402040, 0x0000022b1d402370]
Event: 26.653 Thread 0x0000022b335e8270 7642       3       org.eclipse.jdt.internal.compiler.parser.Parser::concatNodeLists (31 bytes)
Event: 26.653 Thread 0x0000022b335e8270 nmethod 7642 0x0000022b1d402510 code [0x0000022b1d4026c0, 0x0000022b1d402830]
Event: 26.657 Thread 0x0000022b335fe320 7643       4       org.eclipse.jdt.internal.compiler.parser.Parser::actFromTokenOrSynthetic (12 bytes)
Event: 26.658 Thread 0x0000022b335e8270 7644       3       org.eclipse.jdt.internal.compiler.parser.Scanner::maybeAtLambdaOrCast (135 bytes)
Event: 26.660 Thread 0x0000022b335e8270 nmethod 7644 0x0000022b1d402910 code [0x0000022b1d402b00, 0x0000022b1d4030c8]
Event: 26.660 Thread 0x0000022b335e8270 7645       3       java.io.File::getParent (65 bytes)
Event: 26.661 Thread 0x0000022b335e8270 nmethod 7645 0x0000022b1d403310 code [0x0000022b1d403560, 0x0000022b1d403c40]
Event: 26.661 Thread 0x0000022b335e8270 7646       3       org.eclipse.jdt.internal.core.util.SimpleWordSet::add (81 bytes)
Event: 26.661 Thread 0x0000022b38abc870 7647       4       org.eclipse.jdt.internal.compiler.parser.Parser::consumeRule (7843 bytes)
Event: 26.661 Thread 0x0000022b335fe320 nmethod 7643 0x0000022b24473290 code [0x0000022b24473420, 0x0000022b244735d8]
Event: 26.662 Thread 0x0000022b38abc1a0 nmethod 7637 0x0000022b24473790 code [0x0000022b24473980, 0x0000022b24473df8]
Event: 26.663 Thread 0x0000022b335e8270 nmethod 7646 0x0000022b1d403f10 code [0x0000022b1d404120, 0x0000022b1d404718]
Event: 26.663 Thread 0x0000022b335e8270 7648       3       org.eclipse.jdt.internal.compiler.parser.Scanner::disambiguatedToken (219 bytes)
Event: 26.665 Thread 0x0000022b335e8270 nmethod 7648 0x0000022b1d404990 code [0x0000022b1d404cc0, 0x0000022b1d405de0]

GC Heap History (20 events):
Event: 10.720 GC heap before
{Heap before GC invocations=11 (full 0):
 garbage-first heap   total 51200K, used 40030K [0x00000006c5800000, 0x00000007c0000000)
  region size 2048K, 14 young (28672K), 2 survivors (4096K)
 Metaspace       used 40866K, committed 41920K, reserved 1114112K
  class space    used 4065K, committed 4544K, reserved 1048576K
}
Event: 10.725 GC heap after
{Heap after GC invocations=12 (full 0):
 garbage-first heap   total 51200K, used 18485K [0x00000006c5800000, 0x00000007c0000000)
  region size 2048K, 1 young (2048K), 1 survivors (2048K)
 Metaspace       used 40866K, committed 41920K, reserved 1114112K
  class space    used 4065K, committed 4544K, reserved 1048576K
}
Event: 11.061 GC heap before
{Heap before GC invocations=12 (full 0):
 garbage-first heap   total 51200K, used 41013K [0x00000006c5800000, 0x00000007c0000000)
  region size 2048K, 13 young (26624K), 1 survivors (2048K)
 Metaspace       used 43941K, committed 44992K, reserved 1114112K
  class space    used 4479K, committed 4928K, reserved 1048576K
}
Event: 11.064 GC heap after
{Heap after GC invocations=13 (full 0):
 garbage-first heap   total 51200K, used 20181K [0x00000006c5800000, 0x00000007c0000000)
  region size 2048K, 2 young (4096K), 2 survivors (4096K)
 Metaspace       used 43941K, committed 44992K, reserved 1114112K
  class space    used 4479K, committed 4928K, reserved 1048576K
}
Event: 11.478 GC heap before
{Heap before GC invocations=13 (full 0):
 garbage-first heap   total 51200K, used 40661K [0x00000006c5800000, 0x00000007c0000000)
  region size 2048K, 13 young (26624K), 2 survivors (4096K)
 Metaspace       used 45503K, committed 46656K, reserved 1114112K
  class space    used 4690K, committed 5184K, reserved 1048576K
}
Event: 11.484 GC heap after
{Heap after GC invocations=14 (full 0):
 garbage-first heap   total 51200K, used 21652K [0x00000006c5800000, 0x00000007c0000000)
  region size 2048K, 2 young (4096K), 2 survivors (4096K)
 Metaspace       used 45503K, committed 46656K, reserved 1114112K
  class space    used 4690K, committed 5184K, reserved 1048576K
}
Event: 11.832 GC heap before
{Heap before GC invocations=14 (full 0):
 garbage-first heap   total 51200K, used 42132K [0x00000006c5800000, 0x00000007c0000000)
  region size 2048K, 13 young (26624K), 2 survivors (4096K)
 Metaspace       used 47289K, committed 48384K, reserved 1114112K
  class space    used 4898K, committed 5376K, reserved 1048576K
}
Event: 11.836 GC heap after
{Heap after GC invocations=15 (full 0):
 garbage-first heap   total 51200K, used 23067K [0x00000006c5800000, 0x00000007c0000000)
  region size 2048K, 2 young (4096K), 2 survivors (4096K)
 Metaspace       used 47289K, committed 48384K, reserved 1114112K
  class space    used 4898K, committed 5376K, reserved 1048576K
}
Event: 12.487 GC heap before
{Heap before GC invocations=15 (full 0):
 garbage-first heap   total 51200K, used 41499K [0x00000006c5800000, 0x00000007c0000000)
  region size 2048K, 12 young (24576K), 2 survivors (4096K)
 Metaspace       used 49130K, committed 50240K, reserved 1114112K
  class space    used 5140K, committed 5632K, reserved 1048576K
}
Event: 12.492 GC heap after
{Heap after GC invocations=16 (full 0):
 garbage-first heap   total 155648K, used 23199K [0x00000006c5800000, 0x00000007c0000000)
  region size 2048K, 1 young (2048K), 1 survivors (2048K)
 Metaspace       used 49130K, committed 50240K, reserved 1114112K
  class space    used 5140K, committed 5632K, reserved 1048576K
}
Event: 18.541 GC heap before
{Heap before GC invocations=16 (full 0):
 garbage-first heap   total 155648K, used 113311K [0x00000006c5800000, 0x00000007c0000000)
  region size 2048K, 45 young (92160K), 1 survivors (2048K)
 Metaspace       used 56395K, committed 57536K, reserved 1114112K
  class space    used 6007K, committed 6464K, reserved 1048576K
}
Event: 18.551 GC heap after
{Heap after GC invocations=17 (full 0):
 garbage-first heap   total 155648K, used 26869K [0x00000006c5800000, 0x00000007c0000000)
  region size 2048K, 3 young (6144K), 3 survivors (6144K)
 Metaspace       used 56395K, committed 57536K, reserved 1114112K
  class space    used 6007K, committed 6464K, reserved 1048576K
}
Event: 20.936 GC heap before
{Heap before GC invocations=17 (full 0):
 garbage-first heap   total 155648K, used 110837K [0x00000006c5800000, 0x00000007c0000000)
  region size 2048K, 45 young (92160K), 3 survivors (6144K)
 Metaspace       used 57880K, committed 59008K, reserved 1114112K
  class space    used 6141K, committed 6592K, reserved 1048576K
}
Event: 20.959 GC heap after
{Heap after GC invocations=18 (full 0):
 garbage-first heap   total 155648K, used 41475K [0x00000006c5800000, 0x00000007c0000000)
  region size 2048K, 6 young (12288K), 6 survivors (12288K)
 Metaspace       used 57880K, committed 59008K, reserved 1114112K
  class space    used 6141K, committed 6592K, reserved 1048576K
}
Event: 21.698 GC heap before
{Heap before GC invocations=18 (full 0):
 garbage-first heap   total 155648K, used 51715K [0x00000006c5800000, 0x00000007c0000000)
  region size 2048K, 12 young (24576K), 6 survivors (12288K)
 Metaspace       used 59299K, committed 60416K, reserved 1114112K
  class space    used 6293K, committed 6784K, reserved 1048576K
}
Event: 21.714 GC heap after
{Heap after GC invocations=19 (full 0):
 garbage-first heap   total 155648K, used 44397K [0x00000006c5800000, 0x00000007c0000000)
  region size 2048K, 2 young (4096K), 2 survivors (4096K)
 Metaspace       used 59299K, committed 60416K, reserved 1114112K
  class space    used 6293K, committed 6784K, reserved 1048576K
}
Event: 25.446 GC heap before
{Heap before GC invocations=20 (full 0):
 garbage-first heap   total 155648K, used 120173K [0x00000006c5800000, 0x00000007c0000000)
  region size 2048K, 40 young (81920K), 2 survivors (4096K)
 Metaspace       used 63045K, committed 64192K, reserved 1114112K
  class space    used 6634K, committed 7104K, reserved 1048576K
}
Event: 25.449 GC heap after
{Heap after GC invocations=21 (full 0):
 garbage-first heap   total 155648K, used 43937K [0x00000006c5800000, 0x00000007c0000000)
  region size 2048K, 1 young (2048K), 1 survivors (2048K)
 Metaspace       used 63045K, committed 64192K, reserved 1114112K
  class space    used 6634K, committed 7104K, reserved 1048576K
}
Event: 26.679 GC heap before
{Heap before GC invocations=21 (full 0):
 garbage-first heap   total 155648K, used 66465K [0x00000006c5800000, 0x00000007c0000000)
  region size 2048K, 14 young (28672K), 1 survivors (2048K)
 Metaspace       used 65662K, committed 66944K, reserved 1114112K
  class space    used 6928K, committed 7488K, reserved 1048576K
}
Event: 26.686 GC heap after
{Heap after GC invocations=22 (full 0):
 garbage-first heap   total 155648K, used 44420K [0x00000006c5800000, 0x00000007c0000000)
  region size 2048K, 2 young (4096K), 2 survivors (4096K)
 Metaspace       used 65662K, committed 66944K, reserved 1114112K
  class space    used 6928K, committed 7488K, reserved 1048576K
}

Dll operation events (20 events):
Event: 0.014 Attempting to load shared library c:\Users\PRASHANT\.vscode\extensions\redhat.java-1.56.0-win32-x64\jre\21.0.12.1-win32-x86_64\bin\java.dll
Event: 0.014 Loaded shared library c:\Users\PRASHANT\.vscode\extensions\redhat.java-1.56.0-win32-x64\jre\21.0.12.1-win32-x86_64\bin\java.dll
Event: 0.021 Attempting to load shared library c:\Users\PRASHANT\.vscode\extensions\redhat.java-1.56.0-win32-x64\jre\21.0.12.1-win32-x86_64\bin\zip.dll
Event: 0.022 Loaded shared library c:\Users\PRASHANT\.vscode\extensions\redhat.java-1.56.0-win32-x64\jre\21.0.12.1-win32-x86_64\bin\zip.dll
Event: 0.201 Attempting to load shared library C:\Users\PRASHANT\.vscode\extensions\redhat.java-1.56.0-win32-x64\jre\21.0.12.1-win32-x86_64\bin\instrument.dll
Event: 0.201 Loaded shared library C:\Users\PRASHANT\.vscode\extensions\redhat.java-1.56.0-win32-x64\jre\21.0.12.1-win32-x86_64\bin\instrument.dll
Event: 0.217 Attempting to load shared library C:\Users\PRASHANT\.vscode\extensions\redhat.java-1.56.0-win32-x64\jre\21.0.12.1-win32-x86_64\bin\net.dll
Event: 0.219 Loaded shared library C:\Users\PRASHANT\.vscode\extensions\redhat.java-1.56.0-win32-x64\jre\21.0.12.1-win32-x86_64\bin\net.dll
Event: 0.222 Attempting to load shared library C:\Users\PRASHANT\.vscode\extensions\redhat.java-1.56.0-win32-x64\jre\21.0.12.1-win32-x86_64\bin\nio.dll
Event: 0.222 Loaded shared library C:\Users\PRASHANT\.vscode\extensions\redhat.java-1.56.0-win32-x64\jre\21.0.12.1-win32-x86_64\bin\nio.dll
Event: 0.234 Attempting to load shared library C:\Users\PRASHANT\.vscode\extensions\redhat.java-1.56.0-win32-x64\jre\21.0.12.1-win32-x86_64\bin\zip.dll
Event: 0.234 Loaded shared library C:\Users\PRASHANT\.vscode\extensions\redhat.java-1.56.0-win32-x64\jre\21.0.12.1-win32-x86_64\bin\zip.dll
Event: 0.277 Attempting to load shared library C:\Users\PRASHANT\.vscode\extensions\redhat.java-1.56.0-win32-x64\jre\21.0.12.1-win32-x86_64\bin\jimage.dll
Event: 0.277 Loaded shared library C:\Users\PRASHANT\.vscode\extensions\redhat.java-1.56.0-win32-x64\jre\21.0.12.1-win32-x86_64\bin\jimage.dll
Event: 0.396 Attempting to load shared library c:\Users\PRASHANT\.vscode\extensions\redhat.java-1.56.0-win32-x64\jre\21.0.12.1-win32-x86_64\bin\verify.dll
Event: 0.396 Loaded shared library c:\Users\PRASHANT\.vscode\extensions\redhat.java-1.56.0-win32-x64\jre\21.0.12.1-win32-x86_64\bin\verify.dll
Event: 2.578 Attempting to load shared library C:\Users\PRASHANT\AppData\Roaming\Code\User\globalStorage\redhat.java\1.56.0\config_win\org.eclipse.equinox.launcher\org.eclipse.equinox.launcher.win32.win32.x86_64_1.3.100.v20260804-1928\eclipse_11924.dll
Event: 2.580 Loaded shared library C:\Users\PRASHANT\AppData\Roaming\Code\User\globalStorage\redhat.java\1.56.0\config_win\org.eclipse.equinox.launcher\org.eclipse.equinox.launcher.win32.win32.x86_64_1.3.100.v20260804-1928\eclipse_11924.dll
Event: 7.767 Attempting to load shared library C:\Users\PRASHANT\AppData\Local\Temp\jna--608479181\jna11034746259329757420.dll
Event: 8.004 Loaded shared library C:\Users\PRASHANT\AppData\Local\Temp\jna--608479181\jna11034746259329757420.dll

Deoptimization events (20 events):
Event: 25.284 Thread 0x0000022b38605270 DEOPT PACKING pc=0x0000022b1d130286 sp=0x00000051f6dfe3c0
Event: 25.284 Thread 0x0000022b38605270 DEOPT UNPACKING pc=0x0000022b23a44b42 sp=0x00000051f6dfd940 mode 0
Event: 25.770 Thread 0x0000022b3abe2d20 DEOPT PACKING pc=0x0000022b1d1dfdf3 sp=0x00000051f74fd560
Event: 25.770 Thread 0x0000022b3abe2d20 DEOPT UNPACKING pc=0x0000022b23a44b42 sp=0x00000051f74fca48 mode 0
Event: 25.831 Thread 0x0000022b3abe2d20 DEOPT PACKING pc=0x0000022b1ccbc4ff sp=0x00000051f74fbc50
Event: 25.831 Thread 0x0000022b3abe2d20 DEOPT UNPACKING pc=0x0000022b23a44b42 sp=0x00000051f74fb1e8 mode 0
Event: 25.832 Thread 0x0000022b3abe2d20 Uncommon trap: trap_request=0xffffffcc fr.pc=0x0000022b243da91c relative=0x000000000000313c
Event: 25.832 Thread 0x0000022b3abe2d20 Uncommon trap: reason=intrinsic_or_type_checked_inlining action=make_not_entrant pc=0x0000022b243da91c method=java.util.ArrayList$SubList.toArray([Ljava/lang/Object;)[Ljava/lang/Object; @ 58 c2
Event: 25.833 Thread 0x0000022b3abe2d20 DEOPT PACKING pc=0x0000022b243da91c sp=0x00000051f74fb880
Event: 25.833 Thread 0x0000022b3abe2d20 DEOPT UNPACKING pc=0x0000022b23a443a2 sp=0x00000051f74fb650 mode 2
Event: 25.834 Thread 0x0000022b3abe2d20 Uncommon trap: trap_request=0xffffffcc fr.pc=0x0000022b2440d478 relative=0x0000000000001d38
Event: 25.834 Thread 0x0000022b3abe2d20 Uncommon trap: reason=intrinsic_or_type_checked_inlining action=make_not_entrant pc=0x0000022b2440d478 method=java.util.ArrayList$SubList.toArray([Ljava/lang/Object;)[Ljava/lang/Object; @ 58 c2
Event: 25.834 Thread 0x0000022b3abe2d20 DEOPT PACKING pc=0x0000022b2440d478 sp=0x00000051f74fba30
Event: 25.834 Thread 0x0000022b3abe2d20 DEOPT UNPACKING pc=0x0000022b23a443a2 sp=0x00000051f74fb968 mode 2
Event: 26.264 Thread 0x0000022b3abe2d20 DEOPT PACKING pc=0x0000022b1ca7b231 sp=0x00000051f74f9210
Event: 26.264 Thread 0x0000022b3abe2d20 DEOPT UNPACKING pc=0x0000022b23a44b42 sp=0x00000051f74f8710 mode 0
Event: 26.520 Thread 0x0000022b3abe2d20 DEOPT PACKING pc=0x0000022b1d209970 sp=0x00000051f74fd120
Event: 26.520 Thread 0x0000022b3abe2d20 DEOPT UNPACKING pc=0x0000022b23a44b42 sp=0x00000051f74fc630 mode 0
Event: 26.520 Thread 0x0000022b3abe2d20 DEOPT PACKING pc=0x0000022b1d1dfdf3 sp=0x00000051f74fd160
Event: 26.520 Thread 0x0000022b3abe2d20 DEOPT UNPACKING pc=0x0000022b23a44b42 sp=0x00000051f74fc648 mode 0

Classes loaded (20 events):
Event: 25.589 Loading class java/util/stream/Node$Builder$OfInt done
Event: 25.589 Loading class java/util/stream/Nodes$IntArrayNode
Event: 25.589 Loading class java/util/stream/Nodes$IntArrayNode done
Event: 25.589 Loading class java/util/stream/Nodes$IntFixedNodeBuilder done
Event: 25.590 Loading class java/util/stream/ReferencePipeline$4$1
Event: 25.590 Loading class java/util/stream/ReferencePipeline$4$1 done
Event: 25.826 Loading class java/util/Collections$SynchronizedRandomAccessList
Event: 25.826 Loading class java/util/Collections$SynchronizedList
Event: 25.826 Loading class java/util/Collections$SynchronizedList done
Event: 25.826 Loading class java/util/Collections$SynchronizedRandomAccessList done
Event: 25.914 Loading class java/util/concurrent/CompletableFuture$Signaller
Event: 25.915 Loading class java/util/concurrent/CompletableFuture$Signaller done
Event: 26.092 Loading class java/util/Hashtable$ValueCollection
Event: 26.093 Loading class java/util/Hashtable$ValueCollection done
Event: 26.375 Loading class java/nio/charset/CharacterCodingException
Event: 26.375 Loading class java/nio/charset/CharacterCodingException done
Event: 26.375 Loading class java/io/SequenceInputStream
Event: 26.375 Loading class java/io/SequenceInputStream done
Event: 26.477 Loading class java/util/WeakHashMap$KeyIterator
Event: 26.477 Loading class java/util/WeakHashMap$KeyIterator done

Classes unloaded (13 events):
Event: 9.677 Thread 0x0000022b33576190 Unloading class 0x00000007c0292c00 'java/lang/invoke/LambdaForm$MH+0x00000007c0292c00'
Event: 9.677 Thread 0x0000022b33576190 Unloading class 0x00000007c0292800 'java/lang/invoke/LambdaForm$MH+0x00000007c0292800'
Event: 9.677 Thread 0x0000022b33576190 Unloading class 0x00000007c0292400 'java/lang/invoke/LambdaForm$MH+0x00000007c0292400'
Event: 9.677 Thread 0x0000022b33576190 Unloading class 0x00000007c0292000 'java/lang/invoke/LambdaForm$MH+0x00000007c0292000'
Event: 9.677 Thread 0x0000022b33576190 Unloading class 0x00000007c0291c00 'java/lang/invoke/LambdaForm$BMH+0x00000007c0291c00'
Event: 9.677 Thread 0x0000022b33576190 Unloading class 0x00000007c0291800 'java/lang/invoke/LambdaForm$DMH+0x00000007c0291800'
Event: 9.677 Thread 0x0000022b33576190 Unloading class 0x00000007c0290400 'java/lang/invoke/LambdaForm$DMH+0x00000007c0290400'
Event: 21.767 Thread 0x0000022b33576190 Unloading class 0x00000007c041b800 'java/lang/invoke/LambdaForm$MH+0x00000007c041b800'
Event: 21.767 Thread 0x0000022b33576190 Unloading class 0x00000007c041b000 'java/lang/invoke/LambdaForm$MH+0x00000007c041b000'
Event: 21.767 Thread 0x0000022b33576190 Unloading class 0x00000007c041a400 'java/lang/invoke/LambdaForm$MH+0x00000007c041a400'
Event: 21.767 Thread 0x0000022b33576190 Unloading class 0x00000007c0419c00 'java/lang/invoke/LambdaForm$MH+0x00000007c0419c00'
Event: 21.767 Thread 0x0000022b33576190 Unloading class 0x00000007c0419800 'java/lang/invoke/LambdaForm$DMH+0x00000007c0419800'
Event: 21.767 Thread 0x0000022b33576190 Unloading class 0x00000007c0418c00 'java/lang/invoke/LambdaForm$MH+0x00000007c0418c00'

Classes redefined (0 events):
No events

Internal exceptions (20 events):
Event: 18.104 Thread 0x0000022b38605270 Exception <a 'sun/nio/fs/WindowsException'{0x00000006c9bde350}> (0x00000006c9bde350) 
thrown [s\src\hotspot\share\prims\jni.cpp, line 520]
Event: 18.105 Thread 0x0000022b38605270 Exception <a 'sun/nio/fs/WindowsException'{0x00000006c9be22e0}> (0x00000006c9be22e0) 
thrown [s\src\hotspot\share\prims\jni.cpp, line 520]
Event: 18.107 Thread 0x0000022b38605270 Exception <a 'sun/nio/fs/WindowsException'{0x00000006c9be6488}> (0x00000006c9be6488) 
thrown [s\src\hotspot\share\prims\jni.cpp, line 520]
Event: 18.109 Thread 0x0000022b38605270 Exception <a 'sun/nio/fs/WindowsException'{0x00000006c9bec0e0}> (0x00000006c9bec0e0) 
thrown [s\src\hotspot\share\prims\jni.cpp, line 520]
Event: 18.111 Thread 0x0000022b38605270 Exception <a 'sun/nio/fs/WindowsException'{0x00000006c9bf3278}> (0x00000006c9bf3278) 
thrown [s\src\hotspot\share\prims\jni.cpp, line 520]
Event: 18.112 Thread 0x0000022b38605270 Exception <a 'sun/nio/fs/WindowsException'{0x00000006c9bf7da0}> (0x00000006c9bf7da0) 
thrown [s\src\hotspot\share\prims\jni.cpp, line 520]
Event: 18.114 Thread 0x0000022b38605270 Exception <a 'sun/nio/fs/WindowsException'{0x00000006c9bfe5b8}> (0x00000006c9bfe5b8) 
thrown [s\src\hotspot\share\prims\jni.cpp, line 520]
Event: 18.117 Thread 0x0000022b38605270 Exception <a 'sun/nio/fs/WindowsException'{0x00000006c9803100}> (0x00000006c9803100) 
thrown [s\src\hotspot\share\prims\jni.cpp, line 520]
Event: 18.118 Thread 0x0000022b38605270 Exception <a 'sun/nio/fs/WindowsException'{0x00000006c9806290}> (0x00000006c9806290) 
thrown [s\src\hotspot\share\prims\jni.cpp, line 520]
Event: 18.120 Thread 0x0000022b38605270 Exception <a 'sun/nio/fs/WindowsException'{0x00000006c980ae70}> (0x00000006c980ae70) 
thrown [s\src\hotspot\share\prims\jni.cpp, line 520]
Event: 18.237 Thread 0x0000022b38605270 Implicit null exception at 0x0000022b24202777 to 0x0000022b242029e8
Event: 18.239 Thread 0x0000022b38605270 Exception <a 'java/lang/NoSuchMethodError'{0x00000006c960bde8}: 'java.lang.Object java.lang.invoke.DelegatingMethodHandle$Holder.reinvoke_L(java.lang.Object, int, long, java.lang.Object, java.lang.Object, int, java.lang.Object)'> (0x00000006c960bde8) 
thrown [s\src\hotspot\share\interpreter\linkResolver.cpp, line 773]
Event: 18.625 Thread 0x0000022b38605270 Exception <a 'java/lang/NoSuchMethodError'{0x00000006d534c838}: 'java.lang.Object java.lang.invoke.Invokers$Holder.invoke_MT(java.lang.Object, java.lang.Object, java.lang.Object, java.lang.Object, java.lang.Object, java.lang.Object, java.lang.Object, java.lang.Object, java.lang.Object, java.lang.Object)'> (0x00000006d534c838) 
thrown [s\src\hotspot\share\interpreter\linkResolver.cpp, line 773]
Event: 20.996 Thread 0x0000022b38605270 Exception <a 'java/lang/NoSuchMethodError'{0x00000006d52e92d0}: 'int java.lang.invoke.Invokers$Holder.invokeExact_MT(java.lang.Object, java.lang.Object)'> (0x00000006d52e92d0) 
thrown [s\src\hotspot\share\interpreter\linkResolver.cpp, line 773]
Event: 26.442 Thread 0x0000022b3abe2d20 Exception <a 'java/io/FileNotFoundException'{0x00000006cd65e0e8}> (0x00000006cd65e0e8) 
thrown [s\src\hotspot\share\prims\jni.cpp, line 520]
Event: 26.444 Thread 0x0000022b3abe2d20 Exception <a 'java/io/FileNotFoundException'{0x00000006cd65f118}> (0x00000006cd65f118) 
thrown [s\src\hotspot\share\prims\jni.cpp, line 520]
Event: 26.561 Thread 0x0000022b3abe2d20 Exception <a 'java/lang/IncompatibleClassChangeError'{0x00000006cd4228e8}: Found class java.lang.Object, but interface was expected> (0x00000006cd4228e8) 
thrown [s\src\hotspot\share\interpreter\linkResolver.cpp, line 840]
Event: 26.633 Thread 0x0000022b386031a0 Exception <a 'java/io/FileNotFoundException'{0x00000006cd5ebd98}> (0x00000006cd5ebd98) 
thrown [s\src\hotspot\share\prims\jni.cpp, line 520]
Event: 26.634 Thread 0x0000022b386031a0 Exception <a 'java/io/FileNotFoundException'{0x00000006cd5ecdb0}> (0x00000006cd5ecdb0) 
thrown [s\src\hotspot\share\prims\jni.cpp, line 520]
Event: 26.635 Thread 0x0000022b386031a0 Exception <a 'java/io/FileNotFoundException'{0x00000006cd5edb28}> (0x00000006cd5edb28) 
thrown [s\src\hotspot\share\prims\jni.cpp, line 520]

ZGC Phase Switch (0 events):
No events

VM Operations (20 events):
Event: 21.821 Executing safepoint VM operation: G1PauseCleanup done
Event: 22.827 Executing safepoint VM operation: Cleanup
Event: 22.827 Executing safepoint VM operation: Cleanup done
Event: 23.834 Executing safepoint VM operation: Cleanup
Event: 23.835 Executing safepoint VM operation: Cleanup done
Event: 24.847 Executing safepoint VM operation: Cleanup
Event: 24.879 Executing safepoint VM operation: Cleanup done
Event: 25.446 Executing safepoint VM operation: G1CollectForAllocation (G1 Evacuation Pause)
Event: 25.449 Executing safepoint VM operation: G1CollectForAllocation (G1 Evacuation Pause) done
Event: 25.801 Executing non-safepoint VM operation: HandshakeAllThreads (Deoptimize)
Event: 25.805 Executing non-safepoint VM operation: HandshakeAllThreads (Deoptimize) done
Event: 25.809 Executing non-safepoint VM operation: HandshakeAllThreads (Deoptimize)
Event: 25.812 Executing non-safepoint VM operation: HandshakeAllThreads (Deoptimize) done
Event: 25.888 Executing non-safepoint VM operation: HandshakeAllThreads (Deoptimize)
Event: 25.894 Executing non-safepoint VM operation: HandshakeAllThreads (Deoptimize) done
Event: 26.074 Executing non-safepoint VM operation: HandshakeAllThreads (Deoptimize)
Event: 26.074 Executing non-safepoint VM operation: HandshakeAllThreads (Deoptimize) done
Event: 26.658 Executing safepoint VM operation: ICBufferFull
Event: 26.658 Executing safepoint VM operation: ICBufferFull done
Event: 26.672 Executing safepoint VM operation: G1CollectForAllocation (G1 Humongous Allocation)

Memory protections (0 events):
No events

Nmethod flushes (20 events):
Event: 21.789 Thread 0x0000022b33576190 flushing  nmethod 0x0000022b1c887310
Event: 21.789 Thread 0x0000022b33576190 flushing  nmethod 0x0000022b1c88c590
Event: 21.789 Thread 0x0000022b33576190 flushing  nmethod 0x0000022b1c8b9190
Event: 21.789 Thread 0x0000022b33576190 flushing  nmethod 0x0000022b1c986810
Event: 21.789 Thread 0x0000022b33576190 flushing  nmethod 0x0000022b1c987510
Event: 21.789 Thread 0x0000022b33576190 flushing  nmethod 0x0000022b1c98ef10
Event: 21.789 Thread 0x0000022b33576190 flushing  nmethod 0x0000022b1cc6b310
Event: 21.789 Thread 0x0000022b33576190 flushing  nmethod 0x0000022b1cc6c010
Event: 21.789 Thread 0x0000022b33576190 flushing  nmethod 0x0000022b1cc6c410
Event: 21.789 Thread 0x0000022b33576190 flushing  nmethod 0x0000022b1cc82c10
Event: 21.789 Thread 0x0000022b33576190 flushing  nmethod 0x0000022b1c674410
Event: 21.789 Thread 0x0000022b33576190 flushing  nmethod 0x0000022b1c674890
Event: 21.789 Thread 0x0000022b33576190 flushing  nmethod 0x0000022b1c678210
Event: 21.789 Thread 0x0000022b33576190 flushing  nmethod 0x0000022b1c67a810
Event: 21.789 Thread 0x0000022b33576190 flushing  nmethod 0x0000022b1c72aa90
Event: 21.789 Thread 0x0000022b33576190 flushing  nmethod 0x0000022b1c959a90
Event: 21.789 Thread 0x0000022b33576190 flushing  nmethod 0x0000022b1c9f7090
Event: 21.789 Thread 0x0000022b33576190 flushing  nmethod 0x0000022b1caf8990
Event: 21.789 Thread 0x0000022b33576190 flushing  nmethod 0x0000022b1cb54410
Event: 21.789 Thread 0x0000022b33576190 flushing  nmethod 0x0000022b1cbebc10

Events (20 events):
Event: 10.715 Thread 0x0000022b38605270 Thread added: 0x0000022b386031a0
Event: 10.832 Thread 0x0000022b386031a0 Thread added: 0x0000022b38603830
Event: 10.954 Thread 0x0000022b192bd800 Thread added: 0x0000022b3abe0c50
Event: 11.534 Thread 0x0000022b192bd800 Thread added: 0x0000022b3abe2690
Event: 11.534 Thread 0x0000022b192bd800 Thread added: 0x0000022b3abe2d20
Event: 13.200 Thread 0x0000022b380b8f10 Thread exited: 0x0000022b380b8f10
Event: 13.844 Thread 0x0000022b335e8270 Thread added: 0x0000022b3af9daa0
Event: 14.719 Thread 0x0000022b38602b10 Thread added: 0x0000022b3abe05c0
Event: 14.720 Thread 0x0000022b3abe05c0 Thread added: 0x0000022b3abe1970
Event: 14.721 Thread 0x0000022b3abe1970 Thread added: 0x0000022b3abe40d0
Event: 15.246 Thread 0x0000022b38605270 Thread added: 0x0000022b3abe4760
Event: 16.988 Thread 0x0000022b3af9daa0 Thread exited: 0x0000022b3af9daa0
Event: 17.264 Thread 0x0000022b3a5e96d0 Thread exited: 0x0000022b3a5e96d0
Event: 18.286 Thread 0x0000022b335e8270 Thread added: 0x0000022b3c7a3620
Event: 18.904 Thread 0x0000022b335e8270 Thread added: 0x0000022b3a37c610
Event: 21.317 Thread 0x0000022b3a37c610 Thread exited: 0x0000022b3a37c610
Event: 21.956 Thread 0x0000022b3c7a3620 Thread exited: 0x0000022b3c7a3620
Event: 23.926 Thread 0x0000022b335e8270 Thread added: 0x0000022b38abc870
Event: 24.109 Thread 0x0000022b335e8270 Thread added: 0x0000022b38abc1a0
Event: 25.697 Thread 0x0000022b3abe4760 Thread exited: 0x0000022b3abe4760


Dynamic libraries:
0x00007ff666e10000 - 0x00007ff666e1e000 	c:\Users\PRASHANT\.vscode\extensions\redhat.java-1.56.0-win32-x64\jre\21.0.12.1-win32-x86_64\bin\java.exe
0x00007ffee4fe0000 - 0x00007ffee5247000 	C:\WINDOWS\SYSTEM32\ntdll.dll
0x00007ffee49e0000 - 0x00007ffee4aab000 	C:\WINDOWS\System32\KERNEL32.DLL
0x00007ffee21e0000 - 0x00007ffee25e1000 	C:\WINDOWS\System32\KERNELBASE.dll
0x00007ffee2770000 - 0x00007ffee28bc000 	C:\WINDOWS\System32\ucrtbase.dll
0x00007ffec8840000 - 0x00007ffec885e000 	c:\Users\PRASHANT\.vscode\extensions\redhat.java-1.56.0-win32-x64\jre\21.0.12.1-win32-x86_64\bin\VCRUNTIME140.dll
0x00007ffecc9f0000 - 0x00007ffecca08000 	c:\Users\PRASHANT\.vscode\extensions\redhat.java-1.56.0-win32-x64\jre\21.0.12.1-win32-x86_64\bin\jli.dll
0x00007ffee4800000 - 0x00007ffee49d7000 	C:\WINDOWS\System32\USER32.dll
0x00007ffee26b0000 - 0x00007ffee26d7000 	C:\WINDOWS\System32\win32u.dll
0x00007ffee4060000 - 0x00007ffee408b000 	C:\WINDOWS\System32\GDI32.dll
0x00007ffebf8c0000 - 0x00007ffebfb50000 	C:\WINDOWS\WinSxS\amd64_microsoft.windows.common-controls_6595b64144ccf1df_6.0.26100.9549_none_3e0a0396e3330090\COMCTL32.dll
0x00007ffee2bd0000 - 0x00007ffee2cf8000 	C:\WINDOWS\System32\gdi32full.dll
0x00007ffee39b0000 - 0x00007ffee3a59000 	C:\WINDOWS\System32\msvcrt.dll
0x00007ffee2b20000 - 0x00007ffee2bc3000 	C:\WINDOWS\System32\msvcp_win.dll
0x00007ffee42c0000 - 0x00007ffee42f1000 	C:\WINDOWS\System32\IMM32.DLL
0x00007ffed3060000 - 0x00007ffed306c000 	c:\Users\PRASHANT\.vscode\extensions\redhat.java-1.56.0-win32-x64\jre\21.0.12.1-win32-x86_64\bin\vcruntime140_1.dll
0x00007ffe68fb0000 - 0x00007ffe6903d000 	c:\Users\PRASHANT\.vscode\extensions\redhat.java-1.56.0-win32-x64\jre\21.0.12.1-win32-x86_64\bin\msvcp140.dll
0x00007ffdf8d60000 - 0x00007ffdf9b02000 	c:\Users\PRASHANT\.vscode\extensions\redhat.java-1.56.0-win32-x64\jre\21.0.12.1-win32-x86_64\bin\server\jvm.dll
0x00007ffee2d90000 - 0x00007ffee2e4b000 	C:\WINDOWS\System32\ADVAPI32.dll
0x00007ffee2e80000 - 0x00007ffee2f28000 	C:\WINDOWS\System32\sechost.dll
0x00007ffee3890000 - 0x00007ffee39a8000 	C:\WINDOWS\System32\RPCRT4.dll
0x00007ffee3800000 - 0x00007ffee3881000 	C:\WINDOWS\System32\WS2_32.dll
0x00007ffee18c0000 - 0x00007ffee191e000 	C:\WINDOWS\SYSTEM32\POWRPROF.dll
0x00007ffed7e10000 - 0x00007ffed7e1b000 	C:\WINDOWS\SYSTEM32\VERSION.dll
0x00007ffed0550000 - 0x00007ffed0587000 	C:\WINDOWS\SYSTEM32\WINMM.dll
0x00007ffee1860000 - 0x00007ffee1875000 	C:\WINDOWS\SYSTEM32\UMPDC.dll
0x00007ffee0e80000 - 0x00007ffee0e9b000 	C:\WINDOWS\SYSTEM32\kernel.appcore.dll
0x00007ffecc7c0000 - 0x00007ffecc7ca000 	c:\Users\PRASHANT\.vscode\extensions\redhat.java-1.56.0-win32-x64\jre\21.0.12.1-win32-x86_64\bin\jimage.dll
0x00007ffedf710000 - 0x00007ffedf95c000 	C:\WINDOWS\SYSTEM32\DBGHELP.DLL
0x00007ffee4470000 - 0x00007ffee47fa000 	C:\WINDOWS\System32\combase.dll
0x00007ffee3f80000 - 0x00007ffee4059000 	C:\WINDOWS\System32\OLEAUT32.dll
0x00007ffebf330000 - 0x00007ffebf36b000 	C:\WINDOWS\SYSTEM32\dbgcore.DLL
0x00007ffee2a60000 - 0x00007ffee2b0c000 	C:\WINDOWS\System32\bcryptPrimitives.dll
0x00007ffecc710000 - 0x00007ffecc71f000 	c:\Users\PRASHANT\.vscode\extensions\redhat.java-1.56.0-win32-x64\jre\21.0.12.1-win32-x86_64\bin\instrument.dll
0x00007ffec7d80000 - 0x00007ffec7da0000 	c:\Users\PRASHANT\.vscode\extensions\redhat.java-1.56.0-win32-x64\jre\21.0.12.1-win32-x86_64\bin\java.dll
0x00007ffec7c40000 - 0x00007ffec7c58000 	c:\Users\PRASHANT\.vscode\extensions\redhat.java-1.56.0-win32-x64\jre\21.0.12.1-win32-x86_64\bin\zip.dll
0x00007ffee3040000 - 0x00007ffee37dc000 	C:\WINDOWS\System32\SHELL32.dll
0x00007ffedfbf0000 - 0x00007ffee049d000 	C:\WINDOWS\SYSTEM32\windows.storage.dll
0x00007ffee2f30000 - 0x00007ffee3029000 	C:\WINDOWS\System32\SHCORE.dll
0x00007ffee4d50000 - 0x00007ffee4db6000 	C:\WINDOWS\System32\shlwapi.dll
0x00007ffee20f0000 - 0x00007ffee2119000 	C:\WINDOWS\SYSTEM32\profapi.dll
0x00007ffec8890000 - 0x00007ffec88a0000 	C:\Users\PRASHANT\.vscode\extensions\redhat.java-1.56.0-win32-x64\jre\21.0.12.1-win32-x86_64\bin\net.dll
0x00007ffed9840000 - 0x00007ffed996a000 	C:\WINDOWS\SYSTEM32\WINHTTP.dll
0x00007ffee14b0000 - 0x00007ffee151c000 	C:\WINDOWS\system32\mswsock.dll
0x00007ffec5de0000 - 0x00007ffec5df6000 	C:\Users\PRASHANT\.vscode\extensions\redhat.java-1.56.0-win32-x64\jre\21.0.12.1-win32-x86_64\bin\nio.dll
0x00007ffec7d70000 - 0x00007ffec7d80000 	c:\Users\PRASHANT\.vscode\extensions\redhat.java-1.56.0-win32-x64\jre\21.0.12.1-win32-x86_64\bin\verify.dll
0x00007ffec4a70000 - 0x00007ffec4ab5000 	C:\Users\PRASHANT\AppData\Roaming\Code\User\globalStorage\redhat.java\1.56.0\config_win\org.eclipse.equinox.launcher\org.eclipse.equinox.launcher.win32.win32.x86_64_1.3.100.v20260804-1928\eclipse_11924.dll
0x00007ffee40d0000 - 0x00007ffee426a000 	C:\WINDOWS\System32\ole32.dll
0x00007ffee17c0000 - 0x00007ffee17db000 	C:\WINDOWS\SYSTEM32\CRYPTSP.dll
0x00007ffee0de0000 - 0x00007ffee0e19000 	C:\WINDOWS\system32\rsaenh.dll
0x00007ffee1560000 - 0x00007ffee1594000 	C:\WINDOWS\SYSTEM32\USERENV.dll
0x00007ffee20c0000 - 0x00007ffee20ea000 	C:\WINDOWS\SYSTEM32\bcrypt.dll
0x00007ffee17e0000 - 0x00007ffee17ec000 	C:\WINDOWS\SYSTEM32\CRYPTBASE.dll
0x00007ffee08c0000 - 0x00007ffee08f3000 	C:\WINDOWS\SYSTEM32\IPHLPAPI.DLL
0x00007ffee3030000 - 0x00007ffee303a000 	C:\WINDOWS\System32\NSI.dll
0x00007ffe6fc20000 - 0x00007ffe6fc69000 	C:\Users\PRASHANT\AppData\Local\Temp\jna--608479181\jna11034746259329757420.dll
0x00007ffee40c0000 - 0x00007ffee40c8000 	C:\WINDOWS\System32\PSAPI.DLL
0x00007ffed99a0000 - 0x00007ffed99be000 	C:\WINDOWS\SYSTEM32\dhcpcsvc6.DLL
0x00007ffed9970000 - 0x00007ffed9995000 	C:\WINDOWS\SYSTEM32\dhcpcsvc.DLL

JVMTI agents:
c:\Users\PRASHANT\.vscode\extensions\redhat.java-1.56.0-win32-x64\lombok\lombok-1.18.39-4050.jar path:c:\Users\PRASHANT\.vscode\extensions\redhat.java-1.56.0-win32-x64\jre\21.0.12.1-win32-x86_64\bin\instrument.dll, loaded, initialized, instrumentlib options:none

dbghelp: loaded successfully - version: 4.0.5 - missing functions: none
symbol engine: initialized successfully - sym options: 0x614 - pdb path: .;c:\Users\PRASHANT\.vscode\extensions\redhat.java-1.56.0-win32-x64\jre\21.0.12.1-win32-x86_64\bin;C:\WINDOWS\SYSTEM32;C:\WINDOWS\WinSxS\amd64_microsoft.windows.common-controls_6595b64144ccf1df_6.0.26100.9549_none_3e0a0396e3330090;c:\Users\PRASHANT\.vscode\extensions\redhat.java-1.56.0-win32-x64\jre\21.0.12.1-win32-x86_64\bin\server;C:\Users\PRASHANT\AppData\Roaming\Code\User\globalStorage\redhat.java\1.56.0\config_win\org.eclipse.equinox.launcher\org.eclipse.equinox.launcher.win32.win32.x86_64_1.3.100.v20260804-1928;C:\Users\PRASHANT\AppData\Local\Temp\jna--608479181

VM Arguments:
jvm_args: --add-modules=ALL-SYSTEM --add-opens=java.base/java.util=ALL-UNNAMED --add-opens=java.base/java.lang=ALL-UNNAMED --add-opens=java.base/sun.nio.fs=ALL-UNNAMED -Declipse.application=org.eclipse.jdt.ls.core.id1 -Dosgi.bundles.defaultStartLevel=4 -Declipse.product=org.eclipse.jdt.ls.core.product -Djava.import.generatesMetadataFilesAtProjectRoot=false -Dm2e.project.cache.size=50 -DDetectVMInstallationsJob.disabled=true -Dfile.encoding=utf8 -Xlog:disable -Xshare:off -javaagent:c:\Users\PRASHANT\.vscode\extensions\redhat.java-1.56.0-win32-x64\lombok\lombok-1.18.39-4050.jar -XX:+HeapDumpOnOutOfMemoryError -XX:HeapDumpPath=c:\Users\PRASHANT\AppData\Roaming\Code\User\workspaceStorage\3ce9d61f8507f1e94ae1f52ef510885b\redhat.java -Daether.dependencyCollector.impl=bf 
java_command: c:\Users\PRASHANT\.vscode\extensions\redhat.java-1.56.0-win32-x64\server\plugins\org.eclipse.equinox.launcher_1.8.0.v20260804-1928.jar -configuration c:\Users\PRASHANT\AppData\Roaming\Code\User\globalStorage\redhat.java\1.56.0\config_win -data c:\Users\PRASHANT\AppData\Roaming\Code\User\workspaceStorage\3ce9d61f8507f1e94ae1f52ef510885b\redhat.java\jdt_ws --stdio
java_class_path (initial): c:\Users\PRASHANT\.vscode\extensions\redhat.java-1.56.0-win32-x64\server\plugins\org.eclipse.equinox.launcher_1.8.0.v20260804-1928.jar
Launcher Type: SUN_STANDARD

[Global flags]
     intx CICompilerCount                          = 4                                         {product} {ergonomic}
     uint ConcGCThreads                            = 3                                         {product} {ergonomic}
     uint G1ConcRefinementThreads                  = 10                                        {product} {ergonomic}
   size_t G1HeapRegionSize                         = 2097152                                   {product} {ergonomic}
    uintx GCDrainStackTargetSize                   = 64                                        {product} {ergonomic}
     bool HeapDumpOnOutOfMemoryError               = true                                   {manageable} {command line}
    ccstr HeapDumpPath                             = c:\Users\PRASHANT\AppData\Roaming\Code\User\workspaceStorage\3ce9d61f8507f1e94ae1f52ef510885b\redhat.java         {manageable} {command line}
   size_t InitialHeapSize                          = 264241152                                 {product} {ergonomic}
   size_t MarkStackSize                            = 4194304                                   {product} {ergonomic}
   size_t MaxHeapSize                              = 4202692608                                {product} {ergonomic}
   size_t MaxNewSize                               = 2520776704                                {product} {ergonomic}
   size_t MinHeapDeltaBytes                        = 2097152                                   {product} {ergonomic}
   size_t MinHeapSize                              = 8388608                                   {product} {ergonomic}
    uintx NonNMethodCodeHeapSize                   = 5839372                                {pd product} {ergonomic}
    uintx NonProfiledCodeHeapSize                  = 122909434                              {pd product} {ergonomic}
    uintx ProfiledCodeHeapSize                     = 122909434                              {pd product} {ergonomic}
    uintx ReservedCodeCacheSize                    = 251658240                              {pd product} {ergonomic}
     bool SegmentedCodeCache                       = true                                      {product} {ergonomic}
   size_t SoftMaxHeapSize                          = 4202692608                             {manageable} {ergonomic}
     bool UseCompressedOops                        = true                           {product lp64_product} {ergonomic}
     bool UseG1GC                                  = true                                      {product} {ergonomic}
     bool UseLargePagesIndividualAllocation        = false                                  {pd product} {ergonomic}

Logging:
Log output configuration:
 #0: stdout all=off uptime,level,tags foldmultilines=false
 #1: stderr all=off uptime,level,tags foldmultilines=false

Release file:
JAVA_VERSION="21.0.12.1" 
MODULES="java.base java.compiler java.datatransfer java.xml java.prefs java.desktop java.instrument java.logging java.management java.security.sasl java.naming java.rmi java.management.rmi java.net.http java.scripting java.security.jgss java.transaction.xa java.sql java.sql.rowset java.xml.crypto java.se java.smartcardio jdk.accessibility jdk.internal.jvmstat jdk.attach jdk.charsets jdk.internal.opt jdk.zipfs jdk.compiler jdk.crypto.ec jdk.crypto.cryptoki jdk.crypto.mscapi jdk.dynalink jdk.internal.ed jdk.editpad jdk.hotspot.agent jdk.httpserver jdk.internal.le jdk.internal.vm.ci jdk.internal.vm.compiler jdk.internal.vm.compiler.management jdk.jartool jdk.javadoc jdk.jcmd jdk.management jdk.management.agent jdk.jconsole jdk.jdeps jdk.jdwp.agent jdk.jdi jdk.jfr jdk.jshell jdk.jsobject jdk.jstatd jdk.localedata jdk.management.jfr jdk.naming.dns jdk.naming.rmi jdk.net jdk.nio.mapmode jdk.random jdk.sctp jdk.security.auth jdk.security.jgss jdk.unsupported jdk.unsupported.desktop jdk.xml.dom" 

Environment Variables:
PATH=C:\Program Files\Common Files\Oracle\Java\javapath;C:\app\PRASHANT\product\21c\dbhomeXE\bin;C:\Program Files (x86)\Common Files\Intel\Shared Libraries\redist\intel64\compiler;C:\windows\system32;C:\windows;C:\windows\System32\Wbem;C:\windows\System32\WindowsPowerShell\v1.0\;C:\windows\System32\OpenSSH\;C:\Program Files (x86)\NVIDIA Corporation\PhysX\Common;C:\Program Files\NVIDIA Corporation\NVIDIA NvDLISR;C:\Users\Administrator\AppData\Local\Microsoft\WindowsApps;C:\Program Files\HP\OMEN-Broadcast\Common;C:\WINDOWS\system32;C:\WINDOWS;C:\WINDOWS\System32\Wbem;C:\WINDOWS\System32\WindowsPowerShell\v1.0\;C:\WINDOWS\System32\OpenSSH\;C:\Program Files\nodejs\;C:\Program Files\Java\jdk-25\bin;C:\Program Files\dotnet\;C:\Program Files\MySQL\MySQL Server 8.0\bin;C:\Program Files\Git\cmd;C:\Program Files\Git\mingw64\bin;C:\Program Files\Git\usr\bin;C:\Program Files\MongoDB\Server\8.2\bin;C:\Program Files\Java\jdk-26.0.1\bin;C:\Users\PRASHANT\AppData\Local\Muse Hub\lib;C:\Users\PRASHANT\AppData\Local\Programs\Python\Python310\Scripts\;C:\Users\PRASHANT\AppData\Local\Programs\Python\Python310\;C:\Users\PRASHANT\AppData\Local\Microsoft\WindowsApps;C:\Users\PRASHANT\AppData\Roaming\npm;C:\Program Files\Java\jdk-25\bin;D:\MINGW\bin;C:\Users\PRASHANT\AppData\Local\Programs\Antigravity\bin;C:\Users\PRASHANT\AppData\Local\Programs\cursor\resources\app\bin;C:\Users\PRASHANT\AppData\Local\Programs\Microsoft VS Code\bin;C:\Program Files\mongosh\;C:\Users\PRASHANT\AppData\Local\Microsoft\WinGet\Packages\Gyan.FFmpeg_Microsoft.Winget.Source_8wekyb3d8bbwe\ffmpeg-8.1-full_build\bin;D:\DESKTOP\Windsurf\bin;D:\Kingsoft\WPS Office\12.1.0.27458\clitool;C:\Users\PRASHANT\AppData\Local\Programs\Antigravity IDE\bin;C:\Users\PRASHANT\AppData\Local\Muse Hub\lib
USERNAME=PRASHANT
OS=Windows_NT
PROCESSOR_IDENTIFIER=Intel64 Family 6 Model 154 Stepping 3, GenuineIntel
TMP=C:\Users\PRASHANT\AppData\Local\Temp
TEMP=C:\Users\PRASHANT\AppData\Local\Temp




Periodic native trim disabled

---------------  S Y S T E M  ---------------

OS:
 Windows 11 , 64 bit Build 26100 (10.0.26100.9549)
OS uptime: 3 days 7:51 hours
Hyper-V role detected

CPU: total 12 (initial active 12) (6 cores per cpu, 2 threads per core) family 6 model 154 stepping 3 microcode 0x437, cx8, cmov, fxsr, ht, mmx, 3dnowpref, sse, sse2, sse3, ssse3, sse4.1, sse4.2, popcnt, lzcnt, tsc, tscinvbit, avx, avx2, aes, erms, clmul, bmi1, bmi2, adx, sha, fma, vzeroupper, clflush, clflushopt, clwb, hv, serialize, rdtscp, rdpid, fsrm, f16c, cet_ibt, cet_ss
Processor Information for processor 0
  Max Mhz: 2000, Current Mhz: 2000, Mhz Limit: 2000
Processor Information for processor 1
  Max Mhz: 2000, Current Mhz: 2000, Mhz Limit: 2000
Processor Information for processor 2
  Max Mhz: 2000, Current Mhz: 2000, Mhz Limit: 2000
Processor Information for processor 3
  Max Mhz: 2000, Current Mhz: 2000, Mhz Limit: 2000
Processor Information for processor 4
  Max Mhz: 2000, Current Mhz: 2000, Mhz Limit: 2000
Processor Information for processor 5
  Max Mhz: 2000, Current Mhz: 2000, Mhz Limit: 2000
Processor Information for processor 6
  Max Mhz: 2000, Current Mhz: 2000, Mhz Limit: 2000
Processor Information for processor 7
  Max Mhz: 2000, Current Mhz: 1520, Mhz Limit: 2000
Processor Information for processor 8
  Max Mhz: 2000, Current Mhz: 2000, Mhz Limit: 2000
Processor Information for processor 9
  Max Mhz: 2000, Current Mhz: 2000, Mhz Limit: 2000
Processor Information for processor 10
  Max Mhz: 2000, Current Mhz: 1466, Mhz Limit: 2000
Processor Information for processor 11
  Max Mhz: 2000, Current Mhz: 1466, Mhz Limit: 2000

Memory: 4k page, system-wide physical 16024M (3043M free)
TotalPageFile size 20120M (AvailPageFile size 2498M)
current process WorkingSet (physical memory assigned to process): 357M, peak: 367M
current process commit charge ("private bytes"): 502M, peak: 4254M

vm_info: OpenJDK 64-Bit Server VM (21.0.12.1+1-LTS) for windows-amd64 JRE (21.0.12.1+1-LTS), built on 2026-08-18T00:00:00Z by "admin" with MS VC++ 17.12 (VS2022)

END.
