#
# There is insufficient memory for the Java Runtime Environment to continue.
# Native memory allocation (mmap) failed to map 3930062848 bytes. Error detail: G1 virtual space
# Possible reasons:
#   The system is out of physical RAM or swap space
#   This process is running with CompressedOops enabled, and the Java Heap may be blocking the growth of the native heap
# Possible solutions:
#   Reduce memory load on the system
#   Increase physical memory or swap space
#   Check if swap backing store is full
#   Decrease Java heap size (-Xmx/-Xms)
#   Decrease number of Java threads
#   Decrease Java thread stack sizes (-Xss)
#   Set larger code cache with -XX:ReservedCodeCacheSize=
#   JVM is running with Zero Based Compressed Oops mode in which the Java heap is
#     placed in the first 32GB address space. The Java Heap base address is the
#     maximum limit for the native heap growth. Please use -XX:HeapBaseMinAddress
#     to set the Java Heap base and to place the Java Heap above 32GB virtual address.
# This output file may be truncated or incomplete.
#
#  Out of Memory Error (os_windows.cpp:3732), pid=10316, tid=18456
#
# JRE version: OpenJDK Runtime Environment Temurin-21.0.12.1+1 (21.0.12.1+1) (build 21.0.12.1+1-LTS)
# Java VM: OpenJDK 64-Bit Server VM Temurin-21.0.12.1+1 (21.0.12.1+1-LTS, mixed mode, tiered, compressed oops, compressed class ptrs, g1 gc, windows-amd64)
# No core dump will be written. Minidumps are not enabled by default on client versions of Windows
#

---------------  S U M M A R Y ------------

Command Line: --add-modules=ALL-SYSTEM --add-opens=java.base/java.util=ALL-UNNAMED --add-opens=java.base/java.lang=ALL-UNNAMED --add-opens=java.base/sun.nio.fs=ALL-UNNAMED -Declipse.application=org.eclipse.jdt.ls.core.id1 -Dosgi.bundles.defaultStartLevel=4 -Declipse.product=org.eclipse.jdt.ls.core.product -Djava.import.generatesMetadataFilesAtProjectRoot=false -Dm2e.project.cache.size=50 -DDetectVMInstallationsJob.disabled=true -Dfile.encoding=utf8 -Xlog:disable -Xshare:off -javaagent:c:\Users\PRASHANT\.vscode\extensions\redhat.java-1.56.0-win32-x64\lombok\lombok-1.18.39-4050.jar -XX:+HeapDumpOnOutOfMemoryError -XX:HeapDumpPath=c:\Users\PRASHANT\AppData\Roaming\Code\User\workspaceStorage\3ce9d61f8507f1e94ae1f52ef510885b\redhat.java -Daether.dependencyCollector.impl=bf c:\Users\PRASHANT\.vscode\extensions\redhat.java-1.56.0-win32-x64\server\plugins\org.eclipse.equinox.launcher_1.8.0.v20260804-1928.jar -configuration c:\Users\PRASHANT\AppData\Roaming\Code\User\globalStorage\redhat.java\1.56.0\config_win -data c:\Users\PRASHANT\AppData\Roaming\Code\User\workspaceStorage\3ce9d61f8507f1e94ae1f52ef510885b\redhat.java\jdt_ws --stdio

Host: 12th Gen Intel(R) Core(TM) i5-12450H, 12 cores, 15G,  Windows 11 , 64 bit Build 26100 (10.0.26100.9549)
Time: Sat Oct 10 21:37:21 2026 India Standard Time elapsed time: 714.625524 seconds (0d 0h 11m 54s)

---------------  T H R E A D  ---------------

Current thread (0x00000262442b37e0):  VMThread "VM Thread"          [id=18456, stack(0x0000009713700000,0x0000009713800000) (1024K)]

Stack: [0x0000009713700000,0x0000009713800000]
Native frames: (J=compiled Java code, j=interpreted, Vv=VM code, C=native code)
V  [jvm.dll+0x6d83e9]
V  [jvm.dll+0x8b5736]
V  [jvm.dll+0x8b7cee]
V  [jvm.dll+0x8b83d3]
V  [jvm.dll+0x284596]
V  [jvm.dll+0x6d4d05]
V  [jvm.dll+0x6c898a]
V  [jvm.dll+0x35f2f8]
V  [jvm.dll+0x366f36]
V  [jvm.dll+0x3b804e]
V  [jvm.dll+0x3b82f8]
V  [jvm.dll+0x33320c]
V  [jvm.dll+0x335fce]
V  [jvm.dll+0x375196]
V  [jvm.dll+0x8be0c0]
V  [jvm.dll+0x8bf434]
V  [jvm.dll+0x8bf960]
V  [jvm.dll+0x8bfc03]
V  [jvm.dll+0x8600cd]
V  [jvm.dll+0x6d6c1d]
C  [ucrtbase.dll+0x2cd30]
C  [KERNEL32.DLL+0x2cdf7]
C  [ntdll.dll+0x7ee4c]

VM_Operation (0x00000097158fefc0): G1CollectForAllocation, mode: safepoint, requested by thread 0x0000026244cc9700


---------------  P R O C E S S  ---------------

Threads class SMR info:
_java_thread_list=0x000002624bfe1e70, length=49, elements={
0x000002622a02f230, 0x0000026244320360, 0x00000262442fd9f0, 0x0000026244323f90,
0x0000026244308450, 0x00000262443092e0, 0x000002624430a4c0, 0x000002624433da90,
0x000002624433e530, 0x000002624462e020, 0x00000262447b40f0, 0x000002624919a7e0,
0x0000026249592620, 0x0000026244d7d3f0, 0x0000026244baaa30, 0x000002624997cd80,
0x000002624a18d8f0, 0x00000262498f43b0, 0x0000026244cca420, 0x0000026244cc9700,
0x0000026244cc7cc0, 0x000002624b053bf0, 0x000002624b055630, 0x000002624b053560,
0x000002624b052ed0, 0x000002624b054fa0, 0x000002624b054280, 0x0000026244cc7630,
0x000002624e21ae40, 0x000002624e21bb60, 0x000002624e21d5a0, 0x000002624e21dc30,
0x000002624e21e2c0, 0x000002624e221740, 0x000002624e221dd0, 0x000002624e222460,
0x000002624d7b6d00, 0x000002624d7ba810, 0x000002624d7ba180, 0x000002624d7b7a20,
0x000002624d7b7390, 0x000002624d7baea0, 0x000002624d7bb530, 0x000002624ad55ab0,
0x000002624e21b4d0, 0x000002624b055cc0, 0x000002624d7b9af0, 0x000002624d7bbbc0,
0x000002624ad54d90
}

Java Threads: ( => current thread )
  0x000002622a02f230 JavaThread "main"                              [_thread_blocked, id=19976, stack(0x0000009713000000,0x0000009713100000) (1024K)]
  0x0000026244320360 JavaThread "Reference Handler"          daemon [_thread_blocked, id=24232, stack(0x0000009713800000,0x0000009713900000) (1024K)]
  0x00000262442fd9f0 JavaThread "Finalizer"                  daemon [_thread_blocked, id=29604, stack(0x0000009713900000,0x0000009713a00000) (1024K)]
  0x0000026244323f90 JavaThread "Signal Dispatcher"          daemon [_thread_blocked, id=34568, stack(0x0000009713a00000,0x0000009713b00000) (1024K)]
  0x0000026244308450 JavaThread "Attach Listener"            daemon [_thread_blocked, id=2396, stack(0x0000009713b00000,0x0000009713c00000) (1024K)]
  0x00000262443092e0 JavaThread "Service Thread"             daemon [_thread_blocked, id=10188, stack(0x0000009713c00000,0x0000009713d00000) (1024K)]
  0x000002624430a4c0 JavaThread "Monitor Deflation Thread"   daemon [_thread_blocked, id=6524, stack(0x0000009713d00000,0x0000009713e00000) (1024K)]
  0x000002624433da90 JavaThread "C2 CompilerThread0"         daemon [_thread_blocked, id=13704, stack(0x0000009713e00000,0x0000009713f00000) (1024K)]
  0x000002624433e530 JavaThread "C1 CompilerThread0"         daemon [_thread_blocked, id=27392, stack(0x0000009713f00000,0x0000009714000000) (1024K)]
  0x000002624462e020 JavaThread "Common-Cleaner"             daemon [_thread_blocked, id=17520, stack(0x0000009714100000,0x0000009714200000) (1024K)]
  0x00000262447b40f0 JavaThread "Notification Thread"        daemon [_thread_blocked, id=18504, stack(0x0000009714200000,0x0000009714300000) (1024K)]
  0x000002624919a7e0 JavaThread "Active Thread: Equinox Container: 82321948-d18f-4bcd-aae1-a397a6c9ce30"        [_thread_blocked, id=8960, stack(0x0000009714a00000,0x0000009714b00000) (1024K)]
  0x0000026249592620 JavaThread "Refresh Thread: Equinox Container: 82321948-d18f-4bcd-aae1-a397a6c9ce30" daemon [_thread_blocked, id=14108, stack(0x0000009714b00000,0x0000009714c00000) (1024K)]
  0x0000026244d7d3f0 JavaThread "Framework Event Dispatcher: Equinox Container: 82321948-d18f-4bcd-aae1-a397a6c9ce30" daemon [_thread_blocked, id=17200, stack(0x0000009714c00000,0x0000009714d00000) (1024K)]
  0x0000026244baaa30 JavaThread "Start Level: Equinox Container: 82321948-d18f-4bcd-aae1-a397a6c9ce30" daemon [_thread_blocked, id=7908, stack(0x0000009714d00000,0x0000009714e00000) (1024K)]
  0x000002624997cd80 JavaThread "Bundle File Closer"         daemon [_thread_blocked, id=13544, stack(0x0000009715000000,0x0000009715100000) (1024K)]
  0x000002624a18d8f0 JavaThread "SCR Component Actor"        daemon [_thread_blocked, id=32584, stack(0x0000009714000000,0x0000009714100000) (1024K)]
  0x00000262498f43b0 JavaThread "Worker-JM"                         [_thread_blocked, id=25640, stack(0x0000009715500000,0x0000009715600000) (1024K)]
  0x0000026244cca420 JavaThread "JNA Cleaner"                daemon [_thread_blocked, id=11556, stack(0x0000009714300000,0x0000009714400000) (1024K)]
  0x0000026244cc9700 JavaThread "Java indexing"              daemon [_thread_blocked, id=17452, stack(0x0000009715800000,0x0000009715900000) (1024K)]
  0x0000026244cc7cc0 JavaThread "Worker-3"                          [_thread_blocked, id=8780, stack(0x0000009715d00000,0x0000009715e00000) (1024K)]
  0x000002624b053bf0 JavaThread "pool-2-thread-1"                   [_thread_blocked, id=25676, stack(0x0000009715e00000,0x0000009715f00000) (1024K)]
  0x000002624b055630 JavaThread "WorkspaceEventsHandler"            [_thread_blocked, id=18384, stack(0x0000009716000000,0x0000009716100000) (1024K)]
  0x000002624b053560 JavaThread "pool-1-thread-1"                   [_thread_in_native, id=32944, stack(0x0000009716100000,0x0000009716200000) (1024K)]
  0x000002624b052ed0 JavaThread "PatternSearchJob-worker-1"  daemon [_thread_blocked, id=14632, stack(0x0000009716200000,0x0000009716300000) (1024K)]
  0x000002624b054fa0 JavaThread "PatternSearchJob-worker-2"  daemon [_thread_blocked, id=21052, stack(0x0000009716300000,0x0000009716400000) (1024K)]
  0x000002624b054280 JavaThread "PatternSearchJob-worker-3"  daemon [_thread_blocked, id=32168, stack(0x0000009716400000,0x0000009716500000) (1024K)]
  0x0000026244cc7630 JavaThread "ForkJoinPool.commonPool-worker-1" daemon [_thread_blocked, id=15936, stack(0x0000009716500000,0x0000009716600000) (1024K)]
  0x000002624e21ae40 JavaThread "ForkJoinPool.commonPool-worker-2" daemon [_thread_blocked, id=10084, stack(0x0000009716600000,0x0000009716700000) (1024K)]
  0x000002624e21bb60 JavaThread "ForkJoinPool.commonPool-worker-3" daemon [_thread_blocked, id=32424, stack(0x0000009716700000,0x0000009716800000) (1024K)]
  0x000002624e21d5a0 JavaThread "ForkJoinPool.commonPool-worker-5" daemon [_thread_blocked, id=7608, stack(0x0000009716900000,0x0000009716a00000) (1024K)]
  0x000002624e21dc30 JavaThread "ForkJoinPool.commonPool-worker-7" daemon [_thread_blocked, id=10788, stack(0x0000009716b00000,0x0000009716c00000) (1024K)]
  0x000002624e21e2c0 JavaThread "ForkJoinPool.commonPool-worker-8" daemon [_thread_blocked, id=30344, stack(0x0000009716c00000,0x0000009716d00000) (1024K)]
  0x000002624e221740 JavaThread "Compiler Source File Reader" daemon [_thread_blocked, id=31408, stack(0x0000009717500000,0x0000009717600000) (1024K)]
  0x000002624e221dd0 JavaThread "Compiler Source File Reader" daemon [_thread_blocked, id=33836, stack(0x0000009717600000,0x0000009717700000) (1024K)]
  0x000002624e222460 JavaThread "Compiler Source File Reader" daemon [_thread_blocked, id=31200, stack(0x0000009717700000,0x0000009717800000) (1024K)]
  0x000002624d7b6d00 JavaThread "Compiler Source File Reader" daemon [_thread_blocked, id=9880, stack(0x0000009717800000,0x0000009717900000) (1024K)]
  0x000002624d7ba810 JavaThread "Compiler Source File Reader" daemon [_thread_blocked, id=22524, stack(0x0000009717900000,0x0000009717a00000) (1024K)]
  0x000002624d7ba180 JavaThread "Compiler Source File Reader" daemon [_thread_blocked, id=21684, stack(0x0000009717a00000,0x0000009717b00000) (1024K)]
  0x000002624d7b7a20 JavaThread "Compiler Source File Reader" daemon [_thread_blocked, id=32736, stack(0x0000009717b00000,0x0000009717c00000) (1024K)]
  0x000002624d7b7390 JavaThread "Compiler Source File Reader" daemon [_thread_blocked, id=10700, stack(0x0000009717c00000,0x0000009717d00000) (1024K)]
  0x000002624d7baea0 JavaThread "Compiler Source File Reader" daemon [_thread_blocked, id=4048, stack(0x0000009717d00000,0x0000009717e00000) (1024K)]
  0x000002624d7bb530 JavaThread "Compiler Source File Reader" daemon [_thread_blocked, id=20676, stack(0x0000009717e00000,0x0000009717f00000) (1024K)]
  0x000002624ad55ab0 JavaThread "Cleaner-0"                  daemon [_thread_blocked, id=16140, stack(0x0000009715700000,0x0000009715800000) (1024K)]
  0x000002624e21b4d0 JavaThread "Worker-6: Java indexing... "        [_thread_blocked, id=17696, stack(0x0000009712d00000,0x0000009712e00000) (1024K)]
  0x000002624b055cc0 JavaThread "ForkJoinPool.commonPool-worker-11" daemon [_thread_blocked, id=10268, stack(0x0000009715b00000,0x0000009715c00000) (1024K)]
  0x000002624d7b9af0 JavaThread "Worker-7"                          [_thread_blocked, id=34184, stack(0x0000009712f00000,0x0000009713000000) (1024K)]
  0x000002624d7bbbc0 JavaThread "Compiler Processing Task"   daemon [_thread_blocked, id=13008, stack(0x0000009715100000,0x0000009715200000) (1024K)]
  0x000002624ad54d90 JavaThread "pool-1-thread-6"                   [_thread_blocked, id=3648, stack(0x0000009712e00000,0x0000009712f00000) (1024K)]
Total: 49

Other Threads:
=>0x00000262442b37e0 VMThread "VM Thread"                           [id=18456, stack(0x0000009713700000,0x0000009713800000) (1024K)]
  0x0000026244218eb0 WatcherThread "VM Periodic Task Thread"        [id=33148, stack(0x0000009713600000,0x0000009713700000) (1024K)]
  0x000002622a09dbc0 WorkerThread "GC Thread#0"                     [id=31488, stack(0x0000009713100000,0x0000009713200000) (1024K)]
  0x0000026244d86f50 WorkerThread "GC Thread#1"                     [id=17208, stack(0x0000009714400000,0x0000009714500000) (1024K)]
  0x0000026244d881c0 WorkerThread "GC Thread#2"                     [id=18684, stack(0x0000009714500000,0x0000009714600000) (1024K)]
  0x0000026244d87e10 WorkerThread "GC Thread#3"                     [id=25208, stack(0x0000009714600000,0x0000009714700000) (1024K)]
  0x0000026244d876b0 WorkerThread "GC Thread#4"                     [id=21248, stack(0x0000009714700000,0x0000009714800000) (1024K)]
  0x0000026244d867f0 WorkerThread "GC Thread#5"                     [id=20760, stack(0x0000009714800000,0x0000009714900000) (1024K)]
  0x0000026244d86ba0 WorkerThread "GC Thread#6"                     [id=26300, stack(0x0000009714900000,0x0000009714a00000) (1024K)]
  0x0000026244d61f10 WorkerThread "GC Thread#7"                     [id=14820, stack(0x0000009714e00000,0x0000009714f00000) (1024K)]
  0x0000026244d61050 WorkerThread "GC Thread#8"                     [id=28680, stack(0x0000009714f00000,0x0000009715000000) (1024K)]
  0x0000026244d5f680 WorkerThread "GC Thread#9"                     [id=13336, stack(0x0000009715200000,0x0000009715300000) (1024K)]
  0x000002622a0ae540 ConcurrentGCThread "G1 Main Marker"            [id=22004, stack(0x0000009713200000,0x0000009713300000) (1024K)]
  0x000002622a0afde0 WorkerThread "G1 Conc#0"                       [id=22636, stack(0x0000009713300000,0x0000009713400000) (1024K)]
  0x0000026244d61b60 WorkerThread "G1 Conc#1"                       [id=32936, stack(0x0000009715300000,0x0000009715400000) (1024K)]
  0x0000026244d5f2d0 WorkerThread "G1 Conc#2"                       [id=29016, stack(0x0000009715400000,0x0000009715500000) (1024K)]
  0x00000262440e6020 ConcurrentGCThread "G1 Refine#0"               [id=28096, stack(0x0000009713400000,0x0000009713500000) (1024K)]
  0x00000262440e8870 ConcurrentGCThread "G1 Service"                [id=10668, stack(0x0000009713500000,0x0000009713600000) (1024K)]
Total: 18

Threads with active compile tasks:
Total: 0

VM state: at safepoint (normal execution)

VM Mutex/Monitor currently owned by a thread:  ([mutex/lock_event])
[0x00007ffdf9a1f5b0] Threads_lock - owner thread: 0x00000262442b37e0
[0x00007ffdf9a1f6b0] Heap_lock - owner thread: 0x0000026244cc9700

Heap address: 0x00000006c5800000, size: 4008 MB, Compressed Oops mode: Zero based, Oop shift amount: 3

CDS archive(s) not mapped
Compressed class space mapped at: 0x00000007c0000000-0x0000000800000000, reserved size: 1073741824
Narrow klass base: 0x0000000000000000, Narrow klass shift: 3, Narrow klass range: 0x800000000

GC Precious Log:
 CardTable entry size: 512
 Card Set container configuration: InlinePtr #cards 4 size 8 Array Of Cards #cards 16 size 48 Howl #buckets 8 coarsen threshold 3686 Howl Bitmap #cards 512 size 80 coarsen threshold 460 Card regions per heap region 1 cards per card region 4096
 CPUs: 12 total, 12 available
 Memory: 16024M
 Large Page Support: Disabled
 NUMA Support: Disabled
 Compressed Oops: Enabled (Zero based)
 Heap Region Size: 2M
 Heap Min Capacity: 8M
 Heap Initial Capacity: 252M
 Heap Max Capacity: 4008M
 Pre-touch: Disabled
 Parallel Workers: 10
 Concurrent Workers: 3
 Concurrent Refinement Workers: 10
 Periodic GC: Disabled

Heap:
 garbage-first heap   total 266240K, used 73350K [0x00000006c5800000, 0x00000007c0000000)
  region size 2048K, 1 young (2048K), 1 survivors (2048K)
 Metaspace       used 91148K, committed 92928K, reserved 1179648K
  class space    used 9125K, committed 9920K, reserved 1048576K

Heap Regions: E=young(eden), S=young(survivor), O=old, HS=humongous(starts), HC=humongous(continues), CS=collection set, F=free, TAMS=top-at-mark-start, PB=parsable bottom
|   0|0x00000006c5800000, 0x00000006c5a00000, 0x00000006c5a00000|100%| O|  |TAMS 0x00000006c5a00000| PB 0x00000006c5800000| Untracked 
|   1|0x00000006c5a00000, 0x00000006c5c00000, 0x00000006c5c00000|100%| O|  |TAMS 0x00000006c5c00000| PB 0x00000006c5a00000| Untracked 
|   2|0x00000006c5c00000, 0x00000006c5e00000, 0x00000006c5e00000|100%| O|  |TAMS 0x00000006c5e00000| PB 0x00000006c5c00000| Untracked 
|   3|0x00000006c5e00000, 0x00000006c6000000, 0x00000006c6000000|100%| O|  |TAMS 0x00000006c6000000| PB 0x00000006c5e00000| Untracked 
|   4|0x00000006c6000000, 0x00000006c6200000, 0x00000006c6200000|100%| O|  |TAMS 0x00000006c6200000| PB 0x00000006c6000000| Untracked 
|   5|0x00000006c6200000, 0x00000006c6400000, 0x00000006c6400000|100%| O|  |TAMS 0x00000006c6400000| PB 0x00000006c6200000| Untracked 
|   6|0x00000006c6400000, 0x00000006c6600000, 0x00000006c6600000|100%| O|  |TAMS 0x00000006c6600000| PB 0x00000006c6400000| Untracked 
|   7|0x00000006c6600000, 0x00000006c6800000, 0x00000006c6800000|100%| O|  |TAMS 0x00000006c6800000| PB 0x00000006c6600000| Untracked 
|   8|0x00000006c6800000, 0x00000006c6a00000, 0x00000006c6a00000|100%| O|  |TAMS 0x00000006c6a00000| PB 0x00000006c6800000| Untracked 
|   9|0x00000006c6a00000, 0x00000006c6c00000, 0x00000006c6c00000|100%| O|  |TAMS 0x00000006c6c00000| PB 0x00000006c6a00000| Untracked 
|  10|0x00000006c6c00000, 0x00000006c6e00000, 0x00000006c6e00000|100%| O|  |TAMS 0x00000006c6e00000| PB 0x00000006c6c00000| Untracked 
|  11|0x00000006c6e00000, 0x00000006c7000000, 0x00000006c7000000|100%| O|  |TAMS 0x00000006c7000000| PB 0x00000006c6e00000| Untracked 
|  12|0x00000006c7000000, 0x00000006c7200000, 0x00000006c7200000|100%| O|  |TAMS 0x00000006c7200000| PB 0x00000006c7000000| Untracked 
|  13|0x00000006c7200000, 0x00000006c7400000, 0x00000006c7400000|100%| O|  |TAMS 0x00000006c7400000| PB 0x00000006c7200000| Untracked 
|  14|0x00000006c7400000, 0x00000006c7600000, 0x00000006c7600000|100%| O|  |TAMS 0x00000006c7600000| PB 0x00000006c7400000| Untracked 
|  15|0x00000006c7600000, 0x00000006c7600000, 0x00000006c7800000|  0%| F|  |TAMS 0x00000006c7600000| PB 0x00000006c7600000| Untracked 
|  16|0x00000006c7800000, 0x00000006c7a00000, 0x00000006c7a00000|100%| O|  |TAMS 0x00000006c7a00000| PB 0x00000006c7800000| Untracked 
|  17|0x00000006c7a00000, 0x00000006c7c00000, 0x00000006c7c00000|100%| O|  |TAMS 0x00000006c7c00000| PB 0x00000006c7a00000| Untracked 
|  18|0x00000006c7c00000, 0x00000006c7e00000, 0x00000006c7e00000|100%| O|  |TAMS 0x00000006c7e00000| PB 0x00000006c7c00000| Untracked 
|  19|0x00000006c7e00000, 0x00000006c8000000, 0x00000006c8000000|100%| O|  |TAMS 0x00000006c8000000| PB 0x00000006c7e00000| Untracked 
|  20|0x00000006c8000000, 0x00000006c8200000, 0x00000006c8200000|100%| O|  |TAMS 0x00000006c8200000| PB 0x00000006c8000000| Untracked 
|  21|0x00000006c8200000, 0x00000006c8400000, 0x00000006c8400000|100%| O|  |TAMS 0x00000006c8400000| PB 0x00000006c8200000| Untracked 
|  22|0x00000006c8400000, 0x00000006c8600000, 0x00000006c8600000|100%| O|  |TAMS 0x00000006c8600000| PB 0x00000006c8400000| Untracked 
|  23|0x00000006c8600000, 0x00000006c8800000, 0x00000006c8800000|100%| O|  |TAMS 0x00000006c8800000| PB 0x00000006c8600000| Untracked 
|  24|0x00000006c8800000, 0x00000006c8a00000, 0x00000006c8a00000|100%| O|  |TAMS 0x00000006c8a00000| PB 0x00000006c8800000| Untracked 
|  25|0x00000006c8a00000, 0x00000006c8c00000, 0x00000006c8c00000|100%| O|  |TAMS 0x00000006c8c00000| PB 0x00000006c8a00000| Untracked 
|  26|0x00000006c8c00000, 0x00000006c8e00000, 0x00000006c8e00000|100%| O|  |TAMS 0x00000006c8e00000| PB 0x00000006c8c00000| Untracked 
|  27|0x00000006c8e00000, 0x00000006c8e9d090, 0x00000006c9000000| 30%| O|  |TAMS 0x00000006c8e9d090| PB 0x00000006c8e00000| Untracked 
|  28|0x00000006c9000000, 0x00000006c9200000, 0x00000006c9200000|100%| O|  |TAMS 0x00000006c9200000| PB 0x00000006c9000000| Untracked 
|  29|0x00000006c9200000, 0x00000006c9400000, 0x00000006c9400000|100%| O|  |TAMS 0x00000006c9400000| PB 0x00000006c9200000| Untracked 
|  30|0x00000006c9400000, 0x00000006c9600000, 0x00000006c9600000|100%| O|  |TAMS 0x00000006c9600000| PB 0x00000006c9400000| Untracked 
|  31|0x00000006c9600000, 0x00000006c9800000, 0x00000006c9800000|100%| O|  |TAMS 0x00000006c9800000| PB 0x00000006c9600000| Untracked 
|  32|0x00000006c9800000, 0x00000006c9a00000, 0x00000006c9a00000|100%| O|  |TAMS 0x00000006c9a00000| PB 0x00000006c9800000| Untracked 
|  33|0x00000006c9a00000, 0x00000006c9c00000, 0x00000006c9c00000|100%| O|  |TAMS 0x00000006c9c00000| PB 0x00000006c9a00000| Untracked 
|  34|0x00000006c9c00000, 0x00000006c9c00000, 0x00000006c9e00000|  0%| F|  |TAMS 0x00000006c9c00000| PB 0x00000006c9c00000| Untracked 
|  35|0x00000006c9e00000, 0x00000006c9e00000, 0x00000006ca000000|  0%| F|  |TAMS 0x00000006c9e00000| PB 0x00000006c9e00000| Untracked 
|  36|0x00000006ca000000, 0x00000006ca000000, 0x00000006ca200000|  0%| F|  |TAMS 0x00000006ca000000| PB 0x00000006ca000000| Untracked 
|  37|0x00000006ca200000, 0x00000006ca400000, 0x00000006ca400000|100%| O|  |TAMS 0x00000006ca400000| PB 0x00000006ca200000| Untracked 
|  38|0x00000006ca400000, 0x00000006ca600000, 0x00000006ca600000|100%| O|  |TAMS 0x00000006ca600000| PB 0x00000006ca400000| Untracked 
|  39|0x00000006ca600000, 0x00000006ca600000, 0x00000006ca800000|  0%| F|  |TAMS 0x00000006ca600000| PB 0x00000006ca600000| Untracked 
|  40|0x00000006ca800000, 0x00000006ca800000, 0x00000006caa00000|  0%| F|  |TAMS 0x00000006ca800000| PB 0x00000006ca800000| Untracked 
|  41|0x00000006caa00000, 0x00000006caa00000, 0x00000006cac00000|  0%| F|  |TAMS 0x00000006caa00000| PB 0x00000006caa00000| Untracked 
|  42|0x00000006cac00000, 0x00000006cac00000, 0x00000006cae00000|  0%| F|  |TAMS 0x00000006cac00000| PB 0x00000006cac00000| Untracked 
|  43|0x00000006cae00000, 0x00000006cae00000, 0x00000006cb000000|  0%| F|  |TAMS 0x00000006cae00000| PB 0x00000006cae00000| Untracked 
|  44|0x00000006cb000000, 0x00000006cb000000, 0x00000006cb200000|  0%| F|  |TAMS 0x00000006cb000000| PB 0x00000006cb000000| Untracked 
|  45|0x00000006cb200000, 0x00000006cb200000, 0x00000006cb400000|  0%| F|  |TAMS 0x00000006cb200000| PB 0x00000006cb200000| Untracked 
|  46|0x00000006cb400000, 0x00000006cb400000, 0x00000006cb600000|  0%| F|  |TAMS 0x00000006cb400000| PB 0x00000006cb400000| Untracked 
|  47|0x00000006cb600000, 0x00000006cb600000, 0x00000006cb800000|  0%| F|  |TAMS 0x00000006cb600000| PB 0x00000006cb600000| Untracked 
|  48|0x00000006cb800000, 0x00000006cb800000, 0x00000006cba00000|  0%| F|  |TAMS 0x00000006cb800000| PB 0x00000006cb800000| Untracked 
|  49|0x00000006cba00000, 0x00000006cba00000, 0x00000006cbc00000|  0%| F|  |TAMS 0x00000006cba00000| PB 0x00000006cba00000| Untracked 
|  50|0x00000006cbc00000, 0x00000006cbc00000, 0x00000006cbe00000|  0%| F|  |TAMS 0x00000006cbc00000| PB 0x00000006cbc00000| Untracked 
|  51|0x00000006cbe00000, 0x00000006cbe00000, 0x00000006cc000000|  0%| F|  |TAMS 0x00000006cbe00000| PB 0x00000006cbe00000| Untracked 
|  52|0x00000006cc000000, 0x00000006cc000000, 0x00000006cc200000|  0%| F|  |TAMS 0x00000006cc000000| PB 0x00000006cc000000| Untracked 
|  53|0x00000006cc200000, 0x00000006cc200000, 0x00000006cc400000|  0%| F|  |TAMS 0x00000006cc200000| PB 0x00000006cc200000| Untracked 
|  54|0x00000006cc400000, 0x00000006cc400000, 0x00000006cc600000|  0%| F|  |TAMS 0x00000006cc400000| PB 0x00000006cc400000| Untracked 
|  55|0x00000006cc600000, 0x00000006cc600000, 0x00000006cc800000|  0%| F|  |TAMS 0x00000006cc600000| PB 0x00000006cc600000| Untracked 
|  56|0x00000006cc800000, 0x00000006cc800000, 0x00000006cca00000|  0%| F|  |TAMS 0x00000006cc800000| PB 0x00000006cc800000| Untracked 
|  57|0x00000006cca00000, 0x00000006cca00000, 0x00000006ccc00000|  0%| F|  |TAMS 0x00000006cca00000| PB 0x00000006cca00000| Untracked 
|  58|0x00000006ccc00000, 0x00000006ccc00000, 0x00000006cce00000|  0%| F|  |TAMS 0x00000006ccc00000| PB 0x00000006ccc00000| Untracked 
|  59|0x00000006cce00000, 0x00000006cce00000, 0x00000006cd000000|  0%| F|  |TAMS 0x00000006cce00000| PB 0x00000006cce00000| Untracked 
|  60|0x00000006cd000000, 0x00000006cd000000, 0x00000006cd200000|  0%| F|  |TAMS 0x00000006cd000000| PB 0x00000006cd000000| Untracked 
|  61|0x00000006cd200000, 0x00000006cd200000, 0x00000006cd400000|  0%| F|  |TAMS 0x00000006cd200000| PB 0x00000006cd200000| Untracked 
|  62|0x00000006cd400000, 0x00000006cd400000, 0x00000006cd600000|  0%| F|  |TAMS 0x00000006cd400000| PB 0x00000006cd400000| Untracked 
|  63|0x00000006cd600000, 0x00000006cd600000, 0x00000006cd800000|  0%| F|  |TAMS 0x00000006cd600000| PB 0x00000006cd600000| Untracked 
|  64|0x00000006cd800000, 0x00000006cd800000, 0x00000006cda00000|  0%| F|  |TAMS 0x00000006cd800000| PB 0x00000006cd800000| Untracked 
|  65|0x00000006cda00000, 0x00000006cda00000, 0x00000006cdc00000|  0%| F|  |TAMS 0x00000006cda00000| PB 0x00000006cda00000| Untracked 
|  66|0x00000006cdc00000, 0x00000006cdc00000, 0x00000006cde00000|  0%| F|  |TAMS 0x00000006cdc00000| PB 0x00000006cdc00000| Untracked 
|  67|0x00000006cde00000, 0x00000006cde00000, 0x00000006ce000000|  0%| F|  |TAMS 0x00000006cde00000| PB 0x00000006cde00000| Untracked 
|  68|0x00000006ce000000, 0x00000006ce000000, 0x00000006ce200000|  0%| F|  |TAMS 0x00000006ce000000| PB 0x00000006ce000000| Untracked 
|  69|0x00000006ce200000, 0x00000006ce200000, 0x00000006ce400000|  0%| F|  |TAMS 0x00000006ce200000| PB 0x00000006ce200000| Untracked 
|  70|0x00000006ce400000, 0x00000006ce400000, 0x00000006ce600000|  0%| F|  |TAMS 0x00000006ce400000| PB 0x00000006ce400000| Untracked 
|  71|0x00000006ce600000, 0x00000006ce600000, 0x00000006ce800000|  0%| F|  |TAMS 0x00000006ce600000| PB 0x00000006ce600000| Untracked 
|  72|0x00000006ce800000, 0x00000006ce800000, 0x00000006cea00000|  0%| F|  |TAMS 0x00000006ce800000| PB 0x00000006ce800000| Untracked 
|  73|0x00000006cea00000, 0x00000006cea00000, 0x00000006cec00000|  0%| F|  |TAMS 0x00000006cea00000| PB 0x00000006cea00000| Untracked 
|  74|0x00000006cec00000, 0x00000006cec00000, 0x00000006cee00000|  0%| F|  |TAMS 0x00000006cec00000| PB 0x00000006cec00000| Untracked 
|  75|0x00000006cee00000, 0x00000006cee00000, 0x00000006cf000000|  0%| F|  |TAMS 0x00000006cee00000| PB 0x00000006cee00000| Untracked 
|  76|0x00000006cf000000, 0x00000006cf000000, 0x00000006cf200000|  0%| F|  |TAMS 0x00000006cf000000| PB 0x00000006cf000000| Untracked 
|  77|0x00000006cf200000, 0x00000006cf200000, 0x00000006cf400000|  0%| F|  |TAMS 0x00000006cf200000| PB 0x00000006cf200000| Untracked 
|  78|0x00000006cf400000, 0x00000006cf400000, 0x00000006cf600000|  0%| F|  |TAMS 0x00000006cf400000| PB 0x00000006cf400000| Untracked 
|  79|0x00000006cf600000, 0x00000006cf600000, 0x00000006cf800000|  0%| F|  |TAMS 0x00000006cf600000| PB 0x00000006cf600000| Untracked 
|  80|0x00000006cf800000, 0x00000006cf800000, 0x00000006cfa00000|  0%| F|  |TAMS 0x00000006cf800000| PB 0x00000006cf800000| Untracked 
|  81|0x00000006cfa00000, 0x00000006cfa00000, 0x00000006cfc00000|  0%| F|  |TAMS 0x00000006cfa00000| PB 0x00000006cfa00000| Untracked 
|  82|0x00000006cfc00000, 0x00000006cfc00000, 0x00000006cfe00000|  0%| F|  |TAMS 0x00000006cfc00000| PB 0x00000006cfc00000| Untracked 
|  83|0x00000006cfe00000, 0x00000006cfe00000, 0x00000006d0000000|  0%| F|  |TAMS 0x00000006cfe00000| PB 0x00000006cfe00000| Untracked 
|  84|0x00000006d0000000, 0x00000006d0000000, 0x00000006d0200000|  0%| F|  |TAMS 0x00000006d0000000| PB 0x00000006d0000000| Untracked 
|  85|0x00000006d0200000, 0x00000006d0200000, 0x00000006d0400000|  0%| F|  |TAMS 0x00000006d0200000| PB 0x00000006d0200000| Untracked 
|  86|0x00000006d0400000, 0x00000006d0400000, 0x00000006d0600000|  0%| F|  |TAMS 0x00000006d0400000| PB 0x00000006d0400000| Untracked 
|  87|0x00000006d0600000, 0x00000006d0600000, 0x00000006d0800000|  0%| F|  |TAMS 0x00000006d0600000| PB 0x00000006d0600000| Untracked 
|  88|0x00000006d0800000, 0x00000006d0800000, 0x00000006d0a00000|  0%| F|  |TAMS 0x00000006d0800000| PB 0x00000006d0800000| Untracked 
|  89|0x00000006d0a00000, 0x00000006d0a00000, 0x00000006d0c00000|  0%| F|  |TAMS 0x00000006d0a00000| PB 0x00000006d0a00000| Untracked 
|  90|0x00000006d0c00000, 0x00000006d0c00000, 0x00000006d0e00000|  0%| F|  |TAMS 0x00000006d0c00000| PB 0x00000006d0c00000| Untracked 
|  91|0x00000006d0e00000, 0x00000006d0e00000, 0x00000006d1000000|  0%| F|  |TAMS 0x00000006d0e00000| PB 0x00000006d0e00000| Untracked 
|  92|0x00000006d1000000, 0x00000006d1000000, 0x00000006d1200000|  0%| F|  |TAMS 0x00000006d1000000| PB 0x00000006d1000000| Untracked 
|  93|0x00000006d1200000, 0x00000006d1200000, 0x00000006d1400000|  0%| F|  |TAMS 0x00000006d1200000| PB 0x00000006d1200000| Untracked 
|  94|0x00000006d1400000, 0x00000006d1400000, 0x00000006d1600000|  0%| F|  |TAMS 0x00000006d1400000| PB 0x00000006d1400000| Untracked 
|  95|0x00000006d1600000, 0x00000006d1600000, 0x00000006d1800000|  0%| F|  |TAMS 0x00000006d1600000| PB 0x00000006d1600000| Untracked 
|  96|0x00000006d1800000, 0x00000006d1800000, 0x00000006d1a00000|  0%| F|  |TAMS 0x00000006d1800000| PB 0x00000006d1800000| Untracked 
|  97|0x00000006d1a00000, 0x00000006d1a00000, 0x00000006d1c00000|  0%| F|  |TAMS 0x00000006d1a00000| PB 0x00000006d1a00000| Untracked 
|  98|0x00000006d1c00000, 0x00000006d1c00000, 0x00000006d1e00000|  0%| F|  |TAMS 0x00000006d1c00000| PB 0x00000006d1c00000| Untracked 
|  99|0x00000006d1e00000, 0x00000006d1e00000, 0x00000006d2000000|  0%| F|  |TAMS 0x00000006d1e00000| PB 0x00000006d1e00000| Untracked 
| 100|0x00000006d2000000, 0x00000006d2000000, 0x00000006d2200000|  0%| F|  |TAMS 0x00000006d2000000| PB 0x00000006d2000000| Untracked 
| 101|0x00000006d2200000, 0x00000006d2200000, 0x00000006d2400000|  0%| F|  |TAMS 0x00000006d2200000| PB 0x00000006d2200000| Untracked 
| 102|0x00000006d2400000, 0x00000006d2400000, 0x00000006d2600000|  0%| F|  |TAMS 0x00000006d2400000| PB 0x00000006d2400000| Untracked 
| 103|0x00000006d2600000, 0x00000006d2600000, 0x00000006d2800000|  0%| F|  |TAMS 0x00000006d2600000| PB 0x00000006d2600000| Untracked 
| 104|0x00000006d2800000, 0x00000006d2800000, 0x00000006d2a00000|  0%| F|  |TAMS 0x00000006d2800000| PB 0x00000006d2800000| Untracked 
| 105|0x00000006d2a00000, 0x00000006d2a00000, 0x00000006d2c00000|  0%| F|  |TAMS 0x00000006d2a00000| PB 0x00000006d2a00000| Untracked 
| 106|0x00000006d2c00000, 0x00000006d2c00000, 0x00000006d2e00000|  0%| F|  |TAMS 0x00000006d2c00000| PB 0x00000006d2c00000| Untracked 
| 107|0x00000006d2e00000, 0x00000006d2e00000, 0x00000006d3000000|  0%| F|  |TAMS 0x00000006d2e00000| PB 0x00000006d2e00000| Untracked 
| 108|0x00000006d3000000, 0x00000006d3000000, 0x00000006d3200000|  0%| F|  |TAMS 0x00000006d3000000| PB 0x00000006d3000000| Untracked 
| 109|0x00000006d3200000, 0x00000006d3200000, 0x00000006d3400000|  0%| F|  |TAMS 0x00000006d3200000| PB 0x00000006d3200000| Untracked 
| 110|0x00000006d3400000, 0x00000006d3400000, 0x00000006d3600000|  0%| F|  |TAMS 0x00000006d3400000| PB 0x00000006d3400000| Untracked 
| 111|0x00000006d3600000, 0x00000006d3600000, 0x00000006d3800000|  0%| F|  |TAMS 0x00000006d3600000| PB 0x00000006d3600000| Untracked 
| 112|0x00000006d3800000, 0x00000006d3800000, 0x00000006d3a00000|  0%| F|  |TAMS 0x00000006d3800000| PB 0x00000006d3800000| Untracked 
| 113|0x00000006d3a00000, 0x00000006d3a00000, 0x00000006d3c00000|  0%| F|  |TAMS 0x00000006d3a00000| PB 0x00000006d3a00000| Untracked 
| 114|0x00000006d3c00000, 0x00000006d3c00000, 0x00000006d3e00000|  0%| F|  |TAMS 0x00000006d3c00000| PB 0x00000006d3c00000| Untracked 
| 115|0x00000006d3e00000, 0x00000006d3e00000, 0x00000006d4000000|  0%| F|  |TAMS 0x00000006d3e00000| PB 0x00000006d3e00000| Untracked 
| 116|0x00000006d4000000, 0x00000006d4000000, 0x00000006d4200000|  0%| F|  |TAMS 0x00000006d4000000| PB 0x00000006d4000000| Untracked 
| 117|0x00000006d4200000, 0x00000006d4200000, 0x00000006d4400000|  0%| F|  |TAMS 0x00000006d4200000| PB 0x00000006d4200000| Untracked 
| 118|0x00000006d4400000, 0x00000006d4400000, 0x00000006d4600000|  0%| F|  |TAMS 0x00000006d4400000| PB 0x00000006d4400000| Untracked 
| 119|0x00000006d4600000, 0x00000006d4600000, 0x00000006d4800000|  0%| F|  |TAMS 0x00000006d4600000| PB 0x00000006d4600000| Untracked 
| 120|0x00000006d4800000, 0x00000006d4800000, 0x00000006d4a00000|  0%| F|  |TAMS 0x00000006d4800000| PB 0x00000006d4800000| Untracked 
| 121|0x00000006d4a00000, 0x00000006d4a00000, 0x00000006d4c00000|  0%| F|  |TAMS 0x00000006d4a00000| PB 0x00000006d4a00000| Untracked 
| 122|0x00000006d4c00000, 0x00000006d4c00000, 0x00000006d4e00000|  0%| F|  |TAMS 0x00000006d4c00000| PB 0x00000006d4c00000| Untracked 
| 123|0x00000006d4e00000, 0x00000006d4e00000, 0x00000006d5000000|  0%| F|  |TAMS 0x00000006d4e00000| PB 0x00000006d4e00000| Untracked 
| 124|0x00000006d5000000, 0x00000006d5000000, 0x00000006d5200000|  0%| F|  |TAMS 0x00000006d5000000| PB 0x00000006d5000000| Untracked 
| 125|0x00000006d5200000, 0x00000006d5200000, 0x00000006d5400000|  0%| F|  |TAMS 0x00000006d5200000| PB 0x00000006d5200000| Untracked 
|2000|0x00000007bf800000, 0x00000007bf800000, 0x00000007bfa00000|  0%| F|  |TAMS 0x00000007bf800000| PB 0x00000007bf800000| Untracked 
|2001|0x00000007bfa00000, 0x00000007bfa00000, 0x00000007bfc00000|  0%| F|  |TAMS 0x00000007bfa00000| PB 0x00000007bfa00000| Untracked 
|2002|0x00000007bfc00000, 0x00000007bfe00000, 0x00000007bfe00000|100%| O|  |TAMS 0x00000007bfe00000| PB 0x00000007bfc00000| Untracked 
|2003|0x00000007bfe00000, 0x00000007bff04970, 0x00000007c0000000| 50%| S|CS|TAMS 0x00000007bfe00000| PB 0x00000007bfe00000| Complete 

Card table byte_map: [0x000002623cf60000,0x000002623d740000] _byte_map_base: 0x0000026239934000

Marking Bits: (CMBitMap*) 0x000002622a09e1e0
 Bits: [0x000002623d740000, 0x00000262415e0000)

Polling page: 0x0000026228080000

Metaspace:

Usage:
  Non-class:     80.10 MB used.
      Class:      8.91 MB used.
       Both:     89.01 MB used.

Virtual space:
  Non-class space:      128.00 MB reserved,      81.06 MB ( 63%) committed,  2 nodes.
      Class space:        1.00 GB reserved,       9.69 MB ( <1%) committed,  1 nodes.
             Both:        1.12 GB reserved,      90.75 MB (  8%) committed. 

Chunk freelists:
   Non-Class:  14.11 MB
       Class:  6.27 MB
        Both:  20.38 MB

MaxMetaspaceSize: unlimited
CompressedClassSpaceSize: 1.00 GB
Initial GC threshold: 21.00 MB
Current GC threshold: 150.88 MB
CDS: off
 - commit_granule_bytes: 65536.
 - commit_granule_words: 8192.
 - virtual_space_node_default_size: 8388608.
 - enlarge_chunks_in_place: 1.
 - use_allocation_guard: 0.


Internal statistics:

num_allocs_failed_limit: 9.
num_arena_births: 1672.
num_arena_deaths: 40.
num_vsnodes_births: 3.
num_vsnodes_deaths: 0.
num_space_committed: 1452.
num_space_uncommitted: 0.
num_chunks_returned_to_freelist: 57.
num_chunks_taken_from_freelist: 5964.
num_chunk_merges: 12.
num_chunk_splits: 3554.
num_chunks_enlarged: 1927.
num_inconsistent_stats: 0.

CodeHeap 'non-profiled nmethods': size=120000Kb used=14063Kb max_used=14063Kb free=105936Kb
 bounds [0x0000026234d00000, 0x0000026235ac0000, 0x000002623c230000]
CodeHeap 'profiled nmethods': size=120000Kb used=22490Kb max_used=22549Kb free=97509Kb
 bounds [0x000002622d230000, 0x000002622e8b0000, 0x0000026234760000]
CodeHeap 'non-nmethods': size=5760Kb used=1661Kb max_used=1741Kb free=4098Kb
 bounds [0x0000026234760000, 0x00000262349d0000, 0x0000026234d00000]
CodeCache: size=245760Kb, used=38214Kb, max_used=38353Kb, free=207543Kb
 total_blobs=10798, nmethods=10000, adapters=698, full_count=0
Compilation: enabled, stopped_count=0, restarted_count=0

Compilation events (20 events):
Event: 713.996 Thread 0x000002624433e530 nmethod 21940% 0x000002622de9e210 code [0x000002622de9e8c0, 0x000002622dea2ec8]
Event: 713.996 Thread 0x000002624433e530 21943 % !   3       org.eclipse.jdt.internal.compiler.parser.diagnose.DiagnoseParser::diagnoseParse0 @ 808 (1345 bytes)
Event: 713.998 Thread 0x000002624433e530 nmethod 21943% 0x000002622dfba310 code [0x000002622dfba9c0, 0x000002622dfbef70]
Event: 713.998 Thread 0x000002624433e530 21945       3       org.eclipse.jdt.internal.compiler.ast.ASTNode::resolvePolyExpressionArguments0 (467 bytes)
Event: 714.000 Thread 0x000002624433e530 nmethod 21945 0x000002622d2ad010 code [0x000002622d2ad460, 0x000002622d2afbd0]
Event: 714.000 Thread 0x000002624433e530 21944       3       org.eclipse.jdt.internal.compiler.parser.diagnose.DiagnoseParser$PrimaryRepairInfo::<init> (30 bytes)
Event: 714.000 Thread 0x000002624433e530 nmethod 21944 0x000002622e486f90 code [0x000002622e487140, 0x000002622e4872c8]
Event: 714.036 Thread 0x000002624433da90 nmethod 21942 0x0000026235ab2f90 code [0x0000026235ab3420, 0x0000026235ab5e00]
Event: 714.261 Thread 0x000002624433e530 21946       3       org.eclipse.jdt.ls.core.internal.corrections.QuickFixProcessor::process (3739 bytes)
Event: 714.268 Thread 0x000002624433e530 nmethod 21946 0x000002622e895710 code [0x000002622e8970a0, 0x000002622e8a9328]
Event: 714.268 Thread 0x000002624433e530 21949       3       org.eclipse.jdt.internal.corext.refactoring.code.ConvertToRecordRefactoring$1::visit (79 bytes)
Event: 714.268 Thread 0x000002624433e530 nmethod 21949 0x000002622d242b90 code [0x000002622d242dc0, 0x000002622d243538]
Event: 714.268 Thread 0x000002624433e530 21947       3       org.eclipse.jdt.ls.core.internal.corrections.SuppressWarningsSubProcessor::addSuppressWarningsProposals (14 bytes)
Event: 714.268 Thread 0x000002624433e530 nmethod 21947 0x000002622dc5e910 code [0x000002622dc5eae0, 0x000002622dc5ee08]
Event: 714.268 Thread 0x000002624433e530 21948       3       org.eclipse.jdt.ls.core.internal.corrections.SuppressWarningsSubProcessor::<init> (5 bytes)
Event: 714.268 Thread 0x000002624433e530 nmethod 21948 0x000002622df5e190 code [0x000002622df5e340, 0x000002622df5e508]
Event: 714.548 Thread 0x000002624433e530 21950 % !   3       org.eclipse.jdt.internal.compiler.parser.diagnose.DiagnoseParser::diagnoseParse0 @ 762 (1345 bytes)
Event: 714.548 Thread 0x000002624433da90 21951       4       org.eclipse.jdt.internal.compiler.SourceElementParser::consumeMethodInvocationName (61 bytes)
Event: 714.552 Thread 0x000002624433e530 nmethod 21950% 0x000002622df46210 code [0x000002622df468c0, 0x000002622df4ae58]
Event: 714.579 Thread 0x000002624433da90 nmethod 21951 0x0000026235ab8690 code [0x0000026235ab8a00, 0x0000026235ababe0]

GC Heap History (20 events):
Event: 666.013 GC heap before
{Heap before GC invocations=151 (full 0):
 garbage-first heap   total 141312K, used 129283K [0x00000006c5800000, 0x00000007c0000000)
  region size 2048K, 34 young (69632K), 1 survivors (2048K)
 Metaspace       used 90756K, committed 92544K, reserved 1179648K
  class space    used 9122K, committed 9920K, reserved 1048576K
}
Event: 666.016 GC heap after
{Heap after GC invocations=152 (full 0):
 garbage-first heap   total 141312K, used 67400K [0x00000006c5800000, 0x00000007c0000000)
  region size 2048K, 3 young (6144K), 3 survivors (6144K)
 Metaspace       used 90756K, committed 92544K, reserved 1179648K
  class space    used 9122K, committed 9920K, reserved 1048576K
}
Event: 670.266 GC heap before
{Heap before GC invocations=152 (full 0):
 garbage-first heap   total 141312K, used 130888K [0x00000006c5800000, 0x00000007c0000000)
  region size 2048K, 34 young (69632K), 3 survivors (6144K)
 Metaspace       used 90787K, committed 92544K, reserved 1179648K
  class space    used 9122K, committed 9920K, reserved 1048576K
}
Event: 670.268 GC heap after
{Heap after GC invocations=153 (full 0):
 garbage-first heap   total 141312K, used 67763K [0x00000006c5800000, 0x00000007c0000000)
  region size 2048K, 3 young (6144K), 3 survivors (6144K)
 Metaspace       used 90787K, committed 92544K, reserved 1179648K
  class space    used 9122K, committed 9920K, reserved 1048576K
}
Event: 674.640 GC heap before
{Heap before GC invocations=154 (full 0):
 garbage-first heap   total 141312K, used 131251K [0x00000006c5800000, 0x00000007c0000000)
  region size 2048K, 34 young (69632K), 3 survivors (6144K)
 Metaspace       used 90799K, committed 92544K, reserved 1179648K
  class space    used 9122K, committed 9920K, reserved 1048576K
}
Event: 674.642 GC heap after
{Heap after GC invocations=155 (full 0):
 garbage-first heap   total 141312K, used 67662K [0x00000006c5800000, 0x00000007c0000000)
  region size 2048K, 3 young (6144K), 3 survivors (6144K)
 Metaspace       used 90799K, committed 92544K, reserved 1179648K
  class space    used 9122K, committed 9920K, reserved 1048576K
}
Event: 697.224 GC heap before
{Heap before GC invocations=155 (full 0):
 garbage-first heap   total 141312K, used 131150K [0x00000006c5800000, 0x00000007c0000000)
  region size 2048K, 34 young (69632K), 3 survivors (6144K)
 Metaspace       used 90847K, committed 92608K, reserved 1179648K
  class space    used 9122K, committed 9920K, reserved 1048576K
}
Event: 697.226 GC heap after
{Heap after GC invocations=156 (full 0):
 garbage-first heap   total 141312K, used 67863K [0x00000006c5800000, 0x00000007c0000000)
  region size 2048K, 3 young (6144K), 3 survivors (6144K)
 Metaspace       used 90847K, committed 92608K, reserved 1179648K
  class space    used 9122K, committed 9920K, reserved 1048576K
}
Event: 701.296 GC heap before
{Heap before GC invocations=157 (full 0):
 garbage-first heap   total 141312K, used 131351K [0x00000006c5800000, 0x00000007c0000000)
  region size 2048K, 34 young (69632K), 3 survivors (6144K)
 Metaspace       used 90926K, committed 92672K, reserved 1179648K
  class space    used 9124K, committed 9920K, reserved 1048576K
}
Event: 701.298 GC heap after
{Heap after GC invocations=158 (full 0):
 garbage-first heap   total 141312K, used 67400K [0x00000006c5800000, 0x00000007c0000000)
  region size 2048K, 3 young (6144K), 3 survivors (6144K)
 Metaspace       used 90926K, committed 92672K, reserved 1179648K
  class space    used 9124K, committed 9920K, reserved 1048576K
}
Event: 703.845 GC heap before
{Heap before GC invocations=158 (full 0):
 garbage-first heap   total 141312K, used 128840K [0x00000006c5800000, 0x00000007c0000000)
  region size 2048K, 34 young (69632K), 3 survivors (6144K)
 Metaspace       used 90941K, committed 92672K, reserved 1179648K
  class space    used 9125K, committed 9920K, reserved 1048576K
}
Event: 703.849 GC heap after
{Heap after GC invocations=159 (full 0):
 garbage-first heap   total 143360K, used 73195K [0x00000006c5800000, 0x00000007c0000000)
  region size 2048K, 5 young (10240K), 5 survivors (10240K)
 Metaspace       used 90941K, committed 92672K, reserved 1179648K
  class space    used 9125K, committed 9920K, reserved 1048576K
}
Event: 711.464 GC heap before
{Heap before GC invocations=160 (full 0):
 garbage-first heap   total 143360K, used 130539K [0x00000006c5800000, 0x00000007c0000000)
  region size 2048K, 33 young (67584K), 5 survivors (10240K)
 Metaspace       used 90986K, committed 92736K, reserved 1179648K
  class space    used 9125K, committed 9920K, reserved 1048576K
}
Event: 711.467 GC heap after
{Heap after GC invocations=161 (full 0):
 garbage-first heap   total 143360K, used 73871K [0x00000006c5800000, 0x00000007c0000000)
  region size 2048K, 1 young (2048K), 1 survivors (2048K)
 Metaspace       used 90986K, committed 92736K, reserved 1179648K
  class space    used 9125K, committed 9920K, reserved 1048576K
}
Event: 713.873 GC heap before
{Heap before GC invocations=161 (full 0):
 garbage-first heap   total 143360K, used 131215K [0x00000006c5800000, 0x00000007c0000000)
  region size 2048K, 29 young (59392K), 1 survivors (2048K)
 Metaspace       used 90988K, committed 92736K, reserved 1179648K
  class space    used 9125K, committed 9920K, reserved 1048576K
}
Event: 713.874 GC heap after
{Heap after GC invocations=162 (full 0):
 garbage-first heap   total 143360K, used 73594K [0x00000006c5800000, 0x00000007c0000000)
  region size 2048K, 1 young (2048K), 1 survivors (2048K)
 Metaspace       used 90988K, committed 92736K, reserved 1179648K
  class space    used 9125K, committed 9920K, reserved 1048576K
}
Event: 714.598 GC heap before
{Heap before GC invocations=162 (full 0):
 garbage-first heap   total 143360K, used 83834K [0x00000006c5800000, 0x00000007c0000000)
  region size 2048K, 7 young (14336K), 1 survivors (2048K)
 Metaspace       used 91148K, committed 92928K, reserved 1179648K
  class space    used 9125K, committed 9920K, reserved 1048576K
}
Event: 714.599 GC heap after
{Heap after GC invocations=163 (full 0):
 garbage-first heap   total 143360K, used 73394K [0x00000006c5800000, 0x00000007c0000000)
  region size 2048K, 1 young (2048K), 1 survivors (2048K)
 Metaspace       used 91148K, committed 92928K, reserved 1179648K
  class space    used 9125K, committed 9920K, reserved 1048576K
}
Event: 714.599 GC heap before
{Heap before GC invocations=163 (full 0):
 garbage-first heap   total 143360K, used 73394K [0x00000006c5800000, 0x00000007c0000000)
  region size 2048K, 1 young (2048K), 1 survivors (2048K)
 Metaspace       used 91148K, committed 92928K, reserved 1179648K
  class space    used 9125K, committed 9920K, reserved 1048576K
}
Event: 714.601 GC heap after
{Heap after GC invocations=164 (full 0):
 garbage-first heap   total 143360K, used 73350K [0x00000006c5800000, 0x00000007c0000000)
  region size 2048K, 1 young (2048K), 1 survivors (2048K)
 Metaspace       used 91148K, committed 92928K, reserved 1179648K
  class space    used 9125K, committed 9920K, reserved 1048576K
}

Dll operation events (20 events):
Event: 0.021 Attempting to load shared library c:\Users\PRASHANT\.vscode\extensions\redhat.java-1.56.0-win32-x64\jre\21.0.12.1-win32-x86_64\bin\java.dll
Event: 0.021 Loaded shared library c:\Users\PRASHANT\.vscode\extensions\redhat.java-1.56.0-win32-x64\jre\21.0.12.1-win32-x86_64\bin\java.dll
Event: 0.029 Attempting to load shared library c:\Users\PRASHANT\.vscode\extensions\redhat.java-1.56.0-win32-x64\jre\21.0.12.1-win32-x86_64\bin\zip.dll
Event: 0.030 Loaded shared library c:\Users\PRASHANT\.vscode\extensions\redhat.java-1.56.0-win32-x64\jre\21.0.12.1-win32-x86_64\bin\zip.dll
Event: 0.234 Attempting to load shared library C:\Users\PRASHANT\.vscode\extensions\redhat.java-1.56.0-win32-x64\jre\21.0.12.1-win32-x86_64\bin\instrument.dll
Event: 0.234 Loaded shared library C:\Users\PRASHANT\.vscode\extensions\redhat.java-1.56.0-win32-x64\jre\21.0.12.1-win32-x86_64\bin\instrument.dll
Event: 0.245 Attempting to load shared library C:\Users\PRASHANT\.vscode\extensions\redhat.java-1.56.0-win32-x64\jre\21.0.12.1-win32-x86_64\bin\net.dll
Event: 0.247 Loaded shared library C:\Users\PRASHANT\.vscode\extensions\redhat.java-1.56.0-win32-x64\jre\21.0.12.1-win32-x86_64\bin\net.dll
Event: 0.249 Attempting to load shared library C:\Users\PRASHANT\.vscode\extensions\redhat.java-1.56.0-win32-x64\jre\21.0.12.1-win32-x86_64\bin\nio.dll
Event: 0.249 Loaded shared library C:\Users\PRASHANT\.vscode\extensions\redhat.java-1.56.0-win32-x64\jre\21.0.12.1-win32-x86_64\bin\nio.dll
Event: 0.257 Attempting to load shared library C:\Users\PRASHANT\.vscode\extensions\redhat.java-1.56.0-win32-x64\jre\21.0.12.1-win32-x86_64\bin\zip.dll
Event: 0.257 Loaded shared library C:\Users\PRASHANT\.vscode\extensions\redhat.java-1.56.0-win32-x64\jre\21.0.12.1-win32-x86_64\bin\zip.dll
Event: 0.278 Attempting to load shared library C:\Users\PRASHANT\.vscode\extensions\redhat.java-1.56.0-win32-x64\jre\21.0.12.1-win32-x86_64\bin\jimage.dll
Event: 0.278 Loaded shared library C:\Users\PRASHANT\.vscode\extensions\redhat.java-1.56.0-win32-x64\jre\21.0.12.1-win32-x86_64\bin\jimage.dll
Event: 0.362 Attempting to load shared library c:\Users\PRASHANT\.vscode\extensions\redhat.java-1.56.0-win32-x64\jre\21.0.12.1-win32-x86_64\bin\verify.dll
Event: 0.362 Loaded shared library c:\Users\PRASHANT\.vscode\extensions\redhat.java-1.56.0-win32-x64\jre\21.0.12.1-win32-x86_64\bin\verify.dll
Event: 1.944 Attempting to load shared library C:\Users\PRASHANT\AppData\Roaming\Code\User\globalStorage\redhat.java\1.56.0\config_win\org.eclipse.equinox.launcher\org.eclipse.equinox.launcher.win32.win32.x86_64_1.3.100.v20260804-1928\eclipse_11924.dll
Event: 1.945 Loaded shared library C:\Users\PRASHANT\AppData\Roaming\Code\User\globalStorage\redhat.java\1.56.0\config_win\org.eclipse.equinox.launcher\org.eclipse.equinox.launcher.win32.win32.x86_64_1.3.100.v20260804-1928\eclipse_11924.dll
Event: 5.170 Attempting to load shared library C:\Users\PRASHANT\AppData\Local\Temp\jna--608479181\jna6983800835286158172.dll
Event: 5.326 Loaded shared library C:\Users\PRASHANT\AppData\Local\Temp\jna--608479181\jna6983800835286158172.dll

Deoptimization events (20 events):
Event: 711.820 Thread 0x000002624e21bb60 Uncommon trap: trap_request=0xffffff45 fr.pc=0x0000026235a178a0 relative=0x0000000000000a20
Event: 711.820 Thread 0x000002624e21bb60 Uncommon trap: reason=unstable_if action=reinterpret pc=0x0000026235a178a0 method=lombok.core.FieldAugment$MapFieldAugment.read(Ljava/lang/Object;)Ljava/lang/Object; @ 12 c2
Event: 711.820 Thread 0x000002624e21bb60 DEOPT PACKING pc=0x0000026235a178a0 sp=0x00000097167fdf20
Event: 711.820 Thread 0x000002624e21bb60 DEOPT UNPACKING pc=0x00000262347b43a2 sp=0x00000097167fdd78 mode 2
Event: 711.821 Thread 0x000002624e21bb60 Uncommon trap: trap_request=0xffffff45 fr.pc=0x00000262350aa3cc relative=0x00000000000006ac
Event: 711.821 Thread 0x000002624e21bb60 Uncommon trap: reason=unstable_if action=reinterpret pc=0x00000262350aa3cc method=org.eclipse.jdt.core.dom.DefaultBindingResolver.getMethodOrLambdaBinding(Lorg/eclipse/jdt/internal/compiler/lookup/MethodBinding;Lorg/eclipse/jdt/internal/compiler/lookup/Me
Event: 711.821 Thread 0x000002624e21bb60 DEOPT PACKING pc=0x00000262350aa3cc sp=0x00000097167fe7c0
Event: 711.821 Thread 0x000002624e21bb60 DEOPT UNPACKING pc=0x00000262347b43a2 sp=0x00000097167fe788 mode 2
Event: 711.995 Thread 0x0000026244cc7630 Uncommon trap: trap_request=0xffffff45 fr.pc=0x000002623505a590 relative=0x00000000000005f0
Event: 711.995 Thread 0x0000026244cc7630 Uncommon trap: reason=unstable_if action=reinterpret pc=0x000002623505a590 method=org.eclipse.jdt.core.dom.DefaultBindingResolver.getMethodOrLambdaBinding(Lorg/eclipse/jdt/internal/compiler/lookup/MethodBinding;Lorg/eclipse/jdt/internal/compiler/lookup/Me
Event: 711.995 Thread 0x0000026244cc7630 DEOPT PACKING pc=0x000002623505a590 sp=0x00000097165fe750
Event: 711.995 Thread 0x0000026244cc7630 DEOPT UNPACKING pc=0x00000262347b43a2 sp=0x00000097165fe6a0 mode 2
Event: 713.562 Thread 0x0000026244cc7630 Uncommon trap: trap_request=0xffffff45 fr.pc=0x00000262359591e4 relative=0x0000000000005d44
Event: 713.563 Thread 0x0000026244cc7630 Uncommon trap: reason=unstable_if action=reinterpret pc=0x00000262359591e4 method=org.eclipse.jdt.internal.compiler.parser.diagnose.DiagnoseParser.diagnoseParse0(Z)V @ 1068 c2
Event: 713.563 Thread 0x0000026244cc7630 DEOPT PACKING pc=0x00000262359591e4 sp=0x00000097165fe440
Event: 713.563 Thread 0x0000026244cc7630 DEOPT UNPACKING pc=0x00000262347b43a2 sp=0x00000097165fe3d8 mode 2
Event: 714.597 Thread 0x0000026244cc9700 Uncommon trap: trap_request=0xffffff3d fr.pc=0x0000026235532450 relative=0x0000000000005d10
Event: 714.597 Thread 0x0000026244cc9700 Uncommon trap: reason=unstable_fused_if action=reinterpret pc=0x0000026235532450 method=org.eclipse.jdt.internal.compiler.util.HashtableOfObject.<init>(I)V @ 47 c2
Event: 714.597 Thread 0x0000026244cc9700 DEOPT PACKING pc=0x0000026235532450 sp=0x00000097158ff230
Event: 714.597 Thread 0x0000026244cc9700 DEOPT UNPACKING pc=0x00000262347b43a2 sp=0x00000097158ff198 mode 2

Classes loaded (20 events):
Event: 314.144 Loading class java/util/stream/Nodes$ConcNode
Event: 314.144 Loading class java/util/stream/Nodes$AbstractConcNode
Event: 314.144 Loading class java/util/stream/Nodes$AbstractConcNode done
Event: 314.144 Loading class java/util/stream/Nodes$ConcNode done
Event: 314.159 Loading class java/util/stream/Nodes$ToArrayTask$OfRef
Event: 314.159 Loading class java/util/stream/Nodes$ToArrayTask
Event: 314.159 Loading class java/util/stream/Nodes$ToArrayTask done
Event: 314.159 Loading class java/util/stream/Nodes$ToArrayTask$OfRef done
Event: 314.161 Loading class java/io/ObjectOutputStream$BlockDataOutputStream
Event: 314.162 Loading class java/io/ObjectOutputStream$BlockDataOutputStream done
Event: 314.162 Loading class java/io/ObjectOutputStream$HandleTable
Event: 314.163 Loading class java/io/ObjectOutputStream$HandleTable done
Event: 314.163 Loading class java/io/ObjectOutputStream$ReplaceTable
Event: 314.163 Loading class java/io/ObjectOutputStream$ReplaceTable done
Event: 459.326 Loading class java/util/AbstractList$SubList
Event: 459.327 Loading class java/util/AbstractList$SubList done
Event: 459.345 Loading class java/util/AbstractList$SubList$1
Event: 459.345 Loading class java/util/AbstractList$SubList$1 done
Event: 529.610 Loading class java/lang/StringLatin1$CharsSpliterator
Event: 529.610 Loading class java/lang/StringLatin1$CharsSpliterator done

Classes unloaded (20 events):
Event: 6.122 Thread 0x00000262442b37e0 Unloading class 0x00000007c0292c00 'java/lang/invoke/LambdaForm$MH+0x00000007c0292c00'
Event: 6.122 Thread 0x00000262442b37e0 Unloading class 0x00000007c0292800 'java/lang/invoke/LambdaForm$MH+0x00000007c0292800'
Event: 6.122 Thread 0x00000262442b37e0 Unloading class 0x00000007c0292400 'java/lang/invoke/LambdaForm$MH+0x00000007c0292400'
Event: 6.122 Thread 0x00000262442b37e0 Unloading class 0x00000007c0292000 'java/lang/invoke/LambdaForm$MH+0x00000007c0292000'
Event: 6.122 Thread 0x00000262442b37e0 Unloading class 0x00000007c0291c00 'java/lang/invoke/LambdaForm$BMH+0x00000007c0291c00'
Event: 6.122 Thread 0x00000262442b37e0 Unloading class 0x00000007c0291800 'java/lang/invoke/LambdaForm$DMH+0x00000007c0291800'
Event: 6.122 Thread 0x00000262442b37e0 Unloading class 0x00000007c0290400 'java/lang/invoke/LambdaForm$DMH+0x00000007c0290400'
Event: 173.100 Thread 0x00000262442b37e0 Unloading class 0x00000007c07ad400 'java/lang/invoke/LambdaForm$MH+0x00000007c07ad400'
Event: 173.100 Thread 0x00000262442b37e0 Unloading class 0x00000007c07acc00 'java/lang/invoke/LambdaForm$MH+0x00000007c07acc00'
Event: 173.100 Thread 0x00000262442b37e0 Unloading class 0x00000007c07ac000 'java/lang/invoke/LambdaForm$MH+0x00000007c07ac000'
Event: 173.100 Thread 0x00000262442b37e0 Unloading class 0x00000007c079d800 'java/lang/invoke/LambdaForm$MH+0x00000007c079d800'
Event: 173.100 Thread 0x00000262442b37e0 Unloading class 0x00000007c079d400 'java/lang/invoke/LambdaForm$MH+0x00000007c079d400'
Event: 173.100 Thread 0x00000262442b37e0 Unloading class 0x00000007c079c800 'java/lang/invoke/LambdaForm$MH+0x00000007c079c800'
Event: 173.100 Thread 0x00000262442b37e0 Unloading class 0x00000007c079c000 'java/lang/invoke/LambdaForm$MH+0x00000007c079c000'
Event: 173.100 Thread 0x00000262442b37e0 Unloading class 0x00000007c0795400 'java/lang/invoke/LambdaForm$MH+0x00000007c0795400'
Event: 173.100 Thread 0x00000262442b37e0 Unloading class 0x00000007c0794c00 'java/lang/invoke/LambdaForm$MH+0x00000007c0794c00'
Event: 173.100 Thread 0x00000262442b37e0 Unloading class 0x00000007c0794000 'java/lang/invoke/LambdaForm$MH+0x00000007c0794000'
Event: 173.100 Thread 0x00000262442b37e0 Unloading class 0x00000007c0788800 'java/lang/invoke/LambdaForm$MH+0x00000007c0788800'
Event: 173.100 Thread 0x00000262442b37e0 Unloading class 0x00000007c0788000 'java/lang/invoke/LambdaForm$MH+0x00000007c0788000'
Event: 173.100 Thread 0x00000262442b37e0 Unloading class 0x00000007c0750c00 'java/lang/invoke/LambdaForm$DMH+0x00000007c0750c00'

Classes redefined (0 events):
No events

Internal exceptions (20 events):
Event: 670.162 Thread 0x0000026244cc9700 Exception <a 'java/io/FileNotFoundException'{0x00000006cbd79fb0}> (0x00000006cbd79fb0) 
thrown [s\src\hotspot\share\prims\jni.cpp, line 520]
Event: 670.591 Thread 0x0000026244cc9700 Exception <a 'java/io/FileNotFoundException'{0x00000007bff0bd78}> (0x00000007bff0bd78) 
thrown [s\src\hotspot\share\prims\jni.cpp, line 520]
Event: 675.310 Thread 0x0000026244cc9700 Exception <a 'java/io/FileNotFoundException'{0x00000006d52a5ab8}> (0x00000006d52a5ab8) 
thrown [s\src\hotspot\share\prims\jni.cpp, line 520]
Event: 675.739 Thread 0x0000026244cc9700 Exception <a 'java/io/FileNotFoundException'{0x00000006cd73fe18}> (0x00000006cd73fe18) 
thrown [s\src\hotspot\share\prims\jni.cpp, line 520]
Event: 695.237 Thread 0x000002624b054280 Exception <a 'java/io/FileNotFoundException'{0x00000006cccf9f50}> (0x00000006cccf9f50) 
thrown [s\src\hotspot\share\prims\jni.cpp, line 520]
Event: 696.632 Thread 0x0000026244cc9700 Exception <a 'java/io/FileNotFoundException'{0x00000006cd740770}> (0x00000006cd740770) 
thrown [s\src\hotspot\share\prims\jni.cpp, line 520]
Event: 696.881 Thread 0x0000026244cc9700 Exception <a 'java/io/FileNotFoundException'{0x00000006caa7fa48}> (0x00000006caa7fa48) 
thrown [s\src\hotspot\share\prims\jni.cpp, line 520]
Event: 697.654 Thread 0x0000026244cc9700 Exception <a 'java/io/FileNotFoundException'{0x00000007bf8635f0}> (0x00000007bf8635f0) 
thrown [s\src\hotspot\share\prims\jni.cpp, line 520]
Event: 698.074 Thread 0x0000026244cc9700 Exception <a 'java/io/FileNotFoundException'{0x00000006d5209128}> (0x00000006d5209128) 
thrown [s\src\hotspot\share\prims\jni.cpp, line 520]
Event: 699.929 Thread 0x000002624b052ed0 Exception <a 'java/io/FileNotFoundException'{0x00000006cc0a1fd0}> (0x00000006cc0a1fd0) 
thrown [s\src\hotspot\share\prims\jni.cpp, line 520]
Event: 702.622 Thread 0x0000026244cc9700 Exception <a 'java/io/FileNotFoundException'{0x00000006cd136558}> (0x00000006cd136558) 
thrown [s\src\hotspot\share\prims\jni.cpp, line 520]
Event: 703.128 Thread 0x0000026244cc9700 Exception <a 'java/io/FileNotFoundException'{0x00000006cb58c908}> (0x00000006cb58c908) 
thrown [s\src\hotspot\share\prims\jni.cpp, line 520]
Event: 704.333 Thread 0x0000026244cc9700 Exception <a 'java/io/FileNotFoundException'{0x00000006cd75a010}> (0x00000006cd75a010) 
thrown [s\src\hotspot\share\prims\jni.cpp, line 520]
Event: 704.758 Thread 0x0000026244cc9700 Exception <a 'java/io/FileNotFoundException'{0x00000006cd55f578}> (0x00000006cd55f578) 
thrown [s\src\hotspot\share\prims\jni.cpp, line 520]
Event: 706.225 Thread 0x0000026244cc9700 Exception <a 'java/io/FileNotFoundException'{0x00000006cd560138}> (0x00000006cd560138) 
thrown [s\src\hotspot\share\prims\jni.cpp, line 520]
Event: 706.656 Thread 0x0000026244cc9700 Exception <a 'java/io/FileNotFoundException'{0x00000006cbc1c780}> (0x00000006cbc1c780) 
thrown [s\src\hotspot\share\prims\jni.cpp, line 520]
Event: 711.003 Thread 0x000002624b054280 Exception <a 'java/io/FileNotFoundException'{0x00000006cb581c68}> (0x00000006cb581c68) 
thrown [s\src\hotspot\share\prims\jni.cpp, line 520]
Event: 711.820 Thread 0x000002624e21bb60 Implicit null exception at 0x00000262359fea53 to 0x0000026235a00638
Event: 713.177 Thread 0x000002624b052ed0 Exception <a 'java/io/FileNotFoundException'{0x00000006cbf7ccb8}> (0x00000006cbf7ccb8) 
thrown [s\src\hotspot\share\prims\jni.cpp, line 520]
Event: 714.540 Thread 0x0000026244cc9700 Exception <a 'java/io/FileNotFoundException'{0x00000006cd6ce6b0}> (0x00000006cd6ce6b0) 
thrown [s\src\hotspot\share\prims\jni.cpp, line 520]

ZGC Phase Switch (0 events):
No events

VM Operations (20 events):
Event: 702.299 Executing safepoint VM operation: Cleanup done
Event: 703.845 Executing safepoint VM operation: G1CollectForAllocation (G1 Evacuation Pause)
Event: 703.849 Executing safepoint VM operation: G1CollectForAllocation (G1 Evacuation Pause) done
Event: 703.876 Executing safepoint VM operation: G1PauseRemark
Event: 703.882 Executing safepoint VM operation: G1PauseRemark done
Event: 703.889 Executing safepoint VM operation: G1PauseCleanup
Event: 703.889 Executing safepoint VM operation: G1PauseCleanup done
Event: 706.891 Executing safepoint VM operation: Cleanup
Event: 706.891 Executing safepoint VM operation: Cleanup done
Event: 711.464 Executing safepoint VM operation: G1CollectForAllocation (G1 Evacuation Pause)
Event: 711.467 Executing safepoint VM operation: G1CollectForAllocation (G1 Evacuation Pause) done
Event: 712.467 Executing safepoint VM operation: Cleanup
Event: 712.467 Executing safepoint VM operation: Cleanup done
Event: 713.468 Executing safepoint VM operation: Cleanup
Event: 713.469 Executing safepoint VM operation: Cleanup done
Event: 713.873 Executing safepoint VM operation: G1CollectForAllocation (G1 Evacuation Pause)
Event: 713.875 Executing safepoint VM operation: G1CollectForAllocation (G1 Evacuation Pause) done
Event: 714.598 Executing safepoint VM operation: G1TryInitiateConcMark (G1 Humongous Allocation)
Event: 714.599 Executing safepoint VM operation: G1TryInitiateConcMark (G1 Humongous Allocation) done
Event: 714.599 Executing safepoint VM operation: G1CollectForAllocation (G1 Humongous Allocation)

Memory protections (0 events):
No events

Nmethod flushes (20 events):
Event: 703.881 Thread 0x00000262442b37e0 flushing  nmethod 0x000002622e639310
Event: 703.881 Thread 0x00000262442b37e0 flushing  nmethod 0x000002622e640d90
Event: 703.881 Thread 0x00000262442b37e0 flushing  nmethod 0x000002622e6a7190
Event: 703.881 Thread 0x00000262442b37e0 flushing  nmethod 0x000002622d235d10
Event: 703.881 Thread 0x00000262442b37e0 flushing  nmethod 0x000002622d385a10
Event: 703.881 Thread 0x00000262442b37e0 flushing  nmethod 0x000002622d41ea90
Event: 703.881 Thread 0x00000262442b37e0 flushing  nmethod 0x000002622e5b4e10
Event: 703.881 Thread 0x00000262442b37e0 flushing  nmethod 0x000002622d4e2e90
Event: 703.881 Thread 0x00000262442b37e0 flushing  nmethod 0x000002622d697e90
Event: 703.881 Thread 0x00000262442b37e0 flushing  nmethod 0x000002622d7b2a90
Event: 703.881 Thread 0x00000262442b37e0 flushing  nmethod 0x000002622d2ac310
Event: 703.881 Thread 0x00000262442b37e0 flushing  nmethod 0x000002622d56ee10
Event: 703.881 Thread 0x00000262442b37e0 flushing  nmethod 0x000002622d570290
Event: 703.881 Thread 0x00000262442b37e0 flushing  nmethod 0x000002622d67f310
Event: 703.881 Thread 0x00000262442b37e0 flushing  nmethod 0x000002622d717d90
Event: 703.881 Thread 0x00000262442b37e0 flushing  nmethod 0x000002622d83f290
Event: 703.881 Thread 0x00000262442b37e0 flushing  nmethod 0x000002622d929b90
Event: 703.881 Thread 0x00000262442b37e0 flushing  nmethod 0x000002622dc61690
Event: 703.881 Thread 0x00000262442b37e0 flushing  nmethod 0x000002622dc6a690
Event: 703.881 Thread 0x00000262442b37e0 flushing  nmethod 0x000002622de9a710

Events (20 events):
Event: 374.357 Thread 0x0000026244cc9070 Thread exited: 0x0000026244cc9070
Event: 374.965 Thread 0x000002624e2210b0 Thread exited: 0x000002624e2210b0
Event: 408.244 Thread 0x000002624e21f670 Thread exited: 0x000002624e21f670
Event: 442.171 Thread 0x000002624b053560 Thread added: 0x000002624d7b80b0
Event: 446.050 Thread 0x0000026244cc7cc0 Thread added: 0x000002624d7b9af0
Event: 446.749 Thread 0x000002624d7b9af0 Thread added: 0x000002624d7bbbc0
Event: 459.291 Thread 0x000002624433e530 Thread added: 0x000002624a18ea50
Event: 459.599 Thread 0x000002624a18ea50 Thread exited: 0x000002624a18ea50
Event: 460.954 Thread 0x000002624433e530 Thread added: 0x000002624a18ea50
Event: 461.786 Thread 0x000002624a18ea50 Thread exited: 0x000002624a18ea50
Event: 461.797 Thread 0x000002624433da90 Thread added: 0x000002624a18ea50
Event: 462.436 Thread 0x000002624a18ea50 Thread exited: 0x000002624a18ea50
Event: 521.875 Thread 0x000002624d7b80b0 Thread exited: 0x000002624d7b80b0
Event: 522.387 Thread 0x000002624b053560 Thread added: 0x000002624d7b9460
Event: 546.857 Thread 0x000002624433da90 Thread added: 0x000002624a18ea50
Event: 547.582 Thread 0x000002624a18ea50 Thread exited: 0x000002624a18ea50
Event: 582.713 Thread 0x000002624d7b9460 Thread exited: 0x000002624d7b9460
Event: 665.405 Thread 0x000002624433e530 Thread added: 0x000002624a193c10
Event: 666.277 Thread 0x000002624a193c10 Thread exited: 0x000002624a193c10
Event: 699.961 Thread 0x000002624b053560 Thread added: 0x000002624ad54d90


Dynamic libraries:
0x00007ff666e10000 - 0x00007ff666e1e000 	c:\Users\PRASHANT\.vscode\extensions\redhat.java-1.56.0-win32-x64\jre\21.0.12.1-win32-x86_64\bin\java.exe
0x00007ffee4fe0000 - 0x00007ffee5247000 	C:\WINDOWS\SYSTEM32\ntdll.dll
0x00007ffee49e0000 - 0x00007ffee4aab000 	C:\WINDOWS\System32\KERNEL32.DLL
0x00007ffee21e0000 - 0x00007ffee25e1000 	C:\WINDOWS\System32\KERNELBASE.dll
0x00007ffee2770000 - 0x00007ffee28bc000 	C:\WINDOWS\System32\ucrtbase.dll
0x00007ffec8840000 - 0x00007ffec885e000 	c:\Users\PRASHANT\.vscode\extensions\redhat.java-1.56.0-win32-x64\jre\21.0.12.1-win32-x86_64\bin\VCRUNTIME140.dll
0x00007ffecc9f0000 - 0x00007ffecca08000 	c:\Users\PRASHANT\.vscode\extensions\redhat.java-1.56.0-win32-x64\jre\21.0.12.1-win32-x86_64\bin\jli.dll
0x00007ffee4800000 - 0x00007ffee49d7000 	C:\WINDOWS\System32\USER32.dll
0x00007ffee26b0000 - 0x00007ffee26d7000 	C:\WINDOWS\System32\win32u.dll
0x00007ffebf8c0000 - 0x00007ffebfb50000 	C:\WINDOWS\WinSxS\amd64_microsoft.windows.common-controls_6595b64144ccf1df_6.0.26100.9549_none_3e0a0396e3330090\COMCTL32.dll
0x00007ffee4060000 - 0x00007ffee408b000 	C:\WINDOWS\System32\GDI32.dll
0x00007ffee39b0000 - 0x00007ffee3a59000 	C:\WINDOWS\System32\msvcrt.dll
0x00007ffee2bd0000 - 0x00007ffee2cf8000 	C:\WINDOWS\System32\gdi32full.dll
0x00007ffee2b20000 - 0x00007ffee2bc3000 	C:\WINDOWS\System32\msvcp_win.dll
0x00007ffee42c0000 - 0x00007ffee42f1000 	C:\WINDOWS\System32\IMM32.DLL
0x00007ffed3060000 - 0x00007ffed306c000 	c:\Users\PRASHANT\.vscode\extensions\redhat.java-1.56.0-win32-x64\jre\21.0.12.1-win32-x86_64\bin\vcruntime140_1.dll
0x00007ffe68fb0000 - 0x00007ffe6903d000 	c:\Users\PRASHANT\.vscode\extensions\redhat.java-1.56.0-win32-x64\jre\21.0.12.1-win32-x86_64\bin\msvcp140.dll
0x00007ffdf8d60000 - 0x00007ffdf9b02000 	c:\Users\PRASHANT\.vscode\extensions\redhat.java-1.56.0-win32-x64\jre\21.0.12.1-win32-x86_64\bin\server\jvm.dll
0x00007ffee2d90000 - 0x00007ffee2e4b000 	C:\WINDOWS\System32\ADVAPI32.dll
0x00007ffee2e80000 - 0x00007ffee2f28000 	C:\WINDOWS\System32\sechost.dll
0x00007ffee3890000 - 0x00007ffee39a8000 	C:\WINDOWS\System32\RPCRT4.dll
0x00007ffee3800000 - 0x00007ffee3881000 	C:\WINDOWS\System32\WS2_32.dll
0x00007ffee18c0000 - 0x00007ffee191e000 	C:\WINDOWS\SYSTEM32\POWRPROF.dll
0x00007ffed0550000 - 0x00007ffed0587000 	C:\WINDOWS\SYSTEM32\WINMM.dll
0x00007ffed7e10000 - 0x00007ffed7e1b000 	C:\WINDOWS\SYSTEM32\VERSION.dll
0x00007ffee1860000 - 0x00007ffee1875000 	C:\WINDOWS\SYSTEM32\UMPDC.dll
0x00007ffee0e80000 - 0x00007ffee0e9b000 	C:\WINDOWS\SYSTEM32\kernel.appcore.dll
0x00007ffecc7c0000 - 0x00007ffecc7ca000 	c:\Users\PRASHANT\.vscode\extensions\redhat.java-1.56.0-win32-x64\jre\21.0.12.1-win32-x86_64\bin\jimage.dll
0x00007ffedf710000 - 0x00007ffedf95c000 	C:\WINDOWS\SYSTEM32\DBGHELP.DLL
0x00007ffee4470000 - 0x00007ffee47fa000 	C:\WINDOWS\System32\combase.dll
0x00007ffee3f80000 - 0x00007ffee4059000 	C:\WINDOWS\System32\OLEAUT32.dll
0x00007ffebf330000 - 0x00007ffebf36b000 	C:\WINDOWS\SYSTEM32\dbgcore.DLL
0x00007ffee2a60000 - 0x00007ffee2b0c000 	C:\WINDOWS\System32\bcryptPrimitives.dll
0x00007ffecc710000 - 0x00007ffecc71f000 	c:\Users\PRASHANT\.vscode\extensions\redhat.java-1.56.0-win32-x64\jre\21.0.12.1-win32-x86_64\bin\instrument.dll
0x00007ffec7d80000 - 0x00007ffec7da0000 	c:\Users\PRASHANT\.vscode\extensions\redhat.java-1.56.0-win32-x64\jre\21.0.12.1-win32-x86_64\bin\java.dll
0x00007ffec7c40000 - 0x00007ffec7c58000 	c:\Users\PRASHANT\.vscode\extensions\redhat.java-1.56.0-win32-x64\jre\21.0.12.1-win32-x86_64\bin\zip.dll
0x00007ffee3040000 - 0x00007ffee37dc000 	C:\WINDOWS\System32\SHELL32.dll
0x00007ffedfbf0000 - 0x00007ffee049d000 	C:\WINDOWS\SYSTEM32\windows.storage.dll
0x00007ffee2f30000 - 0x00007ffee3029000 	C:\WINDOWS\System32\SHCORE.dll
0x00007ffee4d50000 - 0x00007ffee4db6000 	C:\WINDOWS\System32\shlwapi.dll
0x00007ffee20f0000 - 0x00007ffee2119000 	C:\WINDOWS\SYSTEM32\profapi.dll
0x00007ffec8890000 - 0x00007ffec88a0000 	C:\Users\PRASHANT\.vscode\extensions\redhat.java-1.56.0-win32-x64\jre\21.0.12.1-win32-x86_64\bin\net.dll
0x00007ffed9840000 - 0x00007ffed996a000 	C:\WINDOWS\SYSTEM32\WINHTTP.dll
0x00007ffee14b0000 - 0x00007ffee151c000 	C:\WINDOWS\system32\mswsock.dll
0x00007ffec5de0000 - 0x00007ffec5df6000 	C:\Users\PRASHANT\.vscode\extensions\redhat.java-1.56.0-win32-x64\jre\21.0.12.1-win32-x86_64\bin\nio.dll
0x00007ffec7d70000 - 0x00007ffec7d80000 	c:\Users\PRASHANT\.vscode\extensions\redhat.java-1.56.0-win32-x64\jre\21.0.12.1-win32-x86_64\bin\verify.dll
0x00007ffec4a70000 - 0x00007ffec4ab5000 	C:\Users\PRASHANT\AppData\Roaming\Code\User\globalStorage\redhat.java\1.56.0\config_win\org.eclipse.equinox.launcher\org.eclipse.equinox.launcher.win32.win32.x86_64_1.3.100.v20260804-1928\eclipse_11924.dll
0x00007ffee40d0000 - 0x00007ffee426a000 	C:\WINDOWS\System32\ole32.dll
0x00007ffee17c0000 - 0x00007ffee17db000 	C:\WINDOWS\SYSTEM32\CRYPTSP.dll
0x00007ffee0de0000 - 0x00007ffee0e19000 	C:\WINDOWS\system32\rsaenh.dll
0x00007ffee1560000 - 0x00007ffee1594000 	C:\WINDOWS\SYSTEM32\USERENV.dll
0x00007ffee20c0000 - 0x00007ffee20ea000 	C:\WINDOWS\SYSTEM32\bcrypt.dll
0x00007ffee17e0000 - 0x00007ffee17ec000 	C:\WINDOWS\SYSTEM32\CRYPTBASE.dll
0x00007ffee08c0000 - 0x00007ffee08f3000 	C:\WINDOWS\SYSTEM32\IPHLPAPI.DLL
0x00007ffee3030000 - 0x00007ffee303a000 	C:\WINDOWS\System32\NSI.dll
0x00007ffec5430000 - 0x00007ffec5479000 	C:\Users\PRASHANT\AppData\Local\Temp\jna--608479181\jna6983800835286158172.dll
0x00007ffee40c0000 - 0x00007ffee40c8000 	C:\WINDOWS\System32\PSAPI.DLL
0x00007ffed99a0000 - 0x00007ffed99be000 	C:\WINDOWS\SYSTEM32\dhcpcsvc6.DLL
0x00007ffed9970000 - 0x00007ffed9995000 	C:\WINDOWS\SYSTEM32\dhcpcsvc.DLL

JVMTI agents:
c:\Users\PRASHANT\.vscode\extensions\redhat.java-1.56.0-win32-x64\lombok\lombok-1.18.39-4050.jar path:c:\Users\PRASHANT\.vscode\extensions\redhat.java-1.56.0-win32-x64\jre\21.0.12.1-win32-x86_64\bin\instrument.dll, loaded, initialized, instrumentlib options:none

dbghelp: loaded successfully - version: 4.0.5 - missing functions: none
symbol engine: initialized successfully - sym options: 0x614 - pdb path: .;c:\Users\PRASHANT\.vscode\extensions\redhat.java-1.56.0-win32-x64\jre\21.0.12.1-win32-x86_64\bin;C:\WINDOWS\SYSTEM32;C:\WINDOWS\WinSxS\amd64_microsoft.windows.common-controls_6595b64144ccf1df_6.0.26100.9549_none_3e0a0396e3330090;c:\Users\PRASHANT\.vscode\extensions\redhat.java-1.56.0-win32-x64\jre\21.0.12.1-win32-x86_64\bin\server;C:\Users\PRASHANT\AppData\Roaming\Code\User\globalStorage\redhat.java\1.56.0\config_win\org.eclipse.equinox.launcher\org.eclipse.equinox.launcher.win32.win32.x86_64_1.3.100.v20260804-1928;C:\Users\PRASHANT\AppData\Local\Temp\jna--608479181

VM Arguments:
jvm_args: --add-modules=ALL-SYSTEM --add-opens=java.base/java.util=ALL-UNNAMED --add-opens=java.base/java.lang=ALL-UNNAMED --add-opens=java.base/sun.nio.fs=ALL-UNNAMED -Declipse.application=org.eclipse.jdt.ls.core.id1 -Dosgi.bundles.defaultStartLevel=4 -Declipse.product=org.eclipse.jdt.ls.core.product -Djava.import.generatesMetadataFilesAtProjectRoot=false -Dm2e.project.cache.size=50 -DDetectVMInstallationsJob.disabled=true -Dfile.encoding=utf8 -Xlog:disable -Xshare:off -javaagent:c:\Users\PRASHANT\.vscode\extensions\redhat.java-1.56.0-win32-x64\lombok\lombok-1.18.39-4050.jar -XX:+HeapDumpOnOutOfMemoryError -XX:HeapDumpPath=c:\Users\PRASHANT\AppData\Roaming\Code\User\workspaceStorage\3ce9d61f8507f1e94ae1f52ef510885b\redhat.java -Daether.dependencyCollector.impl=bf 
java_command: c:\Users\PRASHANT\.vscode\extensions\redhat.java-1.56.0-win32-x64\server\plugins\org.eclipse.equinox.launcher_1.8.0.v20260804-1928.jar -configuration c:\Users\PRASHANT\AppData\Roaming\Code\User\globalStorage\redhat.java\1.56.0\config_win -data c:\Users\PRASHANT\AppData\Roaming\Code\User\workspaceStorage\3ce9d61f8507f1e94ae1f52ef510885b\redhat.java\jdt_ws --stdio
java_class_path (initial): c:\Users\PRASHANT\.vscode\extensions\redhat.java-1.56.0-win32-x64\server\plugins\org.eclipse.equinox.launcher_1.8.0.v20260804-1928.jar
Launcher Type: SUN_STANDARD

[Global flags]
     intx CICompilerCount                          = 4                                         {product} {ergonomic}
     uint ConcGCThreads                            = 3                                         {product} {ergonomic}
     uint G1ConcRefinementThreads                  = 10                                        {product} {ergonomic}
   size_t G1HeapRegionSize                         = 2097152                                   {product} {ergonomic}
    uintx GCDrainStackTargetSize                   = 64                                        {product} {ergonomic}
     bool HeapDumpOnOutOfMemoryError               = true                                   {manageable} {command line}
    ccstr HeapDumpPath                             = c:\Users\PRASHANT\AppData\Roaming\Code\User\workspaceStorage\3ce9d61f8507f1e94ae1f52ef510885b\redhat.java         {manageable} {command line}
   size_t InitialHeapSize                          = 264241152                                 {product} {ergonomic}
   size_t MarkStackSize                            = 4194304                                   {product} {ergonomic}
   size_t MaxHeapSize                              = 4202692608                                {product} {ergonomic}
   size_t MaxNewSize                               = 2520776704                                {product} {ergonomic}
   size_t MinHeapDeltaBytes                        = 2097152                                   {product} {ergonomic}
   size_t MinHeapSize                              = 8388608                                   {product} {ergonomic}
    uintx NonNMethodCodeHeapSize                   = 5839372                                {pd product} {ergonomic}
    uintx NonProfiledCodeHeapSize                  = 122909434                              {pd product} {ergonomic}
    uintx ProfiledCodeHeapSize                     = 122909434                              {pd product} {ergonomic}
    uintx ReservedCodeCacheSize                    = 251658240                              {pd product} {ergonomic}
     bool SegmentedCodeCache                       = true                                      {product} {ergonomic}
   size_t SoftMaxHeapSize                          = 4202692608                             {manageable} {ergonomic}
     bool UseCompressedOops                        = true                           {product lp64_product} {ergonomic}
     bool UseG1GC                                  = true                                      {product} {ergonomic}
     bool UseLargePagesIndividualAllocation        = false                                  {pd product} {ergonomic}

Logging:
Log output configuration:
 #0: stdout all=off uptime,level,tags foldmultilines=false
 #1: stderr all=off uptime,level,tags foldmultilines=false

Release file:
JAVA_VERSION="21.0.12.1" 
MODULES="java.base java.compiler java.datatransfer java.xml java.prefs java.desktop java.instrument java.logging java.management java.security.sasl java.naming java.rmi java.management.rmi java.net.http java.scripting java.security.jgss java.transaction.xa java.sql java.sql.rowset java.xml.crypto java.se java.smartcardio jdk.accessibility jdk.internal.jvmstat jdk.attach jdk.charsets jdk.internal.opt jdk.zipfs jdk.compiler jdk.crypto.ec jdk.crypto.cryptoki jdk.crypto.mscapi jdk.dynalink jdk.internal.ed jdk.editpad jdk.hotspot.agent jdk.httpserver jdk.internal.le jdk.internal.vm.ci jdk.internal.vm.compiler jdk.internal.vm.compiler.management jdk.jartool jdk.javadoc jdk.jcmd jdk.management jdk.management.agent jdk.jconsole jdk.jdeps jdk.jdwp.agent jdk.jdi jdk.jfr jdk.jshell jdk.jsobject jdk.jstatd jdk.localedata jdk.management.jfr jdk.naming.dns jdk.naming.rmi jdk.net jdk.nio.mapmode jdk.random jdk.sctp jdk.security.auth jdk.security.jgss jdk.unsupported jdk.unsupported.desktop jdk.xml.dom" 

Environment Variables:
PATH=C:\Program Files\Common Files\Oracle\Java\javapath;C:\app\PRASHANT\product\21c\dbhomeXE\bin;C:\Program Files (x86)\Common Files\Intel\Shared Libraries\redist\intel64\compiler;C:\windows\system32;C:\windows;C:\windows\System32\Wbem;C:\windows\System32\WindowsPowerShell\v1.0\;C:\windows\System32\OpenSSH\;C:\Program Files (x86)\NVIDIA Corporation\PhysX\Common;C:\Program Files\NVIDIA Corporation\NVIDIA NvDLISR;C:\Users\Administrator\AppData\Local\Microsoft\WindowsApps;C:\Program Files\HP\OMEN-Broadcast\Common;C:\WINDOWS\system32;C:\WINDOWS;C:\WINDOWS\System32\Wbem;C:\WINDOWS\System32\WindowsPowerShell\v1.0\;C:\WINDOWS\System32\OpenSSH\;C:\Program Files\nodejs\;C:\Program Files\Java\jdk-25\bin;C:\Program Files\dotnet\;C:\Program Files\MySQL\MySQL Server 8.0\bin;C:\Program Files\Git\cmd;C:\Program Files\Git\mingw64\bin;C:\Program Files\Git\usr\bin;C:\Program Files\MongoDB\Server\8.2\bin;C:\Program Files\Java\jdk-26.0.1\bin;C:\Users\PRASHANT\AppData\Local\Muse Hub\lib;C:\Users\PRASHANT\AppData\Local\Programs\Python\Python310\Scripts\;C:\Users\PRASHANT\AppData\Local\Programs\Python\Python310\;C:\Users\PRASHANT\AppData\Local\Microsoft\WindowsApps;C:\Users\PRASHANT\AppData\Roaming\npm;C:\Program Files\Java\jdk-25\bin;D:\MINGW\bin;C:\Users\PRASHANT\AppData\Local\Programs\Antigravity\bin;C:\Users\PRASHANT\AppData\Local\Programs\cursor\resources\app\bin;C:\Users\PRASHANT\AppData\Local\Programs\Microsoft VS Code\bin;C:\Program Files\mongosh\;C:\Users\PRASHANT\AppData\Local\Microsoft\WinGet\Packages\Gyan.FFmpeg_Microsoft.Winget.Source_8wekyb3d8bbwe\ffmpeg-8.1-full_build\bin;D:\DESKTOP\Windsurf\bin;D:\Kingsoft\WPS Office\12.1.0.27458\clitool;C:\Users\PRASHANT\AppData\Local\Programs\Antigravity IDE\bin;C:\Users\PRASHANT\AppData\Local\Muse Hub\lib
USERNAME=PRASHANT
OS=Windows_NT
PROCESSOR_IDENTIFIER=Intel64 Family 6 Model 154 Stepping 3, GenuineIntel
TMP=C:\Users\PRASHANT\AppData\Local\Temp
TEMP=C:\Users\PRASHANT\AppData\Local\Temp




Periodic native trim disabled

---------------  S Y S T E M  ---------------

OS:
 Windows 11 , 64 bit Build 26100 (10.0.26100.9549)
OS uptime: 3 days 8:07 hours
Hyper-V role detected

CPU: total 12 (initial active 12) (6 cores per cpu, 2 threads per core) family 6 model 154 stepping 3 microcode 0x437, cx8, cmov, fxsr, ht, mmx, 3dnowpref, sse, sse2, sse3, ssse3, sse4.1, sse4.2, popcnt, lzcnt, tsc, tscinvbit, avx, avx2, aes, erms, clmul, bmi1, bmi2, adx, sha, fma, vzeroupper, clflush, clflushopt, clwb, hv, serialize, rdtscp, rdpid, fsrm, f16c, cet_ibt, cet_ss
Processor Information for processor 0
  Max Mhz: 2000, Current Mhz: 1520, Mhz Limit: 2000
Processor Information for processor 1
  Max Mhz: 2000, Current Mhz: 2000, Mhz Limit: 2000
Processor Information for processor 2
  Max Mhz: 2000, Current Mhz: 1520, Mhz Limit: 2000
Processor Information for processor 3
  Max Mhz: 2000, Current Mhz: 2000, Mhz Limit: 2000
Processor Information for processor 4
  Max Mhz: 2000, Current Mhz: 1520, Mhz Limit: 2000
Processor Information for processor 5
  Max Mhz: 2000, Current Mhz: 2000, Mhz Limit: 2000
Processor Information for processor 6
  Max Mhz: 2000, Current Mhz: 2000, Mhz Limit: 2000
Processor Information for processor 7
  Max Mhz: 2000, Current Mhz: 2000, Mhz Limit: 2000
Processor Information for processor 8
  Max Mhz: 2000, Current Mhz: 1466, Mhz Limit: 2000
Processor Information for processor 9
  Max Mhz: 2000, Current Mhz: 1466, Mhz Limit: 2000
Processor Information for processor 10
  Max Mhz: 2000, Current Mhz: 1466, Mhz Limit: 2000
Processor Information for processor 11
  Max Mhz: 2000, Current Mhz: 1466, Mhz Limit: 2000

Memory: 4k page, system-wide physical 16024M (3435M free)
TotalPageFile size 20120M (AvailPageFile size 2800M)
current process WorkingSet (physical memory assigned to process): 420M, peak: 421M
current process commit charge ("private bytes"): 561M, peak: 4309M

vm_info: OpenJDK 64-Bit Server VM (21.0.12.1+1-LTS) for windows-amd64 JRE (21.0.12.1+1-LTS), built on 2026-08-18T00:00:00Z by "admin" with MS VC++ 17.12 (VS2022)

END.
