#
# There is insufficient memory for the Java Runtime Environment to continue.
# Native memory allocation (mmap) failed to map 3800039424 bytes. Error detail: G1 virtual space
# Possible reasons:
#   The system is out of physical RAM or swap space
#   This process is running with CompressedOops enabled, and the Java Heap may be blocking the growth of the native heap
# Possible solutions:
#   Reduce memory load on the system
#   Increase physical memory or swap space
#   Check if swap backing store is full
#   Decrease Java heap size (-Xmx/-Xms)
#   Decrease number of Java threads
#   Decrease Java thread stack sizes (-Xss)
#   Set larger code cache with -XX:ReservedCodeCacheSize=
#   JVM is running with Zero Based Compressed Oops mode in which the Java heap is
#     placed in the first 32GB address space. The Java Heap base address is the
#     maximum limit for the native heap growth. Please use -XX:HeapBaseMinAddress
#     to set the Java Heap base and to place the Java Heap above 32GB virtual address.
# This output file may be truncated or incomplete.
#
#  Out of Memory Error (os_windows.cpp:3732), pid=26516, tid=21932
#
# JRE version: OpenJDK Runtime Environment Temurin-21.0.12.1+1 (21.0.12.1+1) (build 21.0.12.1+1-LTS)
# Java VM: OpenJDK 64-Bit Server VM Temurin-21.0.12.1+1 (21.0.12.1+1-LTS, mixed mode, tiered, compressed oops, compressed class ptrs, g1 gc, windows-amd64)
# No core dump will be written. Minidumps are not enabled by default on client versions of Windows
#

---------------  S U M M A R Y ------------

Command Line: --add-modules=ALL-SYSTEM --add-opens=java.base/java.util=ALL-UNNAMED --add-opens=java.base/java.lang=ALL-UNNAMED --add-opens=java.base/sun.nio.fs=ALL-UNNAMED -Declipse.application=org.eclipse.jdt.ls.core.id1 -Dosgi.bundles.defaultStartLevel=4 -Declipse.product=org.eclipse.jdt.ls.core.product -Djava.import.generatesMetadataFilesAtProjectRoot=false -Dm2e.project.cache.size=50 -DDetectVMInstallationsJob.disabled=true -Dfile.encoding=utf8 -Xlog:disable -Xshare:off -javaagent:c:\Users\PRASHANT\.vscode\extensions\redhat.java-1.56.0-win32-x64\lombok\lombok-1.18.39-4050.jar -XX:+HeapDumpOnOutOfMemoryError -XX:HeapDumpPath=c:\Users\PRASHANT\AppData\Roaming\Code\User\workspaceStorage\14190b1e227383061d6b68b31169a3ac\redhat.java -Daether.dependencyCollector.impl=bf c:\Users\PRASHANT\.vscode\extensions\redhat.java-1.56.0-win32-x64\server\plugins\org.eclipse.equinox.launcher_1.8.0.v20260804-1928.jar -configuration c:\Users\PRASHANT\AppData\Roaming\Code\User\globalStorage\redhat.java\1.56.0\config_win -data c:\Users\PRASHANT\AppData\Roaming\Code\User\workspaceStorage\14190b1e227383061d6b68b31169a3ac\redhat.java\jdt_ws --pipe=\\.\pipe\lsp-56a545253df18fa0e670be7ea38acc83-sock

Host: 12th Gen Intel(R) Core(TM) i5-12450H, 12 cores, 15G,  Windows 11 , 64 bit Build 26100 (10.0.26100.9444)
Time: Fri Sep 18 23:08:57 2026 India Standard Time elapsed time: 1258.597915 seconds (0d 0h 20m 58s)

---------------  T H R E A D  ---------------

Current thread (0x000001f44f642e70):  VMThread "VM Thread"          [id=21932, stack(0x0000004f34100000,0x0000004f34200000) (1024K)]

Stack: [0x0000004f34100000,0x0000004f34200000]
Native frames: (J=compiled Java code, j=interpreted, Vv=VM code, C=native code)
V  [jvm.dll+0x6d83e9]
V  [jvm.dll+0x8b5736]
V  [jvm.dll+0x8b7cee]
V  [jvm.dll+0x8b83d3]
V  [jvm.dll+0x284596]
V  [jvm.dll+0x6d4d05]
V  [jvm.dll+0x6c898a]
V  [jvm.dll+0x35f2f8]
V  [jvm.dll+0x366f36]
V  [jvm.dll+0x3b804e]
V  [jvm.dll+0x3b82f8]
V  [jvm.dll+0x33320c]
V  [jvm.dll+0x335fce]
V  [jvm.dll+0x375196]
V  [jvm.dll+0x8be0c0]
V  [jvm.dll+0x8bf434]
V  [jvm.dll+0x8bf960]
V  [jvm.dll+0x8bfc03]
V  [jvm.dll+0x8600cd]
V  [jvm.dll+0x6d6c1d]
C  [ucrtbase.dll+0x2cd30]
C  [KERNEL32.DLL+0x2cd87]
C  [ntdll.dll+0xacaec]

VM_Operation (0x0000004f364fe950): G1CollectForAllocation, mode: safepoint, requested by thread 0x000001f454da6740


---------------  P R O C E S S  ---------------

Threads class SMR info:
_java_thread_list=0x000001f45890a830, length=65, elements={
0x000001f4353fe230, 0x000001f44f6ee7c0, 0x000001f44f6cdee0, 0x000001f44f6d9880,
0x000001f44f6fb4e0, 0x000001f44f6fd380, 0x000001f44f6fdf10, 0x000001f44f6feca0,
0x000001f44f70bcf0, 0x000001f4540503c0, 0x000001f454172460, 0x000001f45481ea80,
0x000001f454d7f6a0, 0x000001f4543aa1d0, 0x000001f4543aa840, 0x000001f455120b90,
0x000001f4557ce800, 0x000001f45540d630, 0x000001f454da7460, 0x000001f454da6740,
0x000001f454da6dd0, 0x000001f454da4670, 0x000001f456765e90, 0x000001f456766520,
0x000001f4567678d0, 0x000001f456764450, 0x000001f456766bb0, 0x000001f456767240,
0x000001f456767f60, 0x000001f456764ae0, 0x000001f4567685f0, 0x000001f456765170,
0x000001f456768c80, 0x000001f456765800, 0x000001f45676ba70, 0x000001f456769310,
0x000001f45676ad50, 0x000001f4587ed080, 0x000001f4587f25d0, 0x000001f4587ed710,
0x000001f4587f18b0, 0x000001f4587f0500, 0x000001f45521a5d0, 0x000001f45521e0e0,
0x000001f45521e770, 0x000001f45521d3c0, 0x000001f45521f490, 0x000001f4587f0b90,
0x000001f45676b3e0, 0x000001f45773e490, 0x000001f45773f840, 0x000001f457741280,
0x000001f4577439e0, 0x000001f457741910, 0x000001f457741fa0, 0x000001f457743350,
0x000001f4587ec9f0, 0x000001f4587f2c60, 0x000001f454da3fe0, 0x000001f45773ca50,
0x000001f457742cc0, 0x000001f457744070, 0x000001f45987f860, 0x000001f45987eac0,
0x000001f455219f40
}

Java Threads: ( => current thread )
  0x000001f4353fe230 JavaThread "main"                              [_thread_blocked, id=18400, stack(0x0000004f33a00000,0x0000004f33b00000) (1024K)]
  0x000001f44f6ee7c0 JavaThread "Reference Handler"          daemon [_thread_blocked, id=25684, stack(0x0000004f34200000,0x0000004f34300000) (1024K)]
  0x000001f44f6cdee0 JavaThread "Finalizer"                  daemon [_thread_blocked, id=20392, stack(0x0000004f34300000,0x0000004f34400000) (1024K)]
  0x000001f44f6d9880 JavaThread "Signal Dispatcher"          daemon [_thread_blocked, id=9884, stack(0x0000004f34400000,0x0000004f34500000) (1024K)]
  0x000001f44f6fb4e0 JavaThread "Attach Listener"            daemon [_thread_blocked, id=27880, stack(0x0000004f34500000,0x0000004f34600000) (1024K)]
  0x000001f44f6fd380 JavaThread "Service Thread"             daemon [_thread_blocked, id=31380, stack(0x0000004f34600000,0x0000004f34700000) (1024K)]
  0x000001f44f6fdf10 JavaThread "Monitor Deflation Thread"   daemon [_thread_blocked, id=17048, stack(0x0000004f34700000,0x0000004f34800000) (1024K)]
  0x000001f44f6feca0 JavaThread "C2 CompilerThread0"         daemon [_thread_blocked, id=20920, stack(0x0000004f34800000,0x0000004f34900000) (1024K)]
  0x000001f44f70bcf0 JavaThread "C1 CompilerThread0"         daemon [_thread_blocked, id=28392, stack(0x0000004f34900000,0x0000004f34a00000) (1024K)]
  0x000001f4540503c0 JavaThread "Common-Cleaner"             daemon [_thread_blocked, id=10400, stack(0x0000004f34a00000,0x0000004f34b00000) (1024K)]
  0x000001f454172460 JavaThread "Notification Thread"        daemon [_thread_blocked, id=29304, stack(0x0000004f34b00000,0x0000004f34c00000) (1024K)]
  0x000001f45481ea80 JavaThread "Active Thread: Equinox Container: cfca821b-75a8-4169-acb7-244ffbc90da4"        [_thread_blocked, id=30068, stack(0x0000004f35400000,0x0000004f35500000) (1024K)]
  0x000001f454d7f6a0 JavaThread "Refresh Thread: Equinox Container: cfca821b-75a8-4169-acb7-244ffbc90da4" daemon [_thread_blocked, id=2108, stack(0x0000004f35500000,0x0000004f35600000) (1024K)]
  0x000001f4543aa1d0 JavaThread "Framework Event Dispatcher: Equinox Container: cfca821b-75a8-4169-acb7-244ffbc90da4" daemon [_thread_blocked, id=29444, stack(0x0000004f35600000,0x0000004f35700000) (1024K)]
  0x000001f4543aa840 JavaThread "Start Level: Equinox Container: cfca821b-75a8-4169-acb7-244ffbc90da4" daemon [_thread_blocked, id=30804, stack(0x0000004f35700000,0x0000004f35800000) (1024K)]
  0x000001f455120b90 JavaThread "Bundle File Closer"         daemon [_thread_blocked, id=18216, stack(0x0000004f35a00000,0x0000004f35b00000) (1024K)]
  0x000001f4557ce800 JavaThread "SCR Component Actor"        daemon [_thread_blocked, id=20528, stack(0x0000004f35200000,0x0000004f35300000) (1024K)]
  0x000001f45540d630 JavaThread "Worker-JM"                         [_thread_blocked, id=17232, stack(0x0000004f35f00000,0x0000004f36000000) (1024K)]
  0x000001f454da7460 JavaThread "JNA Cleaner"                daemon [_thread_blocked, id=30548, stack(0x0000004f35b00000,0x0000004f35c00000) (1024K)]
  0x000001f454da6740 JavaThread "Java indexing"              daemon [_thread_blocked, id=20048, stack(0x0000004f36400000,0x0000004f36500000) (1024K)]
  0x000001f454da6dd0 JavaThread "Thread-1"                   daemon [_thread_in_native, id=30868, stack(0x0000004f36900000,0x0000004f36a00000) (1024K)]
  0x000001f454da4670 JavaThread "Thread-2"                   daemon [_thread_in_native, id=28776, stack(0x0000004f36a00000,0x0000004f36b00000) (1024K)]
  0x000001f456765e90 JavaThread "Thread-3"                   daemon [_thread_in_native, id=27892, stack(0x0000004f36b00000,0x0000004f36c00000) (1024K)]
  0x000001f456766520 JavaThread "Thread-4"                   daemon [_thread_in_native, id=15200, stack(0x0000004f36c00000,0x0000004f36d00000) (1024K)]
  0x000001f4567678d0 JavaThread "Thread-5"                   daemon [_thread_in_native, id=29412, stack(0x0000004f36d00000,0x0000004f36e00000) (1024K)]
  0x000001f456764450 JavaThread "Thread-6"                   daemon [_thread_in_native, id=17660, stack(0x0000004f36e00000,0x0000004f36f00000) (1024K)]
  0x000001f456766bb0 JavaThread "Thread-7"                   daemon [_thread_in_native, id=12252, stack(0x0000004f36f00000,0x0000004f37000000) (1024K)]
  0x000001f456767240 JavaThread "Thread-8"                   daemon [_thread_in_native, id=3172, stack(0x0000004f37000000,0x0000004f37100000) (1024K)]
  0x000001f456767f60 JavaThread "Thread-9"                   daemon [_thread_in_native, id=25452, stack(0x0000004f37100000,0x0000004f37200000) (1024K)]
  0x000001f456764ae0 JavaThread "Thread-10"                  daemon [_thread_in_native, id=31144, stack(0x0000004f37200000,0x0000004f37300000) (1024K)]
  0x000001f4567685f0 JavaThread "Thread-11"                  daemon [_thread_in_native, id=17908, stack(0x0000004f37300000,0x0000004f37400000) (1024K)]
  0x000001f456765170 JavaThread "Thread-12"                  daemon [_thread_in_native, id=17392, stack(0x0000004f37400000,0x0000004f37500000) (1024K)]
  0x000001f456768c80 JavaThread "Thread-13"                  daemon [_thread_in_native, id=15776, stack(0x0000004f37500000,0x0000004f37600000) (1024K)]
  0x000001f456765800 JavaThread "pool-2-thread-1"                   [_thread_blocked, id=13072, stack(0x0000004f37600000,0x0000004f37700000) (1024K)]
  0x000001f45676ba70 JavaThread "WorkspaceEventsHandler"            [_thread_blocked, id=25028, stack(0x0000004f37700000,0x0000004f37800000) (1024K)]
  0x000001f456769310 JavaThread "pool-1-thread-1"                   [_thread_blocked, id=29112, stack(0x0000004f37800000,0x0000004f37900000) (1024K)]
  0x000001f45676ad50 JavaThread "PatternSearchJob-worker-1"  daemon [_thread_blocked, id=26860, stack(0x0000004f37900000,0x0000004f37a00000) (1024K)]
  0x000001f4587ed080 JavaThread "PatternSearchJob-worker-3"  daemon [_thread_blocked, id=13548, stack(0x0000004f37b00000,0x0000004f37c00000) (1024K)]
  0x000001f4587f25d0 JavaThread "ForkJoinPool.commonPool-worker-5" daemon [_thread_blocked, id=29736, stack(0x0000004f37f00000,0x0000004f38000000) (1024K)]
  0x000001f4587ed710 JavaThread "Cleaner-0"                  daemon [_thread_blocked, id=21684, stack(0x0000004f38400000,0x0000004f38500000) (1024K)]
  0x000001f4587f18b0 JavaThread "Worker-5"                          [_thread_blocked, id=28696, stack(0x0000004f33900000,0x0000004f33a00000) (1024K)]
  0x000001f4587f0500 JavaThread "Worker-6"                          [_thread_blocked, id=28504, stack(0x0000004f35300000,0x0000004f35400000) (1024K)]
  0x000001f45521a5d0 JavaThread "Compiler Source File Reader" daemon [_thread_blocked, id=20548, stack(0x0000004f37a00000,0x0000004f37b00000) (1024K)]
  0x000001f45521e0e0 JavaThread "Compiler Source File Reader" daemon [_thread_blocked, id=21912, stack(0x0000004f38100000,0x0000004f38200000) (1024K)]
  0x000001f45521e770 JavaThread "Compiler Source File Reader" daemon [_thread_blocked, id=4716, stack(0x0000004f37d00000,0x0000004f37e00000) (1024K)]
  0x000001f45521d3c0 JavaThread "Compiler Source File Reader" daemon [_thread_blocked, id=29364, stack(0x0000004f38300000,0x0000004f38400000) (1024K)]
  0x000001f45521f490 JavaThread "Compiler Source File Reader" daemon [_thread_blocked, id=27184, stack(0x0000004f38500000,0x0000004f38600000) (1024K)]
  0x000001f4587f0b90 JavaThread "ForkJoinPool.commonPool-worker-10" daemon [_thread_blocked, id=16772, stack(0x0000004f38700000,0x0000004f38800000) (1024K)]
  0x000001f45676b3e0 JavaThread "ForkJoinPool.commonPool-worker-11" daemon [_thread_blocked, id=8140, stack(0x0000004f38800000,0x0000004f38900000) (1024K)]
  0x000001f45773e490 JavaThread "ForkJoinPool.commonPool-worker-12" daemon [_thread_blocked, id=29780, stack(0x0000004f38900000,0x0000004f38a00000) (1024K)]
  0x000001f45773f840 JavaThread "PatternSearchJob-worker-4"  daemon [_thread_blocked, id=29632, stack(0x0000004f33700000,0x0000004f33800000) (1024K)]
  0x000001f457741280 JavaThread "Worker-8"                          [_thread_blocked, id=3536, stack(0x0000004f33800000,0x0000004f33900000) (1024K)]
  0x000001f4577439e0 JavaThread "Compiler Source File Reader" daemon [_thread_blocked, id=31352, stack(0x0000004f36000000,0x0000004f36100000) (1024K)]
  0x000001f457741910 JavaThread "Compiler Source File Reader" daemon [_thread_blocked, id=4216, stack(0x0000004f36200000,0x0000004f36300000) (1024K)]
  0x000001f457741fa0 JavaThread "Compiler Source File Reader" daemon [_thread_blocked, id=29036, stack(0x0000004f36600000,0x0000004f36700000) (1024K)]
  0x000001f457743350 JavaThread "Compiler Source File Reader" daemon [_thread_blocked, id=2172, stack(0x0000004f36700000,0x0000004f36800000) (1024K)]
  0x000001f4587ec9f0 JavaThread "LocalFile Deleter"          daemon [_thread_blocked, id=29600, stack(0x0000004f37c00000,0x0000004f37d00000) (1024K)]
  0x000001f4587f2c60 JavaThread "Compiler Source File Reader" daemon [_thread_blocked, id=20532, stack(0x0000004f38a00000,0x0000004f38b00000) (1024K)]
  0x000001f454da3fe0 JavaThread "LocalFile Deleter"          daemon [_thread_blocked, id=22368, stack(0x0000004f38b00000,0x0000004f38c00000) (1024K)]
  0x000001f45773ca50 JavaThread "Compiler Processing Task"   daemon [_thread_blocked, id=18428, stack(0x0000004f36100000,0x0000004f36200000) (1024K)]
  0x000001f457742cc0 JavaThread "Worker-11"                         [_thread_blocked, id=23972, stack(0x0000004f36300000,0x0000004f36400000) (1024K)]
  0x000001f457744070 JavaThread "pool-3-thread-1"                   [_thread_blocked, id=7436, stack(0x0000004f36500000,0x0000004f36600000) (1024K)]
  0x000001f45987f860 JavaThread "C2 CompilerThread1"         daemon [_thread_blocked, id=23128, stack(0x0000004f36800000,0x0000004f36900000) (1024K)]
  0x000001f45987eac0 JavaThread "C2 CompilerThread2"         daemon [_thread_blocked, id=26744, stack(0x0000004f38200000,0x0000004f38300000) (1024K)]
  0x000001f455219f40 JavaThread "Framework stop - Equinox Container: cfca821b-75a8-4169-acb7-244ffbc90da4"        [_thread_blocked, id=7376, stack(0x0000004f37e00000,0x0000004f37f00000) (1024K)]
Total: 65

Other Threads:
=>0x000001f44f642e70 VMThread "VM Thread"                           [id=21932, stack(0x0000004f34100000,0x0000004f34200000) (1024K)]
  0x000001f44f5e5be0 WatcherThread "VM Periodic Task Thread"        [id=25816, stack(0x0000004f34000000,0x0000004f34100000) (1024K)]
  0x000001f43546d1e0 WorkerThread "GC Thread#0"                     [id=1688, stack(0x0000004f33b00000,0x0000004f33c00000) (1024K)]
  0x000001f4543ca860 WorkerThread "GC Thread#1"                     [id=12720, stack(0x0000004f34c00000,0x0000004f34d00000) (1024K)]
  0x000001f4543cac10 WorkerThread "GC Thread#2"                     [id=22692, stack(0x0000004f34d00000,0x0000004f34e00000) (1024K)]
  0x000001f4543cafc0 WorkerThread "GC Thread#3"                     [id=10408, stack(0x0000004f34e00000,0x0000004f34f00000) (1024K)]
  0x000001f45486a010 WorkerThread "GC Thread#4"                     [id=24972, stack(0x0000004f34f00000,0x0000004f35000000) (1024K)]
  0x000001f45486a3c0 WorkerThread "GC Thread#5"                     [id=29700, stack(0x0000004f35000000,0x0000004f35100000) (1024K)]
  0x000001f45476a0d0 WorkerThread "GC Thread#6"                     [id=15208, stack(0x0000004f35100000,0x0000004f35200000) (1024K)]
  0x000001f454363030 WorkerThread "GC Thread#7"                     [id=30536, stack(0x0000004f35800000,0x0000004f35900000) (1024K)]
  0x000001f4545c2b90 WorkerThread "GC Thread#8"                     [id=17948, stack(0x0000004f35900000,0x0000004f35a00000) (1024K)]
  0x000001f454b69bc0 WorkerThread "GC Thread#9"                     [id=18200, stack(0x0000004f35c00000,0x0000004f35d00000) (1024K)]
  0x000001f43547dcc0 ConcurrentGCThread "G1 Main Marker"            [id=13620, stack(0x0000004f33c00000,0x0000004f33d00000) (1024K)]
  0x000001f435480a50 WorkerThread "G1 Conc#0"                       [id=31572, stack(0x0000004f33d00000,0x0000004f33e00000) (1024K)]
  0x000001f455024b90 WorkerThread "G1 Conc#1"                       [id=1520, stack(0x0000004f35d00000,0x0000004f35e00000) (1024K)]
  0x000001f4550d91c0 WorkerThread "G1 Conc#2"                       [id=20736, stack(0x0000004f35e00000,0x0000004f35f00000) (1024K)]
  0x000001f44f4b7a30 ConcurrentGCThread "G1 Refine#0"               [id=9624, stack(0x0000004f33e00000,0x0000004f33f00000) (1024K)]
  0x000001f44f4b8260 ConcurrentGCThread "G1 Service"                [id=12372, stack(0x0000004f33f00000,0x0000004f34000000) (1024K)]
Total: 18

Threads with active compile tasks:
C2 CompilerThread1  1258634 28425   !   4       org.eclipse.osgi.internal.loader.classpath.ClasspathManager::findClassImpl (328 bytes)
C2 CompilerThread2  1258634 28243       4       java.lang.invoke.DirectMethodHandle::make (275 bytes)
Total: 2

VM state: at safepoint (normal execution)

VM Mutex/Monitor currently owned by a thread:  ([mutex/lock_event])
[0x00007ffe2653f5b0] Threads_lock - owner thread: 0x000001f44f642e70
[0x00007ffe2653f6b0] Heap_lock - owner thread: 0x000001f454da6740

Heap address: 0x00000006c5800000, size: 4008 MB, Compressed Oops mode: Zero based, Oop shift amount: 3

CDS archive(s) not mapped
Compressed class space mapped at: 0x00000007c0000000-0x0000000800000000, reserved size: 1073741824
Narrow klass base: 0x0000000000000000, Narrow klass shift: 3, Narrow klass range: 0x800000000

GC Precious Log:
 CardTable entry size: 512
 Card Set container configuration: InlinePtr #cards 4 size 8 Array Of Cards #cards 16 size 48 Howl #buckets 8 coarsen threshold 3686 Howl Bitmap #cards 512 size 80 coarsen threshold 460 Card regions per heap region 1 cards per card region 4096
 CPUs: 12 total, 12 available
 Memory: 16024M
 Large Page Support: Disabled
 NUMA Support: Disabled
 Compressed Oops: Enabled (Zero based)
 Heap Region Size: 2M
 Heap Min Capacity: 8M
 Heap Initial Capacity: 252M
 Heap Max Capacity: 4008M
 Pre-touch: Disabled
 Parallel Workers: 10
 Concurrent Workers: 3
 Concurrent Refinement Workers: 10
 Periodic GC: Disabled

Heap:
 garbage-first heap   total 393216K, used 89375K [0x00000006c5800000, 0x00000007c0000000)
  region size 2048K, 5 young (10240K), 5 survivors (10240K)
 Metaspace       used 99222K, committed 101056K, reserved 1179648K
  class space    used 10073K, committed 10880K, reserved 1048576K

Heap Regions: E=young(eden), S=young(survivor), O=old, HS=humongous(starts), HC=humongous(continues), CS=collection set, F=free, TAMS=top-at-mark-start, PB=parsable bottom
|   0|0x00000006c5800000, 0x00000006c5a00000, 0x00000006c5a00000|100%| O|  |TAMS 0x00000006c5800000| PB 0x00000006c5800000| Untracked 
|   1|0x00000006c5a00000, 0x00000006c5c00000, 0x00000006c5c00000|100%| O|  |TAMS 0x00000006c5a00000| PB 0x00000006c5a00000| Untracked 
|   2|0x00000006c5c00000, 0x00000006c5e00000, 0x00000006c5e00000|100%| O|  |TAMS 0x00000006c5c00000| PB 0x00000006c5c00000| Untracked 
|   3|0x00000006c5e00000, 0x00000006c6000000, 0x00000006c6000000|100%| O|  |TAMS 0x00000006c5e00000| PB 0x00000006c5e00000| Untracked 
|   4|0x00000006c6000000, 0x00000006c6200000, 0x00000006c6200000|100%| O|  |TAMS 0x00000006c6000000| PB 0x00000006c6000000| Untracked 
|   5|0x00000006c6200000, 0x00000006c6400000, 0x00000006c6400000|100%| O|  |TAMS 0x00000006c6200000| PB 0x00000006c6200000| Untracked 
|   6|0x00000006c6400000, 0x00000006c6600000, 0x00000006c6600000|100%| O|  |TAMS 0x00000006c6400000| PB 0x00000006c6400000| Untracked 
|   7|0x00000006c6600000, 0x00000006c6800000, 0x00000006c6800000|100%| O|  |TAMS 0x00000006c6600000| PB 0x00000006c6600000| Untracked 
|   8|0x00000006c6800000, 0x00000006c6a00000, 0x00000006c6a00000|100%| O|  |TAMS 0x00000006c6800000| PB 0x00000006c6800000| Untracked 
|   9|0x00000006c6a00000, 0x00000006c6c00000, 0x00000006c6c00000|100%| O|  |TAMS 0x00000006c6a00000| PB 0x00000006c6a00000| Untracked 
|  10|0x00000006c6c00000, 0x00000006c6e00000, 0x00000006c6e00000|100%| O|  |TAMS 0x00000006c6c00000| PB 0x00000006c6c00000| Untracked 
|  11|0x00000006c6e00000, 0x00000006c7000000, 0x00000006c7000000|100%| O|  |TAMS 0x00000006c6e00000| PB 0x00000006c6e00000| Untracked 
|  12|0x00000006c7000000, 0x00000006c7200000, 0x00000006c7200000|100%| O|  |TAMS 0x00000006c7000000| PB 0x00000006c7000000| Untracked 
|  13|0x00000006c7200000, 0x00000006c7400000, 0x00000006c7400000|100%| O|  |TAMS 0x00000006c7200000| PB 0x00000006c7200000| Untracked 
|  14|0x00000006c7400000, 0x00000006c7600000, 0x00000006c7600000|100%| O|  |TAMS 0x00000006c7400000| PB 0x00000006c7400000| Untracked 
|  15|0x00000006c7600000, 0x00000006c7800000, 0x00000006c7800000|100%| O|  |TAMS 0x00000006c7600000| PB 0x00000006c7600000| Untracked 
|  16|0x00000006c7800000, 0x00000006c7a00000, 0x00000006c7a00000|100%| O|  |TAMS 0x00000006c7800000| PB 0x00000006c7800000| Untracked 
|  17|0x00000006c7a00000, 0x00000006c7c00000, 0x00000006c7c00000|100%| O|  |TAMS 0x00000006c7a00000| PB 0x00000006c7a00000| Untracked 
|  18|0x00000006c7c00000, 0x00000006c7e00000, 0x00000006c7e00000|100%| O|  |TAMS 0x00000006c7c00000| PB 0x00000006c7c00000| Untracked 
|  19|0x00000006c7e00000, 0x00000006c8000000, 0x00000006c8000000|100%| O|  |TAMS 0x00000006c7e00000| PB 0x00000006c7e00000| Untracked 
|  20|0x00000006c8000000, 0x00000006c8200000, 0x00000006c8200000|100%| O|  |TAMS 0x00000006c8000000| PB 0x00000006c8000000| Untracked 
|  21|0x00000006c8200000, 0x00000006c8400000, 0x00000006c8400000|100%| O|  |TAMS 0x00000006c8200000| PB 0x00000006c8200000| Untracked 
|  22|0x00000006c8400000, 0x00000006c8600000, 0x00000006c8600000|100%| O|  |TAMS 0x00000006c8400000| PB 0x00000006c8400000| Untracked 
|  23|0x00000006c8600000, 0x00000006c8800000, 0x00000006c8800000|100%| O|  |TAMS 0x00000006c8600000| PB 0x00000006c8600000| Untracked 
|  24|0x00000006c8800000, 0x00000006c8a00000, 0x00000006c8a00000|100%| O|  |TAMS 0x00000006c8800000| PB 0x00000006c8800000| Untracked 
|  25|0x00000006c8a00000, 0x00000006c8c00000, 0x00000006c8c00000|100%| O|  |TAMS 0x00000006c8a00000| PB 0x00000006c8a00000| Untracked 
|  26|0x00000006c8c00000, 0x00000006c8e00000, 0x00000006c8e00000|100%| O|  |TAMS 0x00000006c8c00000| PB 0x00000006c8c00000| Untracked 
|  27|0x00000006c8e00000, 0x00000006c9000000, 0x00000006c9000000|100%| O|  |TAMS 0x00000006c8e00000| PB 0x00000006c8e00000| Untracked 
|  28|0x00000006c9000000, 0x00000006c9200000, 0x00000006c9200000|100%| O|  |TAMS 0x00000006c9000000| PB 0x00000006c9000000| Untracked 
|  29|0x00000006c9200000, 0x00000006c9400000, 0x00000006c9400000|100%| O|  |TAMS 0x00000006c9200000| PB 0x00000006c9200000| Untracked 
|  30|0x00000006c9400000, 0x00000006c9600000, 0x00000006c9600000|100%| O|  |TAMS 0x00000006c9400000| PB 0x00000006c9400000| Untracked 
|  31|0x00000006c9600000, 0x00000006c9800000, 0x00000006c9800000|100%| O|  |TAMS 0x00000006c9600000| PB 0x00000006c9600000| Untracked 
|  32|0x00000006c9800000, 0x00000006c9a00000, 0x00000006c9a00000|100%| O|  |TAMS 0x00000006c9800000| PB 0x00000006c9800000| Untracked 
|  33|0x00000006c9a00000, 0x00000006c9a00000, 0x00000006c9c00000|  0%| F|  |TAMS 0x00000006c9a00000| PB 0x00000006c9a00000| Untracked 
|  34|0x00000006c9c00000, 0x00000006c9e00000, 0x00000006c9e00000|100%| O|  |TAMS 0x00000006c9c00000| PB 0x00000006c9c00000| Untracked 
|  35|0x00000006c9e00000, 0x00000006ca000000, 0x00000006ca000000|100%| O|  |TAMS 0x00000006c9e00000| PB 0x00000006c9e00000| Untracked 
|  36|0x00000006ca000000, 0x00000006ca200000, 0x00000006ca200000|100%| O|  |TAMS 0x00000006ca000000| PB 0x00000006ca000000| Untracked 
|  37|0x00000006ca200000, 0x00000006ca2682e8, 0x00000006ca400000| 20%| O|  |TAMS 0x00000006ca200000| PB 0x00000006ca200000| Untracked 
|  38|0x00000006ca400000, 0x00000006ca600000, 0x00000006ca600000|100%| O|  |TAMS 0x00000006ca400000| PB 0x00000006ca400000| Untracked 
|  39|0x00000006ca600000, 0x00000006ca800000, 0x00000006ca800000|100%| O|  |TAMS 0x00000006ca600000| PB 0x00000006ca600000| Untracked 
|  40|0x00000006ca800000, 0x00000006ca800000, 0x00000006caa00000|  0%| F|  |TAMS 0x00000006ca800000| PB 0x00000006ca800000| Untracked 
|  41|0x00000006caa00000, 0x00000006caa00000, 0x00000006cac00000|  0%| F|  |TAMS 0x00000006caa00000| PB 0x00000006caa00000| Untracked 
|  42|0x00000006cac00000, 0x00000006cac00000, 0x00000006cae00000|  0%| F|  |TAMS 0x00000006cac00000| PB 0x00000006cac00000| Untracked 
|  43|0x00000006cae00000, 0x00000006cae00000, 0x00000006cb000000|  0%| F|  |TAMS 0x00000006cae00000| PB 0x00000006cae00000| Untracked 
|  44|0x00000006cb000000, 0x00000006cb000000, 0x00000006cb200000|  0%| F|  |TAMS 0x00000006cb000000| PB 0x00000006cb000000| Untracked 
|  45|0x00000006cb200000, 0x00000006cb200000, 0x00000006cb400000|  0%| F|  |TAMS 0x00000006cb200000| PB 0x00000006cb200000| Untracked 
|  46|0x00000006cb400000, 0x00000006cb400000, 0x00000006cb600000|  0%| F|  |TAMS 0x00000006cb400000| PB 0x00000006cb400000| Untracked 
|  47|0x00000006cb600000, 0x00000006cb600000, 0x00000006cb800000|  0%| F|  |TAMS 0x00000006cb600000| PB 0x00000006cb600000| Untracked 
|  48|0x00000006cb800000, 0x00000006cb800000, 0x00000006cba00000|  0%| F|  |TAMS 0x00000006cb800000| PB 0x00000006cb800000| Untracked 
|  49|0x00000006cba00000, 0x00000006cba00000, 0x00000006cbc00000|  0%| F|  |TAMS 0x00000006cba00000| PB 0x00000006cba00000| Untracked 
|  50|0x00000006cbc00000, 0x00000006cbc00000, 0x00000006cbe00000|  0%| F|  |TAMS 0x00000006cbc00000| PB 0x00000006cbc00000| Untracked 
|  51|0x00000006cbe00000, 0x00000006cbe00000, 0x00000006cc000000|  0%| F|  |TAMS 0x00000006cbe00000| PB 0x00000006cbe00000| Untracked 
|  52|0x00000006cc000000, 0x00000006cc000000, 0x00000006cc200000|  0%| F|  |TAMS 0x00000006cc000000| PB 0x00000006cc000000| Untracked 
|  53|0x00000006cc200000, 0x00000006cc200000, 0x00000006cc400000|  0%| F|  |TAMS 0x00000006cc200000| PB 0x00000006cc200000| Untracked 
|  54|0x00000006cc400000, 0x00000006cc400000, 0x00000006cc600000|  0%| F|  |TAMS 0x00000006cc400000| PB 0x00000006cc400000| Untracked 
|  55|0x00000006cc600000, 0x00000006cc600000, 0x00000006cc800000|  0%| F|  |TAMS 0x00000006cc600000| PB 0x00000006cc600000| Untracked 
|  56|0x00000006cc800000, 0x00000006cc800000, 0x00000006cca00000|  0%| F|  |TAMS 0x00000006cc800000| PB 0x00000006cc800000| Untracked 
|  57|0x00000006cca00000, 0x00000006cca00000, 0x00000006ccc00000|  0%| F|  |TAMS 0x00000006cca00000| PB 0x00000006cca00000| Untracked 
|  58|0x00000006ccc00000, 0x00000006ccc00000, 0x00000006cce00000|  0%| F|  |TAMS 0x00000006ccc00000| PB 0x00000006ccc00000| Untracked 
|  59|0x00000006cce00000, 0x00000006cce00000, 0x00000006cd000000|  0%| F|  |TAMS 0x00000006cce00000| PB 0x00000006cce00000| Untracked 
|  60|0x00000006cd000000, 0x00000006cd000000, 0x00000006cd200000|  0%| F|  |TAMS 0x00000006cd000000| PB 0x00000006cd000000| Untracked 
|  61|0x00000006cd200000, 0x00000006cd200000, 0x00000006cd400000|  0%| F|  |TAMS 0x00000006cd200000| PB 0x00000006cd200000| Untracked 
|  62|0x00000006cd400000, 0x00000006cd400000, 0x00000006cd600000|  0%| F|  |TAMS 0x00000006cd400000| PB 0x00000006cd400000| Untracked 
|  63|0x00000006cd600000, 0x00000006cd600000, 0x00000006cd800000|  0%| F|  |TAMS 0x00000006cd600000| PB 0x00000006cd600000| Untracked 
|  64|0x00000006cd800000, 0x00000006cd800000, 0x00000006cda00000|  0%| F|  |TAMS 0x00000006cd800000| PB 0x00000006cd800000| Untracked 
|  65|0x00000006cda00000, 0x00000006cda00000, 0x00000006cdc00000|  0%| F|  |TAMS 0x00000006cda00000| PB 0x00000006cda00000| Untracked 
|  66|0x00000006cdc00000, 0x00000006cdc00000, 0x00000006cde00000|  0%| F|  |TAMS 0x00000006cdc00000| PB 0x00000006cdc00000| Untracked 
|  67|0x00000006cde00000, 0x00000006cde00000, 0x00000006ce000000|  0%| F|  |TAMS 0x00000006cde00000| PB 0x00000006cde00000| Untracked 
|  68|0x00000006ce000000, 0x00000006ce000000, 0x00000006ce200000|  0%| F|  |TAMS 0x00000006ce000000| PB 0x00000006ce000000| Untracked 
|  69|0x00000006ce200000, 0x00000006ce200000, 0x00000006ce400000|  0%| F|  |TAMS 0x00000006ce200000| PB 0x00000006ce200000| Untracked 
|  70|0x00000006ce400000, 0x00000006ce400000, 0x00000006ce600000|  0%| F|  |TAMS 0x00000006ce400000| PB 0x00000006ce400000| Untracked 
|  71|0x00000006ce600000, 0x00000006ce600000, 0x00000006ce800000|  0%| F|  |TAMS 0x00000006ce600000| PB 0x00000006ce600000| Untracked 
|  72|0x00000006ce800000, 0x00000006ce800000, 0x00000006cea00000|  0%| F|  |TAMS 0x00000006ce800000| PB 0x00000006ce800000| Untracked 
|  73|0x00000006cea00000, 0x00000006cea00000, 0x00000006cec00000|  0%| F|  |TAMS 0x00000006cea00000| PB 0x00000006cea00000| Untracked 
|  74|0x00000006cec00000, 0x00000006cec00000, 0x00000006cee00000|  0%| F|  |TAMS 0x00000006cec00000| PB 0x00000006cec00000| Untracked 
|  75|0x00000006cee00000, 0x00000006cee00000, 0x00000006cf000000|  0%| F|  |TAMS 0x00000006cee00000| PB 0x00000006cee00000| Untracked 
|  76|0x00000006cf000000, 0x00000006cf000000, 0x00000006cf200000|  0%| F|  |TAMS 0x00000006cf000000| PB 0x00000006cf000000| Untracked 
|  77|0x00000006cf200000, 0x00000006cf200000, 0x00000006cf400000|  0%| F|  |TAMS 0x00000006cf200000| PB 0x00000006cf200000| Untracked 
|  78|0x00000006cf400000, 0x00000006cf400000, 0x00000006cf600000|  0%| F|  |TAMS 0x00000006cf400000| PB 0x00000006cf400000| Untracked 
|  79|0x00000006cf600000, 0x00000006cf600000, 0x00000006cf800000|  0%| F|  |TAMS 0x00000006cf600000| PB 0x00000006cf600000| Untracked 
|  80|0x00000006cf800000, 0x00000006cf800000, 0x00000006cfa00000|  0%| F|  |TAMS 0x00000006cf800000| PB 0x00000006cf800000| Untracked 
|  81|0x00000006cfa00000, 0x00000006cfa00000, 0x00000006cfc00000|  0%| F|  |TAMS 0x00000006cfa00000| PB 0x00000006cfa00000| Untracked 
|  82|0x00000006cfc00000, 0x00000006cfc00000, 0x00000006cfe00000|  0%| F|  |TAMS 0x00000006cfc00000| PB 0x00000006cfc00000| Untracked 
|  83|0x00000006cfe00000, 0x00000006cfe00000, 0x00000006d0000000|  0%| F|  |TAMS 0x00000006cfe00000| PB 0x00000006cfe00000| Untracked 
|  84|0x00000006d0000000, 0x00000006d0000000, 0x00000006d0200000|  0%| F|  |TAMS 0x00000006d0000000| PB 0x00000006d0000000| Untracked 
|  85|0x00000006d0200000, 0x00000006d0200000, 0x00000006d0400000|  0%| F|  |TAMS 0x00000006d0200000| PB 0x00000006d0200000| Untracked 
|  86|0x00000006d0400000, 0x00000006d0400000, 0x00000006d0600000|  0%| F|  |TAMS 0x00000006d0400000| PB 0x00000006d0400000| Untracked 
|  87|0x00000006d0600000, 0x00000006d0600000, 0x00000006d0800000|  0%| F|  |TAMS 0x00000006d0600000| PB 0x00000006d0600000| Untracked 
|  88|0x00000006d0800000, 0x00000006d0800000, 0x00000006d0a00000|  0%| F|  |TAMS 0x00000006d0800000| PB 0x00000006d0800000| Untracked 
|  89|0x00000006d0a00000, 0x00000006d0a00000, 0x00000006d0c00000|  0%| F|  |TAMS 0x00000006d0a00000| PB 0x00000006d0a00000| Untracked 
|  90|0x00000006d0c00000, 0x00000006d0c00000, 0x00000006d0e00000|  0%| F|  |TAMS 0x00000006d0c00000| PB 0x00000006d0c00000| Untracked 
|  91|0x00000006d0e00000, 0x00000006d0e00000, 0x00000006d1000000|  0%| F|  |TAMS 0x00000006d0e00000| PB 0x00000006d0e00000| Untracked 
|  92|0x00000006d1000000, 0x00000006d1000000, 0x00000006d1200000|  0%| F|  |TAMS 0x00000006d1000000| PB 0x00000006d1000000| Untracked 
|  93|0x00000006d1200000, 0x00000006d1200000, 0x00000006d1400000|  0%| F|  |TAMS 0x00000006d1200000| PB 0x00000006d1200000| Untracked 
|  94|0x00000006d1400000, 0x00000006d1400000, 0x00000006d1600000|  0%| F|  |TAMS 0x00000006d1400000| PB 0x00000006d1400000| Untracked 
|  95|0x00000006d1600000, 0x00000006d1600000, 0x00000006d1800000|  0%| F|  |TAMS 0x00000006d1600000| PB 0x00000006d1600000| Untracked 
|  96|0x00000006d1800000, 0x00000006d1800000, 0x00000006d1a00000|  0%| F|  |TAMS 0x00000006d1800000| PB 0x00000006d1800000| Untracked 
|  97|0x00000006d1a00000, 0x00000006d1a00000, 0x00000006d1c00000|  0%| F|  |TAMS 0x00000006d1a00000| PB 0x00000006d1a00000| Untracked 
|  98|0x00000006d1c00000, 0x00000006d1c00000, 0x00000006d1e00000|  0%| F|  |TAMS 0x00000006d1c00000| PB 0x00000006d1c00000| Untracked 
|  99|0x00000006d1e00000, 0x00000006d1e00000, 0x00000006d2000000|  0%| F|  |TAMS 0x00000006d1e00000| PB 0x00000006d1e00000| Untracked 
| 100|0x00000006d2000000, 0x00000006d2000000, 0x00000006d2200000|  0%| F|  |TAMS 0x00000006d2000000| PB 0x00000006d2000000| Untracked 
| 101|0x00000006d2200000, 0x00000006d2200000, 0x00000006d2400000|  0%| F|  |TAMS 0x00000006d2200000| PB 0x00000006d2200000| Untracked 
| 102|0x00000006d2400000, 0x00000006d2400000, 0x00000006d2600000|  0%| F|  |TAMS 0x00000006d2400000| PB 0x00000006d2400000| Untracked 
| 103|0x00000006d2600000, 0x00000006d2600000, 0x00000006d2800000|  0%| F|  |TAMS 0x00000006d2600000| PB 0x00000006d2600000| Untracked 
| 104|0x00000006d2800000, 0x00000006d2800000, 0x00000006d2a00000|  0%| F|  |TAMS 0x00000006d2800000| PB 0x00000006d2800000| Untracked 
| 105|0x00000006d2a00000, 0x00000006d2adf980, 0x00000006d2c00000| 43%| S|CS|TAMS 0x00000006d2a00000| PB 0x00000006d2a00000| Complete 
| 106|0x00000006d2c00000, 0x00000006d2e00000, 0x00000006d2e00000|100%| S|CS|TAMS 0x00000006d2c00000| PB 0x00000006d2c00000| Complete 
| 107|0x00000006d2e00000, 0x00000006d3000000, 0x00000006d3000000|100%| S|CS|TAMS 0x00000006d2e00000| PB 0x00000006d2e00000| Complete 
| 108|0x00000006d3000000, 0x00000006d3200000, 0x00000006d3200000|100%| S|CS|TAMS 0x00000006d3000000| PB 0x00000006d3000000| Complete 
| 109|0x00000006d3200000, 0x00000006d3400000, 0x00000006d3400000|100%| S|CS|TAMS 0x00000006d3200000| PB 0x00000006d3200000| Complete 
| 110|0x00000006d3400000, 0x00000006d3400000, 0x00000006d3600000|  0%| F|  |TAMS 0x00000006d3400000| PB 0x00000006d3400000| Untracked 
| 111|0x00000006d3600000, 0x00000006d3600000, 0x00000006d3800000|  0%| F|  |TAMS 0x00000006d3600000| PB 0x00000006d3600000| Untracked 
| 112|0x00000006d3800000, 0x00000006d3800000, 0x00000006d3a00000|  0%| F|  |TAMS 0x00000006d3800000| PB 0x00000006d3800000| Untracked 
| 113|0x00000006d3a00000, 0x00000006d3a00000, 0x00000006d3c00000|  0%| F|  |TAMS 0x00000006d3a00000| PB 0x00000006d3a00000| Untracked 
| 114|0x00000006d3c00000, 0x00000006d3c00000, 0x00000006d3e00000|  0%| F|  |TAMS 0x00000006d3c00000| PB 0x00000006d3c00000| Untracked 
| 115|0x00000006d3e00000, 0x00000006d3e00000, 0x00000006d4000000|  0%| F|  |TAMS 0x00000006d3e00000| PB 0x00000006d3e00000| Untracked 
| 116|0x00000006d4000000, 0x00000006d4000000, 0x00000006d4200000|  0%| F|  |TAMS 0x00000006d4000000| PB 0x00000006d4000000| Untracked 
| 117|0x00000006d4200000, 0x00000006d4200000, 0x00000006d4400000|  0%| F|  |TAMS 0x00000006d4200000| PB 0x00000006d4200000| Untracked 
| 118|0x00000006d4400000, 0x00000006d4400000, 0x00000006d4600000|  0%| F|  |TAMS 0x00000006d4400000| PB 0x00000006d4400000| Untracked 
| 119|0x00000006d4600000, 0x00000006d4600000, 0x00000006d4800000|  0%| F|  |TAMS 0x00000006d4600000| PB 0x00000006d4600000| Untracked 
| 120|0x00000006d4800000, 0x00000006d4800000, 0x00000006d4a00000|  0%| F|  |TAMS 0x00000006d4800000| PB 0x00000006d4800000| Untracked 
| 121|0x00000006d4a00000, 0x00000006d4a00000, 0x00000006d4c00000|  0%| F|  |TAMS 0x00000006d4a00000| PB 0x00000006d4a00000| Untracked 
| 122|0x00000006d4c00000, 0x00000006d4c00000, 0x00000006d4e00000|  0%| F|  |TAMS 0x00000006d4c00000| PB 0x00000006d4c00000| Untracked 
| 123|0x00000006d4e00000, 0x00000006d4e00000, 0x00000006d5000000|  0%| F|  |TAMS 0x00000006d4e00000| PB 0x00000006d4e00000| Untracked 
| 124|0x00000006d5000000, 0x00000006d5000000, 0x00000006d5200000|  0%| F|  |TAMS 0x00000006d5000000| PB 0x00000006d5000000| Untracked 
| 125|0x00000006d5200000, 0x00000006d5200000, 0x00000006d5400000|  0%| F|  |TAMS 0x00000006d5200000| PB 0x00000006d5200000| Untracked 
| 126|0x00000006d5400000, 0x00000006d5400000, 0x00000006d5600000|  0%| F|  |TAMS 0x00000006d5400000| PB 0x00000006d5400000| Untracked 
| 127|0x00000006d5600000, 0x00000006d5600000, 0x00000006d5800000|  0%| F|  |TAMS 0x00000006d5600000| PB 0x00000006d5600000| Untracked 
| 128|0x00000006d5800000, 0x00000006d5800000, 0x00000006d5a00000|  0%| F|  |TAMS 0x00000006d5800000| PB 0x00000006d5800000| Untracked 
| 129|0x00000006d5a00000, 0x00000006d5a00000, 0x00000006d5c00000|  0%| F|  |TAMS 0x00000006d5a00000| PB 0x00000006d5a00000| Untracked 
| 130|0x00000006d5c00000, 0x00000006d5c00000, 0x00000006d5e00000|  0%| F|  |TAMS 0x00000006d5c00000| PB 0x00000006d5c00000| Untracked 
| 131|0x00000006d5e00000, 0x00000006d5e00000, 0x00000006d6000000|  0%| F|  |TAMS 0x00000006d5e00000| PB 0x00000006d5e00000| Untracked 
| 132|0x00000006d6000000, 0x00000006d6000000, 0x00000006d6200000|  0%| F|  |TAMS 0x00000006d6000000| PB 0x00000006d6000000| Untracked 
| 133|0x00000006d6200000, 0x00000006d6200000, 0x00000006d6400000|  0%| F|  |TAMS 0x00000006d6200000| PB 0x00000006d6200000| Untracked 
| 134|0x00000006d6400000, 0x00000006d6400000, 0x00000006d6600000|  0%| F|  |TAMS 0x00000006d6400000| PB 0x00000006d6400000| Untracked 
| 135|0x00000006d6600000, 0x00000006d6600000, 0x00000006d6800000|  0%| F|  |TAMS 0x00000006d6600000| PB 0x00000006d6600000| Untracked 
| 136|0x00000006d6800000, 0x00000006d6800000, 0x00000006d6a00000|  0%| F|  |TAMS 0x00000006d6800000| PB 0x00000006d6800000| Untracked 
| 137|0x00000006d6a00000, 0x00000006d6a00000, 0x00000006d6c00000|  0%| F|  |TAMS 0x00000006d6a00000| PB 0x00000006d6a00000| Untracked 
| 138|0x00000006d6c00000, 0x00000006d6c00000, 0x00000006d6e00000|  0%| F|  |TAMS 0x00000006d6c00000| PB 0x00000006d6c00000| Untracked 
| 139|0x00000006d6e00000, 0x00000006d6e00000, 0x00000006d7000000|  0%| F|  |TAMS 0x00000006d6e00000| PB 0x00000006d6e00000| Untracked 
| 140|0x00000006d7000000, 0x00000006d7000000, 0x00000006d7200000|  0%| F|  |TAMS 0x00000006d7000000| PB 0x00000006d7000000| Untracked 
| 141|0x00000006d7200000, 0x00000006d7200000, 0x00000006d7400000|  0%| F|  |TAMS 0x00000006d7200000| PB 0x00000006d7200000| Untracked 
| 142|0x00000006d7400000, 0x00000006d7400000, 0x00000006d7600000|  0%| F|  |TAMS 0x00000006d7400000| PB 0x00000006d7400000| Untracked 
| 143|0x00000006d7600000, 0x00000006d7600000, 0x00000006d7800000|  0%| F|  |TAMS 0x00000006d7600000| PB 0x00000006d7600000| Untracked 
| 144|0x00000006d7800000, 0x00000006d7800000, 0x00000006d7a00000|  0%| F|  |TAMS 0x00000006d7800000| PB 0x00000006d7800000| Untracked 
| 145|0x00000006d7a00000, 0x00000006d7a00000, 0x00000006d7c00000|  0%| F|  |TAMS 0x00000006d7a00000| PB 0x00000006d7a00000| Untracked 
| 146|0x00000006d7c00000, 0x00000006d7c00000, 0x00000006d7e00000|  0%| F|  |TAMS 0x00000006d7c00000| PB 0x00000006d7c00000| Untracked 
| 147|0x00000006d7e00000, 0x00000006d7e00000, 0x00000006d8000000|  0%| F|  |TAMS 0x00000006d7e00000| PB 0x00000006d7e00000| Untracked 
| 148|0x00000006d8000000, 0x00000006d8000000, 0x00000006d8200000|  0%| F|  |TAMS 0x00000006d8000000| PB 0x00000006d8000000| Untracked 
| 149|0x00000006d8200000, 0x00000006d8200000, 0x00000006d8400000|  0%| F|  |TAMS 0x00000006d8200000| PB 0x00000006d8200000| Untracked 
| 150|0x00000006d8400000, 0x00000006d8400000, 0x00000006d8600000|  0%| F|  |TAMS 0x00000006d8400000| PB 0x00000006d8400000| Untracked 
| 151|0x00000006d8600000, 0x00000006d8600000, 0x00000006d8800000|  0%| F|  |TAMS 0x00000006d8600000| PB 0x00000006d8600000| Untracked 
| 152|0x00000006d8800000, 0x00000006d8800000, 0x00000006d8a00000|  0%| F|  |TAMS 0x00000006d8800000| PB 0x00000006d8800000| Untracked 
| 153|0x00000006d8a00000, 0x00000006d8a00000, 0x00000006d8c00000|  0%| F|  |TAMS 0x00000006d8a00000| PB 0x00000006d8a00000| Untracked 
| 154|0x00000006d8c00000, 0x00000006d8c00000, 0x00000006d8e00000|  0%| F|  |TAMS 0x00000006d8c00000| PB 0x00000006d8c00000| Untracked 
| 155|0x00000006d8e00000, 0x00000006d8e00000, 0x00000006d9000000|  0%| F|  |TAMS 0x00000006d8e00000| PB 0x00000006d8e00000| Untracked 
| 156|0x00000006d9000000, 0x00000006d9000000, 0x00000006d9200000|  0%| F|  |TAMS 0x00000006d9000000| PB 0x00000006d9000000| Untracked 
| 157|0x00000006d9200000, 0x00000006d9200000, 0x00000006d9400000|  0%| F|  |TAMS 0x00000006d9200000| PB 0x00000006d9200000| Untracked 
| 158|0x00000006d9400000, 0x00000006d9400000, 0x00000006d9600000|  0%| F|  |TAMS 0x00000006d9400000| PB 0x00000006d9400000| Untracked 
| 159|0x00000006d9600000, 0x00000006d9600000, 0x00000006d9800000|  0%| F|  |TAMS 0x00000006d9600000| PB 0x00000006d9600000| Untracked 
| 160|0x00000006d9800000, 0x00000006d9800000, 0x00000006d9a00000|  0%| F|  |TAMS 0x00000006d9800000| PB 0x00000006d9800000| Untracked 
| 161|0x00000006d9a00000, 0x00000006d9a00000, 0x00000006d9c00000|  0%| F|  |TAMS 0x00000006d9a00000| PB 0x00000006d9a00000| Untracked 
| 162|0x00000006d9c00000, 0x00000006d9c00000, 0x00000006d9e00000|  0%| F|  |TAMS 0x00000006d9c00000| PB 0x00000006d9c00000| Untracked 
| 163|0x00000006d9e00000, 0x00000006d9e00000, 0x00000006da000000|  0%| F|  |TAMS 0x00000006d9e00000| PB 0x00000006d9e00000| Untracked 
| 164|0x00000006da000000, 0x00000006da000000, 0x00000006da200000|  0%| F|  |TAMS 0x00000006da000000| PB 0x00000006da000000| Untracked 
| 165|0x00000006da200000, 0x00000006da200000, 0x00000006da400000|  0%| F|  |TAMS 0x00000006da200000| PB 0x00000006da200000| Untracked 
| 166|0x00000006da400000, 0x00000006da400000, 0x00000006da600000|  0%| F|  |TAMS 0x00000006da400000| PB 0x00000006da400000| Untracked 
| 167|0x00000006da600000, 0x00000006da600000, 0x00000006da800000|  0%| F|  |TAMS 0x00000006da600000| PB 0x00000006da600000| Untracked 
| 168|0x00000006da800000, 0x00000006da800000, 0x00000006daa00000|  0%| F|  |TAMS 0x00000006da800000| PB 0x00000006da800000| Untracked 
| 169|0x00000006daa00000, 0x00000006daa00000, 0x00000006dac00000|  0%| F|  |TAMS 0x00000006daa00000| PB 0x00000006daa00000| Untracked 
| 170|0x00000006dac00000, 0x00000006dac00000, 0x00000006dae00000|  0%| F|  |TAMS 0x00000006dac00000| PB 0x00000006dac00000| Untracked 
| 171|0x00000006dae00000, 0x00000006dae00000, 0x00000006db000000|  0%| F|  |TAMS 0x00000006dae00000| PB 0x00000006dae00000| Untracked 
| 172|0x00000006db000000, 0x00000006db000000, 0x00000006db200000|  0%| F|  |TAMS 0x00000006db000000| PB 0x00000006db000000| Untracked 
| 173|0x00000006db200000, 0x00000006db200000, 0x00000006db400000|  0%| F|  |TAMS 0x00000006db200000| PB 0x00000006db200000| Untracked 
| 174|0x00000006db400000, 0x00000006db400000, 0x00000006db600000|  0%| F|  |TAMS 0x00000006db400000| PB 0x00000006db400000| Untracked 
| 175|0x00000006db600000, 0x00000006db600000, 0x00000006db800000|  0%| F|  |TAMS 0x00000006db600000| PB 0x00000006db600000| Untracked 
| 176|0x00000006db800000, 0x00000006db800000, 0x00000006dba00000|  0%| F|  |TAMS 0x00000006db800000| PB 0x00000006db800000| Untracked 
| 177|0x00000006dba00000, 0x00000006dba00000, 0x00000006dbc00000|  0%| F|  |TAMS 0x00000006dba00000| PB 0x00000006dba00000| Untracked 
| 178|0x00000006dbc00000, 0x00000006dbc00000, 0x00000006dbe00000|  0%| F|  |TAMS 0x00000006dbc00000| PB 0x00000006dbc00000| Untracked 
| 179|0x00000006dbe00000, 0x00000006dbe00000, 0x00000006dc000000|  0%| F|  |TAMS 0x00000006dbe00000| PB 0x00000006dbe00000| Untracked 
| 180|0x00000006dc000000, 0x00000006dc000000, 0x00000006dc200000|  0%| F|  |TAMS 0x00000006dc000000| PB 0x00000006dc000000| Untracked 
| 181|0x00000006dc200000, 0x00000006dc200000, 0x00000006dc400000|  0%| F|  |TAMS 0x00000006dc200000| PB 0x00000006dc200000| Untracked 
| 182|0x00000006dc400000, 0x00000006dc400000, 0x00000006dc600000|  0%| F|  |TAMS 0x00000006dc400000| PB 0x00000006dc400000| Untracked 
| 183|0x00000006dc600000, 0x00000006dc600000, 0x00000006dc800000|  0%| F|  |TAMS 0x00000006dc600000| PB 0x00000006dc600000| Untracked 
| 184|0x00000006dc800000, 0x00000006dc800000, 0x00000006dca00000|  0%| F|  |TAMS 0x00000006dc800000| PB 0x00000006dc800000| Untracked 
| 185|0x00000006dca00000, 0x00000006dca00000, 0x00000006dcc00000|  0%| F|  |TAMS 0x00000006dca00000| PB 0x00000006dca00000| Untracked 
| 186|0x00000006dcc00000, 0x00000006dcc00000, 0x00000006dce00000|  0%| F|  |TAMS 0x00000006dcc00000| PB 0x00000006dcc00000| Untracked 
| 187|0x00000006dce00000, 0x00000006dce00000, 0x00000006dd000000|  0%| F|  |TAMS 0x00000006dce00000| PB 0x00000006dce00000| Untracked 
| 188|0x00000006dd000000, 0x00000006dd000000, 0x00000006dd200000|  0%| F|  |TAMS 0x00000006dd000000| PB 0x00000006dd000000| Untracked 
| 189|0x00000006dd200000, 0x00000006dd200000, 0x00000006dd400000|  0%| F|  |TAMS 0x00000006dd200000| PB 0x00000006dd200000| Untracked 
|2002|0x00000007bfc00000, 0x00000007bfc00000, 0x00000007bfe00000|  0%| F|  |TAMS 0x00000007bfc00000| PB 0x00000007bfc00000| Untracked 
|2003|0x00000007bfe00000, 0x00000007c0000000, 0x00000007c0000000|100%| O|  |TAMS 0x00000007bfe00000| PB 0x00000007bfe00000| Untracked 

Card table byte_map: [0x000001f448330000,0x000001f448b10000] _byte_map_base: 0x000001f444d04000

Marking Bits: (CMBitMap*) 0x000001f43546d800
 Bits: [0x000001f448b10000, 0x000001f44c9b0000)

Polling page: 0x000001f433200000

Metaspace:

Usage:
  Non-class:     87.06 MB used.
      Class:      9.84 MB used.
       Both:     96.90 MB used.

Virtual space:
  Non-class space:      128.00 MB reserved,      88.06 MB ( 69%) committed,  2 nodes.
      Class space:        1.00 GB reserved,      10.62 MB (  1%) committed,  1 nodes.
             Both:        1.12 GB reserved,      98.69 MB (  9%) committed. 

Chunk freelists:
   Non-Class:  7.83 MB
       Class:  5.20 MB
        Both:  13.03 MB

MaxMetaspaceSize: unlimited
CompressedClassSpaceSize: 1.00 GB
Initial GC threshold: 21.00 MB
Current GC threshold: 163.75 MB
CDS: off
 - commit_granule_bytes: 65536.
 - commit_granule_words: 8192.
 - virtual_space_node_default_size: 8388608.
 - enlarge_chunks_in_place: 1.
 - use_allocation_guard: 0.


Internal statistics:

num_allocs_failed_limit: 9.
num_arena_births: 1706.
num_arena_deaths: 40.
num_vsnodes_births: 3.
num_vsnodes_deaths: 0.
num_space_committed: 1579.
num_space_uncommitted: 0.
num_chunks_returned_to_freelist: 60.
num_chunks_taken_from_freelist: 6061.
num_chunk_merges: 14.
num_chunk_splits: 3673.
num_chunks_enlarged: 2076.
num_inconsistent_stats: 0.

CodeHeap 'non-profiled nmethods': size=120000Kb used=12826Kb max_used=12826Kb free=107173Kb
 bounds [0x000001f4400d0000, 0x000001f440d60000, 0x000001f447600000]
CodeHeap 'profiled nmethods': size=120000Kb used=21149Kb max_used=26539Kb free=98850Kb
 bounds [0x000001f438600000, 0x000001f439ff0000, 0x000001f43fb30000]
CodeHeap 'non-nmethods': size=5760Kb used=1706Kb max_used=1790Kb free=4053Kb
 bounds [0x000001f43fb30000, 0x000001f43fda0000, 0x000001f4400d0000]
CodeCache: size=245760Kb, used=35681Kb, max_used=41155Kb, free=210076Kb
 total_blobs=10849, nmethods=10008, adapters=742, full_count=0
Compilation: enabled, stopped_count=0, restarted_count=0

Compilation events (20 events):
Event: 1258.380 Thread 0x000001f44f70bcf0 nmethod 28512 0x000001f440d53f10 code [0x000001f440d540a0, 0x000001f440d54170]
Event: 1258.380 Thread 0x000001f44f70bcf0 28513       3       java.util.Formatter$FormatSpecifier::printDateTime (161 bytes)
Event: 1258.381 Thread 0x000001f44f70bcf0 nmethod 28513 0x000001f438944810 code [0x000001f438944b60, 0x000001f438946178]
Event: 1258.384 Thread 0x000001f44f6feca0 nmethod 28411 0x000001f440d54210 code [0x000001f440d54420, 0x000001f440d54988]
Event: 1258.384 Thread 0x000001f44f6feca0 28416       4       org.eclipse.sisu.inject.Implementations::find (13 bytes)
Event: 1258.388 Thread 0x000001f44f6feca0 nmethod 28416 0x000001f440d54d90 code [0x000001f440d54f40, 0x000001f440d55060]
Event: 1258.388 Thread 0x000001f44f6feca0 28496       4       com.sun.org.apache.xml.internal.serializer.ToStream::escapingNotNeeded (51 bytes)
Event: 1258.388 Thread 0x000001f44f6feca0 nmethod 28496 0x000001f440d55290 code [0x000001f440d55420, 0x000001f440d554e8]
Event: 1258.388 Thread 0x000001f44f6feca0 28497       4       com.sun.org.apache.xml.internal.serializer.CharInfo::isSpecialAttrChar (20 bytes)
Event: 1258.390 Thread 0x000001f44f6feca0 nmethod 28497 0x000001f440d55590 code [0x000001f440d55720, 0x000001f440d55810]
Event: 1258.390 Thread 0x000001f44f6feca0 28392   !   4       org.eclipse.osgi.internal.serviceregistry.ServiceRegistrationImpl::getRanking (17 bytes)
Event: 1258.390 Thread 0x000001f44f6feca0 nmethod 28392 0x000001f440d55910 code [0x000001f440d55aa0, 0x000001f440d55ca0]
Event: 1258.391 Thread 0x000001f44f6feca0 28355       4       org.eclipse.osgi.framework.eventmgr.CopyOnWriteIdentityMap::empty (4 bytes)
Event: 1258.391 Thread 0x000001f44f6feca0 nmethod 28355 0x000001f440d55d90 code [0x000001f440d55f20, 0x000001f440d55f90]
Event: 1258.391 Thread 0x000001f44f6feca0 28399       4       org.osgi.util.tracker.AbstractTracked::modified (11 bytes)
Event: 1258.391 Thread 0x000001f44f6feca0 nmethod 28399 0x000001f440d56090 code [0x000001f440d56220, 0x000001f440d562a8]
Event: 1258.391 Thread 0x000001f44f6feca0 28501       4       jdk.internal.misc.Unsafe::putIntRelease (9 bytes)
Event: 1258.392 Thread 0x000001f44f6feca0 nmethod 28501 0x000001f440d56390 code [0x000001f440d56520, 0x000001f440d565b8]
Event: 1258.392 Thread 0x000001f44f6feca0 28483       4       com.sun.org.apache.xerces.internal.impl.dtd.XMLDTDProcessor::setFeature (1 bytes)
Event: 1258.392 Thread 0x000001f44f6feca0 nmethod 28483 0x000001f440d56690 code [0x000001f440d56820, 0x000001f440d568a8]

GC Heap History (20 events):
Event: 964.946 GC heap before
{Heap before GC invocations=90 (full 0):
 garbage-first heap   total 315392K, used 276379K [0x00000006c5800000, 0x00000007c0000000)
  region size 2048K, 92 young (188416K), 4 survivors (8192K)
 Metaspace       used 93488K, committed 95296K, reserved 1179648K
  class space    used 9394K, committed 10240K, reserved 1048576K
}
Event: 964.948 GC heap after
{Heap after GC invocations=91 (full 0):
 garbage-first heap   total 315392K, used 81981K [0x00000006c5800000, 0x00000007c0000000)
  region size 2048K, 3 young (6144K), 3 survivors (6144K)
 Metaspace       used 93488K, committed 95296K, reserved 1179648K
  class space    used 9394K, committed 10240K, reserved 1048576K
}
Event: 989.256 GC heap before
{Heap before GC invocations=91 (full 0):
 garbage-first heap   total 315392K, used 262205K [0x00000006c5800000, 0x00000007c0000000)
  region size 2048K, 92 young (188416K), 3 survivors (6144K)
 Metaspace       used 93541K, committed 95360K, reserved 1179648K
  class space    used 9397K, committed 10240K, reserved 1048576K
}
Event: 989.258 GC heap after
{Heap after GC invocations=92 (full 0):
 garbage-first heap   total 315392K, used 84422K [0x00000006c5800000, 0x00000007c0000000)
  region size 2048K, 4 young (8192K), 4 survivors (8192K)
 Metaspace       used 93541K, committed 95360K, reserved 1179648K
  class space    used 9397K, committed 10240K, reserved 1048576K
}
Event: 1014.061 GC heap before
{Heap before GC invocations=92 (full 0):
 garbage-first heap   total 315392K, used 264646K [0x00000006c5800000, 0x00000007c0000000)
  region size 2048K, 92 young (188416K), 4 survivors (8192K)
 Metaspace       used 93582K, committed 95360K, reserved 1179648K
  class space    used 9400K, committed 10240K, reserved 1048576K
}
Event: 1014.063 GC heap after
{Heap after GC invocations=93 (full 0):
 garbage-first heap   total 315392K, used 84749K [0x00000006c5800000, 0x00000007c0000000)
  region size 2048K, 4 young (8192K), 4 survivors (8192K)
 Metaspace       used 93582K, committed 95360K, reserved 1179648K
  class space    used 9400K, committed 10240K, reserved 1048576K
}
Event: 1026.368 GC heap before
{Heap before GC invocations=94 (full 0):
 garbage-first heap   total 286720K, used 248589K [0x00000006c5800000, 0x00000007c0000000)
  region size 2048K, 84 young (172032K), 4 survivors (8192K)
 Metaspace       used 93707K, committed 95488K, reserved 1179648K
  class space    used 9402K, committed 10240K, reserved 1048576K
}
Event: 1026.372 GC heap after
{Heap after GC invocations=95 (full 0):
 garbage-first heap   total 286720K, used 86790K [0x00000006c5800000, 0x00000007c0000000)
  region size 2048K, 5 young (10240K), 5 survivors (10240K)
 Metaspace       used 93707K, committed 95488K, reserved 1179648K
  class space    used 9402K, committed 10240K, reserved 1048576K
}
Event: 1029.513 GC heap before
{Heap before GC invocations=95 (full 0):
 garbage-first heap   total 288768K, used 283398K [0x00000006c5800000, 0x00000007c0000000)
  region size 2048K, 50 young (102400K), 5 survivors (10240K)
 Metaspace       used 96303K, committed 98176K, reserved 1179648K
  class space    used 9691K, committed 10560K, reserved 1048576K
}
Event: 1029.517 GC heap after
{Heap after GC invocations=96 (full 0):
 garbage-first heap   total 301056K, used 90563K [0x00000006c5800000, 0x00000007c0000000)
  region size 2048K, 6 young (12288K), 6 survivors (12288K)
 Metaspace       used 96303K, committed 98176K, reserved 1179648K
  class space    used 9691K, committed 10560K, reserved 1048576K
}
Event: 1043.311 GC heap before
{Heap before GC invocations=96 (full 0):
 garbage-first heap   total 301056K, used 256451K [0x00000006c5800000, 0x00000007c0000000)
  region size 2048K, 88 young (180224K), 6 survivors (12288K)
 Metaspace       used 98704K, committed 100608K, reserved 1179648K
  class space    used 10022K, committed 10880K, reserved 1048576K
}
Event: 1043.315 GC heap after
{Heap after GC invocations=97 (full 0):
 garbage-first heap   total 301056K, used 89603K [0x00000006c5800000, 0x00000007c0000000)
  region size 2048K, 6 young (12288K), 6 survivors (12288K)
 Metaspace       used 98704K, committed 100608K, reserved 1179648K
  class space    used 10022K, committed 10880K, reserved 1048576K
}
Event: 1112.044 GC heap before
{Heap before GC invocations=98 (full 0):
 garbage-first heap   total 301056K, used 255491K [0x00000006c5800000, 0x00000007c0000000)
  region size 2048K, 88 young (180224K), 6 survivors (12288K)
 Metaspace       used 98773K, committed 100672K, reserved 1179648K
  class space    used 10023K, committed 10880K, reserved 1048576K
}
Event: 1112.048 GC heap after
{Heap after GC invocations=99 (full 0):
 garbage-first heap   total 301056K, used 91563K [0x00000006c5800000, 0x00000007c0000000)
  region size 2048K, 7 young (14336K), 7 survivors (14336K)
 Metaspace       used 98773K, committed 100672K, reserved 1179648K
  class space    used 10023K, committed 10880K, reserved 1048576K
}
Event: 1127.365 GC heap before
{Heap before GC invocations=99 (full 0):
 garbage-first heap   total 301056K, used 255403K [0x00000006c5800000, 0x00000007c0000000)
  region size 2048K, 88 young (180224K), 7 survivors (14336K)
 Metaspace       used 98783K, committed 100672K, reserved 1179648K
  class space    used 10023K, committed 10880K, reserved 1048576K
}
Event: 1127.368 GC heap after
{Heap after GC invocations=100 (full 0):
 garbage-first heap   total 301056K, used 87694K [0x00000006c5800000, 0x00000007c0000000)
  region size 2048K, 5 young (10240K), 5 survivors (10240K)
 Metaspace       used 98783K, committed 100672K, reserved 1179648K
  class space    used 10023K, committed 10880K, reserved 1048576K
}
Event: 1223.175 GC heap before
{Heap before GC invocations=101 (full 0):
 garbage-first heap   total 301056K, used 257678K [0x00000006c5800000, 0x00000007c0000000)
  region size 2048K, 88 young (180224K), 5 survivors (10240K)
 Metaspace       used 98843K, committed 100736K, reserved 1179648K
  class space    used 10024K, committed 10880K, reserved 1048576K
}
Event: 1223.178 GC heap after
{Heap after GC invocations=102 (full 0):
 garbage-first heap   total 301056K, used 89384K [0x00000006c5800000, 0x00000007c0000000)
  region size 2048K, 5 young (10240K), 5 survivors (10240K)
 Metaspace       used 98843K, committed 100736K, reserved 1179648K
  class space    used 10024K, committed 10880K, reserved 1048576K
}
Event: 1258.472 GC heap before
{Heap before GC invocations=102 (full 0):
 garbage-first heap   total 301056K, used 159016K [0x00000006c5800000, 0x00000007c0000000)
  region size 2048K, 41 young (83968K), 5 survivors (10240K)
 Metaspace       used 99222K, committed 101056K, reserved 1179648K
  class space    used 10073K, committed 10880K, reserved 1048576K
}
Event: 1258.478 GC heap after
{Heap after GC invocations=103 (full 0):
 garbage-first heap   total 301056K, used 89375K [0x00000006c5800000, 0x00000007c0000000)
  region size 2048K, 5 young (10240K), 5 survivors (10240K)
 Metaspace       used 99222K, committed 101056K, reserved 1179648K
  class space    used 10073K, committed 10880K, reserved 1048576K
}

Dll operation events (20 events):
Event: 0.228 Attempting to load shared library C:\Users\PRASHANT\.vscode\extensions\redhat.java-1.56.0-win32-x64\jre\21.0.12.1-win32-x86_64\bin\instrument.dll
Event: 0.228 Loaded shared library C:\Users\PRASHANT\.vscode\extensions\redhat.java-1.56.0-win32-x64\jre\21.0.12.1-win32-x86_64\bin\instrument.dll
Event: 0.242 Attempting to load shared library C:\Users\PRASHANT\.vscode\extensions\redhat.java-1.56.0-win32-x64\jre\21.0.12.1-win32-x86_64\bin\net.dll
Event: 0.245 Loaded shared library C:\Users\PRASHANT\.vscode\extensions\redhat.java-1.56.0-win32-x64\jre\21.0.12.1-win32-x86_64\bin\net.dll
Event: 0.250 Attempting to load shared library C:\Users\PRASHANT\.vscode\extensions\redhat.java-1.56.0-win32-x64\jre\21.0.12.1-win32-x86_64\bin\nio.dll
Event: 0.250 Loaded shared library C:\Users\PRASHANT\.vscode\extensions\redhat.java-1.56.0-win32-x64\jre\21.0.12.1-win32-x86_64\bin\nio.dll
Event: 0.264 Attempting to load shared library C:\Users\PRASHANT\.vscode\extensions\redhat.java-1.56.0-win32-x64\jre\21.0.12.1-win32-x86_64\bin\zip.dll
Event: 0.264 Loaded shared library C:\Users\PRASHANT\.vscode\extensions\redhat.java-1.56.0-win32-x64\jre\21.0.12.1-win32-x86_64\bin\zip.dll
Event: 0.308 Attempting to load shared library C:\Users\PRASHANT\.vscode\extensions\redhat.java-1.56.0-win32-x64\jre\21.0.12.1-win32-x86_64\bin\jimage.dll
Event: 0.308 Loaded shared library C:\Users\PRASHANT\.vscode\extensions\redhat.java-1.56.0-win32-x64\jre\21.0.12.1-win32-x86_64\bin\jimage.dll
Event: 0.450 Attempting to load shared library c:\Users\PRASHANT\.vscode\extensions\redhat.java-1.56.0-win32-x64\jre\21.0.12.1-win32-x86_64\bin\verify.dll
Event: 0.451 Loaded shared library c:\Users\PRASHANT\.vscode\extensions\redhat.java-1.56.0-win32-x64\jre\21.0.12.1-win32-x86_64\bin\verify.dll
Event: 2.095 Attempting to load shared library C:\Users\PRASHANT\AppData\Roaming\Code\User\globalStorage\redhat.java\1.56.0\config_win\org.eclipse.equinox.launcher\org.eclipse.equinox.launcher.win32.win32.x86_64_1.3.100.v20260804-1928\eclipse_11924.dll
Event: 2.100 Loaded shared library C:\Users\PRASHANT\AppData\Roaming\Code\User\globalStorage\redhat.java\1.56.0\config_win\org.eclipse.equinox.launcher\org.eclipse.equinox.launcher.win32.win32.x86_64_1.3.100.v20260804-1928\eclipse_11924.dll
Event: 5.547 Attempting to load shared library C:\Users\PRASHANT\AppData\Local\Temp\jna--608479181\jna12164582551068057533.dll
Event: 5.646 Loaded shared library C:\Users\PRASHANT\AppData\Local\Temp\jna--608479181\jna12164582551068057533.dll
Event: 1029.407 Attempting to load shared library C:\Users\PRASHANT\.vscode\extensions\redhat.java-1.56.0-win32-x64\jre\21.0.12.1-win32-x86_64\bin\sunmscapi.dll
Event: 1029.410 Loaded shared library C:\Users\PRASHANT\.vscode\extensions\redhat.java-1.56.0-win32-x64\jre\21.0.12.1-win32-x86_64\bin\sunmscapi.dll
Event: 1029.544 Attempting to load shared library C:\Users\PRASHANT\.vscode\extensions\redhat.java-1.56.0-win32-x64\jre\21.0.12.1-win32-x86_64\bin\extnet.dll
Event: 1029.545 Loaded shared library C:\Users\PRASHANT\.vscode\extensions\redhat.java-1.56.0-win32-x64\jre\21.0.12.1-win32-x86_64\bin\extnet.dll

Deoptimization events (20 events):
Event: 1258.350 Thread 0x000001f457742cc0 Uncommon trap: trap_request=0x00000049 fr.pc=0x000001f4407123d0 relative=0x0000000000008c50
Event: 1258.351 Thread 0x000001f457742cc0 Uncommon trap: reason=unloaded action=reinterpret pc=0x000001f4407123d0 method=org.eclipse.lsp4j.jsonrpc.json.StreamMessageConsumer.consume(Lorg/eclipse/lsp4j/jsonrpc/messages/Message;)V @ 90 c2
Event: 1258.351 Thread 0x000001f457742cc0 DEOPT PACKING pc=0x000001f4407123d0 sp=0x0000004f363ff0d0
Event: 1258.351 Thread 0x000001f457742cc0 DEOPT UNPACKING pc=0x000001f43fb843a2 sp=0x0000004f363ff008 mode 2
Event: 1258.352 Thread 0x000001f457742cc0 Uncommon trap: trap_request=0xffffff45 fr.pc=0x000001f440837da4 relative=0x00000000000003c4
Event: 1258.352 Thread 0x000001f457742cc0 Uncommon trap: reason=unstable_if action=reinterpret pc=0x000001f440837da4 method=java.lang.Module.getLayer()Ljava/lang/ModuleLayer; @ 22 c2
Event: 1258.352 Thread 0x000001f457742cc0 DEOPT PACKING pc=0x000001f440837da4 sp=0x0000004f363febd0
Event: 1258.352 Thread 0x000001f457742cc0 DEOPT UNPACKING pc=0x000001f43fb843a2 sp=0x0000004f363feaa0 mode 2
Event: 1258.352 Thread 0x000001f457742cc0 Uncommon trap: trap_request=0xffffff45 fr.pc=0x000001f440a5dd58 relative=0x00000000000000b8
Event: 1258.352 Thread 0x000001f457742cc0 Uncommon trap: reason=unstable_if action=reinterpret pc=0x000001f440a5dd58 method=java.lang.Module.getLayer()Ljava/lang/ModuleLayer; @ 22 c2
Event: 1258.352 Thread 0x000001f457742cc0 DEOPT PACKING pc=0x000001f440a5dd58 sp=0x0000004f363fea30
Event: 1258.352 Thread 0x000001f457742cc0 DEOPT UNPACKING pc=0x000001f43fb843a2 sp=0x0000004f363fe9b0 mode 2
Event: 1258.380 Thread 0x000001f454da6740 Uncommon trap: trap_request=0xffffff45 fr.pc=0x000001f4401ebcf8 relative=0x0000000000000058
Event: 1258.380 Thread 0x000001f454da6740 Uncommon trap: reason=unstable_if action=reinterpret pc=0x000001f4401ebcf8 method=org.eclipse.jdt.ls.core.internal.JavaLanguageServerPlugin.getPreferencesManager()Lorg/eclipse/jdt/ls/core/internal/preferences/PreferenceManager; @ 3 c2
Event: 1258.380 Thread 0x000001f454da6740 DEOPT PACKING pc=0x000001f4401ebcf8 sp=0x0000004f364fe760
Event: 1258.380 Thread 0x000001f454da6740 DEOPT UNPACKING pc=0x000001f43fb843a2 sp=0x0000004f364fe6f0 mode 2
Event: 1258.472 Thread 0x000001f454da6740 Uncommon trap: trap_request=0xffffff3d fr.pc=0x000001f440957e64 relative=0x0000000000004f84
Event: 1258.472 Thread 0x000001f454da6740 Uncommon trap: reason=unstable_fused_if action=reinterpret pc=0x000001f440957e64 method=org.eclipse.jdt.internal.compiler.util.HashtableOfObject.<init>(I)V @ 47 c2
Event: 1258.472 Thread 0x000001f454da6740 DEOPT PACKING pc=0x000001f440957e64 sp=0x0000004f364febe0
Event: 1258.472 Thread 0x000001f454da6740 DEOPT UNPACKING pc=0x000001f43fb843a2 sp=0x0000004f364feb28 mode 2

Classes loaded (20 events):
Event: 1030.039 Loading class com/sun/org/apache/xerces/internal/xni/parser/XMLParseException
Event: 1030.039 Loading class com/sun/org/apache/xerces/internal/xni/parser/XMLParseException done
Event: 1030.043 Loading class org/xml/sax/SAXNotRecognizedException
Event: 1030.043 Loading class org/xml/sax/SAXNotRecognizedException done
Event: 1030.043 Loading class org/xml/sax/SAXNotSupportedException
Event: 1030.043 Loading class org/xml/sax/SAXNotSupportedException done
Event: 1035.042 Loading class sun/security/ssl/Alert
Event: 1035.042 Loading class sun/security/ssl/Alert done
Event: 1035.042 Loading class sun/security/ssl/Alert$AlertConsumer
Event: 1035.043 Loading class sun/security/ssl/Alert$AlertConsumer done
Event: 1035.043 Loading class sun/security/ssl/Alert$Level
Event: 1035.043 Loading class sun/security/ssl/Alert$Level done
Event: 1258.133 Loading class java/util/concurrent/ConcurrentHashMap$EntrySpliterator
Event: 1258.135 Loading class java/util/concurrent/ConcurrentHashMap$EntrySpliterator done
Event: 1258.144 Loading class java/util/zip/Deflater
Event: 1258.145 Loading class java/util/zip/Deflater done
Event: 1258.146 Loading class java/util/zip/Deflater$DeflaterZStreamRef
Event: 1258.147 Loading class java/util/zip/Deflater$DeflaterZStreamRef done
Event: 1258.171 Loading class java/util/Collections$EmptyListIterator
Event: 1258.171 Loading class java/util/Collections$EmptyListIterator done

Classes unloaded (20 events):
Event: 6.540 Thread 0x000001f44f642e70 Unloading class 0x00000007c0293800 'java/lang/invoke/LambdaForm$MH+0x00000007c0293800'
Event: 6.540 Thread 0x000001f44f642e70 Unloading class 0x00000007c0293400 'java/lang/invoke/LambdaForm$MH+0x00000007c0293400'
Event: 6.540 Thread 0x000001f44f642e70 Unloading class 0x00000007c0293000 'java/lang/invoke/LambdaForm$MH+0x00000007c0293000'
Event: 6.540 Thread 0x000001f44f642e70 Unloading class 0x00000007c0292c00 'java/lang/invoke/LambdaForm$MH+0x00000007c0292c00'
Event: 6.540 Thread 0x000001f44f642e70 Unloading class 0x00000007c0292800 'java/lang/invoke/LambdaForm$BMH+0x00000007c0292800'
Event: 6.540 Thread 0x000001f44f642e70 Unloading class 0x00000007c0292400 'java/lang/invoke/LambdaForm$DMH+0x00000007c0292400'
Event: 6.540 Thread 0x000001f44f642e70 Unloading class 0x00000007c0291000 'java/lang/invoke/LambdaForm$DMH+0x00000007c0291000'
Event: 11.988 Thread 0x000001f44f642e70 Unloading class 0x00000007c0470400 'java/lang/invoke/LambdaForm$MH+0x00000007c0470400'
Event: 11.988 Thread 0x000001f44f642e70 Unloading class 0x00000007c046f400 'java/lang/invoke/LambdaForm$MH+0x00000007c046f400'
Event: 11.988 Thread 0x000001f44f642e70 Unloading class 0x00000007c046ec00 'java/lang/invoke/LambdaForm$MH+0x00000007c046ec00'
Event: 11.988 Thread 0x000001f44f642e70 Unloading class 0x00000007c046e800 'java/lang/invoke/LambdaForm$MH+0x00000007c046e800'
Event: 11.988 Thread 0x000001f44f642e70 Unloading class 0x00000007c046e000 'java/lang/invoke/LambdaForm$DMH+0x00000007c046e000'
Event: 11.988 Thread 0x000001f44f642e70 Unloading class 0x00000007c046d400 'java/lang/invoke/LambdaForm$MH+0x00000007c046d400'
Event: 11.988 Thread 0x000001f44f642e70 Unloading class 0x00000007c0469c00 'java/lang/invoke/LambdaForm$MH+0x00000007c0469c00'
Event: 11.988 Thread 0x000001f44f642e70 Unloading class 0x00000007c0469800 'java/lang/invoke/LambdaForm$MH+0x00000007c0469800'
Event: 11.988 Thread 0x000001f44f642e70 Unloading class 0x00000007c0468c00 'java/lang/invoke/LambdaForm$MH+0x00000007c0468c00'
Event: 11.988 Thread 0x000001f44f642e70 Unloading class 0x00000007c0468400 'java/lang/invoke/LambdaForm$MH+0x00000007c0468400'
Event: 11.988 Thread 0x000001f44f642e70 Unloading class 0x00000007c0461c00 'java/lang/invoke/LambdaForm$MH+0x00000007c0461c00'
Event: 11.988 Thread 0x000001f44f642e70 Unloading class 0x00000007c0461800 'java/lang/invoke/LambdaForm$MH+0x00000007c0461800'
Event: 11.988 Thread 0x000001f44f642e70 Unloading class 0x00000007c0460c00 'java/lang/invoke/LambdaForm$MH+0x00000007c0460c00'

Classes redefined (0 events):
No events

Internal exceptions (20 events):
Event: 1258.349 Thread 0x000001f455219f40 Exception <a 'sun/nio/fs/WindowsException'{0x00000006d37daa40}> (0x00000006d37daa40) 
thrown [s\src\hotspot\share\prims\jni.cpp, line 520]
Event: 1258.350 Thread 0x000001f457742cc0 Exception <a 'java/io/IOException'{0x00000006d3921d30}> (0x00000006d3921d30) 
thrown [s\src\hotspot\share\prims\jni.cpp, line 520]
Event: 1258.350 Thread 0x000001f455219f40 Exception <a 'sun/nio/fs/WindowsException'{0x00000006d37db9a0}> (0x00000006d37db9a0) 
thrown [s\src\hotspot\share\prims\jni.cpp, line 520]
Event: 1258.350 Thread 0x000001f455219f40 Exception <a 'sun/nio/fs/WindowsException'{0x00000006d37dc270}> (0x00000006d37dc270) 
thrown [s\src\hotspot\share\prims\jni.cpp, line 520]
Event: 1258.350 Thread 0x000001f455219f40 Exception <a 'sun/nio/fs/WindowsException'{0x00000006d37dd1f0}> (0x00000006d37dd1f0) 
thrown [s\src\hotspot\share\prims\jni.cpp, line 520]
Event: 1258.350 Thread 0x000001f455219f40 Exception <a 'sun/nio/fs/WindowsException'{0x00000006d37ddac0}> (0x00000006d37ddac0) 
thrown [s\src\hotspot\share\prims\jni.cpp, line 520]
Event: 1258.350 Thread 0x000001f455219f40 Exception <a 'sun/nio/fs/WindowsException'{0x00000006d37dea70}> (0x00000006d37dea70) 
thrown [s\src\hotspot\share\prims\jni.cpp, line 520]
Event: 1258.350 Thread 0x000001f455219f40 Exception <a 'sun/nio/fs/WindowsException'{0x00000006d37df360}> (0x00000006d37df360) 
thrown [s\src\hotspot\share\prims\jni.cpp, line 520]
Event: 1258.351 Thread 0x000001f457742cc0 Exception <a 'java/io/IOException'{0x00000006d3923548}> (0x00000006d3923548) 
thrown [s\src\hotspot\share\prims\jni.cpp, line 520]
Event: 1258.352 Thread 0x000001f455219f40 Exception <a 'sun/nio/fs/WindowsException'{0x00000006d37e02f0}> (0x00000006d37e02f0) 
thrown [s\src\hotspot\share\prims\jni.cpp, line 520]
Event: 1258.352 Thread 0x000001f455219f40 Exception <a 'sun/nio/fs/WindowsException'{0x00000006d37e0bc0}> (0x00000006d37e0bc0) 
thrown [s\src\hotspot\share\prims\jni.cpp, line 520]
Event: 1258.352 Thread 0x000001f457742cc0 Exception <a 'java/io/IOException'{0x00000006d3930e00}> (0x00000006d3930e00) 
thrown [s\src\hotspot\share\prims\jni.cpp, line 520]
Event: 1258.352 Thread 0x000001f457742cc0 Exception <a 'java/io/IOException'{0x00000006d3931c60}> (0x00000006d3931c60) 
thrown [s\src\hotspot\share\prims\jni.cpp, line 520]
Event: 1258.353 Thread 0x000001f457742cc0 Exception <a 'java/io/IOException'{0x00000006d393e658}> (0x00000006d393e658) 
thrown [s\src\hotspot\share\prims\jni.cpp, line 520]
Event: 1258.353 Thread 0x000001f457742cc0 Exception <a 'java/io/IOException'{0x00000006d393f1a0}> (0x00000006d393f1a0) 
thrown [s\src\hotspot\share\prims\jni.cpp, line 520]
Event: 1258.354 Thread 0x000001f457742cc0 Exception <a 'java/io/IOException'{0x00000006d394ad48}> (0x00000006d394ad48) 
thrown [s\src\hotspot\share\prims\jni.cpp, line 520]
Event: 1258.374 Thread 0x000001f454da6740 Exception <a 'java/io/FileNotFoundException'{0x00000006d412b0c0}> (0x00000006d412b0c0) 
thrown [s\src\hotspot\share\prims\jni.cpp, line 520]
Event: 1258.380 Thread 0x000001f454da6740 Exception <a 'java/io/IOException'{0x00000006d413f960}> (0x00000006d413f960) 
thrown [s\src\hotspot\share\prims\jni.cpp, line 520]
Event: 1258.380 Thread 0x000001f454da6740 Exception <a 'java/io/IOException'{0x00000006d41525c0}> (0x00000006d41525c0) 
thrown [s\src\hotspot\share\prims\jni.cpp, line 520]
Event: 1258.380 Thread 0x000001f454da6740 Implicit null exception at 0x000001f4401ebccb to 0x000001f4401ebcea

ZGC Phase Switch (0 events):
No events

VM Operations (20 events):
Event: 1207.291 Executing safepoint VM operation: Cleanup done
Event: 1221.445 Executing safepoint VM operation: Cleanup
Event: 1221.445 Executing safepoint VM operation: Cleanup done
Event: 1222.457 Executing safepoint VM operation: Cleanup
Event: 1222.457 Executing safepoint VM operation: Cleanup done
Event: 1223.175 Executing safepoint VM operation: G1CollectForAllocation (G1 Evacuation Pause)
Event: 1223.178 Executing safepoint VM operation: G1CollectForAllocation (G1 Evacuation Pause) done
Event: 1224.182 Executing safepoint VM operation: Cleanup
Event: 1224.182 Executing safepoint VM operation: Cleanup done
Event: 1225.192 Executing safepoint VM operation: Cleanup
Event: 1225.192 Executing safepoint VM operation: Cleanup done
Event: 1226.201 Executing safepoint VM operation: Cleanup
Event: 1226.201 Executing safepoint VM operation: Cleanup done
Event: 1227.210 Executing safepoint VM operation: Cleanup
Event: 1227.210 Executing safepoint VM operation: Cleanup done
Event: 1258.338 Executing non-safepoint VM operation: HandshakeAllThreads (Deoptimize)
Event: 1258.339 Executing non-safepoint VM operation: HandshakeAllThreads (Deoptimize) done
Event: 1258.339 Executing safepoint VM operation: Cleanup
Event: 1258.339 Executing safepoint VM operation: Cleanup done
Event: 1258.472 Executing safepoint VM operation: G1CollectForAllocation (G1 Humongous Allocation)

Memory protections (0 events):
No events

Nmethod flushes (20 events):
Event: 1127.406 Thread 0x000001f44f642e70 flushing  nmethod 0x000001f4389cd410
Event: 1127.406 Thread 0x000001f44f642e70 flushing  nmethod 0x000001f4389cd790
Event: 1127.406 Thread 0x000001f44f642e70 flushing  nmethod 0x000001f4389d4910
Event: 1127.406 Thread 0x000001f44f642e70 flushing  nmethod 0x000001f438a5c890
Event: 1127.406 Thread 0x000001f44f642e70 flushing  nmethod 0x000001f438a75b10
Event: 1127.406 Thread 0x000001f44f642e70 flushing  nmethod 0x000001f438b02a10
Event: 1127.406 Thread 0x000001f44f642e70 flushing  nmethod 0x000001f438d1d010
Event: 1127.406 Thread 0x000001f44f642e70 flushing  nmethod 0x000001f438d1d410
Event: 1127.406 Thread 0x000001f44f642e70 flushing  nmethod 0x000001f438d34610
Event: 1127.406 Thread 0x000001f44f642e70 flushing  nmethod 0x000001f438d34990
Event: 1127.406 Thread 0x000001f44f642e70 flushing  nmethod 0x000001f438d34f90
Event: 1127.406 Thread 0x000001f44f642e70 flushing  nmethod 0x000001f438ff7a10
Event: 1127.406 Thread 0x000001f44f642e70 flushing  nmethod 0x000001f439198210
Event: 1127.406 Thread 0x000001f44f642e70 flushing  nmethod 0x000001f439199d90
Event: 1127.406 Thread 0x000001f44f642e70 flushing  nmethod 0x000001f43919ab10
Event: 1127.406 Thread 0x000001f44f642e70 flushing  nmethod 0x000001f439304d10
Event: 1127.406 Thread 0x000001f44f642e70 flushing  nmethod 0x000001f43940e810
Event: 1127.406 Thread 0x000001f44f642e70 flushing  nmethod 0x000001f43940fe10
Event: 1127.406 Thread 0x000001f44f642e70 flushing  nmethod 0x000001f439417e10
Event: 1127.406 Thread 0x000001f44f642e70 flushing  nmethod 0x000001f439418990

Events (20 events):
Event: 1224.763 Thread 0x000001f457744070 Thread exited: 0x000001f457744070
Event: 1224.869 Thread 0x000001f4587f0500 Thread added: 0x000001f45773ca50
Event: 1224.966 Thread 0x000001f4587f18b0 Thread added: 0x000001f457742cc0
Event: 1252.024 Thread 0x000001f45521ee00 Thread exited: 0x000001f45521ee00
Event: 1258.104 Thread 0x000001f456765800 Thread added: 0x000001f457744070
Event: 1258.108 Thread 0x000001f44f6feca0 Thread added: 0x000001f45987f860
Event: 1258.131 Thread 0x000001f457742cc0 Thread added: 0x000001f45521c010
Event: 1258.131 Thread 0x000001f45521c010 Thread exited: 0x000001f45521c010
Event: 1258.143 Thread 0x000001f457742cc0 Thread added: 0x000001f45521cd30
Event: 1258.143 Thread 0x000001f45521cd30 Thread added: 0x000001f45521b2f0
Event: 1258.157 Thread 0x000001f44f70bcf0 Thread added: 0x000001f45987eac0
Event: 1258.160 Thread 0x000001f45521b2f0 Thread exited: 0x000001f45521b2f0
Event: 1258.160 Thread 0x000001f45521cd30 Thread exited: 0x000001f45521cd30
Event: 1258.186 Thread 0x000001f457742cc0 Thread added: 0x000001f455219f40
Event: 1258.189 Thread 0x000001f455219f40 Thread added: 0x000001f45521da50
Event: 1258.199 Thread 0x000001f455219f40 Thread added: 0x000001f45521c010
Event: 1258.206 Thread 0x000001f455219f40 Thread exited: 0x000001f455219f40
Event: 1258.206 Thread 0x000001f45521da50 Thread exited: 0x000001f45521da50
Event: 1258.206 Thread 0x000001f45521c010 Thread exited: 0x000001f45521c010
Event: 1258.251 Thread 0x000001f4353fe230 Thread added: 0x000001f455219f40


Dynamic libraries:
0x00007ff7f8fb0000 - 0x00007ff7f8fbe000 	c:\Users\PRASHANT\.vscode\extensions\redhat.java-1.56.0-win32-x64\jre\21.0.12.1-win32-x86_64\bin\java.exe
0x00007fff01540000 - 0x00007fff017a7000 	C:\WINDOWS\SYSTEM32\ntdll.dll
0x00007fff00050000 - 0x00007fff0011b000 	C:\WINDOWS\System32\KERNEL32.DLL
0x00007ffefe7d0000 - 0x00007ffefebd2000 	C:\WINDOWS\System32\KERNELBASE.dll
0x00007ffefebe0000 - 0x00007ffefed2c000 	C:\WINDOWS\System32\ucrtbase.dll
0x00007ffead880000 - 0x00007ffead898000 	c:\Users\PRASHANT\.vscode\extensions\redhat.java-1.56.0-win32-x64\jre\21.0.12.1-win32-x86_64\bin\jli.dll
0x00007fff00f10000 - 0x00007fff010df000 	C:\WINDOWS\System32\USER32.dll
0x00007ffeff230000 - 0x00007ffeff257000 	C:\WINDOWS\System32\win32u.dll
0x00007fff00ee0000 - 0x00007fff00f0b000 	C:\WINDOWS\System32\GDI32.dll
0x00007ffeff040000 - 0x00007ffeff169000 	C:\WINDOWS\System32\gdi32full.dll
0x00007ffeadb80000 - 0x00007ffeadb9e000 	c:\Users\PRASHANT\.vscode\extensions\redhat.java-1.56.0-win32-x64\jre\21.0.12.1-win32-x86_64\bin\VCRUNTIME140.dll
0x00007ffefeed0000 - 0x00007ffefef73000 	C:\WINDOWS\System32\msvcp_win.dll
0x00007ffedc170000 - 0x00007ffedc400000 	C:\WINDOWS\WinSxS\amd64_microsoft.windows.common-controls_6595b64144ccf1df_6.0.26100.9278_none_3e0d1ba8e3303201\COMCTL32.dll
0x00007fff01190000 - 0x00007fff01239000 	C:\WINDOWS\System32\msvcrt.dll
0x00007fff00710000 - 0x00007fff00741000 	C:\WINDOWS\System32\IMM32.DLL
0x00007ffedf320000 - 0x00007ffedf32c000 	c:\Users\PRASHANT\.vscode\extensions\redhat.java-1.56.0-win32-x64\jre\21.0.12.1-win32-x86_64\bin\vcruntime140_1.dll
0x00007ffe7f0e0000 - 0x00007ffe7f16d000 	c:\Users\PRASHANT\.vscode\extensions\redhat.java-1.56.0-win32-x64\jre\21.0.12.1-win32-x86_64\bin\msvcp140.dll
0x00007ffe25880000 - 0x00007ffe26622000 	c:\Users\PRASHANT\.vscode\extensions\redhat.java-1.56.0-win32-x64\jre\21.0.12.1-win32-x86_64\bin\server\jvm.dll
0x00007ffeff260000 - 0x00007ffeff31c000 	C:\WINDOWS\System32\ADVAPI32.dll
0x00007ffeff330000 - 0x00007ffeff3d9000 	C:\WINDOWS\System32\sechost.dll
0x00007ffeff4c0000 - 0x00007ffeff5d8000 	C:\WINDOWS\System32\RPCRT4.dll
0x00007ffeff670000 - 0x00007ffeff6f0000 	C:\WINDOWS\System32\WS2_32.dll
0x00007ffef3ec0000 - 0x00007ffef3ecb000 	C:\WINDOWS\SYSTEM32\VERSION.dll
0x00007ffeeb560000 - 0x00007ffeeb596000 	C:\WINDOWS\SYSTEM32\WINMM.dll
0x00007ffefd8c0000 - 0x00007ffefd91e000 	C:\WINDOWS\SYSTEM32\POWRPROF.dll
0x00007ffefd860000 - 0x00007ffefd875000 	C:\WINDOWS\SYSTEM32\UMPDC.dll
0x00007ffefcf20000 - 0x00007ffefcf3b000 	C:\WINDOWS\SYSTEM32\kernel.appcore.dll
0x00007ffeddf80000 - 0x00007ffeddf8a000 	c:\Users\PRASHANT\.vscode\extensions\redhat.java-1.56.0-win32-x64\jre\21.0.12.1-win32-x86_64\bin\jimage.dll
0x00007ffefb7a0000 - 0x00007ffefb9ec000 	C:\WINDOWS\SYSTEM32\DBGHELP.DLL
0x00007fff00120000 - 0x00007fff004a5000 	C:\WINDOWS\System32\combase.dll
0x00007ffeff3e0000 - 0x00007ffeff4b9000 	C:\WINDOWS\System32\OLEAUT32.dll
0x00007ffed9210000 - 0x00007ffed924b000 	C:\WINDOWS\SYSTEM32\dbgcore.DLL
0x00007ffefef80000 - 0x00007ffeff02c000 	C:\WINDOWS\System32\bcryptPrimitives.dll
0x00007ffeddc90000 - 0x00007ffeddc9f000 	c:\Users\PRASHANT\.vscode\extensions\redhat.java-1.56.0-win32-x64\jre\21.0.12.1-win32-x86_64\bin\instrument.dll
0x00007ffeace20000 - 0x00007ffeace40000 	c:\Users\PRASHANT\.vscode\extensions\redhat.java-1.56.0-win32-x64\jre\21.0.12.1-win32-x86_64\bin\java.dll
0x00007ffea3d00000 - 0x00007ffea3d18000 	c:\Users\PRASHANT\.vscode\extensions\redhat.java-1.56.0-win32-x64\jre\21.0.12.1-win32-x86_64\bin\zip.dll
0x00007ffeff780000 - 0x00007ffefff18000 	C:\WINDOWS\System32\SHELL32.dll
0x00007ffefbc80000 - 0x00007ffefc52e000 	C:\WINDOWS\SYSTEM32\windows.storage.dll
0x00007ffefff50000 - 0x00007fff0004b000 	C:\WINDOWS\System32\SHCORE.dll
0x00007fff01240000 - 0x00007fff012a6000 	C:\WINDOWS\System32\shlwapi.dll
0x00007ffefe660000 - 0x00007ffefe689000 	C:\WINDOWS\SYSTEM32\profapi.dll
0x00007ffeddb10000 - 0x00007ffeddb20000 	C:\Users\PRASHANT\.vscode\extensions\redhat.java-1.56.0-win32-x64\jre\21.0.12.1-win32-x86_64\bin\net.dll
0x00007ffef5500000 - 0x00007ffef562a000 	C:\WINDOWS\SYSTEM32\WINHTTP.dll
0x00007ffefd550000 - 0x00007ffefd5bc000 	C:\WINDOWS\system32\mswsock.dll
0x00007ffea0230000 - 0x00007ffea0246000 	C:\Users\PRASHANT\.vscode\extensions\redhat.java-1.56.0-win32-x64\jre\21.0.12.1-win32-x86_64\bin\nio.dll
0x00007ffedda60000 - 0x00007ffedda70000 	c:\Users\PRASHANT\.vscode\extensions\redhat.java-1.56.0-win32-x64\jre\21.0.12.1-win32-x86_64\bin\verify.dll
0x00007ffe96b70000 - 0x00007ffe96bb5000 	C:\Users\PRASHANT\AppData\Roaming\Code\User\globalStorage\redhat.java\1.56.0\config_win\org.eclipse.equinox.launcher\org.eclipse.equinox.launcher.win32.win32.x86_64_1.3.100.v20260804-1928\eclipse_11924.dll
0x00007fff00ce0000 - 0x00007fff00e7a000 	C:\WINDOWS\System32\ole32.dll
0x00007ffefd880000 - 0x00007ffefd89b000 	C:\WINDOWS\SYSTEM32\CRYPTSP.dll
0x00007ffefce80000 - 0x00007ffefceb9000 	C:\WINDOWS\system32\rsaenh.dll
0x00007ffefd600000 - 0x00007ffefd634000 	C:\WINDOWS\SYSTEM32\USERENV.dll
0x00007ffefe630000 - 0x00007ffefe65a000 	C:\WINDOWS\SYSTEM32\bcrypt.dll
0x00007ffefd8a0000 - 0x00007ffefd8ac000 	C:\WINDOWS\SYSTEM32\CRYPTBASE.dll
0x00007ffefc960000 - 0x00007ffefc993000 	C:\WINDOWS\SYSTEM32\IPHLPAPI.DLL
0x00007fff010f0000 - 0x00007fff010fa000 	C:\WINDOWS\System32\NSI.dll
0x00007ffe7a540000 - 0x00007ffe7a589000 	C:\Users\PRASHANT\AppData\Local\Temp\jna--608479181\jna12164582551068057533.dll
0x00007fff004b0000 - 0x00007fff004b8000 	C:\WINDOWS\System32\PSAPI.DLL
0x00007ffef5750000 - 0x00007ffef576d000 	C:\WINDOWS\SYSTEM32\dhcpcsvc6.DLL
0x00007ffef56a0000 - 0x00007ffef56c5000 	C:\WINDOWS\SYSTEM32\dhcpcsvc.DLL
0x00007ffef6260000 - 0x00007ffef626e000 	C:\Users\PRASHANT\.vscode\extensions\redhat.java-1.56.0-win32-x64\jre\21.0.12.1-win32-x86_64\bin\sunmscapi.dll
0x00007ffefed40000 - 0x00007ffefeebe000 	C:\WINDOWS\System32\CRYPT32.dll
0x00007ffefdbc0000 - 0x00007ffefdbf0000 	C:\WINDOWS\SYSTEM32\ncrypt.dll
0x00007ffefdb70000 - 0x00007ffefdbaf000 	C:\WINDOWS\SYSTEM32\NTASN1.dll
0x00007ffefc9a0000 - 0x00007ffefcaf8000 	C:\WINDOWS\SYSTEM32\DNSAPI.dll
0x00007ffefd330000 - 0x00007ffefd33d000 	C:\WINDOWS\SYSTEM32\DSPARSE.dll
0x00007ffef4e00000 - 0x00007ffef4e0b000 	C:\Windows\System32\rasadhlp.dll
0x00007ffef5940000 - 0x00007ffef59c6000 	C:\WINDOWS\System32\fwpuclnt.dll
0x00007ffef6010000 - 0x00007ffef6019000 	C:\Users\PRASHANT\.vscode\extensions\redhat.java-1.56.0-win32-x64\jre\21.0.12.1-win32-x86_64\bin\extnet.dll
0x00007ffefd0c0000 - 0x00007ffefd0f6000 	C:\WINDOWS\SYSTEM32\ntmarta.dll

JVMTI agents:
c:\Users\PRASHANT\.vscode\extensions\redhat.java-1.56.0-win32-x64\lombok\lombok-1.18.39-4050.jar path:c:\Users\PRASHANT\.vscode\extensions\redhat.java-1.56.0-win32-x64\jre\21.0.12.1-win32-x86_64\bin\instrument.dll, loaded, initialized, instrumentlib options:none

dbghelp: loaded successfully - version: 4.0.5 - missing functions: none
symbol engine: initialized successfully - sym options: 0x614 - pdb path: .;c:\Users\PRASHANT\.vscode\extensions\redhat.java-1.56.0-win32-x64\jre\21.0.12.1-win32-x86_64\bin;C:\WINDOWS\SYSTEM32;C:\WINDOWS\WinSxS\amd64_microsoft.windows.common-controls_6595b64144ccf1df_6.0.26100.9278_none_3e0d1ba8e3303201;c:\Users\PRASHANT\.vscode\extensions\redhat.java-1.56.0-win32-x64\jre\21.0.12.1-win32-x86_64\bin\server;C:\Users\PRASHANT\AppData\Roaming\Code\User\globalStorage\redhat.java\1.56.0\config_win\org.eclipse.equinox.launcher\org.eclipse.equinox.launcher.win32.win32.x86_64_1.3.100.v20260804-1928;C:\Users\PRASHANT\AppData\Local\Temp\jna--608479181

VM Arguments:
jvm_args: --add-modules=ALL-SYSTEM --add-opens=java.base/java.util=ALL-UNNAMED --add-opens=java.base/java.lang=ALL-UNNAMED --add-opens=java.base/sun.nio.fs=ALL-UNNAMED -Declipse.application=org.eclipse.jdt.ls.core.id1 -Dosgi.bundles.defaultStartLevel=4 -Declipse.product=org.eclipse.jdt.ls.core.product -Djava.import.generatesMetadataFilesAtProjectRoot=false -Dm2e.project.cache.size=50 -DDetectVMInstallationsJob.disabled=true -Dfile.encoding=utf8 -Xlog:disable -Xshare:off -javaagent:c:\Users\PRASHANT\.vscode\extensions\redhat.java-1.56.0-win32-x64\lombok\lombok-1.18.39-4050.jar -XX:+HeapDumpOnOutOfMemoryError -XX:HeapDumpPath=c:\Users\PRASHANT\AppData\Roaming\Code\User\workspaceStorage\14190b1e227383061d6b68b31169a3ac\redhat.java -Daether.dependencyCollector.impl=bf 
java_command: c:\Users\PRASHANT\.vscode\extensions\redhat.java-1.56.0-win32-x64\server\plugins\org.eclipse.equinox.launcher_1.8.0.v20260804-1928.jar -configuration c:\Users\PRASHANT\AppData\Roaming\Code\User\globalStorage\redhat.java\1.56.0\config_win -data c:\Users\PRASHANT\AppData\Roaming\Code\User\workspaceStorage\14190b1e227383061d6b68b31169a3ac\redhat.java\jdt_ws --pipe=\\.\pipe\lsp-56a545253df18fa0e670be7ea38acc83-sock
java_class_path (initial): c:\Users\PRASHANT\.vscode\extensions\redhat.java-1.56.0-win32-x64\server\plugins\org.eclipse.equinox.launcher_1.8.0.v20260804-1928.jar
Launcher Type: SUN_STANDARD

[Global flags]
     intx CICompilerCount                          = 4                                         {product} {ergonomic}
     uint ConcGCThreads                            = 3                                         {product} {ergonomic}
     uint G1ConcRefinementThreads                  = 10                                        {product} {ergonomic}
   size_t G1HeapRegionSize                         = 2097152                                   {product} {ergonomic}
    uintx GCDrainStackTargetSize                   = 64                                        {product} {ergonomic}
     bool HeapDumpOnOutOfMemoryError               = true                                   {manageable} {command line}
    ccstr HeapDumpPath                             = c:\Users\PRASHANT\AppData\Roaming\Code\User\workspaceStorage\14190b1e227383061d6b68b31169a3ac\redhat.java         {manageable} {command line}
   size_t InitialHeapSize                          = 264241152                                 {product} {ergonomic}
   size_t MarkStackSize                            = 4194304                                   {product} {ergonomic}
   size_t MaxHeapSize                              = 4202692608                                {product} {ergonomic}
   size_t MaxNewSize                               = 2520776704                                {product} {ergonomic}
   size_t MinHeapDeltaBytes                        = 2097152                                   {product} {ergonomic}
   size_t MinHeapSize                              = 8388608                                   {product} {ergonomic}
    uintx NonNMethodCodeHeapSize                   = 5839372                                {pd product} {ergonomic}
    uintx NonProfiledCodeHeapSize                  = 122909434                              {pd product} {ergonomic}
    uintx ProfiledCodeHeapSize                     = 122909434                              {pd product} {ergonomic}
    uintx ReservedCodeCacheSize                    = 251658240                              {pd product} {ergonomic}
     bool SegmentedCodeCache                       = true                                      {product} {ergonomic}
   size_t SoftMaxHeapSize                          = 4202692608                             {manageable} {ergonomic}
     bool UseCompressedOops                        = true                           {product lp64_product} {ergonomic}
     bool UseG1GC                                  = true                                      {product} {ergonomic}
     bool UseLargePagesIndividualAllocation        = false                                  {pd product} {ergonomic}

Logging:
Log output configuration:
 #0: stdout all=off uptime,level,tags foldmultilines=false
 #1: stderr all=off uptime,level,tags foldmultilines=false

Release file:
JAVA_VERSION="21.0.12.1" 
MODULES="java.base java.compiler java.datatransfer java.xml java.prefs java.desktop java.instrument java.logging java.management java.security.sasl java.naming java.rmi java.management.rmi java.net.http java.scripting java.security.jgss java.transaction.xa java.sql java.sql.rowset java.xml.crypto java.se java.smartcardio jdk.accessibility jdk.internal.jvmstat jdk.attach jdk.charsets jdk.internal.opt jdk.zipfs jdk.compiler jdk.crypto.ec jdk.crypto.cryptoki jdk.crypto.mscapi jdk.dynalink jdk.internal.ed jdk.editpad jdk.hotspot.agent jdk.httpserver jdk.internal.le jdk.internal.vm.ci jdk.internal.vm.compiler jdk.internal.vm.compiler.management jdk.jartool jdk.javadoc jdk.jcmd jdk.management jdk.management.agent jdk.jconsole jdk.jdeps jdk.jdwp.agent jdk.jdi jdk.jfr jdk.jshell jdk.jsobject jdk.jstatd jdk.localedata jdk.management.jfr jdk.naming.dns jdk.naming.rmi jdk.net jdk.nio.mapmode jdk.random jdk.sctp jdk.security.auth jdk.security.jgss jdk.unsupported jdk.unsupported.desktop jdk.xml.dom" 

Environment Variables:
PATH=C:\Program Files\Common Files\Oracle\Java\javapath;C:\app\PRASHANT\product\21c\dbhomeXE\bin;C:\Program Files (x86)\Common Files\Intel\Shared Libraries\redist\intel64\compiler;C:\windows\system32;C:\windows;C:\windows\System32\Wbem;C:\windows\System32\WindowsPowerShell\v1.0\;C:\windows\System32\OpenSSH\;C:\Program Files (x86)\NVIDIA Corporation\PhysX\Common;C:\Program Files\NVIDIA Corporation\NVIDIA NvDLISR;C:\Users\Administrator\AppData\Local\Microsoft\WindowsApps;C:\Program Files\HP\OMEN-Broadcast\Common;C:\WINDOWS\system32;C:\WINDOWS;C:\WINDOWS\System32\Wbem;C:\WINDOWS\System32\WindowsPowerShell\v1.0\;C:\WINDOWS\System32\OpenSSH\;C:\Program Files\nodejs\;C:\Program Files\Java\jdk-25\bin;C:\Program Files\dotnet\;C:\Program Files\MySQL\MySQL Server 8.0\bin;C:\Program Files\Git\cmd;C:\Program Files\Git\mingw64\bin;C:\Program Files\Git\usr\bin;C:\Program Files\MongoDB\Server\8.2\bin;C:\Program Files\Java\jdk-26.0.1\bin;C:\WINDOWS\system32\config\systemprofile\AppData\Local\Muse Hub\lib;C:\Users\PRASHANT\AppData\Local\Programs\Python\Python310\Scripts\;C:\Users\PRASHANT\AppData\Local\Programs\Python\Python310\;C:\Users\PRASHANT\AppData\Local\Microsoft\WindowsApps;C:\Users\PRASHANT\AppData\Roaming\npm;C:\Program Files\Java\jdk-25\bin;D:\MINGW\bin;C:\Users\PRASHANT\AppData\Local\Programs\Antigravity\bin;C:\Users\PRASHANT\AppData\Local\Programs\cursor\resources\app\bin;C:\Users\PRASHANT\AppData\Local\Programs\Microsoft VS Code\bin;C:\Program Files\mongosh\;C:\Users\PRASHANT\AppData\Local\Microsoft\WinGet\Packages\Gyan.FFmpeg_Microsoft.Winget.Source_8wekyb3d8bbwe\ffmpeg-8.1-full_build\bin;D:\DESKTOP\Windsurf\bin;D:\Kingsoft\WPS Office\12.1.0.27458\clitool;C:\Users\PRASHANT\AppData\Local\Programs\Antigravity IDE\bin;C:\Users\PRASHANT\AppData\Local\Muse Hub\lib
USERNAME=PRASHANT
OS=Windows_NT
PROCESSOR_IDENTIFIER=Intel64 Family 6 Model 154 Stepping 3, GenuineIntel
TMP=C:\Users\PRASHANT\AppData\Local\Temp
TEMP=C:\Users\PRASHANT\AppData\Local\Temp




Periodic native trim disabled

---------------  S Y S T E M  ---------------

OS:
 Windows 11 , 64 bit Build 26100 (10.0.26100.9444)
OS uptime: 1 days 1:25 hours
Hyper-V role detected

CPU: total 12 (initial active 12) (6 cores per cpu, 2 threads per core) family 6 model 154 stepping 3 microcode 0x434, cx8, cmov, fxsr, ht, mmx, 3dnowpref, sse, sse2, sse3, ssse3, sse4.1, sse4.2, popcnt, lzcnt, tsc, tscinvbit, avx, avx2, aes, erms, clmul, bmi1, bmi2, adx, sha, fma, vzeroupper, clflush, clflushopt, clwb, hv, serialize, rdtscp, rdpid, fsrm, f16c, cet_ibt, cet_ss
Processor Information for the first 12 processors :
  Max Mhz: 2000, Current Mhz: 2000, Mhz Limit: 2000

Memory: 4k page, system-wide physical 16024M (1263M free)
TotalPageFile size 20120M (AvailPageFile size 1105M)
current process WorkingSet (physical memory assigned to process): 602M, peak: 746M
current process commit charge ("private bytes"): 708M, peak: 4332M

vm_info: OpenJDK 64-Bit Server VM (21.0.12.1+1-LTS) for windows-amd64 JRE (21.0.12.1+1-LTS), built on 2026-08-18T00:00:00Z by "admin" with MS VC++ 17.12 (VS2022)

END.
