#
# There is insufficient memory for the Java Runtime Environment to continue.
# Native memory allocation (mmap) failed to map 3938451456 bytes. Error detail: G1 virtual space
# Possible reasons:
#   The system is out of physical RAM or swap space
#   This process is running with CompressedOops enabled, and the Java Heap may be blocking the growth of the native heap
# Possible solutions:
#   Reduce memory load on the system
#   Increase physical memory or swap space
#   Check if swap backing store is full
#   Decrease Java heap size (-Xmx/-Xms)
#   Decrease number of Java threads
#   Decrease Java thread stack sizes (-Xss)
#   Set larger code cache with -XX:ReservedCodeCacheSize=
#   JVM is running with Zero Based Compressed Oops mode in which the Java heap is
#     placed in the first 32GB address space. The Java Heap base address is the
#     maximum limit for the native heap growth. Please use -XX:HeapBaseMinAddress
#     to set the Java Heap base and to place the Java Heap above 32GB virtual address.
# This output file may be truncated or incomplete.
#
#  Out of Memory Error (os_windows.cpp:3732), pid=9640, tid=26012
#
# JRE version: OpenJDK Runtime Environment Temurin-21.0.12.1+1 (21.0.12.1+1) (build 21.0.12.1+1-LTS)
# Java VM: OpenJDK 64-Bit Server VM Temurin-21.0.12.1+1 (21.0.12.1+1-LTS, mixed mode, tiered, compressed oops, compressed class ptrs, g1 gc, windows-amd64)
# No core dump will be written. Minidumps are not enabled by default on client versions of Windows
#

---------------  S U M M A R Y ------------

Command Line: --add-modules=ALL-SYSTEM --add-opens=java.base/java.util=ALL-UNNAMED --add-opens=java.base/java.lang=ALL-UNNAMED --add-opens=java.base/sun.nio.fs=ALL-UNNAMED -Declipse.application=org.eclipse.jdt.ls.core.id1 -Dosgi.bundles.defaultStartLevel=4 -Declipse.product=org.eclipse.jdt.ls.core.product -Djava.import.generatesMetadataFilesAtProjectRoot=false -Dm2e.project.cache.size=50 -DDetectVMInstallationsJob.disabled=true -Dfile.encoding=utf8 -Xlog:disable -Xshare:off -javaagent:c:\Users\PRASHANT\.vscode\extensions\redhat.java-1.56.0-win32-x64\lombok\lombok-1.18.39-4050.jar -XX:+HeapDumpOnOutOfMemoryError -XX:HeapDumpPath=c:\Users\PRASHANT\AppData\Roaming\Code\User\workspaceStorage\3ce9d61f8507f1e94ae1f52ef510885b\redhat.java -Daether.dependencyCollector.impl=bf c:\Users\PRASHANT\.vscode\extensions\redhat.java-1.56.0-win32-x64\server\plugins\org.eclipse.equinox.launcher_1.8.0.v20260804-1928.jar -configuration c:\Users\PRASHANT\AppData\Roaming\Code\User\globalStorage\redhat.java\1.56.0\config_win -data c:\Users\PRASHANT\AppData\Roaming\Code\User\workspaceStorage\3ce9d61f8507f1e94ae1f52ef510885b\redhat.java\jdt_ws --pipe=\\.\pipe\lsp-084ee232eb8a03291c17a5772962f8ba-sock

Host: 12th Gen Intel(R) Core(TM) i5-12450H, 12 cores, 15G,  Windows 11 , 64 bit Build 26100 (10.0.26100.9549)
Time: Sat Oct 10 21:28:27 2026 India Standard Time elapsed time: 264.699661 seconds (0d 0h 4m 24s)

---------------  T H R E A D  ---------------

Current thread (0x000001e8ddafe850):  VMThread "VM Thread"          [id=26012, stack(0x000000e3b5900000,0x000000e3b5a00000) (1024K)]

Stack: [0x000000e3b5900000,0x000000e3b5a00000]
Native frames: (J=compiled Java code, j=interpreted, Vv=VM code, C=native code)
V  [jvm.dll+0x6d83e9]
V  [jvm.dll+0x8b5736]
V  [jvm.dll+0x8b7cee]
V  [jvm.dll+0x8b83d3]
V  [jvm.dll+0x284596]
V  [jvm.dll+0x6d4d05]
V  [jvm.dll+0x6c898a]
V  [jvm.dll+0x35f2f8]
V  [jvm.dll+0x366f36]
V  [jvm.dll+0x3b804e]
V  [jvm.dll+0x3b82f8]
V  [jvm.dll+0x33320c]
V  [jvm.dll+0x335fce]
V  [jvm.dll+0x375196]
V  [jvm.dll+0x8be0c0]
V  [jvm.dll+0x8bf434]
V  [jvm.dll+0x8bf960]
V  [jvm.dll+0x8bfc03]
V  [jvm.dll+0x8600cd]
V  [jvm.dll+0x6d6c1d]
C  [ucrtbase.dll+0x2cd30]
C  [KERNEL32.DLL+0x2cdf7]
C  [ntdll.dll+0x7ee4c]

VM_Operation (0x000000e3b7afe730): G1CollectForAllocation, mode: safepoint, requested by thread 0x000001e8e3adf6c0


---------------  P R O C E S S  ---------------

Threads class SMR info:
_java_thread_list=0x000001e8e3e6fe50, length=66, elements={
0x000001e8c157bfd0, 0x000001e8ddba4570, 0x000001e8ddba6fe0, 0x000001e8ddbc26d0,
0x000001e8ddb84060, 0x000001e8ddb86ad0, 0x000001e8ddb89540, 0x000001e8ddbd2e80,
0x000001e8ddb90a20, 0x000001e8dded36a0, 0x000001e8e21723a0, 0x000001e8e2b5f910,
0x000001e8e2a59460, 0x000001e8e2c94fc0, 0x000001e8e2c95630, 0x000001e8e35dc040,
0x000001e8e3540e30, 0x000001e8e2f3f330, 0x000001e8e3ae1790, 0x000001e8e3ae1e20,
0x000001e8e3adf6c0, 0x000001e8e3adfd50, 0x000001e8e3ae1100, 0x000001e8e4112130,
0x000001e8e4112e50, 0x000001e8e41134e0, 0x000001e8e4110d80, 0x000001e8e4111410,
0x000001e8e41127c0, 0x000001e8e41106f0, 0x000001e8e4111aa0, 0x000001e8e4110060,
0x000001e8e65bd4b0, 0x000001e8e65be860, 0x000001e8e65beef0, 0x000001e8e65bf580,
0x000001e8e65bfc10, 0x000001e8e65be1d0, 0x000001e8e65c3090, 0x000001e8e52f5150,
0x000001e8e52f78b0, 0x000001e8e52f7f40, 0x000001e8e52f5e70, 0x000001e8e52f57e0,
0x000001e8e52f4ac0, 0x000001e8e52f85d0, 0x000001e8e52f8c60, 0x000001e8e52f9980,
0x000001e8e52fb3c0, 0x000001e8e52f92f0, 0x000001e8e52fad30, 0x000001e8e52fa6a0,
0x000001e8e4f921a0, 0x000001e8e4f90df0, 0x000001e8e4f900d0, 0x000001e8e4f93be0,
0x000001e8e4f91480, 0x000001e8e4f91b10, 0x000001e8e4f92830, 0x000001e8e4f92ec0,
0x000001e8e4f97060, 0x000001e8e4f94f90, 0x000001e8e4f95620, 0x000001e8e4f94270,
0x000001e8e65c0fc0, 0x000001e8e7a69f20
}

Java Threads: ( => current thread )
  0x000001e8c157bfd0 JavaThread "main"                              [_thread_blocked, id=24988, stack(0x000000e3b5200000,0x000000e3b5300000) (1024K)]
  0x000001e8ddba4570 JavaThread "Reference Handler"          daemon [_thread_blocked, id=10320, stack(0x000000e3b5a00000,0x000000e3b5b00000) (1024K)]
  0x000001e8ddba6fe0 JavaThread "Finalizer"                  daemon [_thread_blocked, id=5016, stack(0x000000e3b5b00000,0x000000e3b5c00000) (1024K)]
  0x000001e8ddbc26d0 JavaThread "Signal Dispatcher"          daemon [_thread_blocked, id=31920, stack(0x000000e3b5c00000,0x000000e3b5d00000) (1024K)]
  0x000001e8ddb84060 JavaThread "Attach Listener"            daemon [_thread_blocked, id=16040, stack(0x000000e3b5d00000,0x000000e3b5e00000) (1024K)]
  0x000001e8ddb86ad0 JavaThread "Service Thread"             daemon [_thread_blocked, id=22824, stack(0x000000e3b5e00000,0x000000e3b5f00000) (1024K)]
  0x000001e8ddb89540 JavaThread "Monitor Deflation Thread"   daemon [_thread_blocked, id=10260, stack(0x000000e3b5f00000,0x000000e3b6000000) (1024K)]
  0x000001e8ddbd2e80 JavaThread "C2 CompilerThread0"         daemon [_thread_blocked, id=11352, stack(0x000000e3b6000000,0x000000e3b6100000) (1024K)]
  0x000001e8ddb90a20 JavaThread "C1 CompilerThread0"         daemon [_thread_blocked, id=17860, stack(0x000000e3b6100000,0x000000e3b6200000) (1024K)]
  0x000001e8dded36a0 JavaThread "Common-Cleaner"             daemon [_thread_blocked, id=23664, stack(0x000000e3b6300000,0x000000e3b6400000) (1024K)]
  0x000001e8e21723a0 JavaThread "Notification Thread"        daemon [_thread_blocked, id=24404, stack(0x000000e3b6400000,0x000000e3b6500000) (1024K)]
  0x000001e8e2b5f910 JavaThread "Active Thread: Equinox Container: dd6dc0bb-23b9-433f-8364-9e500bdde267"        [_thread_blocked, id=23116, stack(0x000000e3b6c00000,0x000000e3b6d00000) (1024K)]
  0x000001e8e2a59460 JavaThread "Refresh Thread: Equinox Container: dd6dc0bb-23b9-433f-8364-9e500bdde267" daemon [_thread_blocked, id=19916, stack(0x000000e3b6d00000,0x000000e3b6e00000) (1024K)]
  0x000001e8e2c94fc0 JavaThread "Framework Event Dispatcher: Equinox Container: dd6dc0bb-23b9-433f-8364-9e500bdde267" daemon [_thread_blocked, id=33308, stack(0x000000e3b6e00000,0x000000e3b6f00000) (1024K)]
  0x000001e8e2c95630 JavaThread "Start Level: Equinox Container: dd6dc0bb-23b9-433f-8364-9e500bdde267" daemon [_thread_blocked, id=11408, stack(0x000000e3b6f00000,0x000000e3b7000000) (1024K)]
  0x000001e8e35dc040 JavaThread "Bundle File Closer"         daemon [_thread_blocked, id=31064, stack(0x000000e3b7200000,0x000000e3b7300000) (1024K)]
  0x000001e8e3540e30 JavaThread "SCR Component Actor"        daemon [_thread_blocked, id=11240, stack(0x000000e3b6200000,0x000000e3b6300000) (1024K)]
  0x000001e8e2f3f330 JavaThread "Worker-JM"                         [_thread_blocked, id=22088, stack(0x000000e3b7700000,0x000000e3b7800000) (1024K)]
  0x000001e8e3ae1790 JavaThread "JNA Cleaner"                daemon [_thread_blocked, id=12724, stack(0x000000e3b6500000,0x000000e3b6600000) (1024K)]
  0x000001e8e3ae1e20 JavaThread "Worker-1"                          [_thread_blocked, id=8128, stack(0x000000e3b7900000,0x000000e3b7a00000) (1024K)]
  0x000001e8e3adf6c0 JavaThread "Java indexing"              daemon [_thread_blocked, id=16712, stack(0x000000e3b7a00000,0x000000e3b7b00000) (1024K)]
  0x000001e8e3adfd50 JavaThread "Worker-3"                          [_thread_blocked, id=15464, stack(0x000000e3b7f00000,0x000000e3b8000000) (1024K)]
  0x000001e8e3ae1100 JavaThread "Thread-1"                   daemon [_thread_in_native, id=12140, stack(0x000000e3b8200000,0x000000e3b8300000) (1024K)]
  0x000001e8e4112130 JavaThread "Thread-2"                   daemon [_thread_in_native, id=12648, stack(0x000000e3b8300000,0x000000e3b8400000) (1024K)]
  0x000001e8e4112e50 JavaThread "Thread-3"                   daemon [_thread_in_native, id=21276, stack(0x000000e3b8400000,0x000000e3b8500000) (1024K)]
  0x000001e8e41134e0 JavaThread "Thread-4"                   daemon [_thread_in_native, id=29804, stack(0x000000e3b8500000,0x000000e3b8600000) (1024K)]
  0x000001e8e4110d80 JavaThread "Thread-5"                   daemon [_thread_in_native, id=13184, stack(0x000000e3b8600000,0x000000e3b8700000) (1024K)]
  0x000001e8e4111410 JavaThread "Thread-6"                   daemon [_thread_in_native, id=31260, stack(0x000000e3b8700000,0x000000e3b8800000) (1024K)]
  0x000001e8e41127c0 JavaThread "Thread-7"                   daemon [_thread_in_native, id=26512, stack(0x000000e3b8800000,0x000000e3b8900000) (1024K)]
  0x000001e8e41106f0 JavaThread "Thread-8"                   daemon [_thread_in_native, id=21352, stack(0x000000e3b8900000,0x000000e3b8a00000) (1024K)]
  0x000001e8e4111aa0 JavaThread "Thread-9"                   daemon [_thread_in_native, id=28124, stack(0x000000e3b8a00000,0x000000e3b8b00000) (1024K)]
  0x000001e8e4110060 JavaThread "Thread-10"                  daemon [_thread_in_native, id=11420, stack(0x000000e3b8b00000,0x000000e3b8c00000) (1024K)]
  0x000001e8e65bd4b0 JavaThread "Thread-11"                  daemon [_thread_in_native, id=14468, stack(0x000000e3b8c00000,0x000000e3b8d00000) (1024K)]
  0x000001e8e65be860 JavaThread "Thread-12"                  daemon [_thread_in_native, id=1684, stack(0x000000e3b8d00000,0x000000e3b8e00000) (1024K)]
  0x000001e8e65beef0 JavaThread "Thread-13"                  daemon [_thread_in_native, id=9128, stack(0x000000e3b8e00000,0x000000e3b8f00000) (1024K)]
  0x000001e8e65bf580 JavaThread "pool-2-thread-1"                   [_thread_blocked, id=18524, stack(0x000000e3b8f00000,0x000000e3b9000000) (1024K)]
  0x000001e8e65bfc10 JavaThread "WorkspaceEventsHandler"            [_thread_blocked, id=12828, stack(0x000000e3b9000000,0x000000e3b9100000) (1024K)]
  0x000001e8e65be1d0 JavaThread "pool-1-thread-1"                   [_thread_blocked, id=28552, stack(0x000000e3b9100000,0x000000e3b9200000) (1024K)]
  0x000001e8e65c3090 JavaThread "PatternSearchJob-worker-1"  daemon [_thread_blocked, id=22128, stack(0x000000e3b9200000,0x000000e3b9300000) (1024K)]
  0x000001e8e52f5150 JavaThread "LocalFile Deleter"          daemon [_thread_blocked, id=10032, stack(0x000000e3b9900000,0x000000e3b9a00000) (1024K)]
  0x000001e8e52f78b0 JavaThread "Compiler Source File Reader" daemon [_thread_blocked, id=3672, stack(0x000000e3b9b00000,0x000000e3b9c00000) (1024K)]
  0x000001e8e52f7f40 JavaThread "Compiler Source File Reader" daemon [_thread_blocked, id=27608, stack(0x000000e3b9c00000,0x000000e3b9d00000) (1024K)]
  0x000001e8e52f5e70 JavaThread "Compiler Source File Reader" daemon [_thread_blocked, id=21288, stack(0x000000e3b9d00000,0x000000e3b9e00000) (1024K)]
  0x000001e8e52f57e0 JavaThread "Compiler Source File Reader" daemon [_thread_blocked, id=26200, stack(0x000000e3b9e00000,0x000000e3b9f00000) (1024K)]
  0x000001e8e52f4ac0 JavaThread "Compiler Source File Reader" daemon [_thread_blocked, id=22464, stack(0x000000e3b9f00000,0x000000e3ba000000) (1024K)]
  0x000001e8e52f85d0 JavaThread "Compiler Source File Reader" daemon [_thread_blocked, id=26892, stack(0x000000e3ba000000,0x000000e3ba100000) (1024K)]
  0x000001e8e52f8c60 JavaThread "Compiler Source File Reader" daemon [_thread_blocked, id=1876, stack(0x000000e3ba100000,0x000000e3ba200000) (1024K)]
  0x000001e8e52f9980 JavaThread "Compiler Source File Reader" daemon [_thread_blocked, id=26648, stack(0x000000e3ba200000,0x000000e3ba300000) (1024K)]
  0x000001e8e52fb3c0 JavaThread "Compiler Source File Reader" daemon [_thread_blocked, id=28648, stack(0x000000e3ba300000,0x000000e3ba400000) (1024K)]
  0x000001e8e52f92f0 JavaThread "Compiler Source File Reader" daemon [_thread_blocked, id=28240, stack(0x000000e3ba400000,0x000000e3ba500000) (1024K)]
  0x000001e8e52fad30 JavaThread "Compiler Class File Writer" daemon [_thread_blocked, id=11828, stack(0x000000e3ba600000,0x000000e3ba700000) (1024K)]
  0x000001e8e52fa6a0 JavaThread "Compiler Class File Writer" daemon [_thread_blocked, id=19168, stack(0x000000e3ba700000,0x000000e3ba800000) (1024K)]
  0x000001e8e4f921a0 JavaThread "Compiler Class File Writer" daemon [_thread_blocked, id=17864, stack(0x000000e3ba800000,0x000000e3ba900000) (1024K)]
  0x000001e8e4f90df0 JavaThread "Compiler Class File Writer" daemon [_thread_blocked, id=28376, stack(0x000000e3ba900000,0x000000e3baa00000) (1024K)]
  0x000001e8e4f900d0 JavaThread "Compiler Class File Writer" daemon [_thread_blocked, id=13528, stack(0x000000e3baa00000,0x000000e3bab00000) (1024K)]
  0x000001e8e4f93be0 JavaThread "Compiler Class File Writer" daemon [_thread_blocked, id=16796, stack(0x000000e3bab00000,0x000000e3bac00000) (1024K)]
  0x000001e8e4f91480 JavaThread "Compiler Class File Writer" daemon [_thread_blocked, id=34492, stack(0x000000e3bac00000,0x000000e3bad00000) (1024K)]
  0x000001e8e4f91b10 JavaThread "Compiler Class File Writer" daemon [_thread_blocked, id=3352, stack(0x000000e3bad00000,0x000000e3bae00000) (1024K)]
  0x000001e8e4f92830 JavaThread "Compiler Class File Writer" daemon [_thread_blocked, id=8576, stack(0x000000e3bae00000,0x000000e3baf00000) (1024K)]
  0x000001e8e4f92ec0 JavaThread "Compiler Class File Writer" daemon [_thread_blocked, id=29948, stack(0x000000e3baf00000,0x000000e3bb000000) (1024K)]
  0x000001e8e4f97060 JavaThread "PatternSearchJob-worker-2"  daemon [_thread_blocked, id=15548, stack(0x000000e3bb000000,0x000000e3bb100000) (1024K)]
  0x000001e8e4f94f90 JavaThread "PatternSearchJob-worker-3"  daemon [_thread_blocked, id=25452, stack(0x000000e3bb100000,0x000000e3bb200000) (1024K)]
  0x000001e8e4f95620 JavaThread "ForkJoinPool.commonPool-worker-4" daemon [_thread_blocked, id=1564, stack(0x000000e3b5100000,0x000000e3b5200000) (1024K)]
  0x000001e8e4f94270 JavaThread "ForkJoinPool.commonPool-worker-5" daemon [_thread_blocked, id=17528, stack(0x000000e3b4f00000,0x000000e3b5000000) (1024K)]
  0x000001e8e65c0fc0 JavaThread "Worker-7"                          [_thread_blocked, id=27852, stack(0x000000e3b5000000,0x000000e3b5100000) (1024K)]
  0x000001e8e7a69f20 JavaThread "C2 CompilerThread1"         daemon [_thread_blocked, id=10596, stack(0x000000e3b7300000,0x000000e3b7400000) (1024K)]
Total: 66

Other Threads:
=>0x000001e8ddafe850 VMThread "VM Thread"                           [id=26012, stack(0x000000e3b5900000,0x000000e3b5a00000) (1024K)]
  0x000001e8dda9fa90 WatcherThread "VM Periodic Task Thread"        [id=14248, stack(0x000000e3b5800000,0x000000e3b5900000) (1024K)]
  0x000001e8c390e600 WorkerThread "GC Thread#0"                     [id=23228, stack(0x000000e3b5300000,0x000000e3b5400000) (1024K)]
  0x000001e8e29728d0 WorkerThread "GC Thread#1"                     [id=19528, stack(0x000000e3b6600000,0x000000e3b6700000) (1024K)]
  0x000001e8e21f3090 WorkerThread "GC Thread#2"                     [id=24444, stack(0x000000e3b6700000,0x000000e3b6800000) (1024K)]
  0x000001e8e21f3440 WorkerThread "GC Thread#3"                     [id=34376, stack(0x000000e3b6800000,0x000000e3b6900000) (1024K)]
  0x000001e8e27fd1b0 WorkerThread "GC Thread#4"                     [id=24704, stack(0x000000e3b6900000,0x000000e3b6a00000) (1024K)]
  0x000001e8e27fdd80 WorkerThread "GC Thread#5"                     [id=21040, stack(0x000000e3b6a00000,0x000000e3b6b00000) (1024K)]
  0x000001e8e2aa66d0 WorkerThread "GC Thread#6"                     [id=3304, stack(0x000000e3b6b00000,0x000000e3b6c00000) (1024K)]
  0x000001e8e2bc31a0 WorkerThread "GC Thread#7"                     [id=25616, stack(0x000000e3b7000000,0x000000e3b7100000) (1024K)]
  0x000001e8e2db5df0 WorkerThread "GC Thread#8"                     [id=1552, stack(0x000000e3b7100000,0x000000e3b7200000) (1024K)]
  0x000001e8e31b1390 WorkerThread "GC Thread#9"                     [id=23960, stack(0x000000e3b7400000,0x000000e3b7500000) (1024K)]
  0x000001e8c391fe00 ConcurrentGCThread "G1 Main Marker"            [id=23532, stack(0x000000e3b5400000,0x000000e3b5500000) (1024K)]
  0x000001e8c3920fd0 WorkerThread "G1 Conc#0"                       [id=24120, stack(0x000000e3b5500000,0x000000e3b5600000) (1024K)]
  0x000001e8e3a26cd0 WorkerThread "G1 Conc#1"                       [id=10268, stack(0x000000e3b7500000,0x000000e3b7600000) (1024K)]
  0x000001e8e2f3cba0 WorkerThread "G1 Conc#2"                       [id=28252, stack(0x000000e3b7600000,0x000000e3b7700000) (1024K)]
  0x000001e8dd96e6e0 ConcurrentGCThread "G1 Refine#0"               [id=27876, stack(0x000000e3b5600000,0x000000e3b5700000) (1024K)]
  0x000001e8dd970f30 ConcurrentGCThread "G1 Service"                [id=18812, stack(0x000000e3b5700000,0x000000e3b5800000) (1024K)]
Total: 18

Threads with active compile tasks:
C2 CompilerThread0  264741 12286       4       sun.nio.fs.WindowsPathParser::parse (504 bytes)
C1 CompilerThread0  264742 12297       2       org.eclipse.jdt.internal.compiler.parser.Parser::checkAndSetModifiers (106 bytes)
C2 CompilerThread1  264742 12289   !   4       java.io.InputStream::read (81 bytes)
Total: 3

VM state: at safepoint (normal execution)

VM Mutex/Monitor currently owned by a thread:  ([mutex/lock_event])
[0x00007ffdf9a1f5b0] Threads_lock - owner thread: 0x000001e8ddafe850
[0x00007ffdf9a1f6b0] Heap_lock - owner thread: 0x000001e8e3adf6c0

Heap address: 0x00000006c5800000, size: 4008 MB, Compressed Oops mode: Zero based, Oop shift amount: 3

CDS archive(s) not mapped
Compressed class space mapped at: 0x00000007c0000000-0x0000000800000000, reserved size: 1073741824
Narrow klass base: 0x0000000000000000, Narrow klass shift: 3, Narrow klass range: 0x800000000

GC Precious Log:
 CardTable entry size: 512
 Card Set container configuration: InlinePtr #cards 4 size 8 Array Of Cards #cards 16 size 48 Howl #buckets 8 coarsen threshold 3686 Howl Bitmap #cards 512 size 80 coarsen threshold 460 Card regions per heap region 1 cards per card region 4096
 CPUs: 12 total, 12 available
 Memory: 16024M
 Large Page Support: Disabled
 NUMA Support: Disabled
 Compressed Oops: Enabled (Zero based)
 Heap Region Size: 2M
 Heap Min Capacity: 8M
 Heap Initial Capacity: 252M
 Heap Max Capacity: 4008M
 Pre-touch: Disabled
 Parallel Workers: 10
 Concurrent Workers: 3
 Concurrent Refinement Workers: 10
 Periodic GC: Disabled

Heap:
 garbage-first heap   total 258048K, used 52833K [0x00000006c5800000, 0x00000007c0000000)
  region size 2048K, 1 young (2048K), 1 survivors (2048K)
 Metaspace       used 75742K, committed 77120K, reserved 1179648K
  class space    used 7723K, committed 8320K, reserved 1048576K

Heap Regions: E=young(eden), S=young(survivor), O=old, HS=humongous(starts), HC=humongous(continues), CS=collection set, F=free, TAMS=top-at-mark-start, PB=parsable bottom
|   0|0x00000006c5800000, 0x00000006c5a00000, 0x00000006c5a00000|100%| O|  |TAMS 0x00000006c5800000| PB 0x00000006c5800000| Untracked 
|   1|0x00000006c5a00000, 0x00000006c5c00000, 0x00000006c5c00000|100%| O|  |TAMS 0x00000006c5a00000| PB 0x00000006c5a00000| Untracked 
|   2|0x00000006c5c00000, 0x00000006c5e00000, 0x00000006c5e00000|100%| O|  |TAMS 0x00000006c5c00000| PB 0x00000006c5c00000| Untracked 
|   3|0x00000006c5e00000, 0x00000006c6000000, 0x00000006c6000000|100%| O|  |TAMS 0x00000006c5e00000| PB 0x00000006c5e00000| Untracked 
|   4|0x00000006c6000000, 0x00000006c6200000, 0x00000006c6200000|100%| O|  |TAMS 0x00000006c6000000| PB 0x00000006c6000000| Untracked 
|   5|0x00000006c6200000, 0x00000006c6400000, 0x00000006c6400000|100%| O|  |TAMS 0x00000006c6200000| PB 0x00000006c6200000| Untracked 
|   6|0x00000006c6400000, 0x00000006c6600000, 0x00000006c6600000|100%| O|  |TAMS 0x00000006c6400000| PB 0x00000006c6400000| Untracked 
|   7|0x00000006c6600000, 0x00000006c6800000, 0x00000006c6800000|100%| O|  |TAMS 0x00000006c6600000| PB 0x00000006c6600000| Untracked 
|   8|0x00000006c6800000, 0x00000006c6a00000, 0x00000006c6a00000|100%| O|  |TAMS 0x00000006c6800000| PB 0x00000006c6800000| Untracked 
|   9|0x00000006c6a00000, 0x00000006c6c00000, 0x00000006c6c00000|100%| O|  |TAMS 0x00000006c6a00000| PB 0x00000006c6a00000| Untracked 
|  10|0x00000006c6c00000, 0x00000006c6e00000, 0x00000006c6e00000|100%| O|  |TAMS 0x00000006c6c00000| PB 0x00000006c6c00000| Untracked 
|  11|0x00000006c6e00000, 0x00000006c7000000, 0x00000006c7000000|100%| O|  |TAMS 0x00000006c6e00000| PB 0x00000006c6e00000| Untracked 
|  12|0x00000006c7000000, 0x00000006c7200000, 0x00000006c7200000|100%| O|  |TAMS 0x00000006c7000000| PB 0x00000006c7000000| Untracked 
|  13|0x00000006c7200000, 0x00000006c7400000, 0x00000006c7400000|100%| O|  |TAMS 0x00000006c7200000| PB 0x00000006c7200000| Untracked 
|  14|0x00000006c7400000, 0x00000006c7600000, 0x00000006c7600000|100%| O|  |TAMS 0x00000006c7400000| PB 0x00000006c7400000| Untracked 
|  15|0x00000006c7600000, 0x00000006c7800000, 0x00000006c7800000|100%| O|  |TAMS 0x00000006c7600000| PB 0x00000006c7600000| Untracked 
|  16|0x00000006c7800000, 0x00000006c7a00000, 0x00000006c7a00000|100%| O|  |TAMS 0x00000006c7800000| PB 0x00000006c7800000| Untracked 
|  17|0x00000006c7a00000, 0x00000006c7c00000, 0x00000006c7c00000|100%| O|  |TAMS 0x00000006c7a00000| PB 0x00000006c7a00000| Untracked 
|  18|0x00000006c7c00000, 0x00000006c7c00000, 0x00000006c7e00000|  0%| F|  |TAMS 0x00000006c7c00000| PB 0x00000006c7c00000| Untracked 
|  19|0x00000006c7e00000, 0x00000006c8000000, 0x00000006c8000000|100%| O|  |TAMS 0x00000006c7e00000| PB 0x00000006c7e00000| Untracked 
|  20|0x00000006c8000000, 0x00000006c8200000, 0x00000006c8200000|100%| O|  |TAMS 0x00000006c8000000| PB 0x00000006c8000000| Untracked 
|  21|0x00000006c8200000, 0x00000006c8400000, 0x00000006c8400000|100%| O|  |TAMS 0x00000006c8200000| PB 0x00000006c8200000| Untracked 
|  22|0x00000006c8400000, 0x00000006c8600000, 0x00000006c8600000|100%| O|  |TAMS 0x00000006c8400000| PB 0x00000006c8400000| Untracked 
|  23|0x00000006c8600000, 0x00000006c8800000, 0x00000006c8800000|100%| O|  |TAMS 0x00000006c8600000| PB 0x00000006c8600000| Untracked 
|  24|0x00000006c8800000, 0x00000006c8a00000, 0x00000006c8a00000|100%| O|  |TAMS 0x00000006c8800000| PB 0x00000006c8800000| Untracked 
|  25|0x00000006c8a00000, 0x00000006c8c00000, 0x00000006c8c00000|100%| O|  |TAMS 0x00000006c8a00000| PB 0x00000006c8a00000| Untracked 
|  26|0x00000006c8c00000, 0x00000006c8c2de58, 0x00000006c8e00000|  8%| O|  |TAMS 0x00000006c8c00000| PB 0x00000006c8c00000| Untracked 
|  27|0x00000006c8e00000, 0x00000006c8e00000, 0x00000006c9000000|  0%| F|  |TAMS 0x00000006c8e00000| PB 0x00000006c8e00000| Untracked 
|  28|0x00000006c9000000, 0x00000006c9000000, 0x00000006c9200000|  0%| F|  |TAMS 0x00000006c9000000| PB 0x00000006c9000000| Untracked 
|  29|0x00000006c9200000, 0x00000006c9200000, 0x00000006c9400000|  0%| F|  |TAMS 0x00000006c9200000| PB 0x00000006c9200000| Untracked 
|  30|0x00000006c9400000, 0x00000006c9400000, 0x00000006c9600000|  0%| F|  |TAMS 0x00000006c9400000| PB 0x00000006c9400000| Untracked 
|  31|0x00000006c9600000, 0x00000006c9600000, 0x00000006c9800000|  0%| F|  |TAMS 0x00000006c9600000| PB 0x00000006c9600000| Untracked 
|  32|0x00000006c9800000, 0x00000006c9800000, 0x00000006c9a00000|  0%| F|  |TAMS 0x00000006c9800000| PB 0x00000006c9800000| Untracked 
|  33|0x00000006c9a00000, 0x00000006c9a00000, 0x00000006c9c00000|  0%| F|  |TAMS 0x00000006c9a00000| PB 0x00000006c9a00000| Untracked 
|  34|0x00000006c9c00000, 0x00000006c9c00000, 0x00000006c9e00000|  0%| F|  |TAMS 0x00000006c9c00000| PB 0x00000006c9c00000| Untracked 
|  35|0x00000006c9e00000, 0x00000006c9e00000, 0x00000006ca000000|  0%| F|  |TAMS 0x00000006c9e00000| PB 0x00000006c9e00000| Untracked 
|  36|0x00000006ca000000, 0x00000006ca000000, 0x00000006ca200000|  0%| F|  |TAMS 0x00000006ca000000| PB 0x00000006ca000000| Untracked 
|  37|0x00000006ca200000, 0x00000006ca200000, 0x00000006ca400000|  0%| F|  |TAMS 0x00000006ca200000| PB 0x00000006ca200000| Untracked 
|  38|0x00000006ca400000, 0x00000006ca400000, 0x00000006ca600000|  0%| F|  |TAMS 0x00000006ca400000| PB 0x00000006ca400000| Untracked 
|  39|0x00000006ca600000, 0x00000006ca600000, 0x00000006ca800000|  0%| F|  |TAMS 0x00000006ca600000| PB 0x00000006ca600000| Untracked 
|  40|0x00000006ca800000, 0x00000006ca800000, 0x00000006caa00000|  0%| F|  |TAMS 0x00000006ca800000| PB 0x00000006ca800000| Untracked 
|  41|0x00000006caa00000, 0x00000006caa00000, 0x00000006cac00000|  0%| F|  |TAMS 0x00000006caa00000| PB 0x00000006caa00000| Untracked 
|  42|0x00000006cac00000, 0x00000006cac00000, 0x00000006cae00000|  0%| F|  |TAMS 0x00000006cac00000| PB 0x00000006cac00000| Untracked 
|  43|0x00000006cae00000, 0x00000006cae00000, 0x00000006cb000000|  0%| F|  |TAMS 0x00000006cae00000| PB 0x00000006cae00000| Untracked 
|  44|0x00000006cb000000, 0x00000006cb000000, 0x00000006cb200000|  0%| F|  |TAMS 0x00000006cb000000| PB 0x00000006cb000000| Untracked 
|  45|0x00000006cb200000, 0x00000006cb200000, 0x00000006cb400000|  0%| F|  |TAMS 0x00000006cb200000| PB 0x00000006cb200000| Untracked 
|  46|0x00000006cb400000, 0x00000006cb400000, 0x00000006cb600000|  0%| F|  |TAMS 0x00000006cb400000| PB 0x00000006cb400000| Untracked 
|  47|0x00000006cb600000, 0x00000006cb600000, 0x00000006cb800000|  0%| F|  |TAMS 0x00000006cb600000| PB 0x00000006cb600000| Untracked 
|  48|0x00000006cb800000, 0x00000006cb800000, 0x00000006cba00000|  0%| F|  |TAMS 0x00000006cb800000| PB 0x00000006cb800000| Untracked 
|  49|0x00000006cba00000, 0x00000006cba00000, 0x00000006cbc00000|  0%| F|  |TAMS 0x00000006cba00000| PB 0x00000006cba00000| Untracked 
|  50|0x00000006cbc00000, 0x00000006cbc00000, 0x00000006cbe00000|  0%| F|  |TAMS 0x00000006cbc00000| PB 0x00000006cbc00000| Untracked 
|  51|0x00000006cbe00000, 0x00000006cbe00000, 0x00000006cc000000|  0%| F|  |TAMS 0x00000006cbe00000| PB 0x00000006cbe00000| Untracked 
|  52|0x00000006cc000000, 0x00000006cc000000, 0x00000006cc200000|  0%| F|  |TAMS 0x00000006cc000000| PB 0x00000006cc000000| Untracked 
|  53|0x00000006cc200000, 0x00000006cc200000, 0x00000006cc400000|  0%| F|  |TAMS 0x00000006cc200000| PB 0x00000006cc200000| Untracked 
|  54|0x00000006cc400000, 0x00000006cc400000, 0x00000006cc600000|  0%| F|  |TAMS 0x00000006cc400000| PB 0x00000006cc400000| Untracked 
|  55|0x00000006cc600000, 0x00000006cc600000, 0x00000006cc800000|  0%| F|  |TAMS 0x00000006cc600000| PB 0x00000006cc600000| Untracked 
|  56|0x00000006cc800000, 0x00000006cc800000, 0x00000006cca00000|  0%| F|  |TAMS 0x00000006cc800000| PB 0x00000006cc800000| Untracked 
|  57|0x00000006cca00000, 0x00000006cca00000, 0x00000006ccc00000|  0%| F|  |TAMS 0x00000006cca00000| PB 0x00000006cca00000| Untracked 
|  58|0x00000006ccc00000, 0x00000006ccc00000, 0x00000006cce00000|  0%| F|  |TAMS 0x00000006ccc00000| PB 0x00000006ccc00000| Untracked 
|  59|0x00000006cce00000, 0x00000006cce00000, 0x00000006cd000000|  0%| F|  |TAMS 0x00000006cce00000| PB 0x00000006cce00000| Untracked 
|  60|0x00000006cd000000, 0x00000006cd000000, 0x00000006cd200000|  0%| F|  |TAMS 0x00000006cd000000| PB 0x00000006cd000000| Untracked 
|  61|0x00000006cd200000, 0x00000006cd36a948, 0x00000006cd400000| 70%| S|CS|TAMS 0x00000006cd200000| PB 0x00000006cd200000| Complete 
|  62|0x00000006cd400000, 0x00000006cd400000, 0x00000006cd600000|  0%| F|  |TAMS 0x00000006cd400000| PB 0x00000006cd400000| Untracked 
|  63|0x00000006cd600000, 0x00000006cd600000, 0x00000006cd800000|  0%| F|  |TAMS 0x00000006cd600000| PB 0x00000006cd600000| Untracked 
|  64|0x00000006cd800000, 0x00000006cd800000, 0x00000006cda00000|  0%| F|  |TAMS 0x00000006cd800000| PB 0x00000006cd800000| Untracked 
|  65|0x00000006cda00000, 0x00000006cda00000, 0x00000006cdc00000|  0%| F|  |TAMS 0x00000006cda00000| PB 0x00000006cda00000| Untracked 
|  66|0x00000006cdc00000, 0x00000006cdc00000, 0x00000006cde00000|  0%| F|  |TAMS 0x00000006cdc00000| PB 0x00000006cdc00000| Untracked 
|  67|0x00000006cde00000, 0x00000006cde00000, 0x00000006ce000000|  0%| F|  |TAMS 0x00000006cde00000| PB 0x00000006cde00000| Untracked 
|  68|0x00000006ce000000, 0x00000006ce000000, 0x00000006ce200000|  0%| F|  |TAMS 0x00000006ce000000| PB 0x00000006ce000000| Untracked 
|  69|0x00000006ce200000, 0x00000006ce200000, 0x00000006ce400000|  0%| F|  |TAMS 0x00000006ce200000| PB 0x00000006ce200000| Untracked 
|  70|0x00000006ce400000, 0x00000006ce400000, 0x00000006ce600000|  0%| F|  |TAMS 0x00000006ce400000| PB 0x00000006ce400000| Untracked 
|  71|0x00000006ce600000, 0x00000006ce600000, 0x00000006ce800000|  0%| F|  |TAMS 0x00000006ce600000| PB 0x00000006ce600000| Untracked 
|  72|0x00000006ce800000, 0x00000006ce800000, 0x00000006cea00000|  0%| F|  |TAMS 0x00000006ce800000| PB 0x00000006ce800000| Untracked 
|  73|0x00000006cea00000, 0x00000006cea00000, 0x00000006cec00000|  0%| F|  |TAMS 0x00000006cea00000| PB 0x00000006cea00000| Untracked 
|  74|0x00000006cec00000, 0x00000006cec00000, 0x00000006cee00000|  0%| F|  |TAMS 0x00000006cec00000| PB 0x00000006cec00000| Untracked 
|  75|0x00000006cee00000, 0x00000006cee00000, 0x00000006cf000000|  0%| F|  |TAMS 0x00000006cee00000| PB 0x00000006cee00000| Untracked 
|  76|0x00000006cf000000, 0x00000006cf000000, 0x00000006cf200000|  0%| F|  |TAMS 0x00000006cf000000| PB 0x00000006cf000000| Untracked 
|  77|0x00000006cf200000, 0x00000006cf200000, 0x00000006cf400000|  0%| F|  |TAMS 0x00000006cf200000| PB 0x00000006cf200000| Untracked 
|  78|0x00000006cf400000, 0x00000006cf400000, 0x00000006cf600000|  0%| F|  |TAMS 0x00000006cf400000| PB 0x00000006cf400000| Untracked 
|  79|0x00000006cf600000, 0x00000006cf600000, 0x00000006cf800000|  0%| F|  |TAMS 0x00000006cf600000| PB 0x00000006cf600000| Untracked 
|  80|0x00000006cf800000, 0x00000006cf800000, 0x00000006cfa00000|  0%| F|  |TAMS 0x00000006cf800000| PB 0x00000006cf800000| Untracked 
|  81|0x00000006cfa00000, 0x00000006cfa00000, 0x00000006cfc00000|  0%| F|  |TAMS 0x00000006cfa00000| PB 0x00000006cfa00000| Untracked 
|  82|0x00000006cfc00000, 0x00000006cfc00000, 0x00000006cfe00000|  0%| F|  |TAMS 0x00000006cfc00000| PB 0x00000006cfc00000| Untracked 
|  83|0x00000006cfe00000, 0x00000006cfe00000, 0x00000006d0000000|  0%| F|  |TAMS 0x00000006cfe00000| PB 0x00000006cfe00000| Untracked 
|  84|0x00000006d0000000, 0x00000006d0000000, 0x00000006d0200000|  0%| F|  |TAMS 0x00000006d0000000| PB 0x00000006d0000000| Untracked 
|  85|0x00000006d0200000, 0x00000006d0200000, 0x00000006d0400000|  0%| F|  |TAMS 0x00000006d0200000| PB 0x00000006d0200000| Untracked 
|  86|0x00000006d0400000, 0x00000006d0400000, 0x00000006d0600000|  0%| F|  |TAMS 0x00000006d0400000| PB 0x00000006d0400000| Untracked 
|  87|0x00000006d0600000, 0x00000006d0600000, 0x00000006d0800000|  0%| F|  |TAMS 0x00000006d0600000| PB 0x00000006d0600000| Untracked 
|  88|0x00000006d0800000, 0x00000006d0800000, 0x00000006d0a00000|  0%| F|  |TAMS 0x00000006d0800000| PB 0x00000006d0800000| Untracked 
|  89|0x00000006d0a00000, 0x00000006d0a00000, 0x00000006d0c00000|  0%| F|  |TAMS 0x00000006d0a00000| PB 0x00000006d0a00000| Untracked 
|  90|0x00000006d0c00000, 0x00000006d0c00000, 0x00000006d0e00000|  0%| F|  |TAMS 0x00000006d0c00000| PB 0x00000006d0c00000| Untracked 
|  91|0x00000006d0e00000, 0x00000006d0e00000, 0x00000006d1000000|  0%| F|  |TAMS 0x00000006d0e00000| PB 0x00000006d0e00000| Untracked 
|  92|0x00000006d1000000, 0x00000006d1000000, 0x00000006d1200000|  0%| F|  |TAMS 0x00000006d1000000| PB 0x00000006d1000000| Untracked 
|  93|0x00000006d1200000, 0x00000006d1200000, 0x00000006d1400000|  0%| F|  |TAMS 0x00000006d1200000| PB 0x00000006d1200000| Untracked 
|  94|0x00000006d1400000, 0x00000006d1400000, 0x00000006d1600000|  0%| F|  |TAMS 0x00000006d1400000| PB 0x00000006d1400000| Untracked 
|  95|0x00000006d1600000, 0x00000006d1600000, 0x00000006d1800000|  0%| F|  |TAMS 0x00000006d1600000| PB 0x00000006d1600000| Untracked 
|  96|0x00000006d1800000, 0x00000006d1800000, 0x00000006d1a00000|  0%| F|  |TAMS 0x00000006d1800000| PB 0x00000006d1800000| Untracked 
|  97|0x00000006d1a00000, 0x00000006d1a00000, 0x00000006d1c00000|  0%| F|  |TAMS 0x00000006d1a00000| PB 0x00000006d1a00000| Untracked 
|  98|0x00000006d1c00000, 0x00000006d1c00000, 0x00000006d1e00000|  0%| F|  |TAMS 0x00000006d1c00000| PB 0x00000006d1c00000| Untracked 
|  99|0x00000006d1e00000, 0x00000006d1e00000, 0x00000006d2000000|  0%| F|  |TAMS 0x00000006d1e00000| PB 0x00000006d1e00000| Untracked 
| 100|0x00000006d2000000, 0x00000006d2000000, 0x00000006d2200000|  0%| F|  |TAMS 0x00000006d2000000| PB 0x00000006d2000000| Untracked 
| 101|0x00000006d2200000, 0x00000006d2200000, 0x00000006d2400000|  0%| F|  |TAMS 0x00000006d2200000| PB 0x00000006d2200000| Untracked 
| 102|0x00000006d2400000, 0x00000006d2400000, 0x00000006d2600000|  0%| F|  |TAMS 0x00000006d2400000| PB 0x00000006d2400000| Untracked 
| 103|0x00000006d2600000, 0x00000006d2600000, 0x00000006d2800000|  0%| F|  |TAMS 0x00000006d2600000| PB 0x00000006d2600000| Untracked 
| 104|0x00000006d2800000, 0x00000006d2800000, 0x00000006d2a00000|  0%| F|  |TAMS 0x00000006d2800000| PB 0x00000006d2800000| Untracked 
| 105|0x00000006d2a00000, 0x00000006d2a00000, 0x00000006d2c00000|  0%| F|  |TAMS 0x00000006d2a00000| PB 0x00000006d2a00000| Untracked 
| 106|0x00000006d2c00000, 0x00000006d2c00000, 0x00000006d2e00000|  0%| F|  |TAMS 0x00000006d2c00000| PB 0x00000006d2c00000| Untracked 
| 107|0x00000006d2e00000, 0x00000006d2e00000, 0x00000006d3000000|  0%| F|  |TAMS 0x00000006d2e00000| PB 0x00000006d2e00000| Untracked 
| 108|0x00000006d3000000, 0x00000006d3000000, 0x00000006d3200000|  0%| F|  |TAMS 0x00000006d3000000| PB 0x00000006d3000000| Untracked 
| 109|0x00000006d3200000, 0x00000006d3200000, 0x00000006d3400000|  0%| F|  |TAMS 0x00000006d3200000| PB 0x00000006d3200000| Untracked 
| 110|0x00000006d3400000, 0x00000006d3400000, 0x00000006d3600000|  0%| F|  |TAMS 0x00000006d3400000| PB 0x00000006d3400000| Untracked 
| 111|0x00000006d3600000, 0x00000006d3600000, 0x00000006d3800000|  0%| F|  |TAMS 0x00000006d3600000| PB 0x00000006d3600000| Untracked 
| 112|0x00000006d3800000, 0x00000006d3800000, 0x00000006d3a00000|  0%| F|  |TAMS 0x00000006d3800000| PB 0x00000006d3800000| Untracked 
| 113|0x00000006d3a00000, 0x00000006d3a00000, 0x00000006d3c00000|  0%| F|  |TAMS 0x00000006d3a00000| PB 0x00000006d3a00000| Untracked 
| 114|0x00000006d3c00000, 0x00000006d3c00000, 0x00000006d3e00000|  0%| F|  |TAMS 0x00000006d3c00000| PB 0x00000006d3c00000| Untracked 
| 115|0x00000006d3e00000, 0x00000006d3e00000, 0x00000006d4000000|  0%| F|  |TAMS 0x00000006d3e00000| PB 0x00000006d3e00000| Untracked 
| 116|0x00000006d4000000, 0x00000006d4000000, 0x00000006d4200000|  0%| F|  |TAMS 0x00000006d4000000| PB 0x00000006d4000000| Untracked 
| 117|0x00000006d4200000, 0x00000006d4200000, 0x00000006d4400000|  0%| F|  |TAMS 0x00000006d4200000| PB 0x00000006d4200000| Untracked 
| 118|0x00000006d4400000, 0x00000006d4400000, 0x00000006d4600000|  0%| F|  |TAMS 0x00000006d4400000| PB 0x00000006d4400000| Untracked 
| 119|0x00000006d4600000, 0x00000006d4600000, 0x00000006d4800000|  0%| F|  |TAMS 0x00000006d4600000| PB 0x00000006d4600000| Untracked 
| 120|0x00000006d4800000, 0x00000006d4800000, 0x00000006d4a00000|  0%| F|  |TAMS 0x00000006d4800000| PB 0x00000006d4800000| Untracked 
| 121|0x00000006d4a00000, 0x00000006d4a00000, 0x00000006d4c00000|  0%| F|  |TAMS 0x00000006d4a00000| PB 0x00000006d4a00000| Untracked 
| 122|0x00000006d4c00000, 0x00000006d4c00000, 0x00000006d4e00000|  0%| F|  |TAMS 0x00000006d4c00000| PB 0x00000006d4c00000| Untracked 
| 123|0x00000006d4e00000, 0x00000006d4e00000, 0x00000006d5000000|  0%| F|  |TAMS 0x00000006d4e00000| PB 0x00000006d4e00000| Untracked 
| 124|0x00000006d5000000, 0x00000006d5000000, 0x00000006d5200000|  0%| F|  |TAMS 0x00000006d5000000| PB 0x00000006d5000000| Untracked 
| 125|0x00000006d5200000, 0x00000006d5200000, 0x00000006d5400000|  0%| F|  |TAMS 0x00000006d5200000| PB 0x00000006d5200000| Untracked 

Card table byte_map: [0x000001e8d67e0000,0x000001e8d6fc0000] _byte_map_base: 0x000001e8d31b4000

Marking Bits: (CMBitMap*) 0x000001e8c390ec20
 Bits: [0x000001e8d6fc0000, 0x000001e8dae60000)

Polling page: 0x000001e8c18e0000

Metaspace:

Usage:
  Non-class:     66.43 MB used.
      Class:      7.54 MB used.
       Both:     73.97 MB used.

Virtual space:
  Non-class space:      128.00 MB reserved,      67.19 MB ( 52%) committed,  2 nodes.
      Class space:        1.00 GB reserved,       8.12 MB ( <1%) committed,  1 nodes.
             Both:        1.12 GB reserved,      75.31 MB (  7%) committed. 

Chunk freelists:
   Non-Class:  12.47 MB
       Class:  7.85 MB
        Both:  20.32 MB

MaxMetaspaceSize: unlimited
CompressedClassSpaceSize: 1.00 GB
Initial GC threshold: 21.00 MB
Current GC threshold: 124.31 MB
CDS: off
 - commit_granule_bytes: 65536.
 - commit_granule_words: 8192.
 - virtual_space_node_default_size: 8388608.
 - enlarge_chunks_in_place: 1.
 - use_allocation_guard: 0.


Internal statistics:

num_allocs_failed_limit: 9.
num_arena_births: 1178.
num_arena_deaths: 14.
num_vsnodes_births: 3.
num_vsnodes_deaths: 0.
num_space_committed: 1205.
num_space_uncommitted: 0.
num_chunks_returned_to_freelist: 23.
num_chunks_taken_from_freelist: 4304.
num_chunk_merges: 15.
num_chunk_splits: 2677.
num_chunks_enlarged: 1535.
num_inconsistent_stats: 0.

CodeHeap 'non-profiled nmethods': size=120000Kb used=8722Kb max_used=8722Kb free=111277Kb
 bounds [0x000001e8ce570000, 0x000001e8cee00000, 0x000001e8d5aa0000]
CodeHeap 'profiled nmethods': size=120000Kb used=26777Kb max_used=26777Kb free=93222Kb
 bounds [0x000001e8c6aa0000, 0x000001e8c84d0000, 0x000001e8cdfd0000]
CodeHeap 'non-nmethods': size=5760Kb used=1627Kb max_used=1696Kb free=4132Kb
 bounds [0x000001e8cdfd0000, 0x000001e8ce240000, 0x000001e8ce570000]
CodeCache: size=245760Kb, used=37126Kb, max_used=37195Kb, free=208631Kb
 total_blobs=11896, nmethods=11124, adapters=673, full_count=0
Compilation: enabled, stopped_count=0, restarted_count=0

Compilation events (20 events):
Event: 264.151 Thread 0x000001e8ddb90a20 nmethod 12284 0x000001e8c84c3890 code [0x000001e8c84c3b00, 0x000001e8c84c4310]
Event: 264.151 Thread 0x000001e8ddb90a20 12282       1       org.eclipse.jdt.internal.core.CancelableNameEnvironment::setMonitor (6 bytes)
Event: 264.151 Thread 0x000001e8ddb90a20 nmethod 12282 0x000001e8cedf3f90 code [0x000001e8cedf4120, 0x000001e8cedf4238]
Event: 264.617 Thread 0x000001e8ddbd2e80 12285       4       java.nio.MappedByteBuffer::position (6 bytes)
Event: 264.618 Thread 0x000001e8ddbd2e80 nmethod 12285 0x000001e8cedf4290 code [0x000001e8cedf4420, 0x000001e8cedf4518]
Event: 264.618 Thread 0x000001e8ddbd2e80 12286       4       sun.nio.fs.WindowsPathParser::parse (504 bytes)
Event: 264.651 Thread 0x000001e8ddb90a20 12287       3       java.util.regex.Pattern$Ques::match (192 bytes)
Event: 264.652 Thread 0x000001e8ddb90a20 nmethod 12287 0x000001e8c84c4690 code [0x000001e8c84c4940, 0x000001e8c84c5638]
Event: 264.664 Thread 0x000001e8ddb90a20 12290       1       org.eclipse.core.internal.events.ResourceChangeEvent::getType (5 bytes)
Event: 264.664 Thread 0x000001e8ddb90a20 nmethod 12290 0x000001e8cedf4610 code [0x000001e8cedf47a0, 0x000001e8cedf4868]
Event: 264.664 Thread 0x000001e8ddb90a20 12291       3       org.eclipse.core.internal.resources.Workspace::validateName (10 bytes)
Event: 264.665 Thread 0x000001e8ddb90a20 nmethod 12291 0x000001e8c84c5990 code [0x000001e8c84c5b40, 0x000001e8c84c5ca0]
Event: 264.665 Thread 0x000001e8ddb90a20 12292       3       java.lang.AbstractStringBuilder::charAt (48 bytes)
Event: 264.666 Thread 0x000001e8ddb90a20 nmethod 12292 0x000001e8c84c5d90 code [0x000001e8c84c5f60, 0x000001e8c84c6260]
Event: 264.667 Thread 0x000001e8ddb90a20 12295       3       org.eclipse.jdt.internal.core.JavaElementDeltaBuilder::insertPositions (119 bytes)
Event: 264.668 Thread 0x000001e8ddb90a20 nmethod 12295 0x000001e8c84c6410 code [0x000001e8c84c6620, 0x000001e8c84c6ef0]
Event: 264.668 Thread 0x000001e8ddb90a20 12296       3       sun.nio.fs.WindowsSecurityDescriptor::release (75 bytes)
Event: 264.668 Thread 0x000001e8e7a69f20 12289   !   4       java.io.InputStream::read (81 bytes)
Event: 264.668 Thread 0x000001e8ddb90a20 nmethod 12296 0x000001e8c84c7210 code [0x000001e8c84c7440, 0x000001e8c84c7b50]
Event: 264.672 Thread 0x000001e8ddb90a20 12297       2       org.eclipse.jdt.internal.compiler.parser.Parser::checkAndSetModifiers (106 bytes)

GC Heap History (20 events):
Event: 9.236 GC heap before
{Heap before GC invocations=12 (full 0):
 garbage-first heap   total 155648K, used 104416K [0x00000006c5800000, 0x00000007c0000000)
  region size 2048K, 45 young (92160K), 4 survivors (8192K)
 Metaspace       used 55384K, committed 56576K, reserved 1114112K
  class space    used 5944K, committed 6464K, reserved 1048576K
}
Event: 9.245 GC heap after
{Heap after GC invocations=13 (full 0):
 garbage-first heap   total 155648K, used 26146K [0x00000006c5800000, 0x00000007c0000000)
  region size 2048K, 5 young (10240K), 5 survivors (10240K)
 Metaspace       used 55384K, committed 56576K, reserved 1114112K
  class space    used 5944K, committed 6464K, reserved 1048576K
}
Event: 10.297 GC heap before
{Heap before GC invocations=13 (full 0):
 garbage-first heap   total 155648K, used 106018K [0x00000006c5800000, 0x00000007c0000000)
  region size 2048K, 45 young (92160K), 5 survivors (10240K)
 Metaspace       used 59070K, committed 60224K, reserved 1114112K
  class space    used 6336K, committed 6848K, reserved 1048576K
}
Event: 10.304 GC heap after
{Heap after GC invocations=14 (full 0):
 garbage-first heap   total 155648K, used 29151K [0x00000006c5800000, 0x00000007c0000000)
  region size 2048K, 4 young (8192K), 4 survivors (8192K)
 Metaspace       used 59070K, committed 60224K, reserved 1114112K
  class space    used 6336K, committed 6848K, reserved 1048576K
}
Event: 10.368 GC heap before
{Heap before GC invocations=14 (full 0):
 garbage-first heap   total 155648K, used 47583K [0x00000006c5800000, 0x00000007c0000000)
  region size 2048K, 15 young (30720K), 4 survivors (8192K)
 Metaspace       used 59510K, committed 60608K, reserved 1114112K
  class space    used 6369K, committed 6848K, reserved 1048576K
}
Event: 10.372 GC heap after
{Heap after GC invocations=15 (full 0):
 garbage-first heap   total 155648K, used 27833K [0x00000006c5800000, 0x00000007c0000000)
  region size 2048K, 2 young (4096K), 2 survivors (4096K)
 Metaspace       used 59510K, committed 60608K, reserved 1114112K
  class space    used 6369K, committed 6848K, reserved 1048576K
}
Event: 11.181 GC heap before
{Heap before GC invocations=16 (full 0):
 garbage-first heap   total 102400K, used 97465K [0x00000006c5800000, 0x00000007c0000000)
  region size 2048K, 37 young (75776K), 2 survivors (4096K)
 Metaspace       used 62217K, committed 63424K, reserved 1114112K
  class space    used 6620K, committed 7168K, reserved 1048576K
}
Event: 11.191 GC heap after
{Heap after GC invocations=17 (full 0):
 garbage-first heap   total 114688K, used 37367K [0x00000006c5800000, 0x00000007c0000000)
  region size 2048K, 6 young (12288K), 6 survivors (12288K)
 Metaspace       used 62217K, committed 63424K, reserved 1114112K
  class space    used 6620K, committed 7168K, reserved 1048576K
}
Event: 12.108 GC heap before
{Heap before GC invocations=17 (full 0):
 garbage-first heap   total 114688K, used 90615K [0x00000006c5800000, 0x00000007c0000000)
  region size 2048K, 33 young (67584K), 6 survivors (12288K)
 Metaspace       used 64553K, committed 65856K, reserved 1114112K
  class space    used 6831K, committed 7424K, reserved 1048576K
}
Event: 12.118 GC heap after
{Heap after GC invocations=18 (full 0):
 garbage-first heap   total 114688K, used 44265K [0x00000006c5800000, 0x00000007c0000000)
  region size 2048K, 4 young (8192K), 4 survivors (8192K)
 Metaspace       used 64553K, committed 65856K, reserved 1114112K
  class space    used 6831K, committed 7424K, reserved 1048576K
}
Event: 13.598 GC heap before
{Heap before GC invocations=18 (full 0):
 garbage-first heap   total 114688K, used 95465K [0x00000006c5800000, 0x00000007c0000000)
  region size 2048K, 30 young (61440K), 4 survivors (8192K)
 Metaspace       used 69561K, committed 70912K, reserved 1114112K
  class space    used 7304K, committed 7872K, reserved 1048576K
}
Event: 13.610 GC heap after
{Heap after GC invocations=19 (full 0):
 garbage-first heap   total 139264K, used 49970K [0x00000006c5800000, 0x00000007c0000000)
  region size 2048K, 3 young (6144K), 3 survivors (6144K)
 Metaspace       used 69561K, committed 70912K, reserved 1114112K
  class space    used 7304K, committed 7872K, reserved 1048576K
}
Event: 83.541 GC heap before
{Heap before GC invocations=19 (full 0):
 garbage-first heap   total 139264K, used 117554K [0x00000006c5800000, 0x00000007c0000000)
  region size 2048K, 37 young (75776K), 3 survivors (6144K)
 Metaspace       used 73171K, committed 74624K, reserved 1179648K
  class space    used 7593K, committed 8192K, reserved 1048576K
}
Event: 83.545 GC heap after
{Heap after GC invocations=20 (full 0):
 garbage-first heap   total 139264K, used 52512K [0x00000006c5800000, 0x00000007c0000000)
  region size 2048K, 5 young (10240K), 5 survivors (10240K)
 Metaspace       used 73171K, committed 74624K, reserved 1179648K
  class space    used 7593K, committed 8192K, reserved 1048576K
}
Event: 258.039 GC heap before
{Heap before GC invocations=20 (full 0):
 garbage-first heap   total 139264K, used 116000K [0x00000006c5800000, 0x00000007c0000000)
  region size 2048K, 37 young (75776K), 5 survivors (10240K)
 Metaspace       used 74937K, committed 76288K, reserved 1179648K
  class space    used 7714K, committed 8320K, reserved 1048576K
}
Event: 258.045 GC heap after
{Heap after GC invocations=21 (full 0):
 garbage-first heap   total 139264K, used 53284K [0x00000006c5800000, 0x00000007c0000000)
  region size 2048K, 1 young (2048K), 1 survivors (2048K)
 Metaspace       used 74937K, committed 76288K, reserved 1179648K
  class space    used 7714K, committed 8320K, reserved 1048576K
}
Event: 263.021 GC heap before
{Heap before GC invocations=22 (full 0):
 garbage-first heap   total 139264K, used 120868K [0x00000006c5800000, 0x00000007c0000000)
  region size 2048K, 34 young (69632K), 1 survivors (2048K)
 Metaspace       used 75541K, committed 76928K, reserved 1179648K
  class space    used 7722K, committed 8320K, reserved 1048576K
}
Event: 263.023 GC heap after
{Heap after GC invocations=23 (full 0):
 garbage-first heap   total 139264K, used 53148K [0x00000006c5800000, 0x00000007c0000000)
  region size 2048K, 1 young (2048K), 1 survivors (2048K)
 Metaspace       used 75541K, committed 76928K, reserved 1179648K
  class space    used 7722K, committed 8320K, reserved 1048576K
}
Event: 264.672 GC heap before
{Heap before GC invocations=23 (full 0):
 garbage-first heap   total 139264K, used 63388K [0x00000006c5800000, 0x00000007c0000000)
  region size 2048K, 7 young (14336K), 1 survivors (2048K)
 Metaspace       used 75742K, committed 77120K, reserved 1179648K
  class space    used 7723K, committed 8320K, reserved 1048576K
}
Event: 264.676 GC heap after
{Heap after GC invocations=24 (full 0):
 garbage-first heap   total 139264K, used 52833K [0x00000006c5800000, 0x00000007c0000000)
  region size 2048K, 1 young (2048K), 1 survivors (2048K)
 Metaspace       used 75742K, committed 77120K, reserved 1179648K
  class space    used 7723K, committed 8320K, reserved 1048576K
}

Dll operation events (20 events):
Event: 0.027 Attempting to load shared library c:\Users\PRASHANT\.vscode\extensions\redhat.java-1.56.0-win32-x64\jre\21.0.12.1-win32-x86_64\bin\java.dll
Event: 0.027 Loaded shared library c:\Users\PRASHANT\.vscode\extensions\redhat.java-1.56.0-win32-x64\jre\21.0.12.1-win32-x86_64\bin\java.dll
Event: 0.037 Attempting to load shared library c:\Users\PRASHANT\.vscode\extensions\redhat.java-1.56.0-win32-x64\jre\21.0.12.1-win32-x86_64\bin\zip.dll
Event: 0.038 Loaded shared library c:\Users\PRASHANT\.vscode\extensions\redhat.java-1.56.0-win32-x64\jre\21.0.12.1-win32-x86_64\bin\zip.dll
Event: 0.334 Attempting to load shared library C:\Users\PRASHANT\.vscode\extensions\redhat.java-1.56.0-win32-x64\jre\21.0.12.1-win32-x86_64\bin\instrument.dll
Event: 0.334 Loaded shared library C:\Users\PRASHANT\.vscode\extensions\redhat.java-1.56.0-win32-x64\jre\21.0.12.1-win32-x86_64\bin\instrument.dll
Event: 0.349 Attempting to load shared library C:\Users\PRASHANT\.vscode\extensions\redhat.java-1.56.0-win32-x64\jre\21.0.12.1-win32-x86_64\bin\net.dll
Event: 0.350 Loaded shared library C:\Users\PRASHANT\.vscode\extensions\redhat.java-1.56.0-win32-x64\jre\21.0.12.1-win32-x86_64\bin\net.dll
Event: 0.353 Attempting to load shared library C:\Users\PRASHANT\.vscode\extensions\redhat.java-1.56.0-win32-x64\jre\21.0.12.1-win32-x86_64\bin\nio.dll
Event: 0.353 Loaded shared library C:\Users\PRASHANT\.vscode\extensions\redhat.java-1.56.0-win32-x64\jre\21.0.12.1-win32-x86_64\bin\nio.dll
Event: 0.366 Attempting to load shared library C:\Users\PRASHANT\.vscode\extensions\redhat.java-1.56.0-win32-x64\jre\21.0.12.1-win32-x86_64\bin\zip.dll
Event: 0.366 Loaded shared library C:\Users\PRASHANT\.vscode\extensions\redhat.java-1.56.0-win32-x64\jre\21.0.12.1-win32-x86_64\bin\zip.dll
Event: 0.393 Attempting to load shared library C:\Users\PRASHANT\.vscode\extensions\redhat.java-1.56.0-win32-x64\jre\21.0.12.1-win32-x86_64\bin\jimage.dll
Event: 0.393 Loaded shared library C:\Users\PRASHANT\.vscode\extensions\redhat.java-1.56.0-win32-x64\jre\21.0.12.1-win32-x86_64\bin\jimage.dll
Event: 0.481 Attempting to load shared library c:\Users\PRASHANT\.vscode\extensions\redhat.java-1.56.0-win32-x64\jre\21.0.12.1-win32-x86_64\bin\verify.dll
Event: 0.482 Loaded shared library c:\Users\PRASHANT\.vscode\extensions\redhat.java-1.56.0-win32-x64\jre\21.0.12.1-win32-x86_64\bin\verify.dll
Event: 1.806 Attempting to load shared library C:\Users\PRASHANT\AppData\Roaming\Code\User\globalStorage\redhat.java\1.56.0\config_win\org.eclipse.equinox.launcher\org.eclipse.equinox.launcher.win32.win32.x86_64_1.3.100.v20260804-1928\eclipse_11924.dll
Event: 1.807 Loaded shared library C:\Users\PRASHANT\AppData\Roaming\Code\User\globalStorage\redhat.java\1.56.0\config_win\org.eclipse.equinox.launcher\org.eclipse.equinox.launcher.win32.win32.x86_64_1.3.100.v20260804-1928\eclipse_11924.dll
Event: 4.920 Attempting to load shared library C:\Users\PRASHANT\AppData\Local\Temp\jna--608479181\jna14670198411706024176.dll
Event: 5.052 Loaded shared library C:\Users\PRASHANT\AppData\Local\Temp\jna--608479181\jna14670198411706024176.dll

Deoptimization events (20 events):
Event: 263.713 Thread 0x000001e8e4f95620 Uncommon trap: trap_request=0xffffff6e fr.pc=0x000001e8cede3998 relative=0x0000000000000418
Event: 263.713 Thread 0x000001e8e4f95620 Uncommon trap: reason=loop_limit_check action=maybe_recompile pc=0x000001e8cede3998 method=org.eclipse.jdt.internal.core.util.CommentRecorderParser.flushCommentsDefinedPriorTo(I)I @ 56 c2
Event: 263.713 Thread 0x000001e8e4f95620 DEOPT PACKING pc=0x000001e8cede3998 sp=0x000000e3b51fe0b0
Event: 263.713 Thread 0x000001e8e4f95620 DEOPT UNPACKING pc=0x000001e8ce0243a2 sp=0x000000e3b51fe040 mode 2
Event: 263.713 Thread 0x000001e8e4f95620 Uncommon trap: trap_request=0xffffffc6 fr.pc=0x000001e8cedc7cb0 relative=0x0000000000000110
Event: 263.713 Thread 0x000001e8e4f95620 Uncommon trap: reason=bimorphic_or_optimized_type_check action=maybe_recompile pc=0x000001e8cedc7cb0 method=org.eclipse.jdt.internal.compiler.parser.Parser.checkAndSetModifiers(I)V @ 102 c2
Event: 263.713 Thread 0x000001e8e4f95620 DEOPT PACKING pc=0x000001e8cedc7cb0 sp=0x000000e3b51fe0e0
Event: 263.713 Thread 0x000001e8e4f95620 DEOPT UNPACKING pc=0x000001e8ce0243a2 sp=0x000000e3b51fe060 mode 2
Event: 263.713 Thread 0x000001e8e4f95620 Uncommon trap: trap_request=0xffffffc6 fr.pc=0x000001e8cedc7cb0 relative=0x0000000000000110
Event: 263.713 Thread 0x000001e8e4f95620 Uncommon trap: reason=bimorphic_or_optimized_type_check action=maybe_recompile pc=0x000001e8cedc7cb0 method=org.eclipse.jdt.internal.compiler.parser.Parser.checkAndSetModifiers(I)V @ 102 c2
Event: 263.713 Thread 0x000001e8e4f95620 DEOPT PACKING pc=0x000001e8cedc7cb0 sp=0x000000e3b51fe0e0
Event: 263.713 Thread 0x000001e8e4f95620 DEOPT UNPACKING pc=0x000001e8ce0243a2 sp=0x000000e3b51fe060 mode 2
Event: 264.123 Thread 0x000001e8e3adfd50 DEOPT PACKING pc=0x000001e8c832c071 sp=0x000000e3b7ffe850
Event: 264.123 Thread 0x000001e8e3adfd50 DEOPT UNPACKING pc=0x000001e8ce024b42 sp=0x000000e3b7ffdd10 mode 0
Event: 264.658 Thread 0x000001e8e65be1d0 DEOPT PACKING pc=0x000001e8c7fb5034 sp=0x000000e3b91fe320
Event: 264.658 Thread 0x000001e8e65be1d0 DEOPT UNPACKING pc=0x000001e8ce024b42 sp=0x000000e3b91fd800 mode 0
Event: 264.672 Thread 0x000001e8e3adf6c0 Uncommon trap: trap_request=0xfffffff4 fr.pc=0x000001e8ce708010 relative=0x0000000000004810
Event: 264.672 Thread 0x000001e8e3adf6c0 Uncommon trap: reason=null_check action=make_not_entrant pc=0x000001e8ce708010 method=org.eclipse.jdt.internal.core.index.DiskIndex.readCategoryTable([CZ)Lorg/eclipse/jdt/internal/compiler/util/HashtableOfObject; @ 48 c2
Event: 264.672 Thread 0x000001e8e3adf6c0 DEOPT PACKING pc=0x000001e8ce708010 sp=0x000000e3b7afede0
Event: 264.672 Thread 0x000001e8e3adf6c0 DEOPT UNPACKING pc=0x000001e8ce0243a2 sp=0x000000e3b7afedd0 mode 2

Classes loaded (20 events):
Event: 31.667 Loading class sun/util/resources/cldr/TimeZoneNames_en_US
Event: 31.667 Loading class sun/util/resources/cldr/TimeZoneNames_en_US done
Event: 31.668 Loading class sun/util/cldr/CLDRBaseLocaleDataMetaInfo$TZCanonicalIDMapHolder
Event: 31.669 Loading class sun/util/cldr/CLDRBaseLocaleDataMetaInfo$TZCanonicalIDMapHolder done
Event: 31.670 Loading class sun/util/resources/TimeZoneNames
Event: 31.671 Loading class sun/util/resources/TimeZoneNames done
Event: 31.671 Loading class sun/util/resources/TimeZoneNames_en
Event: 31.671 Loading class sun/util/resources/TimeZoneNames_en done
Event: 83.417 Loading class java/util/stream/ReduceOps$5
Event: 83.418 Loading class java/util/stream/ReduceOps$5 done
Event: 83.418 Loading class java/util/stream/ReduceOps$CountingSink$OfRef
Event: 83.418 Loading class java/util/stream/ReduceOps$CountingSink
Event: 83.418 Loading class java/util/stream/ReduceOps$CountingSink done
Event: 83.418 Loading class java/util/stream/ReduceOps$CountingSink$OfRef done
Event: 83.733 Loading class java/util/stream/DistinctOps
Event: 83.733 Loading class java/util/stream/DistinctOps done
Event: 83.733 Loading class java/util/stream/DistinctOps$1
Event: 83.733 Loading class java/util/stream/DistinctOps$1 done
Event: 83.734 Loading class java/util/stream/DistinctOps$1$2
Event: 83.735 Loading class java/util/stream/DistinctOps$1$2 done

Classes unloaded (7 events):
Event: 5.917 Thread 0x000001e8ddafe850 Unloading class 0x00000007c0292c00 'java/lang/invoke/LambdaForm$MH+0x00000007c0292c00'
Event: 5.917 Thread 0x000001e8ddafe850 Unloading class 0x00000007c0292800 'java/lang/invoke/LambdaForm$MH+0x00000007c0292800'
Event: 5.917 Thread 0x000001e8ddafe850 Unloading class 0x00000007c0292400 'java/lang/invoke/LambdaForm$MH+0x00000007c0292400'
Event: 5.917 Thread 0x000001e8ddafe850 Unloading class 0x00000007c0292000 'java/lang/invoke/LambdaForm$MH+0x00000007c0292000'
Event: 5.917 Thread 0x000001e8ddafe850 Unloading class 0x00000007c0291c00 'java/lang/invoke/LambdaForm$BMH+0x00000007c0291c00'
Event: 5.917 Thread 0x000001e8ddafe850 Unloading class 0x00000007c0291800 'java/lang/invoke/LambdaForm$DMH+0x00000007c0291800'
Event: 5.917 Thread 0x000001e8ddafe850 Unloading class 0x00000007c0290400 'java/lang/invoke/LambdaForm$DMH+0x00000007c0290400'

Classes redefined (0 events):
No events

Internal exceptions (20 events):
Event: 255.143 Thread 0x000001e8e65be1d0 Exception <a 'java/lang/IncompatibleClassChangeError'{0x00000006cbdf7cd0}: Found class java.lang.Object, but interface was expected> (0x00000006cbdf7cd0) 
thrown [s\src\hotspot\share\interpreter\linkResolver.cpp, line 840]
Event: 256.719 Thread 0x000001e8e65be1d0 Exception <a 'java/lang/ArrayIndexOutOfBoundsException'{0x00000006cb0522a0}> (0x00000006cb0522a0) 
thrown [s\src\hotspot\share\runtime\sharedRuntime.cpp, line 625]
Event: 256.719 Thread 0x000001e8e65be1d0 Exception <a 'java/lang/ArrayIndexOutOfBoundsException'{0x00000006cb0528d8}> (0x00000006cb0528d8) 
thrown [s\src\hotspot\share\runtime\sharedRuntime.cpp, line 625]
Event: 256.719 Thread 0x000001e8e65be1d0 Exception <a 'java/lang/ArrayIndexOutOfBoundsException'{0x00000006cb052c60}> (0x00000006cb052c60) 
thrown [s\src\hotspot\share\runtime\sharedRuntime.cpp, line 625]
Event: 257.169 Thread 0x000001e8e65be1d0 Exception <a 'java/lang/ArrayIndexOutOfBoundsException'{0x00000006ca8cd088}> (0x00000006ca8cd088) 
thrown [s\src\hotspot\share\runtime\sharedRuntime.cpp, line 625]
Event: 257.169 Thread 0x000001e8e65be1d0 Exception <a 'java/lang/ArrayIndexOutOfBoundsException'{0x00000006ca8cd6c0}> (0x00000006ca8cd6c0) 
thrown [s\src\hotspot\share\runtime\sharedRuntime.cpp, line 625]
Event: 257.171 Thread 0x000001e8e65be1d0 Exception <a 'java/lang/ArrayIndexOutOfBoundsException'{0x00000006ca8cda48}> (0x00000006ca8cda48) 
thrown [s\src\hotspot\share\runtime\sharedRuntime.cpp, line 625]
Event: 258.124 Thread 0x000001e8e65be1d0 Exception <a 'java/lang/ArrayIndexOutOfBoundsException'{0x00000006cdc71ee0}> (0x00000006cdc71ee0) 
thrown [s\src\hotspot\share\runtime\sharedRuntime.cpp, line 625]
Event: 258.124 Thread 0x000001e8e65be1d0 Exception <a 'java/lang/ArrayIndexOutOfBoundsException'{0x00000006cdc72518}> (0x00000006cdc72518) 
thrown [s\src\hotspot\share\runtime\sharedRuntime.cpp, line 625]
Event: 258.124 Thread 0x000001e8e65be1d0 Exception <a 'java/lang/ArrayIndexOutOfBoundsException'{0x00000006cdc728a0}> (0x00000006cdc728a0) 
thrown [s\src\hotspot\share\runtime\sharedRuntime.cpp, line 625]
Event: 258.896 Thread 0x000001e8e65be1d0 Exception <a 'java/lang/IncompatibleClassChangeError'{0x00000006cdcffe28}: Found class java.lang.Object, but interface was expected> (0x00000006cdcffe28) 
thrown [s\src\hotspot\share\interpreter\linkResolver.cpp, line 840]
Event: 259.796 Thread 0x000001e8e65be1d0 Exception <a 'java/lang/ArrayIndexOutOfBoundsException'{0x00000006ccc18aa0}> (0x00000006ccc18aa0) 
thrown [s\src\hotspot\share\runtime\sharedRuntime.cpp, line 625]
Event: 259.796 Thread 0x000001e8e65be1d0 Exception <a 'java/lang/ArrayIndexOutOfBoundsException'{0x00000006ccc190d8}> (0x00000006ccc190d8) 
thrown [s\src\hotspot\share\runtime\sharedRuntime.cpp, line 625]
Event: 259.796 Thread 0x000001e8e65be1d0 Exception <a 'java/lang/ArrayIndexOutOfBoundsException'{0x00000006ccc19460}> (0x00000006ccc19460) 
thrown [s\src\hotspot\share\runtime\sharedRuntime.cpp, line 625]
Event: 259.867 Thread 0x000001e8e65be1d0 Exception <a 'java/lang/ArrayIndexOutOfBoundsException'{0x00000006ccb02260}> (0x00000006ccb02260) 
thrown [s\src\hotspot\share\runtime\sharedRuntime.cpp, line 625]
Event: 259.867 Thread 0x000001e8e65be1d0 Exception <a 'java/lang/ArrayIndexOutOfBoundsException'{0x00000006ccb02898}> (0x00000006ccb02898) 
thrown [s\src\hotspot\share\runtime\sharedRuntime.cpp, line 625]
Event: 259.867 Thread 0x000001e8e65be1d0 Exception <a 'java/lang/ArrayIndexOutOfBoundsException'{0x00000006ccb02c20}> (0x00000006ccb02c20) 
thrown [s\src\hotspot\share\runtime\sharedRuntime.cpp, line 625]
Event: 259.959 Thread 0x000001e8e65be1d0 Exception <a 'java/lang/ArrayIndexOutOfBoundsException'{0x00000006cc883d58}> (0x00000006cc883d58) 
thrown [s\src\hotspot\share\runtime\sharedRuntime.cpp, line 625]
Event: 259.959 Thread 0x000001e8e65be1d0 Exception <a 'java/lang/ArrayIndexOutOfBoundsException'{0x00000006cc884390}> (0x00000006cc884390) 
thrown [s\src\hotspot\share\runtime\sharedRuntime.cpp, line 625]
Event: 259.959 Thread 0x000001e8e65be1d0 Exception <a 'java/lang/ArrayIndexOutOfBoundsException'{0x00000006cc884718}> (0x00000006cc884718) 
thrown [s\src\hotspot\share\runtime\sharedRuntime.cpp, line 625]

ZGC Phase Switch (0 events):
No events

VM Operations (20 events):
Event: 257.919 Executing safepoint VM operation: Cleanup done
Event: 258.039 Executing safepoint VM operation: G1CollectForAllocation (G1 Evacuation Pause)
Event: 258.045 Executing safepoint VM operation: G1CollectForAllocation (G1 Evacuation Pause) done
Event: 258.090 Executing safepoint VM operation: G1PauseRemark
Event: 258.109 Executing safepoint VM operation: G1PauseRemark done
Event: 258.131 Executing safepoint VM operation: G1PauseCleanup
Event: 258.131 Executing safepoint VM operation: G1PauseCleanup done
Event: 259.794 Executing non-safepoint VM operation: HandshakeAllThreads (Deoptimize)
Event: 259.794 Executing non-safepoint VM operation: HandshakeAllThreads (Deoptimize) done
Event: 259.794 Executing safepoint VM operation: Cleanup
Event: 259.794 Executing safepoint VM operation: Cleanup done
Event: 260.794 Executing safepoint VM operation: Cleanup
Event: 260.795 Executing safepoint VM operation: Cleanup done
Event: 262.806 Executing safepoint VM operation: Cleanup
Event: 262.806 Executing safepoint VM operation: Cleanup done
Event: 263.021 Executing safepoint VM operation: G1CollectForAllocation (G1 Evacuation Pause)
Event: 263.023 Executing safepoint VM operation: G1CollectForAllocation (G1 Evacuation Pause) done
Event: 264.037 Executing safepoint VM operation: Cleanup
Event: 264.037 Executing safepoint VM operation: Cleanup done
Event: 264.672 Executing safepoint VM operation: G1CollectForAllocation (G1 Humongous Allocation)

Memory protections (0 events):
No events

Nmethod flushes (20 events):
Event: 258.108 Thread 0x000001e8ddafe850 flushing  nmethod 0x000001e8c72e9710
Event: 258.108 Thread 0x000001e8ddafe850 flushing  nmethod 0x000001e8c72e9b10
Event: 258.108 Thread 0x000001e8ddafe850 flushing  nmethod 0x000001e8c7306d90
Event: 258.108 Thread 0x000001e8ddafe850 flushing  nmethod 0x000001e8c7309d10
Event: 258.108 Thread 0x000001e8ddafe850 flushing  nmethod 0x000001e8c731cb90
Event: 258.108 Thread 0x000001e8ddafe850 flushing  nmethod 0x000001e8c731ef10
Event: 258.108 Thread 0x000001e8ddafe850 flushing  nmethod 0x000001e8c7320390
Event: 258.108 Thread 0x000001e8ddafe850 flushing  nmethod 0x000001e8c7320f10
Event: 258.108 Thread 0x000001e8ddafe850 flushing  nmethod 0x000001e8c7321e10
Event: 258.108 Thread 0x000001e8ddafe850 flushing  nmethod 0x000001e8c7322210
Event: 258.108 Thread 0x000001e8ddafe850 flushing  nmethod 0x000001e8c7322590
Event: 258.108 Thread 0x000001e8ddafe850 flushing  nmethod 0x000001e8c734ca10
Event: 258.108 Thread 0x000001e8ddafe850 flushing  nmethod 0x000001e8c7470390
Event: 258.108 Thread 0x000001e8ddafe850 flushing  nmethod 0x000001e8c7471110
Event: 258.108 Thread 0x000001e8ddafe850 flushing  nmethod 0x000001e8c75ea690
Event: 258.108 Thread 0x000001e8ddafe850 flushing  nmethod 0x000001e8c767a510
Event: 258.108 Thread 0x000001e8ddafe850 flushing  nmethod 0x000001e8c769a190
Event: 258.108 Thread 0x000001e8ddafe850 flushing  nmethod 0x000001e8c76a4490
Event: 258.108 Thread 0x000001e8ddafe850 flushing  nmethod 0x000001e8c76a8610
Event: 258.108 Thread 0x000001e8ddafe850 flushing  nmethod 0x000001e8c76a9410

Events (20 events):
Event: 258.171 Thread 0x000001e8ddb90a20 Thread added: 0x000001e8e7a66f70
Event: 258.367 Thread 0x000001e8e7a66f70 Thread exited: 0x000001e8e7a66f70
Event: 258.386 Thread 0x000001e8ddb90a20 Thread added: 0x000001e8e7a66f70
Event: 258.561 Thread 0x000001e8e7a66f70 Thread exited: 0x000001e8e7a66f70
Event: 258.583 Thread 0x000001e8ddb90a20 Thread added: 0x000001e8e7a69f20
Event: 259.423 Thread 0x000001e8e7a69f20 Thread exited: 0x000001e8e7a69f20
Event: 259.872 Thread 0x000001e8ddb90a20 Thread added: 0x000001e8e7a69f20
Event: 260.443 Thread 0x000001e8e7a69f20 Thread exited: 0x000001e8e7a69f20
Event: 260.614 Thread 0x000001e8ddb90a20 Thread added: 0x000001e8e7a69f20
Event: 260.859 Thread 0x000001e8e7a69f20 Thread exited: 0x000001e8e7a69f20
Event: 260.920 Thread 0x000001e8ddb90a20 Thread added: 0x000001e8e7a69f20
Event: 261.052 Thread 0x000001e8e7a69f20 Thread exited: 0x000001e8e7a69f20
Event: 261.184 Thread 0x000001e8ddbd2e80 Thread added: 0x000001e8e7a66f70
Event: 261.569 Thread 0x000001e8e7a66f70 Thread exited: 0x000001e8e7a66f70
Event: 261.624 Thread 0x000001e8ddb90a20 Thread added: 0x000001e8e7a66f70
Event: 262.815 Thread 0x000001e8e7a66f70 Thread exited: 0x000001e8e7a66f70
Event: 263.721 Thread 0x000001e8ddb90a20 Thread added: 0x000001e8e7a67640
Event: 263.909 Thread 0x000001e8e7a67640 Thread exited: 0x000001e8e7a67640
Event: 264.116 Thread 0x000001e8e3adfd50 Thread added: 0x000001e8e65c0fc0
Event: 264.668 Thread 0x000001e8ddb90a20 Thread added: 0x000001e8e7a69f20


Dynamic libraries:
0x00007ff666e10000 - 0x00007ff666e1e000 	c:\Users\PRASHANT\.vscode\extensions\redhat.java-1.56.0-win32-x64\jre\21.0.12.1-win32-x86_64\bin\java.exe
0x00007ffee4fe0000 - 0x00007ffee5247000 	C:\WINDOWS\SYSTEM32\ntdll.dll
0x00007ffee49e0000 - 0x00007ffee4aab000 	C:\WINDOWS\System32\KERNEL32.DLL
0x00007ffee21e0000 - 0x00007ffee25e1000 	C:\WINDOWS\System32\KERNELBASE.dll
0x00007ffee2770000 - 0x00007ffee28bc000 	C:\WINDOWS\System32\ucrtbase.dll
0x00007ffecc9f0000 - 0x00007ffecca08000 	c:\Users\PRASHANT\.vscode\extensions\redhat.java-1.56.0-win32-x64\jre\21.0.12.1-win32-x86_64\bin\jli.dll
0x00007ffee4800000 - 0x00007ffee49d7000 	C:\WINDOWS\System32\USER32.dll
0x00007ffee26b0000 - 0x00007ffee26d7000 	C:\WINDOWS\System32\win32u.dll
0x00007ffee4060000 - 0x00007ffee408b000 	C:\WINDOWS\System32\GDI32.dll
0x00007ffee2bd0000 - 0x00007ffee2cf8000 	C:\WINDOWS\System32\gdi32full.dll
0x00007ffee2b20000 - 0x00007ffee2bc3000 	C:\WINDOWS\System32\msvcp_win.dll
0x00007ffec8840000 - 0x00007ffec885e000 	c:\Users\PRASHANT\.vscode\extensions\redhat.java-1.56.0-win32-x64\jre\21.0.12.1-win32-x86_64\bin\VCRUNTIME140.dll
0x00007ffebf8c0000 - 0x00007ffebfb50000 	C:\WINDOWS\WinSxS\amd64_microsoft.windows.common-controls_6595b64144ccf1df_6.0.26100.9549_none_3e0a0396e3330090\COMCTL32.dll
0x00007ffee39b0000 - 0x00007ffee3a59000 	C:\WINDOWS\System32\msvcrt.dll
0x00007ffee42c0000 - 0x00007ffee42f1000 	C:\WINDOWS\System32\IMM32.DLL
0x00007ffed3060000 - 0x00007ffed306c000 	c:\Users\PRASHANT\.vscode\extensions\redhat.java-1.56.0-win32-x64\jre\21.0.12.1-win32-x86_64\bin\vcruntime140_1.dll
0x00007ffe68fb0000 - 0x00007ffe6903d000 	c:\Users\PRASHANT\.vscode\extensions\redhat.java-1.56.0-win32-x64\jre\21.0.12.1-win32-x86_64\bin\msvcp140.dll
0x00007ffdf8d60000 - 0x00007ffdf9b02000 	c:\Users\PRASHANT\.vscode\extensions\redhat.java-1.56.0-win32-x64\jre\21.0.12.1-win32-x86_64\bin\server\jvm.dll
0x00007ffee2d90000 - 0x00007ffee2e4b000 	C:\WINDOWS\System32\ADVAPI32.dll
0x00007ffee2e80000 - 0x00007ffee2f28000 	C:\WINDOWS\System32\sechost.dll
0x00007ffee3890000 - 0x00007ffee39a8000 	C:\WINDOWS\System32\RPCRT4.dll
0x00007ffee3800000 - 0x00007ffee3881000 	C:\WINDOWS\System32\WS2_32.dll
0x00007ffee18c0000 - 0x00007ffee191e000 	C:\WINDOWS\SYSTEM32\POWRPROF.dll
0x00007ffed7e10000 - 0x00007ffed7e1b000 	C:\WINDOWS\SYSTEM32\VERSION.dll
0x00007ffed0550000 - 0x00007ffed0587000 	C:\WINDOWS\SYSTEM32\WINMM.dll
0x00007ffee1860000 - 0x00007ffee1875000 	C:\WINDOWS\SYSTEM32\UMPDC.dll
0x00007ffee0e80000 - 0x00007ffee0e9b000 	C:\WINDOWS\SYSTEM32\kernel.appcore.dll
0x00007ffecc7c0000 - 0x00007ffecc7ca000 	c:\Users\PRASHANT\.vscode\extensions\redhat.java-1.56.0-win32-x64\jre\21.0.12.1-win32-x86_64\bin\jimage.dll
0x00007ffedf710000 - 0x00007ffedf95c000 	C:\WINDOWS\SYSTEM32\DBGHELP.DLL
0x00007ffee4470000 - 0x00007ffee47fa000 	C:\WINDOWS\System32\combase.dll
0x00007ffee3f80000 - 0x00007ffee4059000 	C:\WINDOWS\System32\OLEAUT32.dll
0x00007ffebf330000 - 0x00007ffebf36b000 	C:\WINDOWS\SYSTEM32\dbgcore.DLL
0x00007ffee2a60000 - 0x00007ffee2b0c000 	C:\WINDOWS\System32\bcryptPrimitives.dll
0x00007ffecc710000 - 0x00007ffecc71f000 	c:\Users\PRASHANT\.vscode\extensions\redhat.java-1.56.0-win32-x64\jre\21.0.12.1-win32-x86_64\bin\instrument.dll
0x00007ffec7d80000 - 0x00007ffec7da0000 	c:\Users\PRASHANT\.vscode\extensions\redhat.java-1.56.0-win32-x64\jre\21.0.12.1-win32-x86_64\bin\java.dll
0x00007ffec7c40000 - 0x00007ffec7c58000 	c:\Users\PRASHANT\.vscode\extensions\redhat.java-1.56.0-win32-x64\jre\21.0.12.1-win32-x86_64\bin\zip.dll
0x00007ffee3040000 - 0x00007ffee37dc000 	C:\WINDOWS\System32\SHELL32.dll
0x00007ffedfbf0000 - 0x00007ffee049d000 	C:\WINDOWS\SYSTEM32\windows.storage.dll
0x00007ffee2f30000 - 0x00007ffee3029000 	C:\WINDOWS\System32\SHCORE.dll
0x00007ffee4d50000 - 0x00007ffee4db6000 	C:\WINDOWS\System32\shlwapi.dll
0x00007ffee20f0000 - 0x00007ffee2119000 	C:\WINDOWS\SYSTEM32\profapi.dll
0x00007ffec8890000 - 0x00007ffec88a0000 	C:\Users\PRASHANT\.vscode\extensions\redhat.java-1.56.0-win32-x64\jre\21.0.12.1-win32-x86_64\bin\net.dll
0x00007ffed9840000 - 0x00007ffed996a000 	C:\WINDOWS\SYSTEM32\WINHTTP.dll
0x00007ffee14b0000 - 0x00007ffee151c000 	C:\WINDOWS\system32\mswsock.dll
0x00007ffec5de0000 - 0x00007ffec5df6000 	C:\Users\PRASHANT\.vscode\extensions\redhat.java-1.56.0-win32-x64\jre\21.0.12.1-win32-x86_64\bin\nio.dll
0x00007ffec7d70000 - 0x00007ffec7d80000 	c:\Users\PRASHANT\.vscode\extensions\redhat.java-1.56.0-win32-x64\jre\21.0.12.1-win32-x86_64\bin\verify.dll
0x00007ffec4a70000 - 0x00007ffec4ab5000 	C:\Users\PRASHANT\AppData\Roaming\Code\User\globalStorage\redhat.java\1.56.0\config_win\org.eclipse.equinox.launcher\org.eclipse.equinox.launcher.win32.win32.x86_64_1.3.100.v20260804-1928\eclipse_11924.dll
0x00007ffee40d0000 - 0x00007ffee426a000 	C:\WINDOWS\System32\ole32.dll
0x00007ffee17c0000 - 0x00007ffee17db000 	C:\WINDOWS\SYSTEM32\CRYPTSP.dll
0x00007ffee0de0000 - 0x00007ffee0e19000 	C:\WINDOWS\system32\rsaenh.dll
0x00007ffee1560000 - 0x00007ffee1594000 	C:\WINDOWS\SYSTEM32\USERENV.dll
0x00007ffee20c0000 - 0x00007ffee20ea000 	C:\WINDOWS\SYSTEM32\bcrypt.dll
0x00007ffee17e0000 - 0x00007ffee17ec000 	C:\WINDOWS\SYSTEM32\CRYPTBASE.dll
0x00007ffee08c0000 - 0x00007ffee08f3000 	C:\WINDOWS\SYSTEM32\IPHLPAPI.DLL
0x00007ffee3030000 - 0x00007ffee303a000 	C:\WINDOWS\System32\NSI.dll
0x00007ffec5d90000 - 0x00007ffec5dd9000 	C:\Users\PRASHANT\AppData\Local\Temp\jna--608479181\jna14670198411706024176.dll
0x00007ffee40c0000 - 0x00007ffee40c8000 	C:\WINDOWS\System32\PSAPI.DLL
0x00007ffed99a0000 - 0x00007ffed99be000 	C:\WINDOWS\SYSTEM32\dhcpcsvc6.DLL
0x00007ffed9970000 - 0x00007ffed9995000 	C:\WINDOWS\SYSTEM32\dhcpcsvc.DLL

JVMTI agents:
c:\Users\PRASHANT\.vscode\extensions\redhat.java-1.56.0-win32-x64\lombok\lombok-1.18.39-4050.jar path:c:\Users\PRASHANT\.vscode\extensions\redhat.java-1.56.0-win32-x64\jre\21.0.12.1-win32-x86_64\bin\instrument.dll, loaded, initialized, instrumentlib options:none

dbghelp: loaded successfully - version: 4.0.5 - missing functions: none
symbol engine: initialized successfully - sym options: 0x614 - pdb path: .;c:\Users\PRASHANT\.vscode\extensions\redhat.java-1.56.0-win32-x64\jre\21.0.12.1-win32-x86_64\bin;C:\WINDOWS\SYSTEM32;C:\WINDOWS\WinSxS\amd64_microsoft.windows.common-controls_6595b64144ccf1df_6.0.26100.9549_none_3e0a0396e3330090;c:\Users\PRASHANT\.vscode\extensions\redhat.java-1.56.0-win32-x64\jre\21.0.12.1-win32-x86_64\bin\server;C:\Users\PRASHANT\AppData\Roaming\Code\User\globalStorage\redhat.java\1.56.0\config_win\org.eclipse.equinox.launcher\org.eclipse.equinox.launcher.win32.win32.x86_64_1.3.100.v20260804-1928;C:\Users\PRASHANT\AppData\Local\Temp\jna--608479181

VM Arguments:
jvm_args: --add-modules=ALL-SYSTEM --add-opens=java.base/java.util=ALL-UNNAMED --add-opens=java.base/java.lang=ALL-UNNAMED --add-opens=java.base/sun.nio.fs=ALL-UNNAMED -Declipse.application=org.eclipse.jdt.ls.core.id1 -Dosgi.bundles.defaultStartLevel=4 -Declipse.product=org.eclipse.jdt.ls.core.product -Djava.import.generatesMetadataFilesAtProjectRoot=false -Dm2e.project.cache.size=50 -DDetectVMInstallationsJob.disabled=true -Dfile.encoding=utf8 -Xlog:disable -Xshare:off -javaagent:c:\Users\PRASHANT\.vscode\extensions\redhat.java-1.56.0-win32-x64\lombok\lombok-1.18.39-4050.jar -XX:+HeapDumpOnOutOfMemoryError -XX:HeapDumpPath=c:\Users\PRASHANT\AppData\Roaming\Code\User\workspaceStorage\3ce9d61f8507f1e94ae1f52ef510885b\redhat.java -Daether.dependencyCollector.impl=bf 
java_command: c:\Users\PRASHANT\.vscode\extensions\redhat.java-1.56.0-win32-x64\server\plugins\org.eclipse.equinox.launcher_1.8.0.v20260804-1928.jar -configuration c:\Users\PRASHANT\AppData\Roaming\Code\User\globalStorage\redhat.java\1.56.0\config_win -data c:\Users\PRASHANT\AppData\Roaming\Code\User\workspaceStorage\3ce9d61f8507f1e94ae1f52ef510885b\redhat.java\jdt_ws --pipe=\\.\pipe\lsp-084ee232eb8a03291c17a5772962f8ba-sock
java_class_path (initial): c:\Users\PRASHANT\.vscode\extensions\redhat.java-1.56.0-win32-x64\server\plugins\org.eclipse.equinox.launcher_1.8.0.v20260804-1928.jar
Launcher Type: SUN_STANDARD

[Global flags]
     intx CICompilerCount                          = 4                                         {product} {ergonomic}
     uint ConcGCThreads                            = 3                                         {product} {ergonomic}
     uint G1ConcRefinementThreads                  = 10                                        {product} {ergonomic}
   size_t G1HeapRegionSize                         = 2097152                                   {product} {ergonomic}
    uintx GCDrainStackTargetSize                   = 64                                        {product} {ergonomic}
     bool HeapDumpOnOutOfMemoryError               = true                                   {manageable} {command line}
    ccstr HeapDumpPath                             = c:\Users\PRASHANT\AppData\Roaming\Code\User\workspaceStorage\3ce9d61f8507f1e94ae1f52ef510885b\redhat.java         {manageable} {command line}
   size_t InitialHeapSize                          = 264241152                                 {product} {ergonomic}
   size_t MarkStackSize                            = 4194304                                   {product} {ergonomic}
   size_t MaxHeapSize                              = 4202692608                                {product} {ergonomic}
   size_t MaxNewSize                               = 2520776704                                {product} {ergonomic}
   size_t MinHeapDeltaBytes                        = 2097152                                   {product} {ergonomic}
   size_t MinHeapSize                              = 8388608                                   {product} {ergonomic}
    uintx NonNMethodCodeHeapSize                   = 5839372                                {pd product} {ergonomic}
    uintx NonProfiledCodeHeapSize                  = 122909434                              {pd product} {ergonomic}
    uintx ProfiledCodeHeapSize                     = 122909434                              {pd product} {ergonomic}
    uintx ReservedCodeCacheSize                    = 251658240                              {pd product} {ergonomic}
     bool SegmentedCodeCache                       = true                                      {product} {ergonomic}
   size_t SoftMaxHeapSize                          = 4202692608                             {manageable} {ergonomic}
     bool UseCompressedOops                        = true                           {product lp64_product} {ergonomic}
     bool UseG1GC                                  = true                                      {product} {ergonomic}
     bool UseLargePagesIndividualAllocation        = false                                  {pd product} {ergonomic}

Logging:
Log output configuration:
 #0: stdout all=off uptime,level,tags foldmultilines=false
 #1: stderr all=off uptime,level,tags foldmultilines=false

Release file:
JAVA_VERSION="21.0.12.1" 
MODULES="java.base java.compiler java.datatransfer java.xml java.prefs java.desktop java.instrument java.logging java.management java.security.sasl java.naming java.rmi java.management.rmi java.net.http java.scripting java.security.jgss java.transaction.xa java.sql java.sql.rowset java.xml.crypto java.se java.smartcardio jdk.accessibility jdk.internal.jvmstat jdk.attach jdk.charsets jdk.internal.opt jdk.zipfs jdk.compiler jdk.crypto.ec jdk.crypto.cryptoki jdk.crypto.mscapi jdk.dynalink jdk.internal.ed jdk.editpad jdk.hotspot.agent jdk.httpserver jdk.internal.le jdk.internal.vm.ci jdk.internal.vm.compiler jdk.internal.vm.compiler.management jdk.jartool jdk.javadoc jdk.jcmd jdk.management jdk.management.agent jdk.jconsole jdk.jdeps jdk.jdwp.agent jdk.jdi jdk.jfr jdk.jshell jdk.jsobject jdk.jstatd jdk.localedata jdk.management.jfr jdk.naming.dns jdk.naming.rmi jdk.net jdk.nio.mapmode jdk.random jdk.sctp jdk.security.auth jdk.security.jgss jdk.unsupported jdk.unsupported.desktop jdk.xml.dom" 

Environment Variables:
PATH=C:\Program Files\Common Files\Oracle\Java\javapath;C:\app\PRASHANT\product\21c\dbhomeXE\bin;C:\Program Files (x86)\Common Files\Intel\Shared Libraries\redist\intel64\compiler;C:\windows\system32;C:\windows;C:\windows\System32\Wbem;C:\windows\System32\WindowsPowerShell\v1.0\;C:\windows\System32\OpenSSH\;C:\Program Files (x86)\NVIDIA Corporation\PhysX\Common;C:\Program Files\NVIDIA Corporation\NVIDIA NvDLISR;C:\Users\Administrator\AppData\Local\Microsoft\WindowsApps;C:\Program Files\HP\OMEN-Broadcast\Common;C:\WINDOWS\system32;C:\WINDOWS;C:\WINDOWS\System32\Wbem;C:\WINDOWS\System32\WindowsPowerShell\v1.0\;C:\WINDOWS\System32\OpenSSH\;C:\Program Files\nodejs\;C:\Program Files\Java\jdk-25\bin;C:\Program Files\dotnet\;C:\Program Files\MySQL\MySQL Server 8.0\bin;C:\Program Files\Git\cmd;C:\Program Files\Git\mingw64\bin;C:\Program Files\Git\usr\bin;C:\Program Files\MongoDB\Server\8.2\bin;C:\Program Files\Java\jdk-26.0.1\bin;C:\Users\PRASHANT\AppData\Local\Muse Hub\lib;C:\Users\PRASHANT\AppData\Local\Programs\Python\Python310\Scripts\;C:\Users\PRASHANT\AppData\Local\Programs\Python\Python310\;C:\Users\PRASHANT\AppData\Local\Microsoft\WindowsApps;C:\Users\PRASHANT\AppData\Roaming\npm;C:\Program Files\Java\jdk-25\bin;D:\MINGW\bin;C:\Users\PRASHANT\AppData\Local\Programs\Antigravity\bin;C:\Users\PRASHANT\AppData\Local\Programs\cursor\resources\app\bin;C:\Users\PRASHANT\AppData\Local\Programs\Microsoft VS Code\bin;C:\Program Files\mongosh\;C:\Users\PRASHANT\AppData\Local\Microsoft\WinGet\Packages\Gyan.FFmpeg_Microsoft.Winget.Source_8wekyb3d8bbwe\ffmpeg-8.1-full_build\bin;D:\DESKTOP\Windsurf\bin;D:\Kingsoft\WPS Office\12.1.0.27458\clitool;C:\Users\PRASHANT\AppData\Local\Programs\Antigravity IDE\bin;C:\Users\PRASHANT\AppData\Local\Muse Hub\lib
USERNAME=PRASHANT
OS=Windows_NT
PROCESSOR_IDENTIFIER=Intel64 Family 6 Model 154 Stepping 3, GenuineIntel
TMP=C:\Users\PRASHANT\AppData\Local\Temp
TEMP=C:\Users\PRASHANT\AppData\Local\Temp




Periodic native trim disabled

---------------  S Y S T E M  ---------------

OS:
 Windows 11 , 64 bit Build 26100 (10.0.26100.9549)
OS uptime: 3 days 7:58 hours
Hyper-V role detected

CPU: total 12 (initial active 12) (6 cores per cpu, 2 threads per core) family 6 model 154 stepping 3 microcode 0x437, cx8, cmov, fxsr, ht, mmx, 3dnowpref, sse, sse2, sse3, ssse3, sse4.1, sse4.2, popcnt, lzcnt, tsc, tscinvbit, avx, avx2, aes, erms, clmul, bmi1, bmi2, adx, sha, fma, vzeroupper, clflush, clflushopt, clwb, hv, serialize, rdtscp, rdpid, fsrm, f16c, cet_ibt, cet_ss
Processor Information for processor 0
  Max Mhz: 2000, Current Mhz: 2000, Mhz Limit: 2000
Processor Information for processor 1
  Max Mhz: 2000, Current Mhz: 2000, Mhz Limit: 2000
Processor Information for processor 2
  Max Mhz: 2000, Current Mhz: 2000, Mhz Limit: 2000
Processor Information for processor 3
  Max Mhz: 2000, Current Mhz: 2000, Mhz Limit: 2000
Processor Information for processor 4
  Max Mhz: 2000, Current Mhz: 2000, Mhz Limit: 2000
Processor Information for processor 5
  Max Mhz: 2000, Current Mhz: 2000, Mhz Limit: 2000
Processor Information for processor 6
  Max Mhz: 2000, Current Mhz: 2000, Mhz Limit: 2000
Processor Information for processor 7
  Max Mhz: 2000, Current Mhz: 2000, Mhz Limit: 2000
Processor Information for processor 8
  Max Mhz: 2000, Current Mhz: 1466, Mhz Limit: 2000
Processor Information for processor 9
  Max Mhz: 2000, Current Mhz: 2000, Mhz Limit: 2000
Processor Information for processor 10
  Max Mhz: 2000, Current Mhz: 2000, Mhz Limit: 2000
Processor Information for processor 11
  Max Mhz: 2000, Current Mhz: 2000, Mhz Limit: 2000

Memory: 4k page, system-wide physical 16024M (3489M free)
TotalPageFile size 20120M (AvailPageFile size 2839M)
current process WorkingSet (physical memory assigned to process): 362M, peak: 404M
current process commit charge ("private bytes"): 510M, peak: 4266M

vm_info: OpenJDK 64-Bit Server VM (21.0.12.1+1-LTS) for windows-amd64 JRE (21.0.12.1+1-LTS), built on 2026-08-18T00:00:00Z by "admin" with MS VC++ 17.12 (VS2022)

END.
