#
# There is insufficient memory for the Java Runtime Environment to continue.
# Native memory allocation (mmap) failed to map 3930062848 bytes. Error detail: G1 virtual space
# Possible reasons:
#   The system is out of physical RAM or swap space
#   This process is running with CompressedOops enabled, and the Java Heap may be blocking the growth of the native heap
# Possible solutions:
#   Reduce memory load on the system
#   Increase physical memory or swap space
#   Check if swap backing store is full
#   Decrease Java heap size (-Xmx/-Xms)
#   Decrease number of Java threads
#   Decrease Java thread stack sizes (-Xss)
#   Set larger code cache with -XX:ReservedCodeCacheSize=
#   JVM is running with Zero Based Compressed Oops mode in which the Java heap is
#     placed in the first 32GB address space. The Java Heap base address is the
#     maximum limit for the native heap growth. Please use -XX:HeapBaseMinAddress
#     to set the Java Heap base and to place the Java Heap above 32GB virtual address.
# This output file may be truncated or incomplete.
#
#  Out of Memory Error (os_windows.cpp:3732), pid=12912, tid=24972
#
# JRE version: OpenJDK Runtime Environment Temurin-21.0.12.1+1 (21.0.12.1+1) (build 21.0.12.1+1-LTS)
# Java VM: OpenJDK 64-Bit Server VM Temurin-21.0.12.1+1 (21.0.12.1+1-LTS, mixed mode, tiered, compressed oops, compressed class ptrs, g1 gc, windows-amd64)
# No core dump will be written. Minidumps are not enabled by default on client versions of Windows
#

---------------  S U M M A R Y ------------

Command Line: --add-modules=ALL-SYSTEM --add-opens=java.base/java.util=ALL-UNNAMED --add-opens=java.base/java.lang=ALL-UNNAMED --add-opens=java.base/sun.nio.fs=ALL-UNNAMED -Declipse.application=org.eclipse.jdt.ls.core.id1 -Dosgi.bundles.defaultStartLevel=4 -Declipse.product=org.eclipse.jdt.ls.core.product -Djava.import.generatesMetadataFilesAtProjectRoot=false -Dm2e.project.cache.size=50 -DDetectVMInstallationsJob.disabled=true -Dfile.encoding=utf8 -Xlog:disable -Xshare:off -javaagent:c:\Users\PRASHANT\.vscode\extensions\redhat.java-1.56.0-win32-x64\lombok\lombok-1.18.39-4050.jar -XX:+HeapDumpOnOutOfMemoryError -XX:HeapDumpPath=c:\Users\PRASHANT\AppData\Roaming\Code\User\workspaceStorage\3ce9d61f8507f1e94ae1f52ef510885b\redhat.java -Daether.dependencyCollector.impl=bf c:\Users\PRASHANT\.vscode\extensions\redhat.java-1.56.0-win32-x64\server\plugins\org.eclipse.equinox.launcher_1.8.0.v20260804-1928.jar -configuration c:\Users\PRASHANT\AppData\Roaming\Code\User\globalStorage\redhat.java\1.56.0\config_win -data c:\Users\PRASHANT\AppData\Roaming\Code\User\workspaceStorage\3ce9d61f8507f1e94ae1f52ef510885b\redhat.java\jdt_ws --pipe=\\.\pipe\lsp-7d5b9e65f1a377485d7f51d26f3e8866-sock

Host: 12th Gen Intel(R) Core(TM) i5-12450H, 12 cores, 15G,  Windows 11 , 64 bit Build 26100 (10.0.26100.9549)
Time: Sat Oct 10 21:28:58 2026 India Standard Time elapsed time: 30.898991 seconds (0d 0h 0m 30s)

---------------  T H R E A D  ---------------

Current thread (0x000001d4fc0b5230):  VMThread "VM Thread"          [id=24972, stack(0x000000827e500000,0x000000827e600000) (1024K)]

Stack: [0x000000827e500000,0x000000827e600000]
Native frames: (J=compiled Java code, j=interpreted, Vv=VM code, C=native code)
V  [jvm.dll+0x6d83e9]
V  [jvm.dll+0x8b5736]
V  [jvm.dll+0x8b7cee]
V  [jvm.dll+0x8b83d3]
V  [jvm.dll+0x284596]
V  [jvm.dll+0x6d4d05]
V  [jvm.dll+0x6c898a]
V  [jvm.dll+0x35f2f8]
V  [jvm.dll+0x366f36]
V  [jvm.dll+0x3b804e]
V  [jvm.dll+0x3b82f8]
V  [jvm.dll+0x33320c]
V  [jvm.dll+0x335fce]
V  [jvm.dll+0x375196]
V  [jvm.dll+0x8be0c0]
V  [jvm.dll+0x8bf434]
V  [jvm.dll+0x8bf960]
V  [jvm.dll+0x8bfc03]
V  [jvm.dll+0x8600cd]
V  [jvm.dll+0x6d6c1d]
C  [ucrtbase.dll+0x2cd30]
C  [KERNEL32.DLL+0x2cdf7]
C  [ntdll.dll+0x7ee4c]

VM_Operation (0x00000082008fe400): G1CollectForAllocation, mode: safepoint, requested by thread 0x000001d4fd4b57c0


---------------  P R O C E S S  ---------------

Threads class SMR info:
_java_thread_list=0x000001d4feaabf20, length=76, elements={
0x000001d4eea4d5e0, 0x000001d4fc1431b0, 0x000001d4fc14e260, 0x000001d4fc156c70,
0x000001d4fc164e70, 0x000001d4fc159760, 0x000001d4fc15a1c0, 0x000001d4fc15b1c0,
0x000001d4fc193790, 0x000001d4fc476fd0, 0x000001d4fc50df70, 0x000001d4fc9f54c0,
0x000001d4fd177570, 0x000001d4fd32e930, 0x000001d4fd06d110, 0x000001d4fd5b4d40,
0x000001d4fe0d33b0, 0x000001d4fd77c3b0, 0x000001d4fd4b5e50, 0x000001d4fd4b64e0,
0x000001d4fd4b6b70, 0x000001d4fd4b57c0, 0x000001d49373f540, 0x000001d49373fbd0,
0x000001d49373c750, 0x000001d49373db00, 0x000001d49373e820, 0x000001d49373cde0,
0x000001d49373d470, 0x000001d49373e190, 0x000001d49373eeb0, 0x000001d4fd363fa0,
0x000001d4fd364630, 0x000001d4fd366070, 0x000001d4fd368140, 0x000001d4fd3659e0,
0x000001d4fd364cc0, 0x000001d4fd3687d0, 0x000001d4fd365350, 0x000001d4fd366700,
0x000001d4fd367420, 0x000001d4fd366d90, 0x000001d4fd36a8a0, 0x000001d4fd368e60,
0x000001d495c17d20, 0x000001d495c183b0, 0x000001d495c18a40, 0x000001d495c190d0,
0x000001d495c17690, 0x000001d495c162e0, 0x000001d495c19df0, 0x000001d495c16970,
0x000001d495c1a480, 0x000001d495c1cbe0, 0x000001d495c1d900, 0x000001d495c1bec0,
0x000001d495c1ab10, 0x000001d495c1b830, 0x000001d495c1c550, 0x000001d495c1b1a0,
0x000001d495c1d270, 0x000001d49571f2b0, 0x000001d49571ffd0, 0x000001d49571f940,
0x000001d495720660, 0x000001d49571ec20, 0x000001d49571d1e0, 0x000001d49571d870,
0x000001d49571df00, 0x000001d49571e590, 0x000001d494256e50, 0x000001d494257b70,
0x000001d4942595b0, 0x000001d494259c40, 0x000001d49425c3a0, 0x000001d49425dde0
}

Java Threads: ( => current thread )
  0x000001d4eea4d5e0 JavaThread "main"                              [_thread_blocked, id=20048, stack(0x000000827de00000,0x000000827df00000) (1024K)]
  0x000001d4fc1431b0 JavaThread "Reference Handler"          daemon [_thread_blocked, id=16888, stack(0x000000827e600000,0x000000827e700000) (1024K)]
  0x000001d4fc14e260 JavaThread "Finalizer"                  daemon [_thread_blocked, id=5080, stack(0x000000827e700000,0x000000827e800000) (1024K)]
  0x000001d4fc156c70 JavaThread "Signal Dispatcher"          daemon [_thread_blocked, id=15628, stack(0x000000827e800000,0x000000827e900000) (1024K)]
  0x000001d4fc164e70 JavaThread "Attach Listener"            daemon [_thread_blocked, id=18296, stack(0x000000827e900000,0x000000827ea00000) (1024K)]
  0x000001d4fc159760 JavaThread "Service Thread"             daemon [_thread_blocked, id=12388, stack(0x000000827ea00000,0x000000827eb00000) (1024K)]
  0x000001d4fc15a1c0 JavaThread "Monitor Deflation Thread"   daemon [_thread_blocked, id=32952, stack(0x000000827eb00000,0x000000827ec00000) (1024K)]
  0x000001d4fc15b1c0 JavaThread "C2 CompilerThread0"         daemon [_thread_blocked, id=26296, stack(0x000000827ec00000,0x000000827ed00000) (1024K)]
  0x000001d4fc193790 JavaThread "C1 CompilerThread0"         daemon [_thread_blocked, id=20808, stack(0x000000827ed00000,0x000000827ee00000) (1024K)]
  0x000001d4fc476fd0 JavaThread "Common-Cleaner"             daemon [_thread_blocked, id=32716, stack(0x000000827ee00000,0x000000827ef00000) (1024K)]
  0x000001d4fc50df70 JavaThread "Notification Thread"        daemon [_thread_blocked, id=2400, stack(0x000000827f000000,0x000000827f100000) (1024K)]
  0x000001d4fc9f54c0 JavaThread "Active Thread: Equinox Container: e9541d85-019c-49e9-8aa7-900d4bc8b6e3"        [_thread_blocked, id=192, stack(0x000000827f800000,0x000000827f900000) (1024K)]
  0x000001d4fd177570 JavaThread "Refresh Thread: Equinox Container: e9541d85-019c-49e9-8aa7-900d4bc8b6e3" daemon [_thread_blocked, id=16472, stack(0x000000827f900000,0x000000827fa00000) (1024K)]
  0x000001d4fd32e930 JavaThread "Framework Event Dispatcher: Equinox Container: e9541d85-019c-49e9-8aa7-900d4bc8b6e3" daemon [_thread_blocked, id=23336, stack(0x000000827fa00000,0x000000827fb00000) (1024K)]
  0x000001d4fd06d110 JavaThread "Start Level: Equinox Container: e9541d85-019c-49e9-8aa7-900d4bc8b6e3" daemon [_thread_blocked, id=28588, stack(0x000000827fb00000,0x000000827fc00000) (1024K)]
  0x000001d4fd5b4d40 JavaThread "Bundle File Closer"         daemon [_thread_blocked, id=16144, stack(0x000000827fe00000,0x000000827ff00000) (1024K)]
  0x000001d4fe0d33b0 JavaThread "SCR Component Actor"        daemon [_thread_blocked, id=18448, stack(0x000000827ef00000,0x000000827f000000) (1024K)]
  0x000001d4fd77c3b0 JavaThread "Worker-JM"                         [_thread_blocked, id=13292, stack(0x0000008200300000,0x0000008200400000) (1024K)]
  0x000001d4fd4b5e50 JavaThread "JNA Cleaner"                daemon [_thread_blocked, id=13304, stack(0x0000008200400000,0x0000008200500000) (1024K)]
  0x000001d4fd4b64e0 JavaThread "Worker-0"                          [_thread_blocked, id=6372, stack(0x0000008200500000,0x0000008200600000) (1024K)]
  0x000001d4fd4b6b70 JavaThread "Worker-1"                          [_thread_blocked, id=13640, stack(0x0000008200600000,0x0000008200700000) (1024K)]
  0x000001d4fd4b57c0 JavaThread "Java indexing"              daemon [_thread_blocked, id=30372, stack(0x0000008200800000,0x0000008200900000) (1024K)]
  0x000001d49373f540 JavaThread "Worker-2"                          [_thread_blocked, id=16552, stack(0x0000008200a00000,0x0000008200b00000) (1024K)]
  0x000001d49373fbd0 JavaThread "Worker-3"                          [_thread_blocked, id=24088, stack(0x0000008200d00000,0x0000008200e00000) (1024K)]
  0x000001d49373c750 JavaThread "Worker-4"                          [_thread_blocked, id=15476, stack(0x0000008200e00000,0x0000008200f00000) (1024K)]
  0x000001d49373db00 JavaThread "Worker-5"                          [_thread_blocked, id=26580, stack(0x0000008200f00000,0x0000008201000000) (1024K)]
  0x000001d49373e820 JavaThread "Thread-1"                   daemon [_thread_in_native, id=7496, stack(0x0000008201000000,0x0000008201100000) (1024K)]
  0x000001d49373cde0 JavaThread "Thread-2"                   daemon [_thread_in_native, id=24240, stack(0x0000008201100000,0x0000008201200000) (1024K)]
  0x000001d49373d470 JavaThread "Thread-3"                   daemon [_thread_in_native, id=19344, stack(0x0000008201200000,0x0000008201300000) (1024K)]
  0x000001d49373e190 JavaThread "Thread-4"                   daemon [_thread_in_native, id=29216, stack(0x0000008201300000,0x0000008201400000) (1024K)]
  0x000001d49373eeb0 JavaThread "Thread-5"                   daemon [_thread_in_native, id=28004, stack(0x0000008201400000,0x0000008201500000) (1024K)]
  0x000001d4fd363fa0 JavaThread "Thread-6"                   daemon [_thread_in_native, id=828, stack(0x0000008201500000,0x0000008201600000) (1024K)]
  0x000001d4fd364630 JavaThread "Thread-7"                   daemon [_thread_in_native, id=19996, stack(0x0000008201600000,0x0000008201700000) (1024K)]
  0x000001d4fd366070 JavaThread "Thread-8"                   daemon [_thread_in_native, id=3936, stack(0x0000008201700000,0x0000008201800000) (1024K)]
  0x000001d4fd368140 JavaThread "Thread-9"                   daemon [_thread_in_native, id=8096, stack(0x0000008201800000,0x0000008201900000) (1024K)]
  0x000001d4fd3659e0 JavaThread "Thread-10"                  daemon [_thread_in_native, id=19648, stack(0x0000008201900000,0x0000008201a00000) (1024K)]
  0x000001d4fd364cc0 JavaThread "Thread-11"                  daemon [_thread_in_native, id=21624, stack(0x0000008201a00000,0x0000008201b00000) (1024K)]
  0x000001d4fd3687d0 JavaThread "Thread-12"                  daemon [_thread_in_native, id=28580, stack(0x0000008201b00000,0x0000008201c00000) (1024K)]
  0x000001d4fd365350 JavaThread "Thread-13"                  daemon [_thread_in_native, id=848, stack(0x0000008201c00000,0x0000008201d00000) (1024K)]
  0x000001d4fd366700 JavaThread "pool-2-thread-1"                   [_thread_blocked, id=34108, stack(0x0000008201d00000,0x0000008201e00000) (1024K)]
  0x000001d4fd367420 JavaThread "WorkspaceEventsHandler"            [_thread_blocked, id=16916, stack(0x0000008201e00000,0x0000008201f00000) (1024K)]
  0x000001d4fd366d90 JavaThread "pool-1-thread-1"                   [_thread_blocked, id=21492, stack(0x0000008201f00000,0x0000008202000000) (1024K)]
  0x000001d4fd36a8a0 JavaThread "PatternSearchJob-worker-1"  daemon [_thread_blocked, id=25028, stack(0x0000008202000000,0x0000008202100000) (1024K)]
  0x000001d4fd368e60 JavaThread "ForkJoinPool.commonPool-worker-1" daemon [_thread_blocked, id=12572, stack(0x0000008202100000,0x0000008202200000) (1024K)]
  0x000001d495c17d20 JavaThread "ForkJoinPool.commonPool-worker-2" daemon [_thread_blocked, id=8644, stack(0x0000008202200000,0x0000008202300000) (1024K)]
  0x000001d495c183b0 JavaThread "ForkJoinPool.commonPool-worker-3" daemon [_thread_blocked, id=21708, stack(0x0000008202300000,0x0000008202400000) (1024K)]
  0x000001d495c18a40 JavaThread "ForkJoinPool.commonPool-worker-4" daemon [_thread_blocked, id=23416, stack(0x0000008202400000,0x0000008202500000) (1024K)]
  0x000001d495c190d0 JavaThread "LocalFile Deleter"          daemon [_thread_blocked, id=29156, stack(0x0000008202500000,0x0000008202600000) (1024K)]
  0x000001d495c17690 JavaThread "LocalFile Deleter"          daemon [_thread_blocked, id=24144, stack(0x0000008202600000,0x0000008202700000) (1024K)]
  0x000001d495c162e0 JavaThread "LocalFile Deleter"          daemon [_thread_blocked, id=9872, stack(0x0000008202700000,0x0000008202800000) (1024K)]
  0x000001d495c19df0 JavaThread "LocalFile Deleter"          daemon [_thread_blocked, id=28780, stack(0x0000008202800000,0x0000008202900000) (1024K)]
  0x000001d495c16970 JavaThread "LocalFile Deleter"          daemon [_thread_blocked, id=20392, stack(0x0000008202900000,0x0000008202a00000) (1024K)]
  0x000001d495c1a480 JavaThread "LocalFile Deleter"          daemon [_thread_blocked, id=4928, stack(0x0000008202a00000,0x0000008202b00000) (1024K)]
  0x000001d495c1cbe0 JavaThread "Compiler Source File Reader" daemon [_thread_blocked, id=11892, stack(0x0000008202b00000,0x0000008202c00000) (1024K)]
  0x000001d495c1d900 JavaThread "Compiler Source File Reader" daemon [_thread_blocked, id=34528, stack(0x0000008202c00000,0x0000008202d00000) (1024K)]
  0x000001d495c1bec0 JavaThread "Compiler Source File Reader" daemon [_thread_blocked, id=22676, stack(0x0000008202d00000,0x0000008202e00000) (1024K)]
  0x000001d495c1ab10 JavaThread "Compiler Source File Reader" daemon [_thread_blocked, id=12248, stack(0x0000008202e00000,0x0000008202f00000) (1024K)]
  0x000001d495c1b830 JavaThread "Compiler Source File Reader" daemon [_thread_blocked, id=11952, stack(0x0000008202f00000,0x0000008203000000) (1024K)]
  0x000001d495c1c550 JavaThread "Compiler Source File Reader" daemon [_thread_blocked, id=2340, stack(0x0000008203000000,0x0000008203100000) (1024K)]
  0x000001d495c1b1a0 JavaThread "Compiler Source File Reader" daemon [_thread_blocked, id=18484, stack(0x0000008203100000,0x0000008203200000) (1024K)]
  0x000001d495c1d270 JavaThread "Compiler Source File Reader" daemon [_thread_blocked, id=28784, stack(0x0000008203200000,0x0000008203300000) (1024K)]
  0x000001d49571f2b0 JavaThread "Compiler Source File Reader" daemon [_thread_blocked, id=14228, stack(0x0000008203300000,0x0000008203400000) (1024K)]
  0x000001d49571ffd0 JavaThread "Compiler Source File Reader" daemon [_thread_blocked, id=2740, stack(0x0000008203400000,0x0000008203500000) (1024K)]
  0x000001d49571f940 JavaThread "Compiler Processing Task"   daemon [_thread_blocked, id=26136, stack(0x0000008203500000,0x0000008203600000) (1024K)]
  0x000001d495720660 JavaThread "Compiler Class File Writer" daemon [_thread_blocked, id=33780, stack(0x0000008203600000,0x0000008203700000) (1024K)]
  0x000001d49571ec20 JavaThread "Compiler Class File Writer" daemon [_thread_blocked, id=27176, stack(0x0000008203700000,0x0000008203800000) (1024K)]
  0x000001d49571d1e0 JavaThread "Compiler Class File Writer" daemon [_thread_blocked, id=23740, stack(0x0000008203800000,0x0000008203900000) (1024K)]
  0x000001d49571d870 JavaThread "Compiler Class File Writer" daemon [_thread_blocked, id=30704, stack(0x0000008203900000,0x0000008203a00000) (1024K)]
  0x000001d49571df00 JavaThread "Compiler Class File Writer" daemon [_thread_blocked, id=18584, stack(0x0000008203a00000,0x0000008203b00000) (1024K)]
  0x000001d49571e590 JavaThread "Compiler Class File Writer" daemon [_thread_blocked, id=5992, stack(0x0000008203b00000,0x0000008203c00000) (1024K)]
  0x000001d494256e50 JavaThread "Compiler Class File Writer" daemon [_thread_blocked, id=22076, stack(0x0000008203c00000,0x0000008203d00000) (1024K)]
  0x000001d494257b70 JavaThread "Compiler Class File Writer" daemon [_thread_blocked, id=2428, stack(0x0000008203d00000,0x0000008203e00000) (1024K)]
  0x000001d4942595b0 JavaThread "Compiler Class File Writer" daemon [_thread_blocked, id=23088, stack(0x0000008203e00000,0x0000008203f00000) (1024K)]
  0x000001d494259c40 JavaThread "Compiler Class File Writer" daemon [_thread_blocked, id=20252, stack(0x0000008203f00000,0x0000008204000000) (1024K)]
  0x000001d49425c3a0 JavaThread "PatternSearchJob-worker-2"  daemon [_thread_blocked, id=27832, stack(0x0000008204000000,0x0000008204100000) (1024K)]
  0x000001d49425dde0 JavaThread "PatternSearchJob-worker-3"  daemon [_thread_blocked, id=26832, stack(0x0000008204100000,0x0000008204200000) (1024K)]
Total: 76

Other Threads:
=>0x000001d4fc0b5230 VMThread "VM Thread"                           [id=24972, stack(0x000000827e500000,0x000000827e600000) (1024K)]
  0x000001d4fb9f74a0 WatcherThread "VM Periodic Task Thread"        [id=24728, stack(0x000000827e400000,0x000000827e500000) (1024K)]
  0x000001d4f0ead6e0 WorkerThread "GC Thread#0"                     [id=12672, stack(0x000000827df00000,0x000000827e000000) (1024K)]
  0x000001d4fcb70bd0 WorkerThread "GC Thread#1"                     [id=3184, stack(0x000000827f200000,0x000000827f300000) (1024K)]
  0x000001d4fcb70f80 WorkerThread "GC Thread#2"                     [id=22808, stack(0x000000827f300000,0x000000827f400000) (1024K)]
  0x000001d4fcb71330 WorkerThread "GC Thread#3"                     [id=20184, stack(0x000000827f400000,0x000000827f500000) (1024K)]
  0x000001d4fcac01b0 WorkerThread "GC Thread#4"                     [id=24400, stack(0x000000827f500000,0x000000827f600000) (1024K)]
  0x000001d4fcac0560 WorkerThread "GC Thread#5"                     [id=15560, stack(0x000000827f600000,0x000000827f700000) (1024K)]
  0x000001d4fce04790 WorkerThread "GC Thread#6"                     [id=1136, stack(0x000000827f700000,0x000000827f800000) (1024K)]
  0x000001d4fd14efb0 WorkerThread "GC Thread#7"                     [id=21452, stack(0x000000827fc00000,0x000000827fd00000) (1024K)]
  0x000001d4fd0debb0 WorkerThread "GC Thread#8"                     [id=17880, stack(0x000000827fd00000,0x000000827fe00000) (1024K)]
  0x000001d4fd344b10 WorkerThread "GC Thread#9"                     [id=12768, stack(0x0000008200000000,0x0000008200100000) (1024K)]
  0x000001d4f0ebe060 ConcurrentGCThread "G1 Main Marker"            [id=21056, stack(0x000000827e000000,0x000000827e100000) (1024K)]
  0x000001d4f0ec00a0 WorkerThread "G1 Conc#0"                       [id=27232, stack(0x000000827e100000,0x000000827e200000) (1024K)]
  0x000001d4fd344000 WorkerThread "G1 Conc#1"                       [id=20172, stack(0x0000008200100000,0x0000008200200000) (1024K)]
  0x000001d4fd344760 WorkerThread "G1 Conc#2"                       [id=7980, stack(0x0000008200200000,0x0000008200300000) (1024K)]
  0x000001d4f0efe910 ConcurrentGCThread "G1 Refine#0"               [id=28412, stack(0x000000827e200000,0x000000827e300000) (1024K)]
  0x000001d4fb8c94a0 ConcurrentGCThread "G1 Service"                [id=30084, stack(0x000000827e300000,0x000000827e400000) (1024K)]
Total: 18

Threads with active compile tasks:
C1 CompilerThread0  30929 11172       3       org.eclipse.core.runtime.ListenerList::<init> (43 bytes)
Total: 1

VM state: at safepoint (normal execution)

VM Mutex/Monitor currently owned by a thread:  ([mutex/lock_event])
[0x00007ffdf9a1f5b0] Threads_lock - owner thread: 0x000001d4fc0b5230
[0x00007ffdf9a1f6b0] Heap_lock - owner thread: 0x000001d4fd4b57c0

Heap address: 0x00000006c5800000, size: 4008 MB, Compressed Oops mode: Zero based, Oop shift amount: 3

CDS archive(s) not mapped
Compressed class space mapped at: 0x00000007c0000000-0x0000000800000000, reserved size: 1073741824
Narrow klass base: 0x0000000000000000, Narrow klass shift: 3, Narrow klass range: 0x800000000

GC Precious Log:
 CardTable entry size: 512
 Card Set container configuration: InlinePtr #cards 4 size 8 Array Of Cards #cards 16 size 48 Howl #buckets 8 coarsen threshold 3686 Howl Bitmap #cards 512 size 80 coarsen threshold 460 Card regions per heap region 1 cards per card region 4096
 CPUs: 12 total, 12 available
 Memory: 16024M
 Large Page Support: Disabled
 NUMA Support: Disabled
 Compressed Oops: Enabled (Zero based)
 Heap Region Size: 2M
 Heap Min Capacity: 8M
 Heap Initial Capacity: 252M
 Heap Max Capacity: 4008M
 Pre-touch: Disabled
 Parallel Workers: 10
 Concurrent Workers: 3
 Concurrent Refinement Workers: 10
 Periodic GC: Disabled

Heap:
 garbage-first heap   total 266240K, used 55280K [0x00000006c5800000, 0x00000007c0000000)
  region size 2048K, 1 young (2048K), 1 survivors (2048K)
 Metaspace       used 73968K, committed 75392K, reserved 1179648K
  class space    used 7626K, committed 8256K, reserved 1048576K

Heap Regions: E=young(eden), S=young(survivor), O=old, HS=humongous(starts), HC=humongous(continues), CS=collection set, F=free, TAMS=top-at-mark-start, PB=parsable bottom
|   0|0x00000006c5800000, 0x00000006c5a00000, 0x00000006c5a00000|100%| O|  |TAMS 0x00000006c5a00000| PB 0x00000006c5800000| Untracked 
|   1|0x00000006c5a00000, 0x00000006c5c00000, 0x00000006c5c00000|100%| O|  |TAMS 0x00000006c5c00000| PB 0x00000006c5a00000| Untracked 
|   2|0x00000006c5c00000, 0x00000006c5e00000, 0x00000006c5e00000|100%| O|  |TAMS 0x00000006c5e00000| PB 0x00000006c5c00000| Untracked 
|   3|0x00000006c5e00000, 0x00000006c6000000, 0x00000006c6000000|100%| O|  |TAMS 0x00000006c6000000| PB 0x00000006c5e00000| Untracked 
|   4|0x00000006c6000000, 0x00000006c6200000, 0x00000006c6200000|100%| O|  |TAMS 0x00000006c6200000| PB 0x00000006c6000000| Untracked 
|   5|0x00000006c6200000, 0x00000006c6400000, 0x00000006c6400000|100%| O|  |TAMS 0x00000006c6400000| PB 0x00000006c6200000| Untracked 
|   6|0x00000006c6400000, 0x00000006c64fcb10, 0x00000006c6600000| 49%| O|  |TAMS 0x00000006c6400000| PB 0x00000006c6400000| Untracked 
|   7|0x00000006c6600000, 0x00000006c6800000, 0x00000006c6800000|100%| O|  |TAMS 0x00000006c6800000| PB 0x00000006c6600000| Untracked 
|   8|0x00000006c6800000, 0x00000006c6a00000, 0x00000006c6a00000|100%| O|  |TAMS 0x00000006c6a00000| PB 0x00000006c6800000| Untracked 
|   9|0x00000006c6a00000, 0x00000006c6c00000, 0x00000006c6c00000|100%| O|  |TAMS 0x00000006c6c00000| PB 0x00000006c6a00000| Untracked 
|  10|0x00000006c6c00000, 0x00000006c6e00000, 0x00000006c6e00000|100%| O|  |TAMS 0x00000006c6e00000| PB 0x00000006c6c00000| Untracked 
|  11|0x00000006c6e00000, 0x00000006c7000000, 0x00000006c7000000|100%| O|  |TAMS 0x00000006c7000000| PB 0x00000006c6e00000| Untracked 
|  12|0x00000006c7000000, 0x00000006c7200000, 0x00000006c7200000|100%| O|  |TAMS 0x00000006c7200000| PB 0x00000006c7000000| Untracked 
|  13|0x00000006c7200000, 0x00000006c7200000, 0x00000006c7400000|  0%| F|  |TAMS 0x00000006c7200000| PB 0x00000006c7200000| Untracked 
|  14|0x00000006c7400000, 0x00000006c7600000, 0x00000006c7600000|100%| O|  |TAMS 0x00000006c7600000| PB 0x00000006c7400000| Untracked 
|  15|0x00000006c7600000, 0x00000006c7800000, 0x00000006c7800000|100%| O|  |TAMS 0x00000006c7800000| PB 0x00000006c7600000| Untracked 
|  16|0x00000006c7800000, 0x00000006c7a00000, 0x00000006c7a00000|100%| O|  |TAMS 0x00000006c7a00000| PB 0x00000006c7800000| Untracked 
|  17|0x00000006c7a00000, 0x00000006c7c00000, 0x00000006c7c00000|100%| O|  |TAMS 0x00000006c7c00000| PB 0x00000006c7a00000| Untracked 
|  18|0x00000006c7c00000, 0x00000006c7e00000, 0x00000006c7e00000|100%| O|  |TAMS 0x00000006c7e00000| PB 0x00000006c7c00000| Untracked 
|  19|0x00000006c7e00000, 0x00000006c8000000, 0x00000006c8000000|100%| O|  |TAMS 0x00000006c8000000| PB 0x00000006c7e00000| Untracked 
|  20|0x00000006c8000000, 0x00000006c8200000, 0x00000006c8200000|100%| O|  |TAMS 0x00000006c8200000| PB 0x00000006c8000000| Untracked 
|  21|0x00000006c8200000, 0x00000006c8400000, 0x00000006c8400000|100%| O|  |TAMS 0x00000006c8400000| PB 0x00000006c8200000| Untracked 
|  22|0x00000006c8400000, 0x00000006c8600000, 0x00000006c8600000|100%| O|  |TAMS 0x00000006c8600000| PB 0x00000006c8400000| Untracked 
|  23|0x00000006c8600000, 0x00000006c8800000, 0x00000006c8800000|100%| O|  |TAMS 0x00000006c8800000| PB 0x00000006c8600000| Untracked 
|  24|0x00000006c8800000, 0x00000006c8800000, 0x00000006c8a00000|  0%| F|  |TAMS 0x00000006c8800000| PB 0x00000006c8800000| Untracked 
|  25|0x00000006c8a00000, 0x00000006c8a00000, 0x00000006c8c00000|  0%| F|  |TAMS 0x00000006c8a00000| PB 0x00000006c8a00000| Untracked 
|  26|0x00000006c8c00000, 0x00000006c8c00000, 0x00000006c8e00000|  0%| F|  |TAMS 0x00000006c8c00000| PB 0x00000006c8c00000| Untracked 
|  27|0x00000006c8e00000, 0x00000006c8e00000, 0x00000006c9000000|  0%| F|  |TAMS 0x00000006c8e00000| PB 0x00000006c8e00000| Untracked 
|  28|0x00000006c9000000, 0x00000006c9000000, 0x00000006c9200000|  0%| F|  |TAMS 0x00000006c9000000| PB 0x00000006c9000000| Untracked 
|  29|0x00000006c9200000, 0x00000006c9200000, 0x00000006c9400000|  0%| F|  |TAMS 0x00000006c9200000| PB 0x00000006c9200000| Untracked 
|  30|0x00000006c9400000, 0x00000006c9400000, 0x00000006c9600000|  0%| F|  |TAMS 0x00000006c9400000| PB 0x00000006c9400000| Untracked 
|  31|0x00000006c9600000, 0x00000006c9600000, 0x00000006c9800000|  0%| F|  |TAMS 0x00000006c9600000| PB 0x00000006c9600000| Untracked 
|  32|0x00000006c9800000, 0x00000006c9800000, 0x00000006c9a00000|  0%| F|  |TAMS 0x00000006c9800000| PB 0x00000006c9800000| Untracked 
|  33|0x00000006c9a00000, 0x00000006c9a00000, 0x00000006c9c00000|  0%| F|  |TAMS 0x00000006c9a00000| PB 0x00000006c9a00000| Untracked 
|  34|0x00000006c9c00000, 0x00000006c9c00000, 0x00000006c9e00000|  0%| F|  |TAMS 0x00000006c9c00000| PB 0x00000006c9c00000| Untracked 
|  35|0x00000006c9e00000, 0x00000006c9e00000, 0x00000006ca000000|  0%| F|  |TAMS 0x00000006c9e00000| PB 0x00000006c9e00000| Untracked 
|  36|0x00000006ca000000, 0x00000006ca000000, 0x00000006ca200000|  0%| F|  |TAMS 0x00000006ca000000| PB 0x00000006ca000000| Untracked 
|  37|0x00000006ca200000, 0x00000006ca200000, 0x00000006ca400000|  0%| F|  |TAMS 0x00000006ca200000| PB 0x00000006ca200000| Untracked 
|  38|0x00000006ca400000, 0x00000006ca400000, 0x00000006ca600000|  0%| F|  |TAMS 0x00000006ca400000| PB 0x00000006ca400000| Untracked 
|  39|0x00000006ca600000, 0x00000006ca600000, 0x00000006ca800000|  0%| F|  |TAMS 0x00000006ca600000| PB 0x00000006ca600000| Untracked 
|  40|0x00000006ca800000, 0x00000006ca800000, 0x00000006caa00000|  0%| F|  |TAMS 0x00000006ca800000| PB 0x00000006ca800000| Untracked 
|  41|0x00000006caa00000, 0x00000006caa00000, 0x00000006cac00000|  0%| F|  |TAMS 0x00000006caa00000| PB 0x00000006caa00000| Untracked 
|  42|0x00000006cac00000, 0x00000006cac00000, 0x00000006cae00000|  0%| F|  |TAMS 0x00000006cac00000| PB 0x00000006cac00000| Untracked 
|  43|0x00000006cae00000, 0x00000006cae00000, 0x00000006cb000000|  0%| F|  |TAMS 0x00000006cae00000| PB 0x00000006cae00000| Untracked 
|  44|0x00000006cb000000, 0x00000006cb000000, 0x00000006cb200000|  0%| F|  |TAMS 0x00000006cb000000| PB 0x00000006cb000000| Untracked 
|  45|0x00000006cb200000, 0x00000006cb200000, 0x00000006cb400000|  0%| F|  |TAMS 0x00000006cb200000| PB 0x00000006cb200000| Untracked 
|  46|0x00000006cb400000, 0x00000006cb400000, 0x00000006cb600000|  0%| F|  |TAMS 0x00000006cb400000| PB 0x00000006cb400000| Untracked 
|  47|0x00000006cb600000, 0x00000006cb6ff7e0, 0x00000006cb800000| 49%| S|CS|TAMS 0x00000006cb600000| PB 0x00000006cb600000| Complete 
|  48|0x00000006cb800000, 0x00000006cb800000, 0x00000006cba00000|  0%| F|  |TAMS 0x00000006cb800000| PB 0x00000006cb800000| Untracked 
|  49|0x00000006cba00000, 0x00000006cba00000, 0x00000006cbc00000|  0%| F|  |TAMS 0x00000006cba00000| PB 0x00000006cba00000| Untracked 
|  50|0x00000006cbc00000, 0x00000006cbc00000, 0x00000006cbe00000|  0%| F|  |TAMS 0x00000006cbc00000| PB 0x00000006cbc00000| Untracked 
|  51|0x00000006cbe00000, 0x00000006cbe00000, 0x00000006cc000000|  0%| F|  |TAMS 0x00000006cbe00000| PB 0x00000006cbe00000| Untracked 
|  52|0x00000006cc000000, 0x00000006cc000000, 0x00000006cc200000|  0%| F|  |TAMS 0x00000006cc000000| PB 0x00000006cc000000| Untracked 
|  53|0x00000006cc200000, 0x00000006cc200000, 0x00000006cc400000|  0%| F|  |TAMS 0x00000006cc200000| PB 0x00000006cc200000| Untracked 
|  54|0x00000006cc400000, 0x00000006cc400000, 0x00000006cc600000|  0%| F|  |TAMS 0x00000006cc400000| PB 0x00000006cc400000| Untracked 
|  55|0x00000006cc600000, 0x00000006cc600000, 0x00000006cc800000|  0%| F|  |TAMS 0x00000006cc600000| PB 0x00000006cc600000| Untracked 
|  56|0x00000006cc800000, 0x00000006cc800000, 0x00000006cca00000|  0%| F|  |TAMS 0x00000006cc800000| PB 0x00000006cc800000| Untracked 
|  57|0x00000006cca00000, 0x00000006cca00000, 0x00000006ccc00000|  0%| F|  |TAMS 0x00000006cca00000| PB 0x00000006cca00000| Untracked 
|  58|0x00000006ccc00000, 0x00000006ccc00000, 0x00000006cce00000|  0%| F|  |TAMS 0x00000006ccc00000| PB 0x00000006ccc00000| Untracked 
|  59|0x00000006cce00000, 0x00000006cce00000, 0x00000006cd000000|  0%| F|  |TAMS 0x00000006cce00000| PB 0x00000006cce00000| Untracked 
|  60|0x00000006cd000000, 0x00000006cd000000, 0x00000006cd200000|  0%| F|  |TAMS 0x00000006cd000000| PB 0x00000006cd000000| Untracked 
|  61|0x00000006cd200000, 0x00000006cd200000, 0x00000006cd400000|  0%| F|  |TAMS 0x00000006cd200000| PB 0x00000006cd200000| Untracked 
|  62|0x00000006cd400000, 0x00000006cd400000, 0x00000006cd600000|  0%| F|  |TAMS 0x00000006cd400000| PB 0x00000006cd400000| Untracked 
|  63|0x00000006cd600000, 0x00000006cd600000, 0x00000006cd800000|  0%| F|  |TAMS 0x00000006cd600000| PB 0x00000006cd600000| Untracked 
|  64|0x00000006cd800000, 0x00000006cd800000, 0x00000006cda00000|  0%| F|  |TAMS 0x00000006cd800000| PB 0x00000006cd800000| Untracked 
|  65|0x00000006cda00000, 0x00000006cda00000, 0x00000006cdc00000|  0%| F|  |TAMS 0x00000006cda00000| PB 0x00000006cda00000| Untracked 
|  66|0x00000006cdc00000, 0x00000006cdc00000, 0x00000006cde00000|  0%| F|  |TAMS 0x00000006cdc00000| PB 0x00000006cdc00000| Untracked 
|  67|0x00000006cde00000, 0x00000006cde00000, 0x00000006ce000000|  0%| F|  |TAMS 0x00000006cde00000| PB 0x00000006cde00000| Untracked 
|  68|0x00000006ce000000, 0x00000006ce000000, 0x00000006ce200000|  0%| F|  |TAMS 0x00000006ce000000| PB 0x00000006ce000000| Untracked 
|  69|0x00000006ce200000, 0x00000006ce200000, 0x00000006ce400000|  0%| F|  |TAMS 0x00000006ce200000| PB 0x00000006ce200000| Untracked 
|  70|0x00000006ce400000, 0x00000006ce400000, 0x00000006ce600000|  0%| F|  |TAMS 0x00000006ce400000| PB 0x00000006ce400000| Untracked 
|  71|0x00000006ce600000, 0x00000006ce600000, 0x00000006ce800000|  0%| F|  |TAMS 0x00000006ce600000| PB 0x00000006ce600000| Untracked 
|  72|0x00000006ce800000, 0x00000006ce800000, 0x00000006cea00000|  0%| F|  |TAMS 0x00000006ce800000| PB 0x00000006ce800000| Untracked 
|  73|0x00000006cea00000, 0x00000006cea00000, 0x00000006cec00000|  0%| F|  |TAMS 0x00000006cea00000| PB 0x00000006cea00000| Untracked 
|  74|0x00000006cec00000, 0x00000006cec00000, 0x00000006cee00000|  0%| F|  |TAMS 0x00000006cec00000| PB 0x00000006cec00000| Untracked 
|  75|0x00000006cee00000, 0x00000006cee00000, 0x00000006cf000000|  0%| F|  |TAMS 0x00000006cee00000| PB 0x00000006cee00000| Untracked 
|  76|0x00000006cf000000, 0x00000006cf000000, 0x00000006cf200000|  0%| F|  |TAMS 0x00000006cf000000| PB 0x00000006cf000000| Untracked 
|  77|0x00000006cf200000, 0x00000006cf200000, 0x00000006cf400000|  0%| F|  |TAMS 0x00000006cf200000| PB 0x00000006cf200000| Untracked 
|  78|0x00000006cf400000, 0x00000006cf400000, 0x00000006cf600000|  0%| F|  |TAMS 0x00000006cf400000| PB 0x00000006cf400000| Untracked 
|  79|0x00000006cf600000, 0x00000006cf600000, 0x00000006cf800000|  0%| F|  |TAMS 0x00000006cf600000| PB 0x00000006cf600000| Untracked 
|  80|0x00000006cf800000, 0x00000006cf800000, 0x00000006cfa00000|  0%| F|  |TAMS 0x00000006cf800000| PB 0x00000006cf800000| Untracked 
|  81|0x00000006cfa00000, 0x00000006cfa00000, 0x00000006cfc00000|  0%| F|  |TAMS 0x00000006cfa00000| PB 0x00000006cfa00000| Untracked 
|  82|0x00000006cfc00000, 0x00000006cfc00000, 0x00000006cfe00000|  0%| F|  |TAMS 0x00000006cfc00000| PB 0x00000006cfc00000| Untracked 
|  83|0x00000006cfe00000, 0x00000006cfe00000, 0x00000006d0000000|  0%| F|  |TAMS 0x00000006cfe00000| PB 0x00000006cfe00000| Untracked 
|  84|0x00000006d0000000, 0x00000006d0000000, 0x00000006d0200000|  0%| F|  |TAMS 0x00000006d0000000| PB 0x00000006d0000000| Untracked 
|  85|0x00000006d0200000, 0x00000006d0200000, 0x00000006d0400000|  0%| F|  |TAMS 0x00000006d0200000| PB 0x00000006d0200000| Untracked 
|  86|0x00000006d0400000, 0x00000006d0400000, 0x00000006d0600000|  0%| F|  |TAMS 0x00000006d0400000| PB 0x00000006d0400000| Untracked 
|  87|0x00000006d0600000, 0x00000006d0600000, 0x00000006d0800000|  0%| F|  |TAMS 0x00000006d0600000| PB 0x00000006d0600000| Untracked 
|  88|0x00000006d0800000, 0x00000006d0800000, 0x00000006d0a00000|  0%| F|  |TAMS 0x00000006d0800000| PB 0x00000006d0800000| Untracked 
|  89|0x00000006d0a00000, 0x00000006d0a00000, 0x00000006d0c00000|  0%| F|  |TAMS 0x00000006d0a00000| PB 0x00000006d0a00000| Untracked 
|  90|0x00000006d0c00000, 0x00000006d0c00000, 0x00000006d0e00000|  0%| F|  |TAMS 0x00000006d0c00000| PB 0x00000006d0c00000| Untracked 
|  91|0x00000006d0e00000, 0x00000006d0e00000, 0x00000006d1000000|  0%| F|  |TAMS 0x00000006d0e00000| PB 0x00000006d0e00000| Untracked 
|  92|0x00000006d1000000, 0x00000006d1000000, 0x00000006d1200000|  0%| F|  |TAMS 0x00000006d1000000| PB 0x00000006d1000000| Untracked 
|  93|0x00000006d1200000, 0x00000006d1200000, 0x00000006d1400000|  0%| F|  |TAMS 0x00000006d1200000| PB 0x00000006d1200000| Untracked 
|  94|0x00000006d1400000, 0x00000006d1400000, 0x00000006d1600000|  0%| F|  |TAMS 0x00000006d1400000| PB 0x00000006d1400000| Untracked 
|  95|0x00000006d1600000, 0x00000006d1600000, 0x00000006d1800000|  0%| F|  |TAMS 0x00000006d1600000| PB 0x00000006d1600000| Untracked 
|  96|0x00000006d1800000, 0x00000006d1800000, 0x00000006d1a00000|  0%| F|  |TAMS 0x00000006d1800000| PB 0x00000006d1800000| Untracked 
|  97|0x00000006d1a00000, 0x00000006d1a00000, 0x00000006d1c00000|  0%| F|  |TAMS 0x00000006d1a00000| PB 0x00000006d1a00000| Untracked 
|  98|0x00000006d1c00000, 0x00000006d1c00000, 0x00000006d1e00000|  0%| F|  |TAMS 0x00000006d1c00000| PB 0x00000006d1c00000| Untracked 
|  99|0x00000006d1e00000, 0x00000006d1e00000, 0x00000006d2000000|  0%| F|  |TAMS 0x00000006d1e00000| PB 0x00000006d1e00000| Untracked 
| 100|0x00000006d2000000, 0x00000006d2000000, 0x00000006d2200000|  0%| F|  |TAMS 0x00000006d2000000| PB 0x00000006d2000000| Untracked 
| 101|0x00000006d2200000, 0x00000006d2200000, 0x00000006d2400000|  0%| F|  |TAMS 0x00000006d2200000| PB 0x00000006d2200000| Untracked 
| 102|0x00000006d2400000, 0x00000006d2400000, 0x00000006d2600000|  0%| F|  |TAMS 0x00000006d2400000| PB 0x00000006d2400000| Untracked 
| 103|0x00000006d2600000, 0x00000006d2600000, 0x00000006d2800000|  0%| F|  |TAMS 0x00000006d2600000| PB 0x00000006d2600000| Untracked 
| 104|0x00000006d2800000, 0x00000006d2800000, 0x00000006d2a00000|  0%| F|  |TAMS 0x00000006d2800000| PB 0x00000006d2800000| Untracked 
| 105|0x00000006d2a00000, 0x00000006d2a00000, 0x00000006d2c00000|  0%| F|  |TAMS 0x00000006d2a00000| PB 0x00000006d2a00000| Untracked 
| 106|0x00000006d2c00000, 0x00000006d2c00000, 0x00000006d2e00000|  0%| F|  |TAMS 0x00000006d2c00000| PB 0x00000006d2c00000| Untracked 
| 107|0x00000006d2e00000, 0x00000006d2e00000, 0x00000006d3000000|  0%| F|  |TAMS 0x00000006d2e00000| PB 0x00000006d2e00000| Untracked 
| 108|0x00000006d3000000, 0x00000006d3000000, 0x00000006d3200000|  0%| F|  |TAMS 0x00000006d3000000| PB 0x00000006d3000000| Untracked 
| 109|0x00000006d3200000, 0x00000006d3200000, 0x00000006d3400000|  0%| F|  |TAMS 0x00000006d3200000| PB 0x00000006d3200000| Untracked 
| 110|0x00000006d3400000, 0x00000006d3400000, 0x00000006d3600000|  0%| F|  |TAMS 0x00000006d3400000| PB 0x00000006d3400000| Untracked 
| 111|0x00000006d3600000, 0x00000006d3600000, 0x00000006d3800000|  0%| F|  |TAMS 0x00000006d3600000| PB 0x00000006d3600000| Untracked 
| 112|0x00000006d3800000, 0x00000006d3800000, 0x00000006d3a00000|  0%| F|  |TAMS 0x00000006d3800000| PB 0x00000006d3800000| Untracked 
| 113|0x00000006d3a00000, 0x00000006d3a00000, 0x00000006d3c00000|  0%| F|  |TAMS 0x00000006d3a00000| PB 0x00000006d3a00000| Untracked 
| 114|0x00000006d3c00000, 0x00000006d3c00000, 0x00000006d3e00000|  0%| F|  |TAMS 0x00000006d3c00000| PB 0x00000006d3c00000| Untracked 
| 115|0x00000006d3e00000, 0x00000006d3e00000, 0x00000006d4000000|  0%| F|  |TAMS 0x00000006d3e00000| PB 0x00000006d3e00000| Untracked 
| 116|0x00000006d4000000, 0x00000006d4000000, 0x00000006d4200000|  0%| F|  |TAMS 0x00000006d4000000| PB 0x00000006d4000000| Untracked 
| 117|0x00000006d4200000, 0x00000006d4200000, 0x00000006d4400000|  0%| F|  |TAMS 0x00000006d4200000| PB 0x00000006d4200000| Untracked 
| 118|0x00000006d4400000, 0x00000006d4400000, 0x00000006d4600000|  0%| F|  |TAMS 0x00000006d4400000| PB 0x00000006d4400000| Untracked 
| 119|0x00000006d4600000, 0x00000006d4600000, 0x00000006d4800000|  0%| F|  |TAMS 0x00000006d4600000| PB 0x00000006d4600000| Untracked 
| 120|0x00000006d4800000, 0x00000006d4800000, 0x00000006d4a00000|  0%| F|  |TAMS 0x00000006d4800000| PB 0x00000006d4800000| Untracked 
| 121|0x00000006d4a00000, 0x00000006d4a00000, 0x00000006d4c00000|  0%| F|  |TAMS 0x00000006d4a00000| PB 0x00000006d4a00000| Untracked 
| 122|0x00000006d4c00000, 0x00000006d4c00000, 0x00000006d4e00000|  0%| F|  |TAMS 0x00000006d4c00000| PB 0x00000006d4c00000| Untracked 
| 123|0x00000006d4e00000, 0x00000006d4e00000, 0x00000006d5000000|  0%| F|  |TAMS 0x00000006d4e00000| PB 0x00000006d4e00000| Untracked 
| 124|0x00000006d5000000, 0x00000006d5000000, 0x00000006d5200000|  0%| F|  |TAMS 0x00000006d5000000| PB 0x00000006d5000000| Untracked 
| 125|0x00000006d5200000, 0x00000006d5200000, 0x00000006d5400000|  0%| F|  |TAMS 0x00000006d5200000| PB 0x00000006d5200000| Untracked 
|2000|0x00000007bf800000, 0x00000007bfa00000, 0x00000007bfa00000|100%| O|  |TAMS 0x00000007bf85eb40| PB 0x00000007bf800000| Untracked 
|2001|0x00000007bfa00000, 0x00000007bfc00000, 0x00000007bfc00000|100%| O|  |TAMS 0x00000007bfc00000| PB 0x00000007bfa00000| Untracked 
|2002|0x00000007bfc00000, 0x00000007bfe00000, 0x00000007bfe00000|100%| O|  |TAMS 0x00000007bfe00000| PB 0x00000007bfc00000| Untracked 
|2003|0x00000007bfe00000, 0x00000007c0000000, 0x00000007c0000000|100%| O|  |TAMS 0x00000007c0000000| PB 0x00000007bfe00000| Untracked 

Card table byte_map: [0x000001d4f4d70000,0x000001d4f5550000] _byte_map_base: 0x000001d4f1744000

Marking Bits: (CMBitMap*) 0x000001d4f0eadd00
 Bits: [0x000001d4f5550000, 0x000001d4f93f0000)

Polling page: 0x000001d4eecd0000

Metaspace:

Usage:
  Non-class:     64.79 MB used.
      Class:      7.45 MB used.
       Both:     72.24 MB used.

Virtual space:
  Non-class space:      128.00 MB reserved,      65.56 MB ( 51%) committed,  2 nodes.
      Class space:        1.00 GB reserved,       8.06 MB ( <1%) committed,  1 nodes.
             Both:        1.12 GB reserved,      73.62 MB (  6%) committed. 

Chunk freelists:
   Non-Class:  14.17 MB
       Class:  7.85 MB
        Both:  22.02 MB

MaxMetaspaceSize: unlimited
CompressedClassSpaceSize: 1.00 GB
Initial GC threshold: 21.00 MB
Current GC threshold: 116.50 MB
CDS: off
 - commit_granule_bytes: 65536.
 - commit_granule_words: 8192.
 - virtual_space_node_default_size: 8388608.
 - enlarge_chunks_in_place: 1.
 - use_allocation_guard: 0.


Internal statistics:

num_allocs_failed_limit: 9.
num_arena_births: 1168.
num_arena_deaths: 34.
num_vsnodes_births: 3.
num_vsnodes_deaths: 0.
num_space_committed: 1178.
num_space_uncommitted: 0.
num_chunks_returned_to_freelist: 48.
num_chunks_taken_from_freelist: 4253.
num_chunk_merges: 16.
num_chunk_splits: 2608.
num_chunks_enlarged: 1481.
num_inconsistent_stats: 0.

CodeHeap 'non-profiled nmethods': size=120000Kb used=7522Kb max_used=7522Kb free=112477Kb
 bounds [0x000001d487ad0000, 0x000001d488230000, 0x000001d48f000000]
CodeHeap 'profiled nmethods': size=120000Kb used=23189Kb max_used=23189Kb free=96810Kb
 bounds [0x000001d480000000, 0x000001d4816b0000, 0x000001d487530000]
CodeHeap 'non-nmethods': size=5760Kb used=1613Kb max_used=1690Kb free=4146Kb
 bounds [0x000001d487530000, 0x000001d4877a0000, 0x000001d487ad0000]
CodeCache: size=245760Kb, used=32324Kb, max_used=32401Kb, free=213433Kb
 total_blobs=10506, nmethods=9747, adapters=661, full_count=0
Compilation: enabled, stopped_count=0, restarted_count=0

Compilation events (20 events):
Event: 30.837 Thread 0x000001d4fc15b1c0 nmethod 11159 0x000001d488227510 code [0x000001d4882276c0, 0x000001d488227bc8]
Event: 30.871 Thread 0x000001d4fc193790 11160       1       org.eclipse.core.internal.events.ResourceChangeEvent::getType (5 bytes)
Event: 30.871 Thread 0x000001d4fc193790 nmethod 11160 0x000001d488227e10 code [0x000001d488227fa0, 0x000001d488228068]
Event: 30.871 Thread 0x000001d4fc193790 11161       3       org.eclipse.jdt.internal.core.DeltaProcessor::rootInfo (39 bytes)
Event: 30.871 Thread 0x000001d4fc193790 nmethod 11161 0x000001d48169e290 code [0x000001d48169e480, 0x000001d48169e940]
Event: 30.873 Thread 0x000001d4fc15b1c0 11162       4       org.eclipse.core.runtime.Path::makeAbsolute (66 bytes)
Event: 30.874 Thread 0x000001d4fc193790 11164   !   3       org.eclipse.core.internal.resources.ProjectPreferences::load (299 bytes)
Event: 30.878 Thread 0x000001d4fc193790 nmethod 11164 0x000001d48169ea90 code [0x000001d48169efc0, 0x000001d4816a14e8]
Event: 30.878 Thread 0x000001d4fc193790 11163       3       org.eclipse.core.internal.resources.ProjectPreferences::getFile (43 bytes)
Event: 30.879 Thread 0x000001d4fc193790 nmethod 11163 0x000001d4816a2410 code [0x000001d4816a2660, 0x000001d4816a2ee8]
Event: 30.879 Thread 0x000001d4fc193790 11168       3       org.eclipse.jdt.internal.compiler.SourceElementNotifier::extractTypeReferences (47 bytes)
Event: 30.879 Thread 0x000001d4fc193790 nmethod 11168 0x000001d4816a3210 code [0x000001d4816a3400, 0x000001d4816a3948]
Event: 30.879 Thread 0x000001d4fc193790 11165   !   3       org.eclipse.core.internal.resources.ProjectContentTypes::usesContentTypePreferences (81 bytes)
Event: 30.880 Thread 0x000001d4fc15b1c0 nmethod 11162 0x000001d488228110 code [0x000001d4882282e0, 0x000001d4882286a0]
Event: 30.880 Thread 0x000001d4fc193790 nmethod 11165 0x000001d4816a3b10 code [0x000001d4816a3d80, 0x000001d4816a4770]
Event: 30.883 Thread 0x000001d4fc193790 11166       3       org.eclipse.jdt.internal.compiler.parser.Parser::consumeOneDimLoop (20 bytes)
Event: 30.883 Thread 0x000001d4fc193790 nmethod 11166 0x000001d4816a4b10 code [0x000001d4816a4cc0, 0x000001d4816a4ec0]
Event: 30.883 Thread 0x000001d4fc193790 11167       3       java.util.stream.Streams$ConcatSpliterator::forEachRemaining (28 bytes)
Event: 30.884 Thread 0x000001d4fc193790 nmethod 11167 0x000001d4816a4f90 code [0x000001d4816a5160, 0x000001d4816a5440]
Event: 30.884 Thread 0x000001d4fc193790 11172       3       org.eclipse.core.runtime.ListenerList::<init> (43 bytes)

GC Heap History (20 events):
Event: 12.756 GC heap before
{Heap before GC invocations=23 (full 0):
 garbage-first heap   total 83968K, used 69001K [0x00000006c5800000, 0x00000007c0000000)
  region size 2048K, 16 young (32768K), 3 survivors (6144K)
 Metaspace       used 61931K, committed 63232K, reserved 1114112K
  class space    used 6566K, committed 7168K, reserved 1048576K
}
Event: 12.760 GC heap after
{Heap after GC invocations=24 (full 0):
 garbage-first heap   total 83968K, used 47211K [0x00000006c5800000, 0x00000007c0000000)
  region size 2048K, 1 young (2048K), 1 survivors (2048K)
 Metaspace       used 61931K, committed 63232K, reserved 1114112K
  class space    used 6566K, committed 7168K, reserved 1048576K
}
Event: 13.175 GC heap before
{Heap before GC invocations=24 (full 0):
 garbage-first heap   total 83968K, used 69739K [0x00000006c5800000, 0x00000007c0000000)
  region size 2048K, 13 young (26624K), 1 survivors (2048K)
 Metaspace       used 63362K, committed 64704K, reserved 1114112K
  class space    used 6684K, committed 7296K, reserved 1048576K
}
Event: 13.178 GC heap after
{Heap after GC invocations=25 (full 0):
 garbage-first heap   total 83968K, used 45847K [0x00000006c5800000, 0x00000007c0000000)
  region size 2048K, 1 young (2048K), 1 survivors (2048K)
 Metaspace       used 63362K, committed 64704K, reserved 1114112K
  class space    used 6684K, committed 7296K, reserved 1048576K
}
Event: 13.938 GC heap before
{Heap before GC invocations=26 (full 0):
 garbage-first heap   total 83968K, used 70423K [0x00000006c5800000, 0x00000007c0000000)
  region size 2048K, 14 young (28672K), 1 survivors (2048K)
 Metaspace       used 65777K, committed 67072K, reserved 1114112K
  class space    used 6951K, committed 7552K, reserved 1048576K
}
Event: 13.940 GC heap after
{Heap after GC invocations=27 (full 0):
 garbage-first heap   total 83968K, used 46386K [0x00000006c5800000, 0x00000007c0000000)
  region size 2048K, 1 young (2048K), 1 survivors (2048K)
 Metaspace       used 65777K, committed 67072K, reserved 1114112K
  class space    used 6951K, committed 7552K, reserved 1048576K
}
Event: 14.476 GC heap before
{Heap before GC invocations=27 (full 0):
 garbage-first heap   total 83968K, used 73010K [0x00000006c5800000, 0x00000007c0000000)
  region size 2048K, 14 young (28672K), 1 survivors (2048K)
 Metaspace       used 68325K, committed 69696K, reserved 1114112K
  class space    used 7230K, committed 7808K, reserved 1048576K
}
Event: 14.481 GC heap after
{Heap after GC invocations=28 (full 0):
 garbage-first heap   total 83968K, used 46862K [0x00000006c5800000, 0x00000007c0000000)
  region size 2048K, 2 young (4096K), 2 survivors (4096K)
 Metaspace       used 68325K, committed 69696K, reserved 1114112K
  class space    used 7230K, committed 7808K, reserved 1048576K
}
Event: 15.372 GC heap before
{Heap before GC invocations=28 (full 0):
 garbage-first heap   total 83968K, used 71438K [0x00000006c5800000, 0x00000007c0000000)
  region size 2048K, 15 young (30720K), 2 survivors (4096K)
 Metaspace       used 70095K, committed 71488K, reserved 1114112K
  class space    used 7359K, committed 8000K, reserved 1048576K
}
Event: 15.380 GC heap after
{Heap after GC invocations=29 (full 0):
 garbage-first heap   total 83968K, used 49274K [0x00000006c5800000, 0x00000007c0000000)
  region size 2048K, 2 young (4096K), 2 survivors (4096K)
 Metaspace       used 70095K, committed 71488K, reserved 1114112K
  class space    used 7359K, committed 8000K, reserved 1048576K
}
Event: 16.002 GC heap before
{Heap before GC invocations=30 (full 0):
 garbage-first heap   total 86016K, used 71802K [0x00000006c5800000, 0x00000007c0000000)
  region size 2048K, 14 young (28672K), 2 survivors (4096K)
 Metaspace       used 71828K, committed 73280K, reserved 1179648K
  class space    used 7552K, committed 8192K, reserved 1048576K
}
Event: 16.009 GC heap after
{Heap after GC invocations=31 (full 0):
 garbage-first heap   total 86016K, used 52417K [0x00000006c5800000, 0x00000007c0000000)
  region size 2048K, 2 young (4096K), 2 survivors (4096K)
 Metaspace       used 71828K, committed 73280K, reserved 1179648K
  class space    used 7552K, committed 8192K, reserved 1048576K
}
Event: 17.547 GC heap before
{Heap before GC invocations=31 (full 0):
 garbage-first heap   total 86016K, used 76993K [0x00000006c5800000, 0x00000007c0000000)
  region size 2048K, 14 young (28672K), 2 survivors (4096K)
 Metaspace       used 72579K, committed 74048K, reserved 1179648K
  class space    used 7580K, committed 8192K, reserved 1048576K
}
Event: 17.555 GC heap after
{Heap after GC invocations=32 (full 0):
 garbage-first heap   total 108544K, used 54825K [0x00000006c5800000, 0x00000007c0000000)
  region size 2048K, 2 young (4096K), 2 survivors (4096K)
 Metaspace       used 72579K, committed 74048K, reserved 1179648K
  class space    used 7580K, committed 8192K, reserved 1048576K
}
Event: 28.386 GC heap before
{Heap before GC invocations=32 (full 0):
 garbage-first heap   total 108544K, used 91689K [0x00000006c5800000, 0x00000007c0000000)
  region size 2048K, 21 young (43008K), 2 survivors (4096K)
 Metaspace       used 73659K, committed 75072K, reserved 1179648K
  class space    used 7624K, committed 8256K, reserved 1048576K
}
Event: 28.388 GC heap after
{Heap after GC invocations=33 (full 0):
 garbage-first heap   total 108544K, used 54776K [0x00000006c5800000, 0x00000007c0000000)
  region size 2048K, 2 young (4096K), 2 survivors (4096K)
 Metaspace       used 73659K, committed 75072K, reserved 1179648K
  class space    used 7624K, committed 8256K, reserved 1048576K
}
Event: 30.880 GC heap before
{Heap before GC invocations=33 (full 0):
 garbage-first heap   total 108544K, used 73208K [0x00000006c5800000, 0x00000007c0000000)
  region size 2048K, 12 young (24576K), 2 survivors (4096K)
 Metaspace       used 73968K, committed 75392K, reserved 1179648K
  class space    used 7626K, committed 8256K, reserved 1048576K
}
Event: 30.883 GC heap after
{Heap after GC invocations=34 (full 0):
 garbage-first heap   total 108544K, used 55254K [0x00000006c5800000, 0x00000007c0000000)
  region size 2048K, 2 young (4096K), 2 survivors (4096K)
 Metaspace       used 73968K, committed 75392K, reserved 1179648K
  class space    used 7626K, committed 8256K, reserved 1048576K
}
Event: 30.884 GC heap before
{Heap before GC invocations=34 (full 0):
 garbage-first heap   total 108544K, used 55254K [0x00000006c5800000, 0x00000007c0000000)
  region size 2048K, 3 young (6144K), 2 survivors (4096K)
 Metaspace       used 73968K, committed 75392K, reserved 1179648K
  class space    used 7626K, committed 8256K, reserved 1048576K
}
Event: 30.886 GC heap after
{Heap after GC invocations=35 (full 0):
 garbage-first heap   total 108544K, used 55280K [0x00000006c5800000, 0x00000007c0000000)
  region size 2048K, 1 young (2048K), 1 survivors (2048K)
 Metaspace       used 73968K, committed 75392K, reserved 1179648K
  class space    used 7626K, committed 8256K, reserved 1048576K
}

Dll operation events (20 events):
Event: 0.016 Attempting to load shared library c:\Users\PRASHANT\.vscode\extensions\redhat.java-1.56.0-win32-x64\jre\21.0.12.1-win32-x86_64\bin\java.dll
Event: 0.016 Loaded shared library c:\Users\PRASHANT\.vscode\extensions\redhat.java-1.56.0-win32-x64\jre\21.0.12.1-win32-x86_64\bin\java.dll
Event: 0.024 Attempting to load shared library c:\Users\PRASHANT\.vscode\extensions\redhat.java-1.56.0-win32-x64\jre\21.0.12.1-win32-x86_64\bin\zip.dll
Event: 0.025 Loaded shared library c:\Users\PRASHANT\.vscode\extensions\redhat.java-1.56.0-win32-x64\jre\21.0.12.1-win32-x86_64\bin\zip.dll
Event: 0.190 Attempting to load shared library C:\Users\PRASHANT\.vscode\extensions\redhat.java-1.56.0-win32-x64\jre\21.0.12.1-win32-x86_64\bin\instrument.dll
Event: 0.190 Loaded shared library C:\Users\PRASHANT\.vscode\extensions\redhat.java-1.56.0-win32-x64\jre\21.0.12.1-win32-x86_64\bin\instrument.dll
Event: 0.201 Attempting to load shared library C:\Users\PRASHANT\.vscode\extensions\redhat.java-1.56.0-win32-x64\jre\21.0.12.1-win32-x86_64\bin\net.dll
Event: 0.202 Loaded shared library C:\Users\PRASHANT\.vscode\extensions\redhat.java-1.56.0-win32-x64\jre\21.0.12.1-win32-x86_64\bin\net.dll
Event: 0.204 Attempting to load shared library C:\Users\PRASHANT\.vscode\extensions\redhat.java-1.56.0-win32-x64\jre\21.0.12.1-win32-x86_64\bin\nio.dll
Event: 0.205 Loaded shared library C:\Users\PRASHANT\.vscode\extensions\redhat.java-1.56.0-win32-x64\jre\21.0.12.1-win32-x86_64\bin\nio.dll
Event: 0.214 Attempting to load shared library C:\Users\PRASHANT\.vscode\extensions\redhat.java-1.56.0-win32-x64\jre\21.0.12.1-win32-x86_64\bin\zip.dll
Event: 0.214 Loaded shared library C:\Users\PRASHANT\.vscode\extensions\redhat.java-1.56.0-win32-x64\jre\21.0.12.1-win32-x86_64\bin\zip.dll
Event: 0.239 Attempting to load shared library C:\Users\PRASHANT\.vscode\extensions\redhat.java-1.56.0-win32-x64\jre\21.0.12.1-win32-x86_64\bin\jimage.dll
Event: 0.239 Loaded shared library C:\Users\PRASHANT\.vscode\extensions\redhat.java-1.56.0-win32-x64\jre\21.0.12.1-win32-x86_64\bin\jimage.dll
Event: 0.335 Attempting to load shared library c:\Users\PRASHANT\.vscode\extensions\redhat.java-1.56.0-win32-x64\jre\21.0.12.1-win32-x86_64\bin\verify.dll
Event: 0.336 Loaded shared library c:\Users\PRASHANT\.vscode\extensions\redhat.java-1.56.0-win32-x64\jre\21.0.12.1-win32-x86_64\bin\verify.dll
Event: 1.865 Attempting to load shared library C:\Users\PRASHANT\AppData\Roaming\Code\User\globalStorage\redhat.java\1.56.0\config_win\org.eclipse.equinox.launcher\org.eclipse.equinox.launcher.win32.win32.x86_64_1.3.100.v20260804-1928\eclipse_11924.dll
Event: 1.866 Loaded shared library C:\Users\PRASHANT\AppData\Roaming\Code\User\globalStorage\redhat.java\1.56.0\config_win\org.eclipse.equinox.launcher\org.eclipse.equinox.launcher.win32.win32.x86_64_1.3.100.v20260804-1928\eclipse_11924.dll
Event: 5.238 Attempting to load shared library C:\Users\PRASHANT\AppData\Local\Temp\jna--608479181\jna13510660390142476712.dll
Event: 5.370 Loaded shared library C:\Users\PRASHANT\AppData\Local\Temp\jna--608479181\jna13510660390142476712.dll

Deoptimization events (20 events):
Event: 26.131 Thread 0x000001d495c183b0 Uncommon trap: trap_request=0xffffff45 fr.pc=0x000001d488146894 relative=0x0000000000000954
Event: 26.131 Thread 0x000001d495c183b0 Uncommon trap: reason=unstable_if action=reinterpret pc=0x000001d488146894 method=org.eclipse.jdt.core.dom.ASTNode.accept(Lorg/eclipse/jdt/core/dom/ASTVisitor;)V @ 26 c2
Event: 26.131 Thread 0x000001d495c183b0 DEOPT PACKING pc=0x000001d488146894 sp=0x00000082023fed40
Event: 26.131 Thread 0x000001d495c183b0 DEOPT UNPACKING pc=0x000001d4875843a2 sp=0x00000082023fecb8 mode 2
Event: 26.407 Thread 0x000001d49373c750 DEOPT PACKING pc=0x000001d4811e22cb sp=0x0000008200efe810
Event: 26.407 Thread 0x000001d49373c750 DEOPT UNPACKING pc=0x000001d487584b42 sp=0x0000008200efdd70 mode 0
Event: 26.565 Thread 0x000001d495c183b0 DEOPT PACKING pc=0x000001d48133da2e sp=0x00000082023fd890
Event: 26.565 Thread 0x000001d495c183b0 DEOPT UNPACKING pc=0x000001d487584b42 sp=0x00000082023fcda8 mode 0
Event: 26.851 Thread 0x000001d49373f540 DEOPT PACKING pc=0x000001d480fa117f sp=0x0000008200afe3a0
Event: 26.851 Thread 0x000001d49373f540 DEOPT UNPACKING pc=0x000001d487584b42 sp=0x0000008200afd828 mode 0
Event: 27.389 Thread 0x000001d4fd366d90 DEOPT PACKING pc=0x000001d480f12405 sp=0x0000008201ffd5c0
Event: 27.389 Thread 0x000001d4fd366d90 DEOPT UNPACKING pc=0x000001d487584b42 sp=0x0000008201ffca98 mode 0
Event: 28.579 Thread 0x000001d495c183b0 DEOPT PACKING pc=0x000001d480f3c181 sp=0x00000082023fe9a0
Event: 28.579 Thread 0x000001d495c183b0 DEOPT UNPACKING pc=0x000001d487584b42 sp=0x00000082023fde80 mode 0
Event: 28.645 Thread 0x000001d49373c750 DEOPT PACKING pc=0x000001d48041d8db sp=0x0000008200efe7c0
Event: 28.645 Thread 0x000001d49373c750 DEOPT UNPACKING pc=0x000001d487584b42 sp=0x0000008200efdc58 mode 0
Event: 29.311 Thread 0x000001d49373db00 DEOPT PACKING pc=0x000001d4811aacd5 sp=0x0000008200ffda70
Event: 29.311 Thread 0x000001d49373db00 DEOPT UNPACKING pc=0x000001d487584b42 sp=0x0000008200ffcf28 mode 0
Event: 30.121 Thread 0x000001d495c183b0 DEOPT PACKING pc=0x000001d480f3c181 sp=0x00000082023fea00
Event: 30.121 Thread 0x000001d495c183b0 DEOPT UNPACKING pc=0x000001d487584b42 sp=0x00000082023fdee0 mode 0

Classes loaded (20 events):
Event: 14.423 Loading class java/util/ArrayDeque$DeqSpliterator
Event: 14.424 Loading class java/util/ArrayDeque$DeqSpliterator done
Event: 14.890 Loading class java/nio/file/Files$2
Event: 14.890 Loading class java/nio/file/Files$2 done
Event: 14.910 Loading class java/util/concurrent/ArrayBlockingQueue
Event: 14.911 Loading class java/util/concurrent/ArrayBlockingQueue done
Event: 14.966 Loading class java/util/concurrent/ConcurrentHashMap$KeySpliterator
Event: 14.966 Loading class java/util/concurrent/ConcurrentHashMap$KeySpliterator done
Event: 14.979 Loading class sun/nio/ch/ChannelOutputStream
Event: 14.979 Loading class sun/nio/ch/ChannelOutputStream done
Event: 15.868 Loading class java/util/Hashtable$KeySet
Event: 15.868 Loading class java/util/Hashtable$KeySet done
Event: 15.942 Loading class java/util/HashMap$EntrySpliterator
Event: 15.942 Loading class java/util/HashMap$EntrySpliterator done
Event: 20.109 Loading class java/util/stream/DistinctOps
Event: 20.110 Loading class java/util/stream/DistinctOps done
Event: 20.110 Loading class java/util/stream/DistinctOps$1
Event: 20.110 Loading class java/util/stream/DistinctOps$1 done
Event: 20.112 Loading class java/util/stream/DistinctOps$1$2
Event: 20.112 Loading class java/util/stream/DistinctOps$1$2 done

Classes unloaded (17 events):
Event: 6.475 Thread 0x000001d4fc0b5230 Unloading class 0x00000007c0292c00 'java/lang/invoke/LambdaForm$MH+0x00000007c0292c00'
Event: 6.475 Thread 0x000001d4fc0b5230 Unloading class 0x00000007c0292800 'java/lang/invoke/LambdaForm$MH+0x00000007c0292800'
Event: 6.475 Thread 0x000001d4fc0b5230 Unloading class 0x00000007c0292400 'java/lang/invoke/LambdaForm$MH+0x00000007c0292400'
Event: 6.475 Thread 0x000001d4fc0b5230 Unloading class 0x00000007c0292000 'java/lang/invoke/LambdaForm$MH+0x00000007c0292000'
Event: 6.475 Thread 0x000001d4fc0b5230 Unloading class 0x00000007c0291c00 'java/lang/invoke/LambdaForm$BMH+0x00000007c0291c00'
Event: 6.475 Thread 0x000001d4fc0b5230 Unloading class 0x00000007c0291800 'java/lang/invoke/LambdaForm$DMH+0x00000007c0291800'
Event: 6.475 Thread 0x000001d4fc0b5230 Unloading class 0x00000007c0290400 'java/lang/invoke/LambdaForm$DMH+0x00000007c0290400'
Event: 11.814 Thread 0x000001d4fc0b5230 Unloading class 0x00000007c0425000 'java/lang/invoke/LambdaForm$MH+0x00000007c0425000'
Event: 11.814 Thread 0x000001d4fc0b5230 Unloading class 0x00000007c0424400 'java/lang/invoke/LambdaForm$MH+0x00000007c0424400'
Event: 11.814 Thread 0x000001d4fc0b5230 Unloading class 0x00000007c0423c00 'java/lang/invoke/LambdaForm$DMH+0x00000007c0423c00'
Event: 11.814 Thread 0x000001d4fc0b5230 Unloading class 0x00000007c0423400 'java/lang/invoke/LambdaForm$MH+0x00000007c0423400'
Event: 11.814 Thread 0x000001d4fc0b5230 Unloading class 0x00000007c041fc00 'java/lang/invoke/LambdaForm$MH+0x00000007c041fc00'
Event: 11.814 Thread 0x000001d4fc0b5230 Unloading class 0x00000007c041f800 'java/lang/invoke/LambdaForm$MH+0x00000007c041f800'
Event: 11.814 Thread 0x000001d4fc0b5230 Unloading class 0x00000007c041ec00 'java/lang/invoke/LambdaForm$MH+0x00000007c041ec00'
Event: 11.814 Thread 0x000001d4fc0b5230 Unloading class 0x00000007c041e400 'java/lang/invoke/LambdaForm$MH+0x00000007c041e400'
Event: 11.814 Thread 0x000001d4fc0b5230 Unloading class 0x00000007c041dc00 'java/lang/invoke/LambdaForm$MH+0x00000007c041dc00'
Event: 11.814 Thread 0x000001d4fc0b5230 Unloading class 0x00000007c041d400 'java/lang/invoke/LambdaForm$MH+0x00000007c041d400'

Classes redefined (0 events):
No events

Internal exceptions (20 events):
Event: 17.863 Thread 0x000001d4fd366d90 Exception <a 'java/lang/ArrayIndexOutOfBoundsException'{0x00000006d53d58b8}: Index 1694 out of bounds for length 1694> (0x00000006d53d58b8) 
thrown [s\src\hotspot\share\interpreter\interpreterRuntime.cpp, line 439]
Event: 18.024 Thread 0x000001d4fd366d90 Exception <a 'java/lang/ArrayIndexOutOfBoundsException'{0x00000006cb714900}> (0x00000006cb714900) 
thrown [s\src\hotspot\share\runtime\sharedRuntime.cpp, line 625]
Event: 18.371 Thread 0x000001d4fd366d90 Exception <a 'java/lang/ArrayIndexOutOfBoundsException'{0x00000006cb007090}> (0x00000006cb007090) 
thrown [s\src\hotspot\share\runtime\sharedRuntime.cpp, line 625]
Event: 18.618 Thread 0x000001d4fd366d90 Exception <a 'java/lang/ArrayIndexOutOfBoundsException'{0x00000006caf4f1c8}> (0x00000006caf4f1c8) 
thrown [s\src\hotspot\share\runtime\sharedRuntime.cpp, line 625]
Event: 18.750 Thread 0x000001d4fd366d90 Exception <a 'java/lang/ArrayIndexOutOfBoundsException'{0x00000006cac8f250}> (0x00000006cac8f250) 
thrown [s\src\hotspot\share\runtime\sharedRuntime.cpp, line 625]
Event: 19.835 Thread 0x000001d4fd4b57c0 Exception <a 'sun/nio/fs/WindowsException'{0x00000006ca6f16e8}> (0x00000006ca6f16e8) 
thrown [s\src\hotspot\share\prims\jni.cpp, line 520]
Event: 19.835 Thread 0x000001d4fd4b57c0 Exception <a 'sun/nio/fs/WindowsException'{0x00000006ca6f1c78}> (0x00000006ca6f1c78) 
thrown [s\src\hotspot\share\prims\jni.cpp, line 520]
Event: 19.835 Thread 0x000001d4fd4b57c0 Exception <a 'sun/nio/fs/WindowsException'{0x00000006ca6f1f80}> (0x00000006ca6f1f80) 
thrown [s\src\hotspot\share\prims\jni.cpp, line 520]
Event: 19.839 Thread 0x000001d4fd4b57c0 Exception <a 'sun/nio/fs/WindowsException'{0x00000006ca6f26d0}> (0x00000006ca6f26d0) 
thrown [s\src\hotspot\share\prims\jni.cpp, line 520]
Event: 19.840 Thread 0x000001d4fd4b57c0 Exception <a 'sun/nio/fs/WindowsException'{0x00000006ca6f29d8}> (0x00000006ca6f29d8) 
thrown [s\src\hotspot\share\prims\jni.cpp, line 520]
Event: 19.854 Thread 0x000001d4fd4b57c0 Exception <a 'sun/nio/fs/WindowsException'{0x00000006ca7373f8}> (0x00000006ca7373f8) 
thrown [s\src\hotspot\share\prims\jni.cpp, line 520]
Event: 26.124 Thread 0x000001d4fd366d90 Exception <a 'java/lang/IncompatibleClassChangeError'{0x00000006c9fb1fe8}: Found class java.lang.Object, but interface was expected> (0x00000006c9fb1fe8) 
thrown [s\src\hotspot\share\interpreter\linkResolver.cpp, line 840]
Event: 26.128 Thread 0x000001d495c183b0 Exception <a 'java/lang/NoSuchMethodError'{0x00000006c9fe68d8}: 'java.lang.Object java.lang.invoke.DirectMethodHandle$Holder.invokeStatic(java.lang.Object, int, int, java.lang.Object)'> (0x00000006c9fe68d8) 
thrown [s\src\hotspot\share\interpreter\linkResolver.cpp, line 773]
Event: 27.400 Thread 0x000001d4fd4b57c0 Exception <a 'sun/nio/fs/WindowsException'{0x00000006c965ebe0}> (0x00000006c965ebe0) 
thrown [s\src\hotspot\share\prims\jni.cpp, line 520]
Event: 27.401 Thread 0x000001d4fd4b57c0 Exception <a 'sun/nio/fs/WindowsException'{0x00000006c965fb60}> (0x00000006c965fb60) 
thrown [s\src\hotspot\share\prims\jni.cpp, line 520]
Event: 27.408 Thread 0x000001d4fd4b57c0 Exception <a 'java/io/FileNotFoundException'{0x00000006c969bce0}> (0x00000006c969bce0) 
thrown [s\src\hotspot\share\prims\jni.cpp, line 520]
Event: 27.911 Thread 0x000001d4fd4b57c0 Exception <a 'java/io/FileNotFoundException'{0x00000006c96a9018}> (0x00000006c96a9018) 
thrown [s\src\hotspot\share\prims\jni.cpp, line 520]
Event: 28.326 Thread 0x000001d4fd366d90 Exception <a 'java/lang/ArrayIndexOutOfBoundsException'{0x00000006c9297308}> (0x00000006c9297308) 
thrown [s\src\hotspot\share\runtime\sharedRuntime.cpp, line 625]
Event: 29.448 Thread 0x000001d4fd366d90 Exception <a 'java/lang/ArrayIndexOutOfBoundsException'{0x00000006cafffad0}> (0x00000006cafffad0) 
thrown [s\src\hotspot\share\runtime\sharedRuntime.cpp, line 625]
Event: 30.871 Thread 0x000001d4fd4b57c0 Exception <a 'java/io/FileNotFoundException'{0x00000006ca774a60}> (0x00000006ca774a60) 
thrown [s\src\hotspot\share\prims\jni.cpp, line 520]

ZGC Phase Switch (0 events):
No events

VM Operations (20 events):
Event: 17.555 Executing safepoint VM operation: G1CollectForAllocation (G1 Evacuation Pause) done
Event: 18.555 Executing safepoint VM operation: Cleanup
Event: 18.555 Executing safepoint VM operation: Cleanup done
Event: 19.555 Executing safepoint VM operation: Cleanup
Event: 19.555 Executing safepoint VM operation: Cleanup done
Event: 20.569 Executing safepoint VM operation: Cleanup
Event: 20.569 Executing safepoint VM operation: Cleanup done
Event: 26.637 Executing safepoint VM operation: Cleanup
Event: 26.637 Executing safepoint VM operation: Cleanup done
Event: 27.638 Executing safepoint VM operation: Cleanup
Event: 27.638 Executing safepoint VM operation: Cleanup done
Event: 28.386 Executing safepoint VM operation: G1CollectForAllocation (G1 Evacuation Pause)
Event: 28.388 Executing safepoint VM operation: G1CollectForAllocation (G1 Evacuation Pause) done
Event: 29.399 Executing safepoint VM operation: Cleanup
Event: 29.399 Executing safepoint VM operation: Cleanup done
Event: 30.413 Executing safepoint VM operation: Cleanup
Event: 30.413 Executing safepoint VM operation: Cleanup done
Event: 30.880 Executing safepoint VM operation: G1TryInitiateConcMark (G1 Humongous Allocation)
Event: 30.883 Executing safepoint VM operation: G1TryInitiateConcMark (G1 Humongous Allocation) done
Event: 30.884 Executing safepoint VM operation: G1CollectForAllocation (G1 Humongous Allocation)

Memory protections (0 events):
No events

Nmethod flushes (20 events):
Event: 15.449 Thread 0x000001d4fc0b5230 flushing  nmethod 0x000001d480d26010
Event: 15.449 Thread 0x000001d4fc0b5230 flushing  nmethod 0x000001d480d26990
Event: 15.449 Thread 0x000001d4fc0b5230 flushing  nmethod 0x000001d480d2b210
Event: 15.449 Thread 0x000001d4fc0b5230 flushing  nmethod 0x000001d480d3a690
Event: 15.449 Thread 0x000001d4fc0b5230 flushing  nmethod 0x000001d480d5cc90
Event: 15.449 Thread 0x000001d4fc0b5230 flushing  nmethod 0x000001d487f03b10
Event: 15.449 Thread 0x000001d4fc0b5230 flushing  nmethod 0x000001d480157f10
Event: 15.449 Thread 0x000001d4fc0b5230 flushing  nmethod 0x000001d480175d90
Event: 15.449 Thread 0x000001d4fc0b5230 flushing  nmethod 0x000001d4801c3e10
Event: 15.449 Thread 0x000001d4fc0b5230 flushing  nmethod 0x000001d48028ab10
Event: 15.449 Thread 0x000001d4fc0b5230 flushing  nmethod 0x000001d4803f4410
Event: 15.449 Thread 0x000001d4fc0b5230 flushing  nmethod 0x000001d480405990
Event: 15.449 Thread 0x000001d4fc0b5230 flushing  nmethod 0x000001d480276690
Event: 15.449 Thread 0x000001d4fc0b5230 flushing  nmethod 0x000001d48027c310
Event: 15.449 Thread 0x000001d4fc0b5230 flushing  nmethod 0x000001d4804bd490
Event: 15.449 Thread 0x000001d4fc0b5230 flushing  nmethod 0x000001d480650f90
Event: 15.449 Thread 0x000001d4fc0b5230 flushing  nmethod 0x000001d480651610
Event: 15.449 Thread 0x000001d4fc0b5230 flushing  nmethod 0x000001d480651b10
Event: 15.449 Thread 0x000001d4fc0b5230 flushing  nmethod 0x000001d480652310
Event: 15.449 Thread 0x000001d4fc0b5230 flushing  nmethod 0x000001d480978290

Events (20 events):
Event: 19.891 Thread 0x000001d4fc193790 Thread added: 0x000001d4fd39f890
Event: 20.382 Thread 0x000001d4fd39f890 Thread exited: 0x000001d4fd39f890
Event: 20.456 Thread 0x000001d4fc193790 Thread added: 0x000001d4fd3a13d0
Event: 20.471 Thread 0x000001d4fc193790 Thread added: 0x000001d4fd39f890
Event: 25.514 Thread 0x000001d4fd39f890 Thread exited: 0x000001d4fd39f890
Event: 26.124 Thread 0x000001d4fd3a13d0 Thread exited: 0x000001d4fd3a13d0
Event: 26.575 Thread 0x000001d4fc193790 Thread added: 0x000001d4fd39f890
Event: 26.826 Thread 0x000001d4fd39f890 Thread exited: 0x000001d4fd39f890
Event: 26.836 Thread 0x000001d4fc193790 Thread added: 0x000001d4fd39f890
Event: 27.132 Thread 0x000001d4fd39f890 Thread exited: 0x000001d4fd39f890
Event: 27.391 Thread 0x000001d4fc193790 Thread added: 0x000001d4fd3a13d0
Event: 27.716 Thread 0x000001d4fd3a13d0 Thread exited: 0x000001d4fd3a13d0
Event: 28.397 Thread 0x000001d4fc193790 Thread added: 0x000001d4fd3a13d0
Event: 28.599 Thread 0x000001d4fc193790 Thread added: 0x000001d4fd39f890
Event: 28.893 Thread 0x000001d4fd39f890 Thread exited: 0x000001d4fd39f890
Event: 29.059 Thread 0x000001d4fd3a13d0 Thread exited: 0x000001d4fd3a13d0
Event: 29.311 Thread 0x000001d4fc193790 Thread added: 0x000001d4fd3a13d0
Event: 29.445 Thread 0x000001d4fd3a13d0 Thread exited: 0x000001d4fd3a13d0
Event: 30.334 Thread 0x000001d4fc193790 Thread added: 0x000001d4fd3a13d0
Event: 30.622 Thread 0x000001d4fd3a13d0 Thread exited: 0x000001d4fd3a13d0


Dynamic libraries:
0x00007ff666e10000 - 0x00007ff666e1e000 	c:\Users\PRASHANT\.vscode\extensions\redhat.java-1.56.0-win32-x64\jre\21.0.12.1-win32-x86_64\bin\java.exe
0x00007ffee4fe0000 - 0x00007ffee5247000 	C:\WINDOWS\SYSTEM32\ntdll.dll
0x00007ffee49e0000 - 0x00007ffee4aab000 	C:\WINDOWS\System32\KERNEL32.DLL
0x00007ffee21e0000 - 0x00007ffee25e1000 	C:\WINDOWS\System32\KERNELBASE.dll
0x00007ffee2770000 - 0x00007ffee28bc000 	C:\WINDOWS\System32\ucrtbase.dll
0x00007ffec8840000 - 0x00007ffec885e000 	c:\Users\PRASHANT\.vscode\extensions\redhat.java-1.56.0-win32-x64\jre\21.0.12.1-win32-x86_64\bin\VCRUNTIME140.dll
0x00007ffecc9f0000 - 0x00007ffecca08000 	c:\Users\PRASHANT\.vscode\extensions\redhat.java-1.56.0-win32-x64\jre\21.0.12.1-win32-x86_64\bin\jli.dll
0x00007ffee4800000 - 0x00007ffee49d7000 	C:\WINDOWS\System32\USER32.dll
0x00007ffebf8c0000 - 0x00007ffebfb50000 	C:\WINDOWS\WinSxS\amd64_microsoft.windows.common-controls_6595b64144ccf1df_6.0.26100.9549_none_3e0a0396e3330090\COMCTL32.dll
0x00007ffee39b0000 - 0x00007ffee3a59000 	C:\WINDOWS\System32\msvcrt.dll
0x00007ffee4060000 - 0x00007ffee408b000 	C:\WINDOWS\System32\GDI32.dll
0x00007ffee2bd0000 - 0x00007ffee2cf8000 	C:\WINDOWS\System32\gdi32full.dll
0x00007ffee2b20000 - 0x00007ffee2bc3000 	C:\WINDOWS\System32\msvcp_win.dll
0x00007ffee26b0000 - 0x00007ffee26d7000 	C:\WINDOWS\System32\win32u.dll
0x00007ffee42c0000 - 0x00007ffee42f1000 	C:\WINDOWS\System32\IMM32.DLL
0x00007ffed3060000 - 0x00007ffed306c000 	c:\Users\PRASHANT\.vscode\extensions\redhat.java-1.56.0-win32-x64\jre\21.0.12.1-win32-x86_64\bin\vcruntime140_1.dll
0x00007ffe68fb0000 - 0x00007ffe6903d000 	c:\Users\PRASHANT\.vscode\extensions\redhat.java-1.56.0-win32-x64\jre\21.0.12.1-win32-x86_64\bin\msvcp140.dll
0x00007ffdf8d60000 - 0x00007ffdf9b02000 	c:\Users\PRASHANT\.vscode\extensions\redhat.java-1.56.0-win32-x64\jre\21.0.12.1-win32-x86_64\bin\server\jvm.dll
0x00007ffee2d90000 - 0x00007ffee2e4b000 	C:\WINDOWS\System32\ADVAPI32.dll
0x00007ffee2e80000 - 0x00007ffee2f28000 	C:\WINDOWS\System32\sechost.dll
0x00007ffee3890000 - 0x00007ffee39a8000 	C:\WINDOWS\System32\RPCRT4.dll
0x00007ffee3800000 - 0x00007ffee3881000 	C:\WINDOWS\System32\WS2_32.dll
0x00007ffee18c0000 - 0x00007ffee191e000 	C:\WINDOWS\SYSTEM32\POWRPROF.dll
0x00007ffed0550000 - 0x00007ffed0587000 	C:\WINDOWS\SYSTEM32\WINMM.dll
0x00007ffed7e10000 - 0x00007ffed7e1b000 	C:\WINDOWS\SYSTEM32\VERSION.dll
0x00007ffee1860000 - 0x00007ffee1875000 	C:\WINDOWS\SYSTEM32\UMPDC.dll
0x00007ffee0e80000 - 0x00007ffee0e9b000 	C:\WINDOWS\SYSTEM32\kernel.appcore.dll
0x00007ffecc7c0000 - 0x00007ffecc7ca000 	c:\Users\PRASHANT\.vscode\extensions\redhat.java-1.56.0-win32-x64\jre\21.0.12.1-win32-x86_64\bin\jimage.dll
0x00007ffedf710000 - 0x00007ffedf95c000 	C:\WINDOWS\SYSTEM32\DBGHELP.DLL
0x00007ffee4470000 - 0x00007ffee47fa000 	C:\WINDOWS\System32\combase.dll
0x00007ffee3f80000 - 0x00007ffee4059000 	C:\WINDOWS\System32\OLEAUT32.dll
0x00007ffebf330000 - 0x00007ffebf36b000 	C:\WINDOWS\SYSTEM32\dbgcore.DLL
0x00007ffee2a60000 - 0x00007ffee2b0c000 	C:\WINDOWS\System32\bcryptPrimitives.dll
0x00007ffecc710000 - 0x00007ffecc71f000 	c:\Users\PRASHANT\.vscode\extensions\redhat.java-1.56.0-win32-x64\jre\21.0.12.1-win32-x86_64\bin\instrument.dll
0x00007ffec7d80000 - 0x00007ffec7da0000 	c:\Users\PRASHANT\.vscode\extensions\redhat.java-1.56.0-win32-x64\jre\21.0.12.1-win32-x86_64\bin\java.dll
0x00007ffec7c40000 - 0x00007ffec7c58000 	c:\Users\PRASHANT\.vscode\extensions\redhat.java-1.56.0-win32-x64\jre\21.0.12.1-win32-x86_64\bin\zip.dll
0x00007ffee3040000 - 0x00007ffee37dc000 	C:\WINDOWS\System32\SHELL32.dll
0x00007ffedfbf0000 - 0x00007ffee049d000 	C:\WINDOWS\SYSTEM32\windows.storage.dll
0x00007ffee2f30000 - 0x00007ffee3029000 	C:\WINDOWS\System32\SHCORE.dll
0x00007ffee4d50000 - 0x00007ffee4db6000 	C:\WINDOWS\System32\shlwapi.dll
0x00007ffee20f0000 - 0x00007ffee2119000 	C:\WINDOWS\SYSTEM32\profapi.dll
0x00007ffec8890000 - 0x00007ffec88a0000 	C:\Users\PRASHANT\.vscode\extensions\redhat.java-1.56.0-win32-x64\jre\21.0.12.1-win32-x86_64\bin\net.dll
0x00007ffed9840000 - 0x00007ffed996a000 	C:\WINDOWS\SYSTEM32\WINHTTP.dll
0x00007ffee14b0000 - 0x00007ffee151c000 	C:\WINDOWS\system32\mswsock.dll
0x00007ffec5de0000 - 0x00007ffec5df6000 	C:\Users\PRASHANT\.vscode\extensions\redhat.java-1.56.0-win32-x64\jre\21.0.12.1-win32-x86_64\bin\nio.dll
0x00007ffec7d70000 - 0x00007ffec7d80000 	c:\Users\PRASHANT\.vscode\extensions\redhat.java-1.56.0-win32-x64\jre\21.0.12.1-win32-x86_64\bin\verify.dll
0x00007ffec4a70000 - 0x00007ffec4ab5000 	C:\Users\PRASHANT\AppData\Roaming\Code\User\globalStorage\redhat.java\1.56.0\config_win\org.eclipse.equinox.launcher\org.eclipse.equinox.launcher.win32.win32.x86_64_1.3.100.v20260804-1928\eclipse_11924.dll
0x00007ffee40d0000 - 0x00007ffee426a000 	C:\WINDOWS\System32\ole32.dll
0x00007ffee17c0000 - 0x00007ffee17db000 	C:\WINDOWS\SYSTEM32\CRYPTSP.dll
0x00007ffee0de0000 - 0x00007ffee0e19000 	C:\WINDOWS\system32\rsaenh.dll
0x00007ffee1560000 - 0x00007ffee1594000 	C:\WINDOWS\SYSTEM32\USERENV.dll
0x00007ffee20c0000 - 0x00007ffee20ea000 	C:\WINDOWS\SYSTEM32\bcrypt.dll
0x00007ffee17e0000 - 0x00007ffee17ec000 	C:\WINDOWS\SYSTEM32\CRYPTBASE.dll
0x00007ffee08c0000 - 0x00007ffee08f3000 	C:\WINDOWS\SYSTEM32\IPHLPAPI.DLL
0x00007ffee3030000 - 0x00007ffee303a000 	C:\WINDOWS\System32\NSI.dll
0x00007ffe7c4f0000 - 0x00007ffe7c539000 	C:\Users\PRASHANT\AppData\Local\Temp\jna--608479181\jna13510660390142476712.dll
0x00007ffee40c0000 - 0x00007ffee40c8000 	C:\WINDOWS\System32\PSAPI.DLL
0x00007ffed99a0000 - 0x00007ffed99be000 	C:\WINDOWS\SYSTEM32\dhcpcsvc6.DLL
0x00007ffed9970000 - 0x00007ffed9995000 	C:\WINDOWS\SYSTEM32\dhcpcsvc.DLL

JVMTI agents:
c:\Users\PRASHANT\.vscode\extensions\redhat.java-1.56.0-win32-x64\lombok\lombok-1.18.39-4050.jar path:c:\Users\PRASHANT\.vscode\extensions\redhat.java-1.56.0-win32-x64\jre\21.0.12.1-win32-x86_64\bin\instrument.dll, loaded, initialized, instrumentlib options:none

dbghelp: loaded successfully - version: 4.0.5 - missing functions: none
symbol engine: initialized successfully - sym options: 0x614 - pdb path: .;c:\Users\PRASHANT\.vscode\extensions\redhat.java-1.56.0-win32-x64\jre\21.0.12.1-win32-x86_64\bin;C:\WINDOWS\SYSTEM32;C:\WINDOWS\WinSxS\amd64_microsoft.windows.common-controls_6595b64144ccf1df_6.0.26100.9549_none_3e0a0396e3330090;c:\Users\PRASHANT\.vscode\extensions\redhat.java-1.56.0-win32-x64\jre\21.0.12.1-win32-x86_64\bin\server;C:\Users\PRASHANT\AppData\Roaming\Code\User\globalStorage\redhat.java\1.56.0\config_win\org.eclipse.equinox.launcher\org.eclipse.equinox.launcher.win32.win32.x86_64_1.3.100.v20260804-1928;C:\Users\PRASHANT\AppData\Local\Temp\jna--608479181

VM Arguments:
jvm_args: --add-modules=ALL-SYSTEM --add-opens=java.base/java.util=ALL-UNNAMED --add-opens=java.base/java.lang=ALL-UNNAMED --add-opens=java.base/sun.nio.fs=ALL-UNNAMED -Declipse.application=org.eclipse.jdt.ls.core.id1 -Dosgi.bundles.defaultStartLevel=4 -Declipse.product=org.eclipse.jdt.ls.core.product -Djava.import.generatesMetadataFilesAtProjectRoot=false -Dm2e.project.cache.size=50 -DDetectVMInstallationsJob.disabled=true -Dfile.encoding=utf8 -Xlog:disable -Xshare:off -javaagent:c:\Users\PRASHANT\.vscode\extensions\redhat.java-1.56.0-win32-x64\lombok\lombok-1.18.39-4050.jar -XX:+HeapDumpOnOutOfMemoryError -XX:HeapDumpPath=c:\Users\PRASHANT\AppData\Roaming\Code\User\workspaceStorage\3ce9d61f8507f1e94ae1f52ef510885b\redhat.java -Daether.dependencyCollector.impl=bf 
java_command: c:\Users\PRASHANT\.vscode\extensions\redhat.java-1.56.0-win32-x64\server\plugins\org.eclipse.equinox.launcher_1.8.0.v20260804-1928.jar -configuration c:\Users\PRASHANT\AppData\Roaming\Code\User\globalStorage\redhat.java\1.56.0\config_win -data c:\Users\PRASHANT\AppData\Roaming\Code\User\workspaceStorage\3ce9d61f8507f1e94ae1f52ef510885b\redhat.java\jdt_ws --pipe=\\.\pipe\lsp-7d5b9e65f1a377485d7f51d26f3e8866-sock
java_class_path (initial): c:\Users\PRASHANT\.vscode\extensions\redhat.java-1.56.0-win32-x64\server\plugins\org.eclipse.equinox.launcher_1.8.0.v20260804-1928.jar
Launcher Type: SUN_STANDARD

[Global flags]
     intx CICompilerCount                          = 4                                         {product} {ergonomic}
     uint ConcGCThreads                            = 3                                         {product} {ergonomic}
     uint G1ConcRefinementThreads                  = 10                                        {product} {ergonomic}
   size_t G1HeapRegionSize                         = 2097152                                   {product} {ergonomic}
    uintx GCDrainStackTargetSize                   = 64                                        {product} {ergonomic}
     bool HeapDumpOnOutOfMemoryError               = true                                   {manageable} {command line}
    ccstr HeapDumpPath                             = c:\Users\PRASHANT\AppData\Roaming\Code\User\workspaceStorage\3ce9d61f8507f1e94ae1f52ef510885b\redhat.java         {manageable} {command line}
   size_t InitialHeapSize                          = 264241152                                 {product} {ergonomic}
   size_t MarkStackSize                            = 4194304                                   {product} {ergonomic}
   size_t MaxHeapSize                              = 4202692608                                {product} {ergonomic}
   size_t MaxNewSize                               = 2520776704                                {product} {ergonomic}
   size_t MinHeapDeltaBytes                        = 2097152                                   {product} {ergonomic}
   size_t MinHeapSize                              = 8388608                                   {product} {ergonomic}
    uintx NonNMethodCodeHeapSize                   = 5839372                                {pd product} {ergonomic}
    uintx NonProfiledCodeHeapSize                  = 122909434                              {pd product} {ergonomic}
    uintx ProfiledCodeHeapSize                     = 122909434                              {pd product} {ergonomic}
    uintx ReservedCodeCacheSize                    = 251658240                              {pd product} {ergonomic}
     bool SegmentedCodeCache                       = true                                      {product} {ergonomic}
   size_t SoftMaxHeapSize                          = 4202692608                             {manageable} {ergonomic}
     bool UseCompressedOops                        = true                           {product lp64_product} {ergonomic}
     bool UseG1GC                                  = true                                      {product} {ergonomic}
     bool UseLargePagesIndividualAllocation        = false                                  {pd product} {ergonomic}

Logging:
Log output configuration:
 #0: stdout all=off uptime,level,tags foldmultilines=false
 #1: stderr all=off uptime,level,tags foldmultilines=false

Release file:
JAVA_VERSION="21.0.12.1" 
MODULES="java.base java.compiler java.datatransfer java.xml java.prefs java.desktop java.instrument java.logging java.management java.security.sasl java.naming java.rmi java.management.rmi java.net.http java.scripting java.security.jgss java.transaction.xa java.sql java.sql.rowset java.xml.crypto java.se java.smartcardio jdk.accessibility jdk.internal.jvmstat jdk.attach jdk.charsets jdk.internal.opt jdk.zipfs jdk.compiler jdk.crypto.ec jdk.crypto.cryptoki jdk.crypto.mscapi jdk.dynalink jdk.internal.ed jdk.editpad jdk.hotspot.agent jdk.httpserver jdk.internal.le jdk.internal.vm.ci jdk.internal.vm.compiler jdk.internal.vm.compiler.management jdk.jartool jdk.javadoc jdk.jcmd jdk.management jdk.management.agent jdk.jconsole jdk.jdeps jdk.jdwp.agent jdk.jdi jdk.jfr jdk.jshell jdk.jsobject jdk.jstatd jdk.localedata jdk.management.jfr jdk.naming.dns jdk.naming.rmi jdk.net jdk.nio.mapmode jdk.random jdk.sctp jdk.security.auth jdk.security.jgss jdk.unsupported jdk.unsupported.desktop jdk.xml.dom" 

Environment Variables:
PATH=C:\Program Files\Common Files\Oracle\Java\javapath;C:\app\PRASHANT\product\21c\dbhomeXE\bin;C:\Program Files (x86)\Common Files\Intel\Shared Libraries\redist\intel64\compiler;C:\windows\system32;C:\windows;C:\windows\System32\Wbem;C:\windows\System32\WindowsPowerShell\v1.0\;C:\windows\System32\OpenSSH\;C:\Program Files (x86)\NVIDIA Corporation\PhysX\Common;C:\Program Files\NVIDIA Corporation\NVIDIA NvDLISR;C:\Users\Administrator\AppData\Local\Microsoft\WindowsApps;C:\Program Files\HP\OMEN-Broadcast\Common;C:\WINDOWS\system32;C:\WINDOWS;C:\WINDOWS\System32\Wbem;C:\WINDOWS\System32\WindowsPowerShell\v1.0\;C:\WINDOWS\System32\OpenSSH\;C:\Program Files\nodejs\;C:\Program Files\Java\jdk-25\bin;C:\Program Files\dotnet\;C:\Program Files\MySQL\MySQL Server 8.0\bin;C:\Program Files\Git\cmd;C:\Program Files\Git\mingw64\bin;C:\Program Files\Git\usr\bin;C:\Program Files\MongoDB\Server\8.2\bin;C:\Program Files\Java\jdk-26.0.1\bin;C:\Users\PRASHANT\AppData\Local\Muse Hub\lib;C:\Users\PRASHANT\AppData\Local\Programs\Python\Python310\Scripts\;C:\Users\PRASHANT\AppData\Local\Programs\Python\Python310\;C:\Users\PRASHANT\AppData\Local\Microsoft\WindowsApps;C:\Users\PRASHANT\AppData\Roaming\npm;C:\Program Files\Java\jdk-25\bin;D:\MINGW\bin;C:\Users\PRASHANT\AppData\Local\Programs\Antigravity\bin;C:\Users\PRASHANT\AppData\Local\Programs\cursor\resources\app\bin;C:\Users\PRASHANT\AppData\Local\Programs\Microsoft VS Code\bin;C:\Program Files\mongosh\;C:\Users\PRASHANT\AppData\Local\Microsoft\WinGet\Packages\Gyan.FFmpeg_Microsoft.Winget.Source_8wekyb3d8bbwe\ffmpeg-8.1-full_build\bin;D:\DESKTOP\Windsurf\bin;D:\Kingsoft\WPS Office\12.1.0.27458\clitool;C:\Users\PRASHANT\AppData\Local\Programs\Antigravity IDE\bin;C:\Users\PRASHANT\AppData\Local\Muse Hub\lib
USERNAME=PRASHANT
OS=Windows_NT
PROCESSOR_IDENTIFIER=Intel64 Family 6 Model 154 Stepping 3, GenuineIntel
TMP=C:\Users\PRASHANT\AppData\Local\Temp
TEMP=C:\Users\PRASHANT\AppData\Local\Temp




Periodic native trim disabled

---------------  S Y S T E M  ---------------

OS:
 Windows 11 , 64 bit Build 26100 (10.0.26100.9549)
OS uptime: 3 days 7:58 hours
Hyper-V role detected

CPU: total 12 (initial active 12) (6 cores per cpu, 2 threads per core) family 6 model 154 stepping 3 microcode 0x437, cx8, cmov, fxsr, ht, mmx, 3dnowpref, sse, sse2, sse3, ssse3, sse4.1, sse4.2, popcnt, lzcnt, tsc, tscinvbit, avx, avx2, aes, erms, clmul, bmi1, bmi2, adx, sha, fma, vzeroupper, clflush, clflushopt, clwb, hv, serialize, rdtscp, rdpid, fsrm, f16c, cet_ibt, cet_ss
Processor Information for processor 0
  Max Mhz: 2000, Current Mhz: 2000, Mhz Limit: 2000
Processor Information for processor 1
  Max Mhz: 2000, Current Mhz: 2000, Mhz Limit: 2000
Processor Information for processor 2
  Max Mhz: 2000, Current Mhz: 2000, Mhz Limit: 2000
Processor Information for processor 3
  Max Mhz: 2000, Current Mhz: 2000, Mhz Limit: 2000
Processor Information for processor 4
  Max Mhz: 2000, Current Mhz: 2000, Mhz Limit: 2000
Processor Information for processor 5
  Max Mhz: 2000, Current Mhz: 2000, Mhz Limit: 2000
Processor Information for processor 6
  Max Mhz: 2000, Current Mhz: 2000, Mhz Limit: 2000
Processor Information for processor 7
  Max Mhz: 2000, Current Mhz: 2000, Mhz Limit: 2000
Processor Information for processor 8
  Max Mhz: 2000, Current Mhz: 1466, Mhz Limit: 2000
Processor Information for processor 9
  Max Mhz: 2000, Current Mhz: 1466, Mhz Limit: 2000
Processor Information for processor 10
  Max Mhz: 2000, Current Mhz: 1466, Mhz Limit: 2000
Processor Information for processor 11
  Max Mhz: 2000, Current Mhz: 1466, Mhz Limit: 2000

Memory: 4k page, system-wide physical 16024M (3642M free)
TotalPageFile size 20120M (AvailPageFile size 2763M)
current process WorkingSet (physical memory assigned to process): 300M, peak: 373M
current process commit charge ("private bytes"): 493M, peak: 4241M

vm_info: OpenJDK 64-Bit Server VM (21.0.12.1+1-LTS) for windows-amd64 JRE (21.0.12.1+1-LTS), built on 2026-08-18T00:00:00Z by "admin" with MS VC++ 17.12 (VS2022)

END.
