#
# There is insufficient memory for the Java Runtime Environment to continue.
# Native memory allocation (malloc) failed to allocate 1048576 bytes. Error detail: AllocateHeap
# Possible reasons:
#   The system is out of physical RAM or swap space
#   This process is running with CompressedOops enabled, and the Java Heap may be blocking the growth of the native heap
# Possible solutions:
#   Reduce memory load on the system
#   Increase physical memory or swap space
#   Check if swap backing store is full
#   Decrease Java heap size (-Xmx/-Xms)
#   Decrease number of Java threads
#   Decrease Java thread stack sizes (-Xss)
#   Set larger code cache with -XX:ReservedCodeCacheSize=
#   JVM is running with Zero Based Compressed Oops mode in which the Java heap is
#     placed in the first 32GB address space. The Java Heap base address is the
#     maximum limit for the native heap growth. Please use -XX:HeapBaseMinAddress
#     to set the Java Heap base and to place the Java Heap above 32GB virtual address.
# This output file may be truncated or incomplete.
#
#  Out of Memory Error (allocation.cpp:44), pid=17652, tid=10620
#
# JRE version: OpenJDK Runtime Environment Temurin-21.0.12.1+1 (21.0.12.1+1) (build 21.0.12.1+1-LTS)
# Java VM: OpenJDK 64-Bit Server VM Temurin-21.0.12.1+1 (21.0.12.1+1-LTS, mixed mode, tiered, compressed oops, compressed class ptrs, g1 gc, windows-amd64)
# No core dump will be written. Minidumps are not enabled by default on client versions of Windows
#

---------------  S U M M A R Y ------------

Command Line: --add-modules=ALL-SYSTEM --add-opens=java.base/java.util=ALL-UNNAMED --add-opens=java.base/java.lang=ALL-UNNAMED --add-opens=java.base/sun.nio.fs=ALL-UNNAMED -Declipse.application=org.eclipse.jdt.ls.core.id1 -Dosgi.bundles.defaultStartLevel=4 -Declipse.product=org.eclipse.jdt.ls.core.product -Djava.import.generatesMetadataFilesAtProjectRoot=false -Dm2e.project.cache.size=50 -DDetectVMInstallationsJob.disabled=true -Dfile.encoding=utf8 -Xlog:disable -Xshare:off -javaagent:c:\Users\PRASHANT\.vscode\extensions\redhat.java-1.56.0-win32-x64\lombok\lombok-1.18.39-4050.jar -XX:+HeapDumpOnOutOfMemoryError -XX:HeapDumpPath=c:\Users\PRASHANT\AppData\Roaming\Code\User\workspaceStorage\3ce9d61f8507f1e94ae1f52ef510885b\redhat.java -Daether.dependencyCollector.impl=bf c:\Users\PRASHANT\.vscode\extensions\redhat.java-1.56.0-win32-x64\server\plugins\org.eclipse.equinox.launcher_1.8.0.v20260804-1928.jar -configuration c:\Users\PRASHANT\AppData\Roaming\Code\User\globalStorage\redhat.java\1.56.0\config_win -data c:\Users\PRASHANT\AppData\Roaming\Code\User\workspaceStorage\3ce9d61f8507f1e94ae1f52ef510885b\redhat.java\jdt_ws --pipe=\\.\pipe\lsp-0293c2f9d445a492084a6b24b61e8f8b-sock

Host: 12th Gen Intel(R) Core(TM) i5-12450H, 12 cores, 15G,  Windows 11 , 64 bit Build 26100 (10.0.26100.9549)
Time: Wed Oct  7 11:42:59 2026 India Standard Time elapsed time: 4138.297341 seconds (0d 1h 8m 58s)

---------------  T H R E A D  ---------------

Current thread (0x00000125a0a16aa0):  JavaThread "Attach Listener" daemon [_thread_in_vm, id=10620, stack(0x00000007ad500000,0x00000007ad600000) (1024K)]

Stack: [0x00000007ad500000,0x00000007ad600000]
Native frames: (J=compiled Java code, j=interpreted, Vv=VM code, C=native code)
V  [jvm.dll+0x6d83e9]
V  [jvm.dll+0x8b5736]
V  [jvm.dll+0x8b7cee]
V  [jvm.dll+0x8b83d3]
V  [jvm.dll+0x284596]
V  [jvm.dll+0xc13c7]
V  [jvm.dll+0x6d8c99]
V  [jvm.dll+0x133616]
V  [jvm.dll+0x3f8aae]
V  [jvm.dll+0x8600cd]
V  [jvm.dll+0x6d6c1d]
C  [ucrtbase.dll+0x2cd30]
C  [KERNEL32.DLL+0x2cdf7]
C  [ntdll.dll+0x7ee4c]


---------------  P R O C E S S  ---------------

Threads class SMR info:
_java_thread_list=0x00000125aa487090, length=47, elements={
0x000001258420a580, 0x00000125a09f1970, 0x00000125a09f7770, 0x00000125a0a16040,
0x00000125a0a16aa0, 0x00000125a0a18810, 0x00000125a0a0d600, 0x00000125a0a059f0,
0x00000125a0a08a80, 0x00000125a0d2ad90, 0x00000125a5169980, 0x00000125a5cf8140,
0x00000125a5e9d410, 0x00000125a5c41f50, 0x00000125a5c7d9e0, 0x00000125a5a1eb70,
0x00000125a5872580, 0x00000125a63d3530, 0x00000125a53e7d80, 0x00000125a53e9e50,
0x00000125a53e76f0, 0x00000125a53ea4e0, 0x00000125a53e8410, 0x00000125a933cfa0,
0x00000125a933d630, 0x00000125a933aed0, 0x00000125a933e350, 0x00000125a933bbf0,
0x00000125a933dcc0, 0x00000125a933e9e0, 0x00000125a933b560, 0x00000125a933f070,
0x00000125a933f700, 0x00000125a933c280, 0x00000125a933c910, 0x00000125a9341140,
0x00000125aa4598f0, 0x00000125aa459260, 0x00000125a8504710, 0x00000125a7523c80,
0x00000125a7521bb0, 0x00000125a7522f60, 0x00000125a7520800, 0x00000125a75256c0,
0x00000125a7525d50, 0x00000125a75263e0, 0x00000125a75249a0
}

Java Threads: ( => current thread )
  0x000001258420a580 JavaThread "main"                              [_thread_blocked, id=12132, stack(0x00000007aca00000,0x00000007acb00000) (1024K)]
  0x00000125a09f1970 JavaThread "Reference Handler"          daemon [_thread_blocked, id=15824, stack(0x00000007ad200000,0x00000007ad300000) (1024K)]
  0x00000125a09f7770 JavaThread "Finalizer"                  daemon [_thread_blocked, id=26632, stack(0x00000007ad300000,0x00000007ad400000) (1024K)]
  0x00000125a0a16040 JavaThread "Signal Dispatcher"          daemon [_thread_blocked, id=27128, stack(0x00000007ad400000,0x00000007ad500000) (1024K)]
=>0x00000125a0a16aa0 JavaThread "Attach Listener"            daemon [_thread_in_vm, id=10620, stack(0x00000007ad500000,0x00000007ad600000) (1024K)]
  0x00000125a0a18810 JavaThread "Service Thread"             daemon [_thread_blocked, id=27228, stack(0x00000007ad600000,0x00000007ad700000) (1024K)]
  0x00000125a0a0d600 JavaThread "Monitor Deflation Thread"   daemon [_thread_blocked, id=22276, stack(0x00000007ad700000,0x00000007ad800000) (1024K)]
  0x00000125a0a059f0 JavaThread "C2 CompilerThread0"         daemon [_thread_blocked, id=24240, stack(0x00000007ad800000,0x00000007ad900000) (1024K)]
  0x00000125a0a08a80 JavaThread "C1 CompilerThread0"         daemon [_thread_blocked, id=15144, stack(0x00000007ad900000,0x00000007ada00000) (1024K)]
  0x00000125a0d2ad90 JavaThread "Common-Cleaner"             daemon [_thread_blocked, id=19872, stack(0x00000007ada00000,0x00000007adb00000) (1024K)]
  0x00000125a5169980 JavaThread "Notification Thread"        daemon [_thread_blocked, id=16456, stack(0x00000007adc00000,0x00000007add00000) (1024K)]
  0x00000125a5cf8140 JavaThread "Active Thread: Equinox Container: fa6f2f6c-341a-46b7-9984-35f2c7eb56e8"        [_thread_blocked, id=2848, stack(0x00000007ae400000,0x00000007ae500000) (1024K)]
  0x00000125a5e9d410 JavaThread "Refresh Thread: Equinox Container: fa6f2f6c-341a-46b7-9984-35f2c7eb56e8" daemon [_thread_blocked, id=33076, stack(0x00000007add00000,0x00000007ade00000) (1024K)]
  0x00000125a5c41f50 JavaThread "Framework Event Dispatcher: Equinox Container: fa6f2f6c-341a-46b7-9984-35f2c7eb56e8" daemon [_thread_blocked, id=4408, stack(0x00000007ae500000,0x00000007ae600000) (1024K)]
  0x00000125a5c7d9e0 JavaThread "Start Level: Equinox Container: fa6f2f6c-341a-46b7-9984-35f2c7eb56e8" daemon [_thread_blocked, id=15608, stack(0x00000007ae600000,0x00000007ae700000) (1024K)]
  0x00000125a5a1eb70 JavaThread "Bundle File Closer"         daemon [_thread_blocked, id=4180, stack(0x00000007adb00000,0x00000007adc00000) (1024K)]
  0x00000125a5872580 JavaThread "SCR Component Actor"        daemon [_thread_blocked, id=16008, stack(0x00000007ae900000,0x00000007aea00000) (1024K)]
  0x00000125a63d3530 JavaThread "Worker-JM"                         [_thread_blocked, id=2088, stack(0x00000007aef00000,0x00000007af000000) (1024K)]
  0x00000125a53e7d80 JavaThread "JNA Cleaner"                daemon [_thread_blocked, id=18236, stack(0x00000007af000000,0x00000007af100000) (1024K)]
  0x00000125a53e9e50 JavaThread "Java indexing"              daemon [_thread_blocked, id=13932, stack(0x00000007af300000,0x00000007af400000) (1024K)]
  0x00000125a53e76f0 JavaThread "Thread-1"                   daemon [_thread_in_native, id=24908, stack(0x00000007af800000,0x00000007af900000) (1024K)]
  0x00000125a53ea4e0 JavaThread "Thread-2"                   daemon [_thread_in_native, id=29848, stack(0x00000007af900000,0x00000007afa00000) (1024K)]
  0x00000125a53e8410 JavaThread "Thread-3"                   daemon [_thread_in_native, id=10904, stack(0x00000007afa00000,0x00000007afb00000) (1024K)]
  0x00000125a933cfa0 JavaThread "Thread-4"                   daemon [_thread_in_native, id=4932, stack(0x00000007afb00000,0x00000007afc00000) (1024K)]
  0x00000125a933d630 JavaThread "Thread-5"                   daemon [_thread_in_native, id=29840, stack(0x00000007afc00000,0x00000007afd00000) (1024K)]
  0x00000125a933aed0 JavaThread "Thread-6"                   daemon [_thread_in_native, id=5464, stack(0x00000007afd00000,0x00000007afe00000) (1024K)]
  0x00000125a933e350 JavaThread "Thread-7"                   daemon [_thread_in_native, id=10488, stack(0x00000007afe00000,0x00000007aff00000) (1024K)]
  0x00000125a933bbf0 JavaThread "Thread-8"                   daemon [_thread_in_native, id=23428, stack(0x00000007aff00000,0x00000007b0000000) (1024K)]
  0x00000125a933dcc0 JavaThread "Thread-9"                   daemon [_thread_in_native, id=11756, stack(0x00000007b0000000,0x00000007b0100000) (1024K)]
  0x00000125a933e9e0 JavaThread "Thread-10"                  daemon [_thread_in_native, id=33128, stack(0x00000007b0100000,0x00000007b0200000) (1024K)]
  0x00000125a933b560 JavaThread "Thread-11"                  daemon [_thread_in_native, id=2976, stack(0x00000007b0200000,0x00000007b0300000) (1024K)]
  0x00000125a933f070 JavaThread "Thread-12"                  daemon [_thread_in_native, id=13652, stack(0x00000007b0300000,0x00000007b0400000) (1024K)]
  0x00000125a933f700 JavaThread "Thread-13"                  daemon [_thread_in_native, id=32844, stack(0x00000007b0400000,0x00000007b0500000) (1024K)]
  0x00000125a933c280 JavaThread "pool-2-thread-1"                   [_thread_blocked, id=9828, stack(0x00000007b0500000,0x00000007b0600000) (1024K)]
  0x00000125a933c910 JavaThread "WorkspaceEventsHandler"            [_thread_blocked, id=19972, stack(0x00000007b0700000,0x00000007b0800000) (1024K)]
  0x00000125a9341140 JavaThread "pool-1-thread-1"                   [_thread_blocked, id=19880, stack(0x00000007b0800000,0x00000007b0900000) (1024K)]
  0x00000125aa4598f0 JavaThread "Cleaner-0"                  daemon [_thread_blocked, id=28832, stack(0x00000007b1600000,0x00000007b1700000) (1024K)]
  0x00000125aa459260 JavaThread "Worker-8"                          [_thread_blocked, id=15276, stack(0x00000007aea00000,0x00000007aeb00000) (1024K)]
  0x00000125a8504710 JavaThread "Worker-10"                         [_thread_blocked, id=31808, stack(0x00000007af200000,0x00000007af300000) (1024K)]
  0x00000125a7523c80 JavaThread "ForkJoinPool.commonPool-worker-14" daemon [_thread_blocked, id=26824, stack(0x00000007ac800000,0x00000007ac900000) (1024K)]
  0x00000125a7521bb0 JavaThread "ForkJoinPool.commonPool-worker-15" daemon [_thread_blocked, id=2188, stack(0x00000007ac700000,0x00000007ac800000) (1024K)]
  0x00000125a7522f60 JavaThread "Worker-11"                         [_thread_blocked, id=22572, stack(0x00000007ac900000,0x00000007aca00000) (1024K)]
  0x00000125a7520800 JavaThread "ForkJoinPool.commonPool-worker-16" daemon [_thread_blocked, id=27236, stack(0x00000007aeb00000,0x00000007aec00000) (1024K)]
  0x00000125a75256c0 JavaThread "ForkJoinPool.commonPool-worker-17" daemon [_thread_blocked, id=5240, stack(0x00000007af100000,0x00000007af200000) (1024K)]
  0x00000125a7525d50 JavaThread "Compiler Source File Reader" daemon [_thread_blocked, id=28380, stack(0x00000007af400000,0x00000007af500000) (1024K)]
  0x00000125a75263e0 JavaThread "Compiler Processing Task"   daemon [_thread_blocked, id=23656, stack(0x00000007af500000,0x00000007af600000) (1024K)]
  0x00000125a75249a0 JavaThread "Compiler Source File Reader" daemon [_thread_blocked, id=19048, stack(0x00000007af600000,0x00000007af700000) (1024K)]
Total: 47

Other Threads:
  0x00000125a099d870 VMThread "VM Thread"                           [id=16964, stack(0x00000007ad100000,0x00000007ad200000) (1024K)]
  0x00000125a0908ab0 WatcherThread "VM Periodic Task Thread"        [id=16516, stack(0x00000007ad000000,0x00000007ad100000) (1024K)]
  0x0000012586794a30 WorkerThread "GC Thread#0"                     [id=22204, stack(0x00000007acb00000,0x00000007acc00000) (1024K)]
  0x00000125a5291790 WorkerThread "GC Thread#1"                     [id=17436, stack(0x00000007ade00000,0x00000007adf00000) (1024K)]
  0x00000125a5c8e020 WorkerThread "GC Thread#2"                     [id=27468, stack(0x00000007adf00000,0x00000007ae000000) (1024K)]
  0x00000125a5c8e3d0 WorkerThread "GC Thread#3"                     [id=15720, stack(0x00000007ae000000,0x00000007ae100000) (1024K)]
  0x00000125a5c8e780 WorkerThread "GC Thread#4"                     [id=6052, stack(0x00000007ae100000,0x00000007ae200000) (1024K)]
  0x00000125a573ebc0 WorkerThread "GC Thread#5"                     [id=17648, stack(0x00000007ae200000,0x00000007ae300000) (1024K)]
  0x00000125a573ef70 WorkerThread "GC Thread#6"                     [id=23360, stack(0x00000007ae300000,0x00000007ae400000) (1024K)]
  0x00000125a573e810 WorkerThread "GC Thread#7"                     [id=29560, stack(0x00000007ae700000,0x00000007ae800000) (1024K)]
  0x00000125a573d950 WorkerThread "GC Thread#8"                     [id=14252, stack(0x00000007ae800000,0x00000007ae900000) (1024K)]
  0x00000125a573dd00 WorkerThread "GC Thread#9"                     [id=18408, stack(0x00000007aec00000,0x00000007aed00000) (1024K)]
  0x00000125842cde50 ConcurrentGCThread "G1 Main Marker"            [id=16936, stack(0x00000007acc00000,0x00000007acd00000) (1024K)]
  0x00000125842ce870 WorkerThread "G1 Conc#0"                       [id=13008, stack(0x00000007acd00000,0x00000007ace00000) (1024K)]
  0x00000125a573e0b0 WorkerThread "G1 Conc#1"                       [id=5092, stack(0x00000007aed00000,0x00000007aee00000) (1024K)]
  0x00000125a60a5150 WorkerThread "G1 Conc#2"                       [id=29412, stack(0x00000007aee00000,0x00000007aef00000) (1024K)]
  0x00000125a07d6ed0 ConcurrentGCThread "G1 Refine#0"               [id=19576, stack(0x00000007ace00000,0x00000007acf00000) (1024K)]
  0x00000125a07d8710 ConcurrentGCThread "G1 Service"                [id=10884, stack(0x00000007acf00000,0x00000007ad000000) (1024K)]
Total: 18

Threads with active compile tasks:
Total: 0

VM state: not at safepoint (normal execution)

VM Mutex/Monitor currently owned by a thread: None

Heap address: 0x00000004ae400000, size: 4008 MB, Compressed Oops mode: Zero based, Oop shift amount: 3

CDS archive(s) not mapped
Compressed class space mapped at: 0x00000005a9000000-0x00000005e9000000, reserved size: 1073741824
Narrow klass base: 0x0000000000000000, Narrow klass shift: 3, Narrow klass range: 0x5e9000000

GC Precious Log:
 CardTable entry size: 512
 Card Set container configuration: InlinePtr #cards 4 size 8 Array Of Cards #cards 16 size 48 Howl #buckets 8 coarsen threshold 3686 Howl Bitmap #cards 512 size 80 coarsen threshold 460 Card regions per heap region 1 cards per card region 4096
 CPUs: 12 total, 12 available
 Memory: 16024M
 Large Page Support: Disabled
 NUMA Support: Disabled
 Compressed Oops: Enabled (Zero based)
 Heap Region Size: 2M
 Heap Min Capacity: 8M
 Heap Initial Capacity: 252M
 Heap Max Capacity: 4008M
 Pre-touch: Disabled
 Parallel Workers: 10
 Concurrent Workers: 3
 Concurrent Refinement Workers: 10
 Periodic GC: Disabled

Heap:
 garbage-first heap   total 231424K, used 177830K [0x00000004ae400000, 0x00000005a8c00000)
  region size 2048K, 53 young (108544K), 2 survivors (4096K)
 Metaspace       used 98749K, committed 100480K, reserved 1179648K
  class space    used 9896K, committed 10688K, reserved 1048576K

Heap Regions: E=young(eden), S=young(survivor), O=old, HS=humongous(starts), HC=humongous(continues), CS=collection set, F=free, TAMS=top-at-mark-start, PB=parsable bottom
|   0|0x00000004ae400000, 0x00000004ae600000, 0x00000004ae600000|100%| O|  |TAMS 0x00000004ae400000| PB 0x00000004ae400000| Untracked 
|   1|0x00000004ae600000, 0x00000004ae800000, 0x00000004ae800000|100%| O|  |TAMS 0x00000004ae600000| PB 0x00000004ae600000| Untracked 
|   2|0x00000004ae800000, 0x00000004aea00000, 0x00000004aea00000|100%| O|  |TAMS 0x00000004ae800000| PB 0x00000004ae800000| Untracked 
|   3|0x00000004aea00000, 0x00000004aec00000, 0x00000004aec00000|100%| O|  |TAMS 0x00000004aea00000| PB 0x00000004aea00000| Untracked 
|   4|0x00000004aec00000, 0x00000004aee00000, 0x00000004aee00000|100%| O|  |TAMS 0x00000004aec00000| PB 0x00000004aec00000| Untracked 
|   5|0x00000004aee00000, 0x00000004af000000, 0x00000004af000000|100%| O|  |TAMS 0x00000004aee00000| PB 0x00000004aee00000| Untracked 
|   6|0x00000004af000000, 0x00000004af200000, 0x00000004af200000|100%| O|  |TAMS 0x00000004af000000| PB 0x00000004af000000| Untracked 
|   7|0x00000004af200000, 0x00000004af400000, 0x00000004af400000|100%| O|  |TAMS 0x00000004af200000| PB 0x00000004af200000| Untracked 
|   8|0x00000004af400000, 0x00000004af600000, 0x00000004af600000|100%| O|  |TAMS 0x00000004af400000| PB 0x00000004af400000| Untracked 
|   9|0x00000004af600000, 0x00000004af800000, 0x00000004af800000|100%| O|  |TAMS 0x00000004af600000| PB 0x00000004af600000| Untracked 
|  10|0x00000004af800000, 0x00000004afa00000, 0x00000004afa00000|100%| O|  |TAMS 0x00000004af800000| PB 0x00000004af800000| Untracked 
|  11|0x00000004afa00000, 0x00000004afc00000, 0x00000004afc00000|100%| O|  |TAMS 0x00000004afa00000| PB 0x00000004afa00000| Untracked 
|  12|0x00000004afc00000, 0x00000004afe00000, 0x00000004afe00000|100%| O|  |TAMS 0x00000004afc00000| PB 0x00000004afc00000| Untracked 
|  13|0x00000004afe00000, 0x00000004b0000000, 0x00000004b0000000|100%| O|  |TAMS 0x00000004afe00000| PB 0x00000004afe00000| Untracked 
|  14|0x00000004b0000000, 0x00000004b0200000, 0x00000004b0200000|100%| O|  |TAMS 0x00000004b0000000| PB 0x00000004b0000000| Untracked 
|  15|0x00000004b0200000, 0x00000004b0400000, 0x00000004b0400000|100%| O|  |TAMS 0x00000004b0200000| PB 0x00000004b0200000| Untracked 
|  16|0x00000004b0400000, 0x00000004b0600000, 0x00000004b0600000|100%| O|  |TAMS 0x00000004b0400000| PB 0x00000004b0400000| Untracked 
|  17|0x00000004b0600000, 0x00000004b0800000, 0x00000004b0800000|100%| O|  |TAMS 0x00000004b0600000| PB 0x00000004b0600000| Untracked 
|  18|0x00000004b0800000, 0x00000004b0a00000, 0x00000004b0a00000|100%| O|  |TAMS 0x00000004b0800000| PB 0x00000004b0800000| Untracked 
|  19|0x00000004b0a00000, 0x00000004b0c00000, 0x00000004b0c00000|100%| O|  |TAMS 0x00000004b0a00000| PB 0x00000004b0a00000| Untracked 
|  20|0x00000004b0c00000, 0x00000004b0e00000, 0x00000004b0e00000|100%| O|  |TAMS 0x00000004b0c00000| PB 0x00000004b0c00000| Untracked 
|  21|0x00000004b0e00000, 0x00000004b0e00000, 0x00000004b1000000|  0%| F|  |TAMS 0x00000004b0e00000| PB 0x00000004b0e00000| Untracked 
|  22|0x00000004b1000000, 0x00000004b1020a30, 0x00000004b1200000|  6%| O|  |TAMS 0x00000004b1000000| PB 0x00000004b1000000| Untracked 
|  23|0x00000004b1200000, 0x00000004b1400000, 0x00000004b1400000|100%| O|  |TAMS 0x00000004b1200000| PB 0x00000004b1200000| Untracked 
|  24|0x00000004b1400000, 0x00000004b1400000, 0x00000004b1600000|  0%| F|  |TAMS 0x00000004b1400000| PB 0x00000004b1400000| Untracked 
|  25|0x00000004b1600000, 0x00000004b1800000, 0x00000004b1800000|100%| O|  |TAMS 0x00000004b1600000| PB 0x00000004b1600000| Untracked 
|  26|0x00000004b1800000, 0x00000004b1a00000, 0x00000004b1a00000|100%| O|  |TAMS 0x00000004b1800000| PB 0x00000004b1800000| Untracked 
|  27|0x00000004b1a00000, 0x00000004b1c00000, 0x00000004b1c00000|100%| O|  |TAMS 0x00000004b1a00000| PB 0x00000004b1a00000| Untracked 
|  28|0x00000004b1c00000, 0x00000004b1e00000, 0x00000004b1e00000|100%| O|  |TAMS 0x00000004b1c00000| PB 0x00000004b1c00000| Untracked 
|  29|0x00000004b1e00000, 0x00000004b2000000, 0x00000004b2000000|100%| O|  |TAMS 0x00000004b1e00000| PB 0x00000004b1e00000| Untracked 
|  30|0x00000004b2000000, 0x00000004b2200000, 0x00000004b2200000|100%| O|  |TAMS 0x00000004b2000000| PB 0x00000004b2000000| Untracked 
|  31|0x00000004b2200000, 0x00000004b2400000, 0x00000004b2400000|100%| O|  |TAMS 0x00000004b2200000| PB 0x00000004b2200000| Untracked 
|  32|0x00000004b2400000, 0x00000004b2600000, 0x00000004b2600000|100%| O|  |TAMS 0x00000004b2400000| PB 0x00000004b2400000| Untracked 
|  33|0x00000004b2600000, 0x00000004b2800000, 0x00000004b2800000|100%| O|  |TAMS 0x00000004b2600000| PB 0x00000004b2600000| Untracked 
|  34|0x00000004b2800000, 0x00000004b2a00000, 0x00000004b2a00000|100%| O|  |TAMS 0x00000004b2800000| PB 0x00000004b2800000| Untracked 
|  35|0x00000004b2a00000, 0x00000004b2a00000, 0x00000004b2c00000|  0%| F|  |TAMS 0x00000004b2a00000| PB 0x00000004b2a00000| Untracked 
|  36|0x00000004b2c00000, 0x00000004b2e00000, 0x00000004b2e00000|100%| O|  |TAMS 0x00000004b2c00000| PB 0x00000004b2c00000| Untracked 
|  37|0x00000004b2e00000, 0x00000004b2e00000, 0x00000004b3000000|  0%| F|  |TAMS 0x00000004b2e00000| PB 0x00000004b2e00000| Untracked 
|  38|0x00000004b3000000, 0x00000004b3200000, 0x00000004b3200000|100%| O|  |TAMS 0x00000004b3000000| PB 0x00000004b3000000| Untracked 
|  39|0x00000004b3200000, 0x00000004b3200000, 0x00000004b3400000|  0%| F|  |TAMS 0x00000004b3200000| PB 0x00000004b3200000| Untracked 
|  40|0x00000004b3400000, 0x00000004b3400000, 0x00000004b3600000|  0%| F|  |TAMS 0x00000004b3400000| PB 0x00000004b3400000| Untracked 
|  41|0x00000004b3600000, 0x00000004b3600000, 0x00000004b3800000|  0%| F|  |TAMS 0x00000004b3600000| PB 0x00000004b3600000| Untracked 
|  42|0x00000004b3800000, 0x00000004b3988f70, 0x00000004b3a00000| 76%| S|CS|TAMS 0x00000004b3800000| PB 0x00000004b3800000| Complete 
|  43|0x00000004b3a00000, 0x00000004b3c00000, 0x00000004b3c00000|100%| S|CS|TAMS 0x00000004b3a00000| PB 0x00000004b3a00000| Complete 
|  44|0x00000004b3c00000, 0x00000004b3c00000, 0x00000004b3e00000|  0%| F|  |TAMS 0x00000004b3c00000| PB 0x00000004b3c00000| Untracked 
|  45|0x00000004b3e00000, 0x00000004b3e00000, 0x00000004b4000000|  0%| F|  |TAMS 0x00000004b3e00000| PB 0x00000004b3e00000| Untracked 
|  46|0x00000004b4000000, 0x00000004b4000000, 0x00000004b4200000|  0%| F|  |TAMS 0x00000004b4000000| PB 0x00000004b4000000| Untracked 
|  47|0x00000004b4200000, 0x00000004b4200000, 0x00000004b4400000|  0%| F|  |TAMS 0x00000004b4200000| PB 0x00000004b4200000| Untracked 
|  48|0x00000004b4400000, 0x00000004b4400000, 0x00000004b4600000|  0%| F|  |TAMS 0x00000004b4400000| PB 0x00000004b4400000| Untracked 
|  49|0x00000004b4600000, 0x00000004b4600000, 0x00000004b4800000|  0%| F|  |TAMS 0x00000004b4600000| PB 0x00000004b4600000| Untracked 
|  50|0x00000004b4800000, 0x00000004b4800000, 0x00000004b4a00000|  0%| F|  |TAMS 0x00000004b4800000| PB 0x00000004b4800000| Untracked 
|  51|0x00000004b4a00000, 0x00000004b4a00000, 0x00000004b4c00000|  0%| F|  |TAMS 0x00000004b4a00000| PB 0x00000004b4a00000| Untracked 
|  52|0x00000004b4c00000, 0x00000004b4c00000, 0x00000004b4e00000|  0%| F|  |TAMS 0x00000004b4c00000| PB 0x00000004b4c00000| Untracked 
|  53|0x00000004b4e00000, 0x00000004b4e00000, 0x00000004b5000000|  0%| F|  |TAMS 0x00000004b4e00000| PB 0x00000004b4e00000| Untracked 
|  54|0x00000004b5000000, 0x00000004b5000000, 0x00000004b5200000|  0%| F|  |TAMS 0x00000004b5000000| PB 0x00000004b5000000| Untracked 
|  55|0x00000004b5200000, 0x00000004b5200000, 0x00000004b5400000|  0%| F|  |TAMS 0x00000004b5200000| PB 0x00000004b5200000| Untracked 
|  56|0x00000004b5400000, 0x00000004b5400000, 0x00000004b5600000|  0%| F|  |TAMS 0x00000004b5400000| PB 0x00000004b5400000| Untracked 
|  57|0x00000004b5600000, 0x00000004b5600000, 0x00000004b5800000|  0%| F|  |TAMS 0x00000004b5600000| PB 0x00000004b5600000| Untracked 
|  58|0x00000004b5800000, 0x00000004b5800000, 0x00000004b5a00000|  0%| F|  |TAMS 0x00000004b5800000| PB 0x00000004b5800000| Untracked 
|  59|0x00000004b5a00000, 0x00000004b5a00000, 0x00000004b5c00000|  0%| F|  |TAMS 0x00000004b5a00000| PB 0x00000004b5a00000| Untracked 
|  60|0x00000004b5c00000, 0x00000004b5cdf9d8, 0x00000004b5e00000| 43%| E|  |TAMS 0x00000004b5c00000| PB 0x00000004b5c00000| Complete 
|  61|0x00000004b5e00000, 0x00000004b6000000, 0x00000004b6000000|100%| E|CS|TAMS 0x00000004b5e00000| PB 0x00000004b5e00000| Complete 
|  62|0x00000004b6000000, 0x00000004b6200000, 0x00000004b6200000|100%| E|CS|TAMS 0x00000004b6000000| PB 0x00000004b6000000| Complete 
|  63|0x00000004b6200000, 0x00000004b6400000, 0x00000004b6400000|100%| E|CS|TAMS 0x00000004b6200000| PB 0x00000004b6200000| Complete 
|  64|0x00000004b6400000, 0x00000004b6600000, 0x00000004b6600000|100%| E|CS|TAMS 0x00000004b6400000| PB 0x00000004b6400000| Complete 
|  65|0x00000004b6600000, 0x00000004b6800000, 0x00000004b6800000|100%| E|  |TAMS 0x00000004b6600000| PB 0x00000004b6600000| Complete 
|  66|0x00000004b6800000, 0x00000004b6a00000, 0x00000004b6a00000|100%| E|CS|TAMS 0x00000004b6800000| PB 0x00000004b6800000| Complete 
|  67|0x00000004b6a00000, 0x00000004b6c00000, 0x00000004b6c00000|100%| E|CS|TAMS 0x00000004b6a00000| PB 0x00000004b6a00000| Complete 
|  68|0x00000004b6c00000, 0x00000004b6e00000, 0x00000004b6e00000|100%| E|CS|TAMS 0x00000004b6c00000| PB 0x00000004b6c00000| Complete 
|  69|0x00000004b6e00000, 0x00000004b7000000, 0x00000004b7000000|100%| E|CS|TAMS 0x00000004b6e00000| PB 0x00000004b6e00000| Complete 
|  70|0x00000004b7000000, 0x00000004b7200000, 0x00000004b7200000|100%| E|CS|TAMS 0x00000004b7000000| PB 0x00000004b7000000| Complete 
|  71|0x00000004b7200000, 0x00000004b7400000, 0x00000004b7400000|100%| E|CS|TAMS 0x00000004b7200000| PB 0x00000004b7200000| Complete 
|  72|0x00000004b7400000, 0x00000004b7600000, 0x00000004b7600000|100%| E|CS|TAMS 0x00000004b7400000| PB 0x00000004b7400000| Complete 
|  73|0x00000004b7600000, 0x00000004b7800000, 0x00000004b7800000|100%| E|CS|TAMS 0x00000004b7600000| PB 0x00000004b7600000| Complete 
|  74|0x00000004b7800000, 0x00000004b7a00000, 0x00000004b7a00000|100%| E|CS|TAMS 0x00000004b7800000| PB 0x00000004b7800000| Complete 
|  75|0x00000004b7a00000, 0x00000004b7c00000, 0x00000004b7c00000|100%| E|CS|TAMS 0x00000004b7a00000| PB 0x00000004b7a00000| Complete 
|  76|0x00000004b7c00000, 0x00000004b7e00000, 0x00000004b7e00000|100%| E|CS|TAMS 0x00000004b7c00000| PB 0x00000004b7c00000| Complete 
|  77|0x00000004b7e00000, 0x00000004b8000000, 0x00000004b8000000|100%| E|CS|TAMS 0x00000004b7e00000| PB 0x00000004b7e00000| Complete 
|  78|0x00000004b8000000, 0x00000004b8200000, 0x00000004b8200000|100%| E|CS|TAMS 0x00000004b8000000| PB 0x00000004b8000000| Complete 
|  79|0x00000004b8200000, 0x00000004b8400000, 0x00000004b8400000|100%| E|CS|TAMS 0x00000004b8200000| PB 0x00000004b8200000| Complete 
|  80|0x00000004b8400000, 0x00000004b8600000, 0x00000004b8600000|100%| E|CS|TAMS 0x00000004b8400000| PB 0x00000004b8400000| Complete 
|  81|0x00000004b8600000, 0x00000004b8800000, 0x00000004b8800000|100%| E|CS|TAMS 0x00000004b8600000| PB 0x00000004b8600000| Complete 
|  82|0x00000004b8800000, 0x00000004b8a00000, 0x00000004b8a00000|100%| E|CS|TAMS 0x00000004b8800000| PB 0x00000004b8800000| Complete 
|  83|0x00000004b8a00000, 0x00000004b8c00000, 0x00000004b8c00000|100%| E|CS|TAMS 0x00000004b8a00000| PB 0x00000004b8a00000| Complete 
|  84|0x00000004b8c00000, 0x00000004b8e00000, 0x00000004b8e00000|100%| E|CS|TAMS 0x00000004b8c00000| PB 0x00000004b8c00000| Complete 
|  85|0x00000004b8e00000, 0x00000004b9000000, 0x00000004b9000000|100%| E|CS|TAMS 0x00000004b8e00000| PB 0x00000004b8e00000| Complete 
|  86|0x00000004b9000000, 0x00000004b9200000, 0x00000004b9200000|100%| E|CS|TAMS 0x00000004b9000000| PB 0x00000004b9000000| Complete 
|  87|0x00000004b9200000, 0x00000004b9400000, 0x00000004b9400000|100%| E|CS|TAMS 0x00000004b9200000| PB 0x00000004b9200000| Complete 
|  88|0x00000004b9400000, 0x00000004b9600000, 0x00000004b9600000|100%| E|CS|TAMS 0x00000004b9400000| PB 0x00000004b9400000| Complete 
|  89|0x00000004b9600000, 0x00000004b9800000, 0x00000004b9800000|100%| E|CS|TAMS 0x00000004b9600000| PB 0x00000004b9600000| Complete 
|  90|0x00000004b9800000, 0x00000004b9a00000, 0x00000004b9a00000|100%| E|CS|TAMS 0x00000004b9800000| PB 0x00000004b9800000| Complete 
|  91|0x00000004b9a00000, 0x00000004b9c00000, 0x00000004b9c00000|100%| E|CS|TAMS 0x00000004b9a00000| PB 0x00000004b9a00000| Complete 
|  92|0x00000004b9c00000, 0x00000004b9e00000, 0x00000004b9e00000|100%| E|CS|TAMS 0x00000004b9c00000| PB 0x00000004b9c00000| Complete 
|  93|0x00000004b9e00000, 0x00000004ba000000, 0x00000004ba000000|100%| E|CS|TAMS 0x00000004b9e00000| PB 0x00000004b9e00000| Complete 
|  94|0x00000004ba000000, 0x00000004ba200000, 0x00000004ba200000|100%| E|CS|TAMS 0x00000004ba000000| PB 0x00000004ba000000| Complete 
|  95|0x00000004ba200000, 0x00000004ba400000, 0x00000004ba400000|100%| E|CS|TAMS 0x00000004ba200000| PB 0x00000004ba200000| Complete 
|  96|0x00000004ba400000, 0x00000004ba600000, 0x00000004ba600000|100%| E|CS|TAMS 0x00000004ba400000| PB 0x00000004ba400000| Complete 
|  97|0x00000004ba600000, 0x00000004ba800000, 0x00000004ba800000|100%| E|CS|TAMS 0x00000004ba600000| PB 0x00000004ba600000| Complete 
|  98|0x00000004ba800000, 0x00000004baa00000, 0x00000004baa00000|100%| E|CS|TAMS 0x00000004ba800000| PB 0x00000004ba800000| Complete 
|  99|0x00000004baa00000, 0x00000004bac00000, 0x00000004bac00000|100%| E|CS|TAMS 0x00000004baa00000| PB 0x00000004baa00000| Complete 
| 100|0x00000004bac00000, 0x00000004bae00000, 0x00000004bae00000|100%| E|CS|TAMS 0x00000004bac00000| PB 0x00000004bac00000| Complete 
| 101|0x00000004bae00000, 0x00000004bb000000, 0x00000004bb000000|100%| E|CS|TAMS 0x00000004bae00000| PB 0x00000004bae00000| Complete 
| 102|0x00000004bb000000, 0x00000004bb200000, 0x00000004bb200000|100%| E|CS|TAMS 0x00000004bb000000| PB 0x00000004bb000000| Complete 
| 103|0x00000004bb200000, 0x00000004bb400000, 0x00000004bb400000|100%| E|CS|TAMS 0x00000004bb200000| PB 0x00000004bb200000| Complete 
| 104|0x00000004bb400000, 0x00000004bb600000, 0x00000004bb600000|100%| E|CS|TAMS 0x00000004bb400000| PB 0x00000004bb400000| Complete 
| 105|0x00000004bb600000, 0x00000004bb800000, 0x00000004bb800000|100%| E|CS|TAMS 0x00000004bb600000| PB 0x00000004bb600000| Complete 
| 106|0x00000004bb800000, 0x00000004bba00000, 0x00000004bba00000|100%| E|CS|TAMS 0x00000004bb800000| PB 0x00000004bb800000| Complete 
| 107|0x00000004bba00000, 0x00000004bbc00000, 0x00000004bbc00000|100%| E|CS|TAMS 0x00000004bba00000| PB 0x00000004bba00000| Complete 
| 108|0x00000004bbc00000, 0x00000004bbe00000, 0x00000004bbe00000|100%| E|CS|TAMS 0x00000004bbc00000| PB 0x00000004bbc00000| Complete 
| 109|0x00000004bbe00000, 0x00000004bc000000, 0x00000004bc000000|100%| E|CS|TAMS 0x00000004bbe00000| PB 0x00000004bbe00000| Complete 
| 125|0x00000004bde00000, 0x00000004be000000, 0x00000004be000000|100%| E|CS|TAMS 0x00000004bde00000| PB 0x00000004bde00000| Complete 
|2002|0x00000005a8800000, 0x00000005a8a00000, 0x00000005a8a00000|100%| O|  |TAMS 0x00000005a8800000| PB 0x00000005a8800000| Untracked 
|2003|0x00000005a8a00000, 0x00000005a8c00000, 0x00000005a8c00000|100%| O|  |TAMS 0x00000005a8a00000| PB 0x00000005a8a00000| Untracked 

Card table byte_map: [0x0000012599650000,0x0000012599e30000] _byte_map_base: 0x00000125970de000

Marking Bits: (CMBitMap*) 0x0000012586795050
 Bits: [0x0000012599e30000, 0x000001259dcd0000)

Polling page: 0x0000012584730000

Metaspace:

Usage:
  Non-class:     86.77 MB used.
      Class:      9.66 MB used.
       Both:     96.43 MB used.

Virtual space:
  Non-class space:      128.00 MB reserved,      87.69 MB ( 69%) committed,  2 nodes.
      Class space:        1.00 GB reserved,      10.44 MB (  1%) committed,  1 nodes.
             Both:        1.12 GB reserved,      98.12 MB (  9%) committed. 

Chunk freelists:
   Non-Class:  7.67 MB
       Class:  5.58 MB
        Both:  13.25 MB

MaxMetaspaceSize: unlimited
CompressedClassSpaceSize: 1.00 GB
Initial GC threshold: 21.00 MB
Current GC threshold: 163.12 MB
CDS: off
 - commit_granule_bytes: 65536.
 - commit_granule_words: 8192.
 - virtual_space_node_default_size: 8388608.
 - enlarge_chunks_in_place: 1.
 - use_allocation_guard: 0.


Internal statistics:

num_allocs_failed_limit: 9.
num_arena_births: 1576.
num_arena_deaths: 14.
num_vsnodes_births: 3.
num_vsnodes_deaths: 0.
num_space_committed: 1570.
num_space_uncommitted: 0.
num_chunks_returned_to_freelist: 23.
num_chunks_taken_from_freelist: 5977.
num_chunk_merges: 15.
num_chunk_splits: 3591.
num_chunks_enlarged: 1927.
num_inconsistent_stats: 0.

CodeHeap 'non-profiled nmethods': size=120000Kb used=15411Kb max_used=15411Kb free=104588Kb
 bounds [0x00000125913f0000, 0x0000012592300000, 0x0000012598920000]
CodeHeap 'profiled nmethods': size=120000Kb used=28536Kb max_used=28536Kb free=91463Kb
 bounds [0x0000012589920000, 0x000001258b510000, 0x0000012590e50000]
CodeHeap 'non-nmethods': size=5760Kb used=1708Kb max_used=1780Kb free=4051Kb
 bounds [0x0000012590e50000, 0x00000125910c0000, 0x00000125913f0000]
CodeCache: size=245760Kb, used=45655Kb, max_used=45727Kb, free=200102Kb
 total_blobs=12562, nmethods=11723, adapters=737, full_count=0
Compilation: enabled, stopped_count=0, restarted_count=0

Compilation events (20 events):
Event: 4129.959 Thread 0x00000125a0a059f0 22388       4       org.eclipse.jdt.ls.core.internal.handlers.WorkspaceExecuteCommandHandler$$Lambda/0x00000005a97cb250::test (12 bytes)
Event: 4129.966 Thread 0x00000125a0a059f0 nmethod 22388 0x00000125922fb010 code [0x00000125922fb2a0, 0x00000125922fbde0]
Event: 4129.978 Thread 0x00000125a0a08a80 22389   !   3       org.eclipse.core.internal.jobs.JobManager::sleepHint (67 bytes)
Event: 4129.979 Thread 0x00000125a0a08a80 nmethod 22389 0x000001258b4f9f90 code [0x000001258b4fa200, 0x000001258b4fad18]
Event: 4130.033 Thread 0x00000125a0a08a80 22390       3       org.eclipse.core.internal.jobs.JobManager::startJob (89 bytes)
Event: 4130.034 Thread 0x00000125a0a08a80 nmethod 22390 0x000001258b4fb210 code [0x000001258b4fb4a0, 0x000001258b4fbfe0]
Event: 4130.067 Thread 0x00000125a0a08a80 22391       3       org.eclipse.core.runtime.Path::append (147 bytes)
Event: 4130.067 Thread 0x00000125a0a08a80 nmethod 22391 0x000001258b4fc410 code [0x000001258b4fc6e0, 0x000001258b4fd2f0]
Event: 4130.068 Thread 0x00000125a0a08a80 22392       1       org.eclipse.m2e.core.internal.MavenPluginActivator::getBundleContext (5 bytes)
Event: 4130.068 Thread 0x00000125a0a08a80 nmethod 22392 0x00000125922fc410 code [0x00000125922fc5a0, 0x00000125922fc670]
Event: 4130.076 Thread 0x00000125a0a08a80 22393       3       org.eclipse.jdt.internal.corext.dom.HierarchicalASTVisitor::endVisit (6 bytes)
Event: 4130.076 Thread 0x00000125a0a08a80 nmethod 22393 0x000001258b4fd710 code [0x000001258b4fd8c0, 0x000001258b4fda98]
Event: 4130.239 Thread 0x00000125a0a08a80 22394       3       org.eclipse.jdt.internal.corext.dom.fragments.Util::rangeIncludesNonWhitespaceOutsideRange (68 bytes)
Event: 4130.240 Thread 0x00000125a0a08a80 nmethod 22394 0x000001258b4fdb90 code [0x000001258b4fdde0, 0x000001258b4fe638]
Event: 4130.483 Thread 0x00000125a0a059f0 22395       4       org.eclipse.core.internal.jobs.JobQueue::canOvertake (69 bytes)
Event: 4130.484 Thread 0x00000125a0a059f0 nmethod 22395 0x00000125922fc710 code [0x00000125922fc8a0, 0x00000125922fc9f8]
Event: 4130.487 Thread 0x00000125a0a08a80 22396 % !   3       org.eclipse.jdt.internal.core.NameLookup::<init> @ 646 (805 bytes)
Event: 4130.494 Thread 0x00000125a0a08a80 nmethod 22396% 0x000001258b4fe990 code [0x000001258b4ff160, 0x000001258b5049a8]
Event: 4130.993 Thread 0x00000125a0a059f0 22397       4       org.eclipse.jdt.internal.core.JavaElement::close (9 bytes)
Event: 4130.994 Thread 0x00000125a0a059f0 nmethod 22397 0x00000125922fcb10 code [0x00000125922fcca0, 0x00000125922fcd88]

GC Heap History (20 events):
Event: 649.665 GC heap before
{Heap before GC invocations=85 (full 0):
 garbage-first heap   total 231424K, used 209214K [0x00000004ae400000, 0x00000005a8c00000)
  region size 2048K, 67 young (137216K), 3 survivors (6144K)
 Metaspace       used 98074K, committed 99840K, reserved 1179648K
  class space    used 9883K, committed 10688K, reserved 1048576K
}
Event: 649.668 GC heap after
{Heap after GC invocations=86 (full 0):
 garbage-first heap   total 231424K, used 81476K [0x00000004ae400000, 0x00000005a8c00000)
  region size 2048K, 4 young (8192K), 4 survivors (8192K)
 Metaspace       used 98074K, committed 99840K, reserved 1179648K
  class space    used 9883K, committed 10688K, reserved 1048576K
}
Event: 656.735 GC heap before
{Heap before GC invocations=86 (full 0):
 garbage-first heap   total 231424K, used 208452K [0x00000004ae400000, 0x00000005a8c00000)
  region size 2048K, 67 young (137216K), 4 survivors (8192K)
 Metaspace       used 98171K, committed 99904K, reserved 1179648K
  class space    used 9883K, committed 10688K, reserved 1048576K
}
Event: 656.738 GC heap after
{Heap after GC invocations=87 (full 0):
 garbage-first heap   total 231424K, used 77506K [0x00000004ae400000, 0x00000005a8c00000)
  region size 2048K, 2 young (4096K), 2 survivors (4096K)
 Metaspace       used 98171K, committed 99904K, reserved 1179648K
  class space    used 9883K, committed 10688K, reserved 1048576K
}
Event: 663.739 GC heap before
{Heap before GC invocations=87 (full 0):
 garbage-first heap   total 231424K, used 140994K [0x00000004ae400000, 0x00000005a8c00000)
  region size 2048K, 35 young (71680K), 2 survivors (4096K)
 Metaspace       used 98236K, committed 99968K, reserved 1179648K
  class space    used 9889K, committed 10688K, reserved 1048576K
}
Event: 663.740 GC heap after
{Heap after GC invocations=88 (full 0):
 garbage-first heap   total 231424K, used 76973K [0x00000004ae400000, 0x00000005a8c00000)
  region size 2048K, 2 young (4096K), 2 survivors (4096K)
 Metaspace       used 98236K, committed 99968K, reserved 1179648K
  class space    used 9889K, committed 10688K, reserved 1048576K
}
Event: 673.470 GC heap before
{Heap before GC invocations=89 (full 0):
 garbage-first heap   total 231424K, used 212141K [0x00000004ae400000, 0x00000005a8c00000)
  region size 2048K, 67 young (137216K), 2 survivors (4096K)
 Metaspace       used 98311K, committed 100032K, reserved 1179648K
  class space    used 9893K, committed 10688K, reserved 1048576K
}
Event: 673.472 GC heap after
{Heap after GC invocations=90 (full 0):
 garbage-first heap   total 231424K, used 77748K [0x00000004ae400000, 0x00000005a8c00000)
  region size 2048K, 2 young (4096K), 2 survivors (4096K)
 Metaspace       used 98311K, committed 100032K, reserved 1179648K
  class space    used 9893K, committed 10688K, reserved 1048576K
}
Event: 690.220 GC heap before
{Heap before GC invocations=90 (full 0):
 garbage-first heap   total 231424K, used 208820K [0x00000004ae400000, 0x00000005a8c00000)
  region size 2048K, 67 young (137216K), 2 survivors (4096K)
 Metaspace       used 98358K, committed 100096K, reserved 1179648K
  class space    used 9893K, committed 10688K, reserved 1048576K
}
Event: 690.222 GC heap after
{Heap after GC invocations=91 (full 0):
 garbage-first heap   total 231424K, used 80061K [0x00000004ae400000, 0x00000005a8c00000)
  region size 2048K, 3 young (6144K), 3 survivors (6144K)
 Metaspace       used 98358K, committed 100096K, reserved 1179648K
  class space    used 9893K, committed 10688K, reserved 1048576K
}
Event: 699.807 GC heap before
{Heap before GC invocations=92 (full 0):
 garbage-first heap   total 231424K, used 209085K [0x00000004ae400000, 0x00000005a8c00000)
  region size 2048K, 67 young (137216K), 3 survivors (6144K)
 Metaspace       used 98485K, committed 100160K, reserved 1179648K
  class space    used 9893K, committed 10688K, reserved 1048576K
}
Event: 699.810 GC heap after
{Heap after GC invocations=93 (full 0):
 garbage-first heap   total 231424K, used 80947K [0x00000004ae400000, 0x00000005a8c00000)
  region size 2048K, 4 young (8192K), 4 survivors (8192K)
 Metaspace       used 98485K, committed 100160K, reserved 1179648K
  class space    used 9893K, committed 10688K, reserved 1048576K
}
Event: 783.341 GC heap before
{Heap before GC invocations=93 (full 0):
 garbage-first heap   total 231424K, used 207923K [0x00000004ae400000, 0x00000005a8c00000)
  region size 2048K, 67 young (137216K), 4 survivors (8192K)
 Metaspace       used 98511K, committed 100224K, reserved 1179648K
  class space    used 9893K, committed 10688K, reserved 1048576K
}
Event: 783.343 GC heap after
{Heap after GC invocations=94 (full 0):
 garbage-first heap   total 231424K, used 77921K [0x00000004ae400000, 0x00000005a8c00000)
  region size 2048K, 2 young (4096K), 2 survivors (4096K)
 Metaspace       used 98511K, committed 100224K, reserved 1179648K
  class space    used 9893K, committed 10688K, reserved 1048576K
}
Event: 809.252 GC heap before
{Heap before GC invocations=94 (full 0):
 garbage-first heap   total 231424K, used 208993K [0x00000004ae400000, 0x00000005a8c00000)
  region size 2048K, 67 young (137216K), 2 survivors (4096K)
 Metaspace       used 98535K, committed 100224K, reserved 1179648K
  class space    used 9893K, committed 10688K, reserved 1048576K
}
Event: 809.254 GC heap after
{Heap after GC invocations=95 (full 0):
 garbage-first heap   total 231424K, used 80208K [0x00000004ae400000, 0x00000005a8c00000)
  region size 2048K, 3 young (6144K), 3 survivors (6144K)
 Metaspace       used 98535K, committed 100224K, reserved 1179648K
  class space    used 9893K, committed 10688K, reserved 1048576K
}
Event: 940.855 GC heap before
{Heap before GC invocations=96 (full 0):
 garbage-first heap   total 231424K, used 211280K [0x00000004ae400000, 0x00000005a8c00000)
  region size 2048K, 67 young (137216K), 3 survivors (6144K)
 Metaspace       used 98573K, committed 100288K, reserved 1179648K
  class space    used 9893K, committed 10688K, reserved 1048576K
}
Event: 940.857 GC heap after
{Heap after GC invocations=97 (full 0):
 garbage-first heap   total 231424K, used 77608K [0x00000004ae400000, 0x00000005a8c00000)
  region size 2048K, 2 young (4096K), 2 survivors (4096K)
 Metaspace       used 98573K, committed 100288K, reserved 1179648K
  class space    used 9893K, committed 10688K, reserved 1048576K
}
Event: 1011.102 GC heap before
{Heap before GC invocations=97 (full 0):
 garbage-first heap   total 231424K, used 210728K [0x00000004ae400000, 0x00000005a8c00000)
  region size 2048K, 67 young (137216K), 2 survivors (4096K)
 Metaspace       used 98659K, committed 100352K, reserved 1179648K
  class space    used 9893K, committed 10688K, reserved 1048576K
}
Event: 1011.104 GC heap after
{Heap after GC invocations=98 (full 0):
 garbage-first heap   total 231424K, used 77478K [0x00000004ae400000, 0x00000005a8c00000)
  region size 2048K, 2 young (4096K), 2 survivors (4096K)
 Metaspace       used 98659K, committed 100352K, reserved 1179648K
  class space    used 9893K, committed 10688K, reserved 1048576K
}

Dll operation events (20 events):
Event: 0.195 Attempting to load shared library C:\Users\PRASHANT\.vscode\extensions\redhat.java-1.56.0-win32-x64\jre\21.0.12.1-win32-x86_64\bin\instrument.dll
Event: 0.195 Loaded shared library C:\Users\PRASHANT\.vscode\extensions\redhat.java-1.56.0-win32-x64\jre\21.0.12.1-win32-x86_64\bin\instrument.dll
Event: 0.209 Attempting to load shared library C:\Users\PRASHANT\.vscode\extensions\redhat.java-1.56.0-win32-x64\jre\21.0.12.1-win32-x86_64\bin\net.dll
Event: 0.210 Loaded shared library C:\Users\PRASHANT\.vscode\extensions\redhat.java-1.56.0-win32-x64\jre\21.0.12.1-win32-x86_64\bin\net.dll
Event: 0.213 Attempting to load shared library C:\Users\PRASHANT\.vscode\extensions\redhat.java-1.56.0-win32-x64\jre\21.0.12.1-win32-x86_64\bin\nio.dll
Event: 0.214 Loaded shared library C:\Users\PRASHANT\.vscode\extensions\redhat.java-1.56.0-win32-x64\jre\21.0.12.1-win32-x86_64\bin\nio.dll
Event: 0.223 Attempting to load shared library C:\Users\PRASHANT\.vscode\extensions\redhat.java-1.56.0-win32-x64\jre\21.0.12.1-win32-x86_64\bin\zip.dll
Event: 0.223 Loaded shared library C:\Users\PRASHANT\.vscode\extensions\redhat.java-1.56.0-win32-x64\jre\21.0.12.1-win32-x86_64\bin\zip.dll
Event: 0.251 Attempting to load shared library C:\Users\PRASHANT\.vscode\extensions\redhat.java-1.56.0-win32-x64\jre\21.0.12.1-win32-x86_64\bin\jimage.dll
Event: 0.251 Loaded shared library C:\Users\PRASHANT\.vscode\extensions\redhat.java-1.56.0-win32-x64\jre\21.0.12.1-win32-x86_64\bin\jimage.dll
Event: 0.375 Attempting to load shared library c:\Users\PRASHANT\.vscode\extensions\redhat.java-1.56.0-win32-x64\jre\21.0.12.1-win32-x86_64\bin\verify.dll
Event: 0.375 Loaded shared library c:\Users\PRASHANT\.vscode\extensions\redhat.java-1.56.0-win32-x64\jre\21.0.12.1-win32-x86_64\bin\verify.dll
Event: 5.037 Attempting to load shared library C:\Users\PRASHANT\AppData\Roaming\Code\User\globalStorage\redhat.java\1.56.0\config_win\org.eclipse.equinox.launcher\org.eclipse.equinox.launcher.win32.win32.x86_64_1.3.100.v20260804-1928\eclipse_11924.dll
Event: 5.081 Loaded shared library C:\Users\PRASHANT\AppData\Roaming\Code\User\globalStorage\redhat.java\1.56.0\config_win\org.eclipse.equinox.launcher\org.eclipse.equinox.launcher.win32.win32.x86_64_1.3.100.v20260804-1928\eclipse_11924.dll
Event: 13.762 Attempting to load shared library C:\Users\PRASHANT\AppData\Local\Temp\jna--608479181\jna304706732479677130.dll
Event: 13.807 Loaded shared library C:\Users\PRASHANT\AppData\Local\Temp\jna--608479181\jna304706732479677130.dll
Event: 14.959 Attempting to load shared library C:\Users\PRASHANT\.vscode\extensions\redhat.java-1.56.0-win32-x64\jre\21.0.12.1-win32-x86_64\bin\sunmscapi.dll
Event: 15.004 Loaded shared library C:\Users\PRASHANT\.vscode\extensions\redhat.java-1.56.0-win32-x64\jre\21.0.12.1-win32-x86_64\bin\sunmscapi.dll
Event: 15.403 Attempting to load shared library C:\Users\PRASHANT\.vscode\extensions\redhat.java-1.56.0-win32-x64\jre\21.0.12.1-win32-x86_64\bin\extnet.dll
Event: 15.440 Loaded shared library C:\Users\PRASHANT\.vscode\extensions\redhat.java-1.56.0-win32-x64\jre\21.0.12.1-win32-x86_64\bin\extnet.dll

Deoptimization events (20 events):
Event: 4130.080 Thread 0x00000125a7521bb0 Uncommon trap: trap_request=0xffffffde fr.pc=0x00000125922c6744 relative=0x00000000000011c4
Event: 4130.080 Thread 0x00000125a7521bb0 Uncommon trap: reason=class_check action=maybe_recompile pc=0x00000125922c6744 method=lombok.eclipse.agent.PatchDelegate$EclipseOnlyMethods.addGeneratedDelegateMethodsToChildren([Ljava/lang/Object;Ljava/lang/Object;)[Ljava/lang/Object; @ 19 c2
Event: 4130.080 Thread 0x00000125a7521bb0 DEOPT PACKING pc=0x00000125922c6744 sp=0x00000007ac7fde20
Event: 4130.080 Thread 0x00000125a7521bb0 DEOPT UNPACKING pc=0x0000012590ea43a2 sp=0x00000007ac7fde28 mode 2
Event: 4130.081 Thread 0x00000125a7521bb0 Uncommon trap: trap_request=0xffffff66 fr.pc=0x0000012592022158 relative=0x0000000000000278
Event: 4130.081 Thread 0x00000125a7521bb0 Uncommon trap: reason=speculate_class_check action=maybe_recompile pc=0x0000012592022158 method=java.lang.invoke.DirectMethodHandle$Holder.invokeSpecial(Ljava/lang/Object;Ljava/lang/Object;Ljava/lang/Object;)Ljava/lang/Object; @ 11 c2
Event: 4130.081 Thread 0x00000125a7521bb0 DEOPT PACKING pc=0x0000012592022158 sp=0x00000007ac7fe340
Event: 4130.081 Thread 0x00000125a7521bb0 DEOPT UNPACKING pc=0x0000012590ea43a2 sp=0x00000007ac7fddf8 mode 2
Event: 4130.081 Thread 0x00000125a7521bb0 Uncommon trap: trap_request=0xffffffde fr.pc=0x00000125922c6744 relative=0x00000000000011c4
Event: 4130.081 Thread 0x00000125a7521bb0 Uncommon trap: reason=class_check action=maybe_recompile pc=0x00000125922c6744 method=lombok.eclipse.agent.PatchDelegate$EclipseOnlyMethods.addGeneratedDelegateMethodsToChildren([Ljava/lang/Object;Ljava/lang/Object;)[Ljava/lang/Object; @ 19 c2
Event: 4130.081 Thread 0x00000125a7521bb0 DEOPT PACKING pc=0x00000125922c6744 sp=0x00000007ac7fddc0
Event: 4130.081 Thread 0x00000125a7521bb0 DEOPT UNPACKING pc=0x0000012590ea43a2 sp=0x00000007ac7fddc8 mode 2
Event: 4130.081 Thread 0x00000125a7521bb0 Uncommon trap: trap_request=0xffffff66 fr.pc=0x0000012592022158 relative=0x0000000000000278
Event: 4130.081 Thread 0x00000125a7521bb0 Uncommon trap: reason=speculate_class_check action=maybe_recompile pc=0x0000012592022158 method=java.lang.invoke.DirectMethodHandle$Holder.invokeSpecial(Ljava/lang/Object;Ljava/lang/Object;Ljava/lang/Object;)Ljava/lang/Object; @ 11 c2
Event: 4130.081 Thread 0x00000125a7521bb0 DEOPT PACKING pc=0x0000012592022158 sp=0x00000007ac7fe340
Event: 4130.081 Thread 0x00000125a7521bb0 DEOPT UNPACKING pc=0x0000012590ea43a2 sp=0x00000007ac7fddf8 mode 2
Event: 4130.081 Thread 0x00000125a7521bb0 Uncommon trap: trap_request=0xffffffde fr.pc=0x00000125922c6744 relative=0x00000000000011c4
Event: 4130.081 Thread 0x00000125a7521bb0 Uncommon trap: reason=class_check action=maybe_recompile pc=0x00000125922c6744 method=lombok.eclipse.agent.PatchDelegate$EclipseOnlyMethods.addGeneratedDelegateMethodsToChildren([Ljava/lang/Object;Ljava/lang/Object;)[Ljava/lang/Object; @ 19 c2
Event: 4130.081 Thread 0x00000125a7521bb0 DEOPT PACKING pc=0x00000125922c6744 sp=0x00000007ac7fddc0
Event: 4130.081 Thread 0x00000125a7521bb0 DEOPT UNPACKING pc=0x0000012590ea43a2 sp=0x00000007ac7fddc8 mode 2

Classes loaded (20 events):
Event: 357.644 Loading class java/util/stream/AbstractTask
Event: 357.644 Loading class java/util/stream/AbstractTask done
Event: 357.644 Loading class java/util/stream/Nodes$CollectorTask done
Event: 357.644 Loading class java/util/stream/Nodes$CollectorTask$OfRef done
Event: 357.647 Loading class java/util/function/LongFunction
Event: 357.647 Loading class java/util/function/LongFunction done
Event: 357.647 Loading class java/util/stream/Nodes$ConcNode
Event: 357.648 Loading class java/util/stream/Nodes$AbstractConcNode
Event: 357.648 Loading class java/util/stream/Nodes$AbstractConcNode done
Event: 357.648 Loading class java/util/stream/Nodes$ConcNode done
Event: 357.657 Loading class java/util/stream/Nodes$ToArrayTask$OfRef
Event: 357.658 Loading class java/util/stream/Nodes$ToArrayTask
Event: 357.658 Loading class java/util/stream/Nodes$ToArrayTask done
Event: 357.658 Loading class java/util/stream/Nodes$ToArrayTask$OfRef done
Event: 357.659 Loading class java/io/ObjectOutputStream$BlockDataOutputStream
Event: 357.660 Loading class java/io/ObjectOutputStream$BlockDataOutputStream done
Event: 357.660 Loading class java/io/ObjectOutputStream$HandleTable
Event: 357.661 Loading class java/io/ObjectOutputStream$HandleTable done
Event: 357.661 Loading class java/io/ObjectOutputStream$ReplaceTable
Event: 357.661 Loading class java/io/ObjectOutputStream$ReplaceTable done

Classes unloaded (7 events):
Event: 14.481 Thread 0x00000125a099d870 Unloading class 0x00000005a9290c00 'java/lang/invoke/LambdaForm$MH+0x00000005a9290c00'
Event: 14.481 Thread 0x00000125a099d870 Unloading class 0x00000005a9290800 'java/lang/invoke/LambdaForm$MH+0x00000005a9290800'
Event: 14.481 Thread 0x00000125a099d870 Unloading class 0x00000005a9290400 'java/lang/invoke/LambdaForm$MH+0x00000005a9290400'
Event: 14.481 Thread 0x00000125a099d870 Unloading class 0x00000005a9290000 'java/lang/invoke/LambdaForm$MH+0x00000005a9290000'
Event: 14.481 Thread 0x00000125a099d870 Unloading class 0x00000005a928fc00 'java/lang/invoke/LambdaForm$BMH+0x00000005a928fc00'
Event: 14.481 Thread 0x00000125a099d870 Unloading class 0x00000005a928f800 'java/lang/invoke/LambdaForm$DMH+0x00000005a928f800'
Event: 14.481 Thread 0x00000125a099d870 Unloading class 0x00000005a928e400 'java/lang/invoke/LambdaForm$DMH+0x00000005a928e400'

Classes redefined (0 events):
No events

Internal exceptions (20 events):
Event: 942.023 Thread 0x00000125a53e9e50 Exception <a 'sun/nio/fs/WindowsException'{0x00000004ba7a76e0}> (0x00000004ba7a76e0) 
thrown [s\src\hotspot\share\prims\jni.cpp, line 520]
Event: 944.830 Thread 0x00000125a53e9e50 Exception <a 'sun/nio/fs/WindowsException'{0x00000004ba7eeeb8}> (0x00000004ba7eeeb8) 
thrown [s\src\hotspot\share\prims\jni.cpp, line 520]
Event: 944.897 Thread 0x00000125a53e9e50 Exception <a 'sun/nio/fs/WindowsException'{0x00000004b95f59e0}> (0x00000004b95f59e0) 
thrown [s\src\hotspot\share\prims\jni.cpp, line 520]
Event: 950.742 Thread 0x00000125a53e9e50 Exception <a 'sun/nio/fs/WindowsException'{0x00000004b92537e0}> (0x00000004b92537e0) 
thrown [s\src\hotspot\share\prims\jni.cpp, line 520]
Event: 950.805 Thread 0x00000125a53e9e50 Exception <a 'sun/nio/fs/WindowsException'{0x00000004b8315d58}> (0x00000004b8315d58) 
thrown [s\src\hotspot\share\prims\jni.cpp, line 520]
Event: 1009.203 Thread 0x00000125a53e9e50 Exception <a 'sun/nio/fs/WindowsException'{0x00000004b832e7a0}> (0x00000004b832e7a0) 
thrown [s\src\hotspot\share\prims\jni.cpp, line 520]
Event: 1009.264 Thread 0x00000125a53e9e50 Exception <a 'sun/nio/fs/WindowsException'{0x00000004b60c6628}> (0x00000004b60c6628) 
thrown [s\src\hotspot\share\prims\jni.cpp, line 520]
Event: 1010.684 Thread 0x00000125a53e9e50 Exception <a 'sun/nio/fs/WindowsException'{0x00000004b6119ae8}> (0x00000004b6119ae8) 
thrown [s\src\hotspot\share\prims\jni.cpp, line 520]
Event: 1010.740 Thread 0x00000125a53e9e50 Exception <a 'sun/nio/fs/WindowsException'{0x00000004b454aef0}> (0x00000004b454aef0) 
thrown [s\src\hotspot\share\prims\jni.cpp, line 520]
Event: 1012.352 Thread 0x00000125a53e9e50 Exception <a 'sun/nio/fs/WindowsException'{0x00000004bbd99cd8}> (0x00000004bbd99cd8) 
thrown [s\src\hotspot\share\prims\jni.cpp, line 520]
Event: 1012.417 Thread 0x00000125a53e9e50 Exception <a 'sun/nio/fs/WindowsException'{0x00000004bb13c300}> (0x00000004bb13c300) 
thrown [s\src\hotspot\share\prims\jni.cpp, line 520]
Event: 1014.776 Thread 0x00000125aa45fb60 Exception <a 'sun/nio/fs/WindowsException'{0x00000004bac2c570}> (0x00000004bac2c570) 
thrown [s\src\hotspot\share\prims\jni.cpp, line 520]
Event: 1014.776 Thread 0x00000125aa45fb60 Exception <a 'sun/nio/fs/WindowsException'{0x00000004bac2ce80}> (0x00000004bac2ce80) 
thrown [s\src\hotspot\share\prims\jni.cpp, line 520]
Event: 1017.675 Thread 0x00000125a53e9e50 Exception <a 'sun/nio/fs/WindowsException'{0x00000004bb161ad8}> (0x00000004bb161ad8) 
thrown [s\src\hotspot\share\prims\jni.cpp, line 520]
Event: 1017.739 Thread 0x00000125a53e9e50 Exception <a 'sun/nio/fs/WindowsException'{0x00000004b9382720}> (0x00000004b9382720) 
thrown [s\src\hotspot\share\prims\jni.cpp, line 520]
Event: 4129.718 Thread 0x00000125a53e9e50 Exception <a 'sun/nio/fs/WindowsException'{0x00000004b93b7508}> (0x00000004b93b7508) 
thrown [s\src\hotspot\share\prims\jni.cpp, line 520]
Event: 4129.742 Thread 0x00000125a53e9e50 Exception <a 'sun/nio/fs/WindowsException'{0x00000004b8507f50}> (0x00000004b8507f50) 
thrown [s\src\hotspot\share\prims\jni.cpp, line 520]
Event: 4129.813 Thread 0x00000125a53e9e50 Exception <a 'sun/nio/fs/WindowsException'{0x00000004b767ee50}> (0x00000004b767ee50) 
thrown [s\src\hotspot\share\prims\jni.cpp, line 520]
Event: 4131.014 Thread 0x00000125a53e9e50 Exception <a 'sun/nio/fs/WindowsException'{0x00000004b76bc488}> (0x00000004b76bc488) 
thrown [s\src\hotspot\share\prims\jni.cpp, line 520]
Event: 4131.097 Thread 0x00000125a53e9e50 Exception <a 'sun/nio/fs/WindowsException'{0x00000004b60e6d60}> (0x00000004b60e6d60) 
thrown [s\src\hotspot\share\prims\jni.cpp, line 520]

ZGC Phase Switch (0 events):
No events

VM Operations (20 events):
Event: 3908.721 Executing non-safepoint VM operation: RendezvousGCThreads
Event: 3908.721 Executing non-safepoint VM operation: RendezvousGCThreads done
Event: 3968.950 Executing non-safepoint VM operation: HandshakeAllThreads (HandshakeForDeflation)
Event: 3968.950 Executing non-safepoint VM operation: HandshakeAllThreads (HandshakeForDeflation) done
Event: 3968.950 Executing non-safepoint VM operation: RendezvousGCThreads
Event: 3968.950 Executing non-safepoint VM operation: RendezvousGCThreads done
Event: 4014.465 Executing safepoint VM operation: Cleanup
Event: 4014.466 Executing safepoint VM operation: Cleanup done
Event: 4015.477 Executing safepoint VM operation: Cleanup
Event: 4015.477 Executing safepoint VM operation: Cleanup done
Event: 4029.078 Executing non-safepoint VM operation: HandshakeAllThreads (HandshakeForDeflation)
Event: 4029.078 Executing non-safepoint VM operation: HandshakeAllThreads (HandshakeForDeflation) done
Event: 4029.078 Executing non-safepoint VM operation: RendezvousGCThreads
Event: 4029.078 Executing non-safepoint VM operation: RendezvousGCThreads done
Event: 4089.234 Executing non-safepoint VM operation: HandshakeAllThreads (HandshakeForDeflation)
Event: 4089.234 Executing non-safepoint VM operation: HandshakeAllThreads (HandshakeForDeflation) done
Event: 4089.234 Executing non-safepoint VM operation: RendezvousGCThreads
Event: 4089.234 Executing non-safepoint VM operation: RendezvousGCThreads done
Event: 4130.667 Executing safepoint VM operation: Cleanup
Event: 4130.667 Executing safepoint VM operation: Cleanup done

Memory protections (0 events):
No events

Nmethod flushes (20 events):
Event: 809.292 Thread 0x00000125a099d870 flushing  nmethod 0x000001258abb9f10
Event: 809.292 Thread 0x00000125a099d870 flushing  nmethod 0x000001258ac9d010
Event: 809.292 Thread 0x00000125a099d870 flushing  nmethod 0x000001258ad9d690
Event: 809.292 Thread 0x00000125a099d870 flushing  nmethod 0x000001258adceb10
Event: 809.292 Thread 0x00000125a099d870 flushing  nmethod 0x000001259176d010
Event: 809.292 Thread 0x00000125a099d870 flushing  nmethod 0x0000012591aa9d90
Event: 809.292 Thread 0x00000125a099d870 flushing  nmethod 0x0000012589b12490
Event: 809.292 Thread 0x00000125a099d870 flushing  nmethod 0x0000012589c14090
Event: 809.292 Thread 0x00000125a099d870 flushing  nmethod 0x0000012589d22c90
Event: 809.292 Thread 0x00000125a099d870 flushing  nmethod 0x000001258a6d1890
Event: 809.292 Thread 0x00000125a099d870 flushing  nmethod 0x000001258a89c590
Event: 809.292 Thread 0x00000125a099d870 flushing  nmethod 0x000001258b05e390
Event: 809.292 Thread 0x00000125a099d870 flushing  nmethod 0x0000012589a95f90
Event: 809.292 Thread 0x00000125a099d870 flushing  nmethod 0x0000012589e11a10
Event: 809.292 Thread 0x00000125a099d870 flushing  nmethod 0x0000012589eb9910
Event: 809.292 Thread 0x00000125a099d870 flushing  nmethod 0x0000012589fbf690
Event: 809.292 Thread 0x00000125a099d870 flushing  nmethod 0x000001258a42f190
Event: 809.292 Thread 0x00000125a099d870 flushing  nmethod 0x000001258a4cde90
Event: 809.292 Thread 0x00000125a099d870 flushing  nmethod 0x000001258a7fbc10
Event: 809.292 Thread 0x00000125a099d870 flushing  nmethod 0x000001258a884c90

Events (20 events):
Event: 1309.361 Thread 0x00000125a8502cd0 Thread exited: 0x00000125a8502cd0
Event: 1310.828 Thread 0x00000125a8504080 Thread exited: 0x00000125a8504080
Event: 1317.832 Thread 0x00000125a8505430 Thread exited: 0x00000125a8505430
Event: 1319.504 Thread 0x00000125aa45da90 Thread exited: 0x00000125aa45da90
Event: 1379.511 Thread 0x00000125a933fd90 Thread exited: 0x00000125a933fd90
Event: 1439.519 Thread 0x00000125aa45e7b0 Thread exited: 0x00000125aa45e7b0
Event: 1499.520 Thread 0x00000125aa45e120 Thread exited: 0x00000125aa45e120
Event: 1540.544 Thread 0x00000125aa458bd0 Thread exited: 0x00000125aa458bd0
Event: 1559.533 Thread 0x00000125a93417d0 Thread exited: 0x00000125a93417d0
Event: 1840.548 Thread 0x00000125aa45a610 Thread exited: 0x00000125aa45a610
Event: 4013.340 Thread 0x00000125a9341140 Thread added: 0x00000125a7522f60
Event: 4014.222 Thread 0x00000125a7522f60 Thread added: 0x00000125a7523c80
Event: 4074.255 Thread 0x00000125a7522f60 Thread exited: 0x00000125a7522f60
Event: 4129.743 Thread 0x00000125a9341140 Thread added: 0x00000125a7521bb0
Event: 4129.744 Thread 0x00000125aa459260 Thread added: 0x00000125a7522f60
Event: 4129.825 Thread 0x00000125a9341140 Thread added: 0x00000125a7520800
Event: 4129.825 Thread 0x00000125a7520800 Thread added: 0x00000125a75256c0
Event: 4129.831 Thread 0x00000125a7522f60 Thread added: 0x00000125a7525d50
Event: 4129.834 Thread 0x00000125a7522f60 Thread added: 0x00000125a75263e0
Event: 4131.841 Thread 0x00000125aa459260 Thread added: 0x00000125a75249a0


Dynamic libraries:
0x00007ff65e310000 - 0x00007ff65e31e000 	c:\Users\PRASHANT\.vscode\extensions\redhat.java-1.56.0-win32-x64\jre\21.0.12.1-win32-x86_64\bin\java.exe
0x00007ffd57d60000 - 0x00007ffd57fc7000 	C:\WINDOWS\SYSTEM32\ntdll.dll
0x00007ffd56c70000 - 0x00007ffd56d3b000 	C:\WINDOWS\System32\KERNEL32.DLL
0x00007ffd551d0000 - 0x00007ffd555d1000 	C:\WINDOWS\System32\KERNELBASE.dll
0x00007ffd55610000 - 0x00007ffd5575c000 	C:\WINDOWS\System32\ucrtbase.dll
0x00007ffd20a10000 - 0x00007ffd20a28000 	c:\Users\PRASHANT\.vscode\extensions\redhat.java-1.56.0-win32-x64\jre\21.0.12.1-win32-x86_64\bin\jli.dll
0x00007ffd57210000 - 0x00007ffd573e7000 	C:\WINDOWS\System32\USER32.dll
0x00007ffd20a30000 - 0x00007ffd20a4e000 	c:\Users\PRASHANT\.vscode\extensions\redhat.java-1.56.0-win32-x64\jre\21.0.12.1-win32-x86_64\bin\VCRUNTIME140.dll
0x00007ffd555e0000 - 0x00007ffd55607000 	C:\WINDOWS\System32\win32u.dll
0x00007ffd57850000 - 0x00007ffd5787b000 	C:\WINDOWS\System32\GDI32.dll
0x00007ffd54f60000 - 0x00007ffd55088000 	C:\WINDOWS\System32\gdi32full.dll
0x00007ffd35ae0000 - 0x00007ffd35d70000 	C:\WINDOWS\WinSxS\amd64_microsoft.windows.common-controls_6595b64144ccf1df_6.0.26100.9549_none_3e0a0396e3330090\COMCTL32.dll
0x00007ffd55120000 - 0x00007ffd551c3000 	C:\WINDOWS\System32\msvcp_win.dll
0x00007ffd56de0000 - 0x00007ffd56e89000 	C:\WINDOWS\System32\msvcrt.dll
0x00007ffd573f0000 - 0x00007ffd57421000 	C:\WINDOWS\System32\IMM32.DLL
0x00007ffd4cdd0000 - 0x00007ffd4cddc000 	c:\Users\PRASHANT\.vscode\extensions\redhat.java-1.56.0-win32-x64\jre\21.0.12.1-win32-x86_64\bin\vcruntime140_1.dll
0x00007ffd1f790000 - 0x00007ffd1f81d000 	c:\Users\PRASHANT\.vscode\extensions\redhat.java-1.56.0-win32-x64\jre\21.0.12.1-win32-x86_64\bin\msvcp140.dll
0x00007ffcb86c0000 - 0x00007ffcb9462000 	c:\Users\PRASHANT\.vscode\extensions\redhat.java-1.56.0-win32-x64\jre\21.0.12.1-win32-x86_64\bin\server\jvm.dll
0x00007ffd578d0000 - 0x00007ffd5798b000 	C:\WINDOWS\System32\ADVAPI32.dll
0x00007ffd57070000 - 0x00007ffd57118000 	C:\WINDOWS\System32\sechost.dll
0x00007ffd57530000 - 0x00007ffd57648000 	C:\WINDOWS\System32\RPCRT4.dll
0x00007ffd576c0000 - 0x00007ffd57741000 	C:\WINDOWS\System32\WS2_32.dll
0x00007ffd420c0000 - 0x00007ffd420f7000 	C:\WINDOWS\SYSTEM32\WINMM.dll
0x00007ffd54600000 - 0x00007ffd5465e000 	C:\WINDOWS\SYSTEM32\POWRPROF.dll
0x00007ffd4ab90000 - 0x00007ffd4ab9b000 	C:\WINDOWS\SYSTEM32\VERSION.dll
0x00007ffd54580000 - 0x00007ffd54595000 	C:\WINDOWS\SYSTEM32\UMPDC.dll
0x00007ffd53c00000 - 0x00007ffd53c1b000 	C:\WINDOWS\SYSTEM32\kernel.appcore.dll
0x00007ffd3b7d0000 - 0x00007ffd3b7da000 	c:\Users\PRASHANT\.vscode\extensions\redhat.java-1.56.0-win32-x64\jre\21.0.12.1-win32-x86_64\bin\jimage.dll
0x00007ffd52490000 - 0x00007ffd526dc000 	C:\WINDOWS\SYSTEM32\DBGHELP.DLL
0x00007ffd57990000 - 0x00007ffd57d1a000 	C:\WINDOWS\System32\combase.dll
0x00007ffd55e70000 - 0x00007ffd55f49000 	C:\WINDOWS\System32\OLEAUT32.dll
0x00007ffd29980000 - 0x00007ffd299bb000 	C:\WINDOWS\SYSTEM32\dbgcore.DLL
0x00007ffd55770000 - 0x00007ffd5581c000 	C:\WINDOWS\System32\bcryptPrimitives.dll
0x00007ffd389f0000 - 0x00007ffd389ff000 	c:\Users\PRASHANT\.vscode\extensions\redhat.java-1.56.0-win32-x64\jre\21.0.12.1-win32-x86_64\bin\instrument.dll
0x00007ffd1f6d0000 - 0x00007ffd1f6f0000 	c:\Users\PRASHANT\.vscode\extensions\redhat.java-1.56.0-win32-x64\jre\21.0.12.1-win32-x86_64\bin\java.dll
0x00007ffd1f6b0000 - 0x00007ffd1f6c8000 	c:\Users\PRASHANT\.vscode\extensions\redhat.java-1.56.0-win32-x64\jre\21.0.12.1-win32-x86_64\bin\zip.dll
0x00007ffd55f70000 - 0x00007ffd5670c000 	C:\WINDOWS\System32\SHELL32.dll
0x00007ffd52970000 - 0x00007ffd5321d000 	C:\WINDOWS\SYSTEM32\windows.storage.dll
0x00007ffd57430000 - 0x00007ffd57529000 	C:\WINDOWS\System32\SHCORE.dll
0x00007ffd571a0000 - 0x00007ffd57206000 	C:\WINDOWS\System32\shlwapi.dll
0x00007ffd54e70000 - 0x00007ffd54e99000 	C:\WINDOWS\SYSTEM32\profapi.dll
0x00007ffd1f780000 - 0x00007ffd1f790000 	C:\Users\PRASHANT\.vscode\extensions\redhat.java-1.56.0-win32-x64\jre\21.0.12.1-win32-x86_64\bin\net.dll
0x00007ffd4c610000 - 0x00007ffd4c73a000 	C:\WINDOWS\SYSTEM32\WINHTTP.dll
0x00007ffd54230000 - 0x00007ffd5429c000 	C:\WINDOWS\system32\mswsock.dll
0x00007ffd1f6f0000 - 0x00007ffd1f706000 	C:\Users\PRASHANT\.vscode\extensions\redhat.java-1.56.0-win32-x64\jre\21.0.12.1-win32-x86_64\bin\nio.dll
0x00007ffd1f770000 - 0x00007ffd1f780000 	c:\Users\PRASHANT\.vscode\extensions\redhat.java-1.56.0-win32-x64\jre\21.0.12.1-win32-x86_64\bin\verify.dll
0x00007ffd3bb70000 - 0x00007ffd3bbb5000 	C:\Users\PRASHANT\AppData\Roaming\Code\User\globalStorage\redhat.java\1.56.0\config_win\org.eclipse.equinox.launcher\org.eclipse.equinox.launcher.win32.win32.x86_64_1.3.100.v20260804-1928\eclipse_11924.dll
0x00007ffd55a80000 - 0x00007ffd55c1a000 	C:\WINDOWS\System32\ole32.dll
0x00007ffd54540000 - 0x00007ffd5455b000 	C:\WINDOWS\SYSTEM32\CRYPTSP.dll
0x00007ffd53b60000 - 0x00007ffd53b99000 	C:\WINDOWS\system32\rsaenh.dll
0x00007ffd542e0000 - 0x00007ffd54314000 	C:\WINDOWS\SYSTEM32\USERENV.dll
0x00007ffd54e40000 - 0x00007ffd54e6a000 	C:\WINDOWS\SYSTEM32\bcrypt.dll
0x00007ffd54560000 - 0x00007ffd5456c000 	C:\WINDOWS\SYSTEM32\CRYPTBASE.dll
0x00007ffd53640000 - 0x00007ffd53673000 	C:\WINDOWS\SYSTEM32\IPHLPAPI.DLL
0x00007ffd56dd0000 - 0x00007ffd56dda000 	C:\WINDOWS\System32\NSI.dll
0x00007ffd3ac40000 - 0x00007ffd3ac89000 	C:\Users\PRASHANT\AppData\Local\Temp\jna--608479181\jna304706732479677130.dll
0x00007ffd55cf0000 - 0x00007ffd55cf8000 	C:\WINDOWS\System32\PSAPI.DLL
0x00007ffd4c820000 - 0x00007ffd4c83e000 	C:\WINDOWS\SYSTEM32\dhcpcsvc6.DLL
0x00007ffd4c7f0000 - 0x00007ffd4c815000 	C:\WINDOWS\SYSTEM32\dhcpcsvc.DLL
0x00007ffd3ac30000 - 0x00007ffd3ac3e000 	C:\Users\PRASHANT\.vscode\extensions\redhat.java-1.56.0-win32-x64\jre\21.0.12.1-win32-x86_64\bin\sunmscapi.dll
0x00007ffd558f0000 - 0x00007ffd55a6f000 	C:\WINDOWS\System32\CRYPT32.dll
0x00007ffd54830000 - 0x00007ffd54860000 	C:\WINDOWS\SYSTEM32\ncrypt.dll
0x00007ffd547e0000 - 0x00007ffd5481f000 	C:\WINDOWS\SYSTEM32\NTASN1.dll
0x00007ffd53680000 - 0x00007ffd537d8000 	C:\WINDOWS\SYSTEM32\DNSAPI.dll
0x00007ffd54030000 - 0x00007ffd5403d000 	C:\WINDOWS\SYSTEM32\DSPARSE.dll
0x00007ffd4ba20000 - 0x00007ffd4ba2b000 	C:\Windows\System32\rasadhlp.dll
0x00007ffd4caa0000 - 0x00007ffd4cb26000 	C:\WINDOWS\System32\fwpuclnt.dll
0x00007ffd3ac20000 - 0x00007ffd3ac29000 	C:\Users\PRASHANT\.vscode\extensions\redhat.java-1.56.0-win32-x64\jre\21.0.12.1-win32-x86_64\bin\extnet.dll

JVMTI agents:
c:\Users\PRASHANT\.vscode\extensions\redhat.java-1.56.0-win32-x64\lombok\lombok-1.18.39-4050.jar path:c:\Users\PRASHANT\.vscode\extensions\redhat.java-1.56.0-win32-x64\jre\21.0.12.1-win32-x86_64\bin\instrument.dll, loaded, initialized, instrumentlib options:none

dbghelp: loaded successfully - version: 4.0.5 - missing functions: none
symbol engine: initialized successfully - sym options: 0x614 - pdb path: .;c:\Users\PRASHANT\.vscode\extensions\redhat.java-1.56.0-win32-x64\jre\21.0.12.1-win32-x86_64\bin;C:\WINDOWS\SYSTEM32;C:\WINDOWS\WinSxS\amd64_microsoft.windows.common-controls_6595b64144ccf1df_6.0.26100.9549_none_3e0a0396e3330090;c:\Users\PRASHANT\.vscode\extensions\redhat.java-1.56.0-win32-x64\jre\21.0.12.1-win32-x86_64\bin\server;C:\Users\PRASHANT\AppData\Roaming\Code\User\globalStorage\redhat.java\1.56.0\config_win\org.eclipse.equinox.launcher\org.eclipse.equinox.launcher.win32.win32.x86_64_1.3.100.v20260804-1928;C:\Users\PRASHANT\AppData\Local\Temp\jna--608479181

VM Arguments:
jvm_args: --add-modules=ALL-SYSTEM --add-opens=java.base/java.util=ALL-UNNAMED --add-opens=java.base/java.lang=ALL-UNNAMED --add-opens=java.base/sun.nio.fs=ALL-UNNAMED -Declipse.application=org.eclipse.jdt.ls.core.id1 -Dosgi.bundles.defaultStartLevel=4 -Declipse.product=org.eclipse.jdt.ls.core.product -Djava.import.generatesMetadataFilesAtProjectRoot=false -Dm2e.project.cache.size=50 -DDetectVMInstallationsJob.disabled=true -Dfile.encoding=utf8 -Xlog:disable -Xshare:off -javaagent:c:\Users\PRASHANT\.vscode\extensions\redhat.java-1.56.0-win32-x64\lombok\lombok-1.18.39-4050.jar -XX:+HeapDumpOnOutOfMemoryError -XX:HeapDumpPath=c:\Users\PRASHANT\AppData\Roaming\Code\User\workspaceStorage\3ce9d61f8507f1e94ae1f52ef510885b\redhat.java -Daether.dependencyCollector.impl=bf 
java_command: c:\Users\PRASHANT\.vscode\extensions\redhat.java-1.56.0-win32-x64\server\plugins\org.eclipse.equinox.launcher_1.8.0.v20260804-1928.jar -configuration c:\Users\PRASHANT\AppData\Roaming\Code\User\globalStorage\redhat.java\1.56.0\config_win -data c:\Users\PRASHANT\AppData\Roaming\Code\User\workspaceStorage\3ce9d61f8507f1e94ae1f52ef510885b\redhat.java\jdt_ws --pipe=\\.\pipe\lsp-0293c2f9d445a492084a6b24b61e8f8b-sock
java_class_path (initial): c:\Users\PRASHANT\.vscode\extensions\redhat.java-1.56.0-win32-x64\server\plugins\org.eclipse.equinox.launcher_1.8.0.v20260804-1928.jar
Launcher Type: SUN_STANDARD

[Global flags]
     intx CICompilerCount                          = 4                                         {product} {ergonomic}
     uint ConcGCThreads                            = 3                                         {product} {ergonomic}
     uint G1ConcRefinementThreads                  = 10                                        {product} {ergonomic}
   size_t G1HeapRegionSize                         = 2097152                                   {product} {ergonomic}
    uintx GCDrainStackTargetSize                   = 64                                        {product} {ergonomic}
     bool HeapDumpOnOutOfMemoryError               = true                                   {manageable} {command line}
    ccstr HeapDumpPath                             = c:\Users\PRASHANT\AppData\Roaming\Code\User\workspaceStorage\3ce9d61f8507f1e94ae1f52ef510885b\redhat.java         {manageable} {command line}
   size_t InitialHeapSize                          = 264241152                                 {product} {ergonomic}
   size_t MarkStackSize                            = 4194304                                   {product} {ergonomic}
   size_t MaxHeapSize                              = 4202692608                                {product} {ergonomic}
   size_t MaxNewSize                               = 2520776704                                {product} {ergonomic}
   size_t MinHeapDeltaBytes                        = 2097152                                   {product} {ergonomic}
   size_t MinHeapSize                              = 8388608                                   {product} {ergonomic}
    uintx NonNMethodCodeHeapSize                   = 5839372                                {pd product} {ergonomic}
    uintx NonProfiledCodeHeapSize                  = 122909434                              {pd product} {ergonomic}
    uintx ProfiledCodeHeapSize                     = 122909434                              {pd product} {ergonomic}
    uintx ReservedCodeCacheSize                    = 251658240                              {pd product} {ergonomic}
     bool SegmentedCodeCache                       = true                                      {product} {ergonomic}
   size_t SoftMaxHeapSize                          = 4202692608                             {manageable} {ergonomic}
     bool UseCompressedOops                        = true                           {product lp64_product} {ergonomic}
     bool UseG1GC                                  = true                                      {product} {ergonomic}
     bool UseLargePagesIndividualAllocation        = false                                  {pd product} {ergonomic}

Logging:
Log output configuration:
 #0: stdout all=off uptime,level,tags foldmultilines=false
 #1: stderr all=off uptime,level,tags foldmultilines=false

Release file:
JAVA_VERSION="21.0.12.1" 
MODULES="java.base java.compiler java.datatransfer java.xml java.prefs java.desktop java.instrument java.logging java.management java.security.sasl java.naming java.rmi java.management.rmi java.net.http java.scripting java.security.jgss java.transaction.xa java.sql java.sql.rowset java.xml.crypto java.se java.smartcardio jdk.accessibility jdk.internal.jvmstat jdk.attach jdk.charsets jdk.internal.opt jdk.zipfs jdk.compiler jdk.crypto.ec jdk.crypto.cryptoki jdk.crypto.mscapi jdk.dynalink jdk.internal.ed jdk.editpad jdk.hotspot.agent jdk.httpserver jdk.internal.le jdk.internal.vm.ci jdk.internal.vm.compiler jdk.internal.vm.compiler.management jdk.jartool jdk.javadoc jdk.jcmd jdk.management jdk.management.agent jdk.jconsole jdk.jdeps jdk.jdwp.agent jdk.jdi jdk.jfr jdk.jshell jdk.jsobject jdk.jstatd jdk.localedata jdk.management.jfr jdk.naming.dns jdk.naming.rmi jdk.net jdk.nio.mapmode jdk.random jdk.sctp jdk.security.auth jdk.security.jgss jdk.unsupported jdk.unsupported.desktop jdk.xml.dom" 

Environment Variables:
PATH=C:\Program Files\Common Files\Oracle\Java\javapath;C:\app\PRASHANT\product\21c\dbhomeXE\bin;C:\Program Files (x86)\Common Files\Intel\Shared Libraries\redist\intel64\compiler;C:\windows\system32;C:\windows;C:\windows\System32\Wbem;C:\windows\System32\WindowsPowerShell\v1.0\;C:\windows\System32\OpenSSH\;C:\Program Files (x86)\NVIDIA Corporation\PhysX\Common;C:\Program Files\NVIDIA Corporation\NVIDIA NvDLISR;C:\Users\Administrator\AppData\Local\Microsoft\WindowsApps;C:\Program Files\HP\OMEN-Broadcast\Common;C:\WINDOWS\system32;C:\WINDOWS;C:\WINDOWS\System32\Wbem;C:\WINDOWS\System32\WindowsPowerShell\v1.0\;C:\WINDOWS\System32\OpenSSH\;C:\Program Files\nodejs\;C:\Program Files\Java\jdk-25\bin;C:\Program Files\dotnet\;C:\Program Files\MySQL\MySQL Server 8.0\bin;C:\Program Files\Git\cmd;C:\Program Files\Git\mingw64\bin;C:\Program Files\Git\usr\bin;C:\Program Files\MongoDB\Server\8.2\bin;C:\Program Files\Java\jdk-26.0.1\bin;C:\WINDOWS\system32\config\systemprofile\AppData\Local\Muse Hub\lib;C:\Users\PRASHANT\AppData\Local\Programs\Python\Python310\Scripts\;C:\Users\PRASHANT\AppData\Local\Programs\Python\Python310\;C:\Users\PRASHANT\AppData\Local\Microsoft\WindowsApps;C:\Users\PRASHANT\AppData\Roaming\npm;C:\Program Files\Java\jdk-25\bin;D:\MINGW\bin;C:\Users\PRASHANT\AppData\Local\Programs\Antigravity\bin;C:\Users\PRASHANT\AppData\Local\Programs\cursor\resources\app\bin;C:\Users\PRASHANT\AppData\Local\Programs\Microsoft VS Code\bin;C:\Program Files\mongosh\;C:\Users\PRASHANT\AppData\Local\Microsoft\WinGet\Packages\Gyan.FFmpeg_Microsoft.Winget.Source_8wekyb3d8bbwe\ffmpeg-8.1-full_build\bin;D:\DESKTOP\Windsurf\bin;D:\Kingsoft\WPS Office\12.1.0.27458\clitool;C:\Users\PRASHANT\AppData\Local\Programs\Antigravity IDE\bin;C:\Users\PRASHANT\AppData\Local\Muse Hub\lib
USERNAME=PRASHANT
OS=Windows_NT
PROCESSOR_IDENTIFIER=Intel64 Family 6 Model 154 Stepping 3, GenuineIntel
TMP=C:\Users\PRASHANT\AppData\Local\Temp
TEMP=C:\Users\PRASHANT\AppData\Local\Temp




Periodic native trim disabled

---------------  S Y S T E M  ---------------

OS:
 Windows 11 , 64 bit Build 26100 (10.0.26100.9549)
OS uptime: 4 days 11:57 hours
Hyper-V role detected

CPU: total 12 (initial active 12) (6 cores per cpu, 2 threads per core) family 6 model 154 stepping 3 microcode 0x437, cx8, cmov, fxsr, ht, mmx, 3dnowpref, sse, sse2, sse3, ssse3, sse4.1, sse4.2, popcnt, lzcnt, tsc, tscinvbit, avx, avx2, aes, erms, clmul, bmi1, bmi2, adx, sha, fma, vzeroupper, clflush, clflushopt, clwb, hv, serialize, rdtscp, rdpid, fsrm, f16c, cet_ibt, cet_ss
Processor Information for the first 12 processors :
  Max Mhz: 2000, Current Mhz: 2000, Mhz Limit: 2000

Memory: 4k page, system-wide physical 16024M (3835M free)
TotalPageFile size 20120M (AvailPageFile size 0M)
current process WorkingSet (physical memory assigned to process): 196M, peak: 525M
current process commit charge ("private bytes"): 540M, peak: 544M

vm_info: OpenJDK 64-Bit Server VM (21.0.12.1+1-LTS) for windows-amd64 JRE (21.0.12.1+1-LTS), built on 2026-08-18T00:00:00Z by "admin" with MS VC++ 17.12 (VS2022)

END.
